[4.962s] Invoking command in '/home/intern1/ros2_ws/src/amr_ws': DEBUGINFOD_URLS=https://debuginfod.ubuntu.com PYTHONPATH=/home/intern1/ros2_ws/build/amr_ws/prefix_override:/usr/lib/python3/dist-packages/colcon_core/task/python/colcon_distutils_commands:/home/intern1/ros2_ws/install/amr_ws/lib/python3.12/site-packages:${PYTHONPATH} /usr/bin/python3 -W ignore:setup.py install is deprecated -W ignore:easy_install command is deprecated setup.py egg_info --egg-base ../../build/amr_ws build --build-base /home/intern1/ros2_ws/build/amr_ws/build install --record /home/intern1/ros2_ws/build/amr_ws/install.log --single-version-externally-managed install_data
[5.630s] running egg_info
[5.708s] writing ../../build/amr_ws/amr_ws.egg-info/PKG-INFO
[5.709s] writing dependency_links to ../../build/amr_ws/amr_ws.egg-info/dependency_links.txt
[5.713s] writing entry points to ../../build/amr_ws/amr_ws.egg-info/entry_points.txt
[5.713s] writing requirements to ../../build/amr_ws/amr_ws.egg-info/requires.txt
[5.713s] writing top-level names to ../../build/amr_ws/amr_ws.egg-info/top_level.txt
[5.818s] reading manifest file '../../build/amr_ws/amr_ws.egg-info/SOURCES.txt'
[5.819s] adding license file 'LICENSE'
[5.821s] writing manifest file '../../build/amr_ws/amr_ws.egg-info/SOURCES.txt'
[5.821s] running build
[5.821s] running build_py
[5.822s] copying amr_ws/webcam_line_follow.py -> /home/intern1/ros2_ws/build/amr_ws/build/lib/amr_ws
[5.823s] running install
[5.844s] running install_lib
[5.914s] copying /home/intern1/ros2_ws/build/amr_ws/build/lib/amr_ws/webcam_line_follow.py -> /home/intern1/ros2_ws/install/amr_ws/lib/python3.12/site-packages/amr_ws
[5.915s] byte-compiling /home/intern1/ros2_ws/install/amr_ws/lib/python3.12/site-packages/amr_ws/webcam_line_follow.py to webcam_line_follow.cpython-312.pyc
[5.919s] running install_data
[5.919s] running install_egg_info
[5.979s] removing '/home/intern1/ros2_ws/install/amr_ws/lib/python3.12/site-packages/amr_ws-0.0.0-py3.12.egg-info' (and everything under it)
[5.982s] Copying ../../build/amr_ws/amr_ws.egg-info to /home/intern1/ros2_ws/install/amr_ws/lib/python3.12/site-packages/amr_ws-0.0.0-py3.12.egg-info
[5.983s] running install_scripts
[6.226s] Installing Automation_and_Lidar script to /home/intern1/ros2_ws/install/amr_ws/lib/amr_ws
[6.226s] Installing Automation_and_Lidar2 script to /home/intern1/ros2_ws/install/amr_ws/lib/amr_ws
[6.226s] Installing Demo_Automation script to /home/intern1/ros2_ws/install/amr_ws/lib/amr_ws
[6.226s] Installing agv_audio_node script to /home/intern1/ros2_ws/install/amr_ws/lib/amr_ws
[6.227s] Installing baselink_laser_tf script to /home/intern1/ros2_ws/install/amr_ws/lib/amr_ws
[6.227s] Installing camera_follow script to /home/intern1/ros2_ws/install/amr_ws/lib/amr_ws
[6.227s] Installing cmdvelsmoothed_to_cmdvel script to /home/intern1/ros2_ws/install/amr_ws/lib/amr_ws
[6.227s] Installing compass script to /home/intern1/ros2_ws/install/amr_ws/lib/amr_ws
[6.227s] Installing joystick_to_motor script to /home/intern1/ros2_ws/install/amr_ws/lib/amr_ws
[6.227s] Installing keyboard_listener script to /home/intern1/ros2_ws/install/amr_ws/lib/amr_ws
[6.227s] Installing localization_node script to /home/intern1/ros2_ws/install/amr_ws/lib/amr_ws
[6.228s] Installing orchestrator_node script to /home/intern1/ros2_ws/install/amr_ws/lib/amr_ws
[6.229s] Installing path_logger script to /home/intern1/ros2_ws/install/amr_ws/lib/amr_ws
[6.229s] Installing path_publisher script to /home/intern1/ros2_ws/install/amr_ws/lib/amr_ws
[6.229s] Installing pose_persistence_node script to /home/intern1/ros2_ws/install/amr_ws/lib/amr_ws
[6.230s] Installing return_home_node script to /home/intern1/ros2_ws/install/amr_ws/lib/amr_ws
[6.230s] Installing webcam_line_follow script to /home/intern1/ros2_ws/install/amr_ws/lib/amr_ws
[6.230s] writing list of installed files to '/home/intern1/ros2_ws/build/amr_ws/install.log'
[6.293s] Invoked command in '/home/intern1/ros2_ws/src/amr_ws' returned '0': DEBUGINFOD_URLS=https://debuginfod.ubuntu.com PYTHONPATH=/home/intern1/ros2_ws/build/amr_ws/prefix_override:/usr/lib/python3/dist-packages/colcon_core/task/python/colcon_distutils_commands:/home/intern1/ros2_ws/install/amr_ws/lib/python3.12/site-packages:${PYTHONPATH} /usr/bin/python3 -W ignore:setup.py install is deprecated -W ignore:easy_install command is deprecated setup.py egg_info --egg-base ../../build/amr_ws build --build-base /home/intern1/ros2_ws/build/amr_ws/build install --record /home/intern1/ros2_ws/build/amr_ws/install.log --single-version-externally-managed install_data
