[2.865s] Invoking command in '/home/intern1/ros2_ws/src/camera_follow': DEBUGINFOD_URLS=https://debuginfod.ubuntu.com PYTHONPATH=/home/intern1/ros2_ws/build/camera_follow/prefix_override:/usr/lib/python3/dist-packages/colcon_core/task/python/colcon_distutils_commands:/home/intern1/ros2_ws/install/camera_follow/lib/python3.12/site-packages:${PYTHONPATH} /usr/bin/python3 -W ignore:setup.py install is deprecated -W ignore:easy_install command is deprecated setup.py egg_info --egg-base ../../build/camera_follow build --build-base /home/intern1/ros2_ws/build/camera_follow/build install --record /home/intern1/ros2_ws/build/camera_follow/install.log --single-version-externally-managed install_data
[3.198s] running egg_info
[3.225s] writing ../../build/camera_follow/camera_follow.egg-info/PKG-INFO
[3.226s] writing dependency_links to ../../build/camera_follow/camera_follow.egg-info/dependency_links.txt
[3.226s] writing entry points to ../../build/camera_follow/camera_follow.egg-info/entry_points.txt
[3.226s] writing requirements to ../../build/camera_follow/camera_follow.egg-info/requires.txt
[3.226s] writing top-level names to ../../build/camera_follow/camera_follow.egg-info/top_level.txt
[3.278s] reading manifest file '../../build/camera_follow/camera_follow.egg-info/SOURCES.txt'
[3.279s] writing manifest file '../../build/camera_follow/camera_follow.egg-info/SOURCES.txt'
[3.279s] running build
[3.280s] running build_py
[3.280s] running install
[3.289s] running install_lib
[3.314s] running install_data
[3.315s] running install_egg_info
[3.345s] removing '/home/intern1/ros2_ws/install/camera_follow/lib/python3.12/site-packages/camera_follow-0.0.0-py3.12.egg-info' (and everything under it)
[3.345s] Copying ../../build/camera_follow/camera_follow.egg-info to /home/intern1/ros2_ws/install/camera_follow/lib/python3.12/site-packages/camera_follow-0.0.0-py3.12.egg-info
[3.347s] running install_scripts
[3.478s] Installing cam_line_follow script to /home/intern1/ros2_ws/install/camera_follow/lib/camera_follow
[3.479s] Installing cam_line_follow_d435if_nonshow script to /home/intern1/ros2_ws/install/camera_follow/lib/camera_follow
[3.479s] Installing cam_line_follow_stop script to /home/intern1/ros2_ws/install/camera_follow/lib/camera_follow
[3.480s] Installing cam_line_follow_stop_black script to /home/intern1/ros2_ws/install/camera_follow/lib/camera_follow
[3.480s] Installing cam_line_follow_stop_early script to /home/intern1/ros2_ws/install/camera_follow/lib/camera_follow
[3.481s] Installing cam_line_follow_stop_early_2line script to /home/intern1/ros2_ws/install/camera_follow/lib/camera_follow
[3.481s] Installing cam_line_follow_stop_edge script to /home/intern1/ros2_ws/install/camera_follow/lib/camera_follow
[3.482s] Installing cam_line_follow_stop_grayscale script to /home/intern1/ros2_ws/install/camera_follow/lib/camera_follow
[3.483s] Installing cam_line_search script to /home/intern1/ros2_ws/install/camera_follow/lib/camera_follow
[3.483s] Installing hand_eye_mrc01 script to /home/intern1/ros2_ws/install/camera_follow/lib/camera_follow
[3.484s] Installing hand_eye_petbottle script to /home/intern1/ros2_ws/install/camera_follow/lib/camera_follow
[3.485s] Installing image_sub script to /home/intern1/ros2_ws/install/camera_follow/lib/camera_follow
[3.485s] Installing webcam_line_follow script to /home/intern1/ros2_ws/install/camera_follow/lib/camera_follow
[3.485s] writing list of installed files to '/home/intern1/ros2_ws/build/camera_follow/install.log'
[3.705s] Invoked command in '/home/intern1/ros2_ws/src/camera_follow' returned '0': DEBUGINFOD_URLS=https://debuginfod.ubuntu.com PYTHONPATH=/home/intern1/ros2_ws/build/camera_follow/prefix_override:/usr/lib/python3/dist-packages/colcon_core/task/python/colcon_distutils_commands:/home/intern1/ros2_ws/install/camera_follow/lib/python3.12/site-packages:${PYTHONPATH} /usr/bin/python3 -W ignore:setup.py install is deprecated -W ignore:easy_install command is deprecated setup.py egg_info --egg-base ../../build/camera_follow build --build-base /home/intern1/ros2_ws/build/camera_follow/build install --record /home/intern1/ros2_ws/build/camera_follow/install.log --single-version-externally-managed install_data
