[5.175s] Invoking command in '/home/intern1/ros2_ws/src/amr_ws': DEBUGINFOD_URLS=https://debuginfod.ubuntu.com PYTHONPATH=/home/intern1/ros2_ws/build/amr_ws/prefix_override:/usr/lib/python3/dist-packages/colcon_core/task/python/colcon_distutils_commands:/home/intern1/ros2_ws/install/amr_ws/lib/python3.12/site-packages:${PYTHONPATH} /usr/bin/python3 -W ignore:setup.py install is deprecated -W ignore:easy_install command is deprecated setup.py egg_info --egg-base ../../build/amr_ws build --build-base /home/intern1/ros2_ws/build/amr_ws/build install --record /home/intern1/ros2_ws/build/amr_ws/install.log --single-version-externally-managed install_data
[5.927s] running egg_info
[5.987s] writing ../../build/amr_ws/amr_ws.egg-info/PKG-INFO
[5.988s] writing dependency_links to ../../build/amr_ws/amr_ws.egg-info/dependency_links.txt
[5.990s] writing entry points to ../../build/amr_ws/amr_ws.egg-info/entry_points.txt
[5.992s] writing requirements to ../../build/amr_ws/amr_ws.egg-info/requires.txt
[5.993s] writing top-level names to ../../build/amr_ws/amr_ws.egg-info/top_level.txt
[6.116s] reading manifest file '../../build/amr_ws/amr_ws.egg-info/SOURCES.txt'
[6.118s] adding license file 'LICENSE'
[6.122s] writing manifest file '../../build/amr_ws/amr_ws.egg-info/SOURCES.txt'
[6.123s] running build
[6.123s] running build_py
[6.126s] running install
[6.141s] running install_lib
[6.210s] running install_data
[6.211s] running install_egg_info
[6.274s] removing '/home/intern1/ros2_ws/install/amr_ws/lib/python3.12/site-packages/amr_ws-0.0.0-py3.12.egg-info' (and everything under it)
[6.282s] Copying ../../build/amr_ws/amr_ws.egg-info to /home/intern1/ros2_ws/install/amr_ws/lib/python3.12/site-packages/amr_ws-0.0.0-py3.12.egg-info
[6.285s] running install_scripts
[6.679s] Installing Automation_and_Lidar script to /home/intern1/ros2_ws/install/amr_ws/lib/amr_ws
[6.680s] Installing Automation_and_Lidar2 script to /home/intern1/ros2_ws/install/amr_ws/lib/amr_ws
[6.681s] Installing Demo_Automation script to /home/intern1/ros2_ws/install/amr_ws/lib/amr_ws
[6.681s] Installing agv_audio_node script to /home/intern1/ros2_ws/install/amr_ws/lib/amr_ws
[6.681s] Installing baselink_laser_tf script to /home/intern1/ros2_ws/install/amr_ws/lib/amr_ws
[6.682s] Installing camera_follow script to /home/intern1/ros2_ws/install/amr_ws/lib/amr_ws
[6.682s] Installing cmdvelsmoothed_to_cmdvel script to /home/intern1/ros2_ws/install/amr_ws/lib/amr_ws
[6.682s] Installing compass script to /home/intern1/ros2_ws/install/amr_ws/lib/amr_ws
[6.682s] Installing hsv_probe_node script to /home/intern1/ros2_ws/install/amr_ws/lib/amr_ws
[6.683s] Installing joystick_to_motor script to /home/intern1/ros2_ws/install/amr_ws/lib/amr_ws
[6.683s] Installing keyboard_listener script to /home/intern1/ros2_ws/install/amr_ws/lib/amr_ws
[6.683s] Installing localization_node script to /home/intern1/ros2_ws/install/amr_ws/lib/amr_ws
[6.684s] Installing orchestrator_node script to /home/intern1/ros2_ws/install/amr_ws/lib/amr_ws
[6.685s] Installing path_logger script to /home/intern1/ros2_ws/install/amr_ws/lib/amr_ws
[6.686s] Installing path_publisher script to /home/intern1/ros2_ws/install/amr_ws/lib/amr_ws
[6.686s] Installing pose_persistence_node script to /home/intern1/ros2_ws/install/amr_ws/lib/amr_ws
[6.686s] Installing rack_websocket_server script to /home/intern1/ros2_ws/install/amr_ws/lib/amr_ws
[6.687s] Installing return_home_node script to /home/intern1/ros2_ws/install/amr_ws/lib/amr_ws
[6.687s] Installing webcam_line_follow script to /home/intern1/ros2_ws/install/amr_ws/lib/amr_ws
[6.689s] writing list of installed files to '/home/intern1/ros2_ws/build/amr_ws/install.log'
[7.505s] Invoked command in '/home/intern1/ros2_ws/src/amr_ws' returned '0': DEBUGINFOD_URLS=https://debuginfod.ubuntu.com PYTHONPATH=/home/intern1/ros2_ws/build/amr_ws/prefix_override:/usr/lib/python3/dist-packages/colcon_core/task/python/colcon_distutils_commands:/home/intern1/ros2_ws/install/amr_ws/lib/python3.12/site-packages:${PYTHONPATH} /usr/bin/python3 -W ignore:setup.py install is deprecated -W ignore:easy_install command is deprecated setup.py egg_info --egg-base ../../build/amr_ws build --build-base /home/intern1/ros2_ws/build/amr_ws/build install --record /home/intern1/ros2_ws/build/amr_ws/install.log --single-version-externally-managed install_data
