[0.100s] Invoking command in '/home/intern1/ros2_ws/build/system_webview': CMAKE_PREFIX_PATH=${CMAKE_PREFIX_PATH}:/home/intern1/ros2_ws/install/tb3_multi_robot:/home/intern1/ros2_ws/install/launch_testing_examples:/home/intern1/ros2_ws/install/examples_rclpy_pointcloud_publisher:/home/intern1/ros2_ws/install/examples_rclpy_minimal_subscriber:/home/intern1/ros2_ws/install/examples_rclpy_minimal_service:/home/intern1/ros2_ws/install/examples_rclpy_minimal_publisher:/home/intern1/ros2_ws/install/examples_rclpy_minimal_client:/home/intern1/ros2_ws/install/examples_rclpy_minimal_action_server:/home/intern1/ros2_ws/install/examples_rclpy_minimal_action_client:/home/intern1/ros2_ws/install/examples_rclpy_guard_conditions:/home/intern1/ros2_ws/install/examples_rclpy_executors:/home/intern1/ros2_ws/install/education_material:/home/intern1/ros2_ws/install/camera_follow:/home/intern1/ros2_ws/install/amr_ws:/opt/ros/jazzy DEBUGINFOD_URLS=https://debuginfod.ubuntu.com /usr/bin/cmake --build /home/intern1/ros2_ws/build/system_webview -- -j14 -l14
[0.491s] [100%] Built target http_server
[1.043s] Invoked command in '/home/intern1/ros2_ws/build/system_webview' returned '0': CMAKE_PREFIX_PATH=${CMAKE_PREFIX_PATH}:/home/intern1/ros2_ws/install/tb3_multi_robot:/home/intern1/ros2_ws/install/launch_testing_examples:/home/intern1/ros2_ws/install/examples_rclpy_pointcloud_publisher:/home/intern1/ros2_ws/install/examples_rclpy_minimal_subscriber:/home/intern1/ros2_ws/install/examples_rclpy_minimal_service:/home/intern1/ros2_ws/install/examples_rclpy_minimal_publisher:/home/intern1/ros2_ws/install/examples_rclpy_minimal_client:/home/intern1/ros2_ws/install/examples_rclpy_minimal_action_server:/home/intern1/ros2_ws/install/examples_rclpy_minimal_action_client:/home/intern1/ros2_ws/install/examples_rclpy_guard_conditions:/home/intern1/ros2_ws/install/examples_rclpy_executors:/home/intern1/ros2_ws/install/education_material:/home/intern1/ros2_ws/install/camera_follow:/home/intern1/ros2_ws/install/amr_ws:/opt/ros/jazzy DEBUGINFOD_URLS=https://debuginfod.ubuntu.com /usr/bin/cmake --build /home/intern1/ros2_ws/build/system_webview -- -j14 -l14
[1.046s] Invoking command in '/home/intern1/ros2_ws/build/system_webview': CMAKE_PREFIX_PATH=${CMAKE_PREFIX_PATH}:/home/intern1/ros2_ws/install/tb3_multi_robot:/home/intern1/ros2_ws/install/launch_testing_examples:/home/intern1/ros2_ws/install/examples_rclpy_pointcloud_publisher:/home/intern1/ros2_ws/install/examples_rclpy_minimal_subscriber:/home/intern1/ros2_ws/install/examples_rclpy_minimal_service:/home/intern1/ros2_ws/install/examples_rclpy_minimal_publisher:/home/intern1/ros2_ws/install/examples_rclpy_minimal_client:/home/intern1/ros2_ws/install/examples_rclpy_minimal_action_server:/home/intern1/ros2_ws/install/examples_rclpy_minimal_action_client:/home/intern1/ros2_ws/install/examples_rclpy_guard_conditions:/home/intern1/ros2_ws/install/examples_rclpy_executors:/home/intern1/ros2_ws/install/education_material:/home/intern1/ros2_ws/install/camera_follow:/home/intern1/ros2_ws/install/amr_ws:/opt/ros/jazzy DEBUGINFOD_URLS=https://debuginfod.ubuntu.com /usr/bin/cmake --install /home/intern1/ros2_ws/build/system_webview
[1.092s] -- Install configuration: ""
[1.099s] -- Up-to-date: /home/intern1/ros2_ws/install/system_webview/lib/system_webview/http_server
[1.099s] -- Up-to-date: /home/intern1/ros2_ws/install/system_webview/share/system_webview/web
[1.099s] -- Up-to-date: /home/intern1/ros2_ws/install/system_webview/share/system_webview/web/404.html
[1.099s] -- Up-to-date: /home/intern1/ros2_ws/install/system_webview/share/system_webview/web/index.txt
[1.099s] -- Up-to-date: /home/intern1/ros2_ws/install/system_webview/share/system_webview/web/AMENT_IGNORE
[1.100s] -- Up-to-date: /home/intern1/ros2_ws/install/system_webview/share/system_webview/web/index.html
[1.100s] -- Up-to-date: /home/intern1/ros2_ws/install/system_webview/share/system_webview/web/_next
[1.100s] -- Up-to-date: /home/intern1/ros2_ws/install/system_webview/share/system_webview/web/_next/static
[1.100s] -- Up-to-date: /home/intern1/ros2_ws/install/system_webview/share/system_webview/web/_next/static/9zTH6-5GlVAaGD7PplLUP
[1.100s] -- Up-to-date: /home/intern1/ros2_ws/install/system_webview/share/system_webview/web/_next/static/9zTH6-5GlVAaGD7PplLUP/_buildManifest.js
[1.102s] -- Up-to-date: /home/intern1/ros2_ws/install/system_webview/share/system_webview/web/_next/static/9zTH6-5GlVAaGD7PplLUP/_ssgManifest.js
[1.102s] -- Up-to-date: /home/intern1/ros2_ws/install/system_webview/share/system_webview/web/_next/static/chunks
[1.102s] -- Up-to-date: /home/intern1/ros2_ws/install/system_webview/share/system_webview/web/_next/static/chunks/webpack-3844d017889aa547.js
[1.102s] -- Up-to-date: /home/intern1/ros2_ws/install/system_webview/share/system_webview/web/_next/static/chunks/polyfills-42372ed130431b0a.js
[1.102s] -- Up-to-date: /home/intern1/ros2_ws/install/system_webview/share/system_webview/web/_next/static/chunks/app
[1.102s] -- Up-to-date: /home/intern1/ros2_ws/install/system_webview/share/system_webview/web/_next/static/chunks/app/page-c2651edd354d731d.js
[1.102s] -- Up-to-date: /home/intern1/ros2_ws/install/system_webview/share/system_webview/web/_next/static/chunks/app/layout-9aaeffa134ffefaa.js
[1.102s] -- Up-to-date: /home/intern1/ros2_ws/install/system_webview/share/system_webview/web/_next/static/chunks/app/_not-found
[1.103s] -- Up-to-date: /home/intern1/ros2_ws/install/system_webview/share/system_webview/web/_next/static/chunks/app/_not-found/page-17f9ab33df37f960.js
[1.103s] -- Up-to-date: /home/intern1/ros2_ws/install/system_webview/share/system_webview/web/_next/static/chunks/main-49fd204fc9037ea3.js
[1.107s] -- Up-to-date: /home/intern1/ros2_ws/install/system_webview/share/system_webview/web/_next/static/chunks/framework-de98b93a850cfc71.js
[1.107s] -- Up-to-date: /home/intern1/ros2_ws/install/system_webview/share/system_webview/web/_next/static/chunks/255-54d3085ce94738a4.js
[1.107s] -- Up-to-date: /home/intern1/ros2_ws/install/system_webview/share/system_webview/web/_next/static/chunks/main-app-07ff11c3c85151c8.js
[1.107s] -- Up-to-date: /home/intern1/ros2_ws/install/system_webview/share/system_webview/web/_next/static/chunks/304-9855fa5866af6bdf.js
[1.107s] -- Up-to-date: /home/intern1/ros2_ws/install/system_webview/share/system_webview/web/_next/static/chunks/4bd1b696-c023c6e3521b1417.js
[1.107s] -- Up-to-date: /home/intern1/ros2_ws/install/system_webview/share/system_webview/web/_next/static/chunks/pages
[1.108s] -- Up-to-date: /home/intern1/ros2_ws/install/system_webview/share/system_webview/web/_next/static/chunks/pages/_app-7d307437aca18ad4.js
[1.108s] -- Up-to-date: /home/intern1/ros2_ws/install/system_webview/share/system_webview/web/_next/static/chunks/pages/_error-cb2a52f75f2162e2.js
[1.108s] -- Up-to-date: /home/intern1/ros2_ws/install/system_webview/share/system_webview/web/_next/static/css
[1.108s] -- Up-to-date: /home/intern1/ros2_ws/install/system_webview/share/system_webview/web/_next/static/css/dee0aca0b984644c.css
[1.108s] -- Up-to-date: /home/intern1/ros2_ws/install/system_webview/share/system_webview/launch
[1.108s] -- Up-to-date: /home/intern1/ros2_ws/install/system_webview/share/system_webview/launch/main.launch.py
[1.108s] -- Up-to-date: /home/intern1/ros2_ws/install/system_webview/share/ament_index/resource_index/package_run_dependencies/system_webview
[1.109s] -- Up-to-date: /home/intern1/ros2_ws/install/system_webview/share/ament_index/resource_index/parent_prefix_path/system_webview
[1.109s] -- Up-to-date: /home/intern1/ros2_ws/install/system_webview/share/system_webview/environment/ament_prefix_path.sh
[1.109s] -- Up-to-date: /home/intern1/ros2_ws/install/system_webview/share/system_webview/environment/ament_prefix_path.dsv
[1.109s] -- Up-to-date: /home/intern1/ros2_ws/install/system_webview/share/system_webview/environment/path.sh
[1.109s] -- Up-to-date: /home/intern1/ros2_ws/install/system_webview/share/system_webview/environment/path.dsv
[1.109s] -- Up-to-date: /home/intern1/ros2_ws/install/system_webview/share/system_webview/local_setup.bash
[1.109s] -- Up-to-date: /home/intern1/ros2_ws/install/system_webview/share/system_webview/local_setup.sh
[1.109s] -- Up-to-date: /home/intern1/ros2_ws/install/system_webview/share/system_webview/local_setup.zsh
[1.110s] -- Up-to-date: /home/intern1/ros2_ws/install/system_webview/share/system_webview/local_setup.dsv
[1.110s] -- Installing: /home/intern1/ros2_ws/install/system_webview/share/system_webview/package.dsv
[1.112s] -- Up-to-date: /home/intern1/ros2_ws/install/system_webview/share/ament_index/resource_index/packages/system_webview
[1.112s] -- Up-to-date: /home/intern1/ros2_ws/install/system_webview/share/system_webview/cmake/system_webviewConfig.cmake
[1.112s] -- Up-to-date: /home/intern1/ros2_ws/install/system_webview/share/system_webview/cmake/system_webviewConfig-version.cmake
[1.113s] -- Up-to-date: /home/intern1/ros2_ws/install/system_webview/share/system_webview/package.xml
[1.132s] Invoked command in '/home/intern1/ros2_ws/build/system_webview' returned '0': CMAKE_PREFIX_PATH=${CMAKE_PREFIX_PATH}:/home/intern1/ros2_ws/install/tb3_multi_robot:/home/intern1/ros2_ws/install/launch_testing_examples:/home/intern1/ros2_ws/install/examples_rclpy_pointcloud_publisher:/home/intern1/ros2_ws/install/examples_rclpy_minimal_subscriber:/home/intern1/ros2_ws/install/examples_rclpy_minimal_service:/home/intern1/ros2_ws/install/examples_rclpy_minimal_publisher:/home/intern1/ros2_ws/install/examples_rclpy_minimal_client:/home/intern1/ros2_ws/install/examples_rclpy_minimal_action_server:/home/intern1/ros2_ws/install/examples_rclpy_minimal_action_client:/home/intern1/ros2_ws/install/examples_rclpy_guard_conditions:/home/intern1/ros2_ws/install/examples_rclpy_executors:/home/intern1/ros2_ws/install/education_material:/home/intern1/ros2_ws/install/camera_follow:/home/intern1/ros2_ws/install/amr_ws:/opt/ros/jazzy DEBUGINFOD_URLS=https://debuginfod.ubuntu.com /usr/bin/cmake --install /home/intern1/ros2_ws/build/system_webview
