[0.658s] Invoking command in '/home/intern1/ros2_ws/build/turtlesim': CMAKE_PREFIX_PATH=${CMAKE_PREFIX_PATH}:/home/intern1/ros2_ws/install/tb3_multi_robot:/home/intern1/ros2_ws/install/om_mvc01:/home/intern1/ros2_ws/install/launch_testing_examples:/home/intern1/ros2_ws/install/examples_rclpy_pointcloud_publisher:/home/intern1/ros2_ws/install/examples_rclpy_minimal_subscriber:/home/intern1/ros2_ws/install/examples_rclpy_minimal_service:/home/intern1/ros2_ws/install/examples_rclpy_minimal_publisher:/home/intern1/ros2_ws/install/examples_rclpy_minimal_client:/home/intern1/ros2_ws/install/examples_rclpy_minimal_action_server:/home/intern1/ros2_ws/install/examples_rclpy_minimal_action_client:/home/intern1/ros2_ws/install/examples_rclpy_guard_conditions:/home/intern1/ros2_ws/install/examples_rclpy_executors:/home/intern1/ros2_ws/install/education_material:/home/intern1/ros2_ws/install/camera_follow:/home/intern1/ros2_ws/install/amr_ws:/opt/ros/jazzy DEBUGINFOD_URLS=https://debuginfod.ubuntu.com /usr/bin/cmake --build /home/intern1/ros2_ws/build/turtlesim -- -j14 -l14
[0.926s] [  0%] Built target turtlesim__rosidl_generator_type_description
[1.030s] [  0%] Built target ament_cmake_python_copy_turtlesim
[1.074s] [  1%] Built target turtlesim__cpp
[1.089s] [ 24%] Built target turtlesim__rosidl_generator_c
[1.187s] [ 33%] Built target turtlesim__rosidl_typesupport_c
[1.208s] [ 42%] Built target turtlesim__rosidl_typesupport_introspection_c
[1.211s] [ 50%] Built target turtlesim__rosidl_typesupport_fastrtps_c
[1.220s] [ 59%] Built target turtlesim__rosidl_typesupport_fastrtps_cpp
[1.243s] [ 67%] Built target turtlesim__rosidl_typesupport_introspection_cpp
[1.244s] [ 76%] Built target turtlesim__rosidl_typesupport_cpp
[1.307s] [ 76%] Built target turtlesim
[1.331s] [ 79%] Built target turtle_teleop_key
[1.331s] [ 79%] Built target draw_square
[1.332s] [ 84%] Built target turtlesim_node
[1.342s] [ 86%] Built target mimic
[1.364s] [ 86%] Built target turtlesim__py
[1.425s] [ 94%] Built target turtlesim__rosidl_generator_py
[1.483s] [ 96%] Built target turtlesim_s__rosidl_typesupport_fastrtps_c
[1.484s] [ 99%] Built target turtlesim_s__rosidl_typesupport_c
[1.484s] [100%] Built target turtlesim_s__rosidl_typesupport_introspection_c
[1.631s] running egg_info
[1.686s] writing turtlesim.egg-info/PKG-INFO
[1.687s] writing dependency_links to turtlesim.egg-info/dependency_links.txt
[1.687s] writing top-level names to turtlesim.egg-info/top_level.txt
[1.850s] reading manifest file 'turtlesim.egg-info/SOURCES.txt'
[1.852s] writing manifest file 'turtlesim.egg-info/SOURCES.txt'
[1.943s] [100%] Built target ament_cmake_python_build_turtlesim_egg
[1.976s] Invoked command in '/home/intern1/ros2_ws/build/turtlesim' returned '0': CMAKE_PREFIX_PATH=${CMAKE_PREFIX_PATH}:/home/intern1/ros2_ws/install/tb3_multi_robot:/home/intern1/ros2_ws/install/om_mvc01:/home/intern1/ros2_ws/install/launch_testing_examples:/home/intern1/ros2_ws/install/examples_rclpy_pointcloud_publisher:/home/intern1/ros2_ws/install/examples_rclpy_minimal_subscriber:/home/intern1/ros2_ws/install/examples_rclpy_minimal_service:/home/intern1/ros2_ws/install/examples_rclpy_minimal_publisher:/home/intern1/ros2_ws/install/examples_rclpy_minimal_client:/home/intern1/ros2_ws/install/examples_rclpy_minimal_action_server:/home/intern1/ros2_ws/install/examples_rclpy_minimal_action_client:/home/intern1/ros2_ws/install/examples_rclpy_guard_conditions:/home/intern1/ros2_ws/install/examples_rclpy_executors:/home/intern1/ros2_ws/install/education_material:/home/intern1/ros2_ws/install/camera_follow:/home/intern1/ros2_ws/install/amr_ws:/opt/ros/jazzy DEBUGINFOD_URLS=https://debuginfod.ubuntu.com /usr/bin/cmake --build /home/intern1/ros2_ws/build/turtlesim -- -j14 -l14
[1.979s] Invoking command in '/home/intern1/ros2_ws/build/turtlesim': CMAKE_PREFIX_PATH=${CMAKE_PREFIX_PATH}:/home/intern1/ros2_ws/install/tb3_multi_robot:/home/intern1/ros2_ws/install/om_mvc01:/home/intern1/ros2_ws/install/launch_testing_examples:/home/intern1/ros2_ws/install/examples_rclpy_pointcloud_publisher:/home/intern1/ros2_ws/install/examples_rclpy_minimal_subscriber:/home/intern1/ros2_ws/install/examples_rclpy_minimal_service:/home/intern1/ros2_ws/install/examples_rclpy_minimal_publisher:/home/intern1/ros2_ws/install/examples_rclpy_minimal_client:/home/intern1/ros2_ws/install/examples_rclpy_minimal_action_server:/home/intern1/ros2_ws/install/examples_rclpy_minimal_action_client:/home/intern1/ros2_ws/install/examples_rclpy_guard_conditions:/home/intern1/ros2_ws/install/examples_rclpy_executors:/home/intern1/ros2_ws/install/education_material:/home/intern1/ros2_ws/install/camera_follow:/home/intern1/ros2_ws/install/amr_ws:/opt/ros/jazzy DEBUGINFOD_URLS=https://debuginfod.ubuntu.com /usr/bin/cmake --install /home/intern1/ros2_ws/build/turtlesim
[1.993s] -- Install configuration: ""
[1.993s] -- Up-to-date: /home/intern1/ros2_ws/install/turtlesim/share/ament_index/resource_index/rosidl_interfaces/turtlesim
[1.993s] -- Up-to-date: /home/intern1/ros2_ws/install/turtlesim/share/turtlesim/action/RotateAbsolute.json
[1.993s] -- Up-to-date: /home/intern1/ros2_ws/install/turtlesim/share/turtlesim/msg/Color.json
[1.993s] -- Up-to-date: /home/intern1/ros2_ws/install/turtlesim/share/turtlesim/msg/Pose.json
[1.993s] -- Up-to-date: /home/intern1/ros2_ws/install/turtlesim/share/turtlesim/srv/Kill.json
[1.994s] -- Up-to-date: /home/intern1/ros2_ws/install/turtlesim/share/turtlesim/srv/SetPen.json
[1.994s] -- Up-to-date: /home/intern1/ros2_ws/install/turtlesim/share/turtlesim/srv/Spawn.json
[1.994s] -- Up-to-date: /home/intern1/ros2_ws/install/turtlesim/share/turtlesim/srv/TeleportAbsolute.json
[1.994s] -- Up-to-date: /home/intern1/ros2_ws/install/turtlesim/share/turtlesim/srv/TeleportRelative.json
[1.994s] -- Up-to-date: /home/intern1/ros2_ws/install/turtlesim/include/turtlesim/turtlesim
[1.994s] -- Up-to-date: /home/intern1/ros2_ws/install/turtlesim/include/turtlesim/turtlesim/srv
[1.995s] -- Up-to-date: /home/intern1/ros2_ws/install/turtlesim/include/turtlesim/turtlesim/srv/set_pen.h
[1.995s] -- Up-to-date: /home/intern1/ros2_ws/install/turtlesim/include/turtlesim/turtlesim/srv/kill.h
[1.995s] -- Up-to-date: /home/intern1/ros2_ws/install/turtlesim/include/turtlesim/turtlesim/srv/detail
[1.995s] -- Up-to-date: /home/intern1/ros2_ws/install/turtlesim/include/turtlesim/turtlesim/srv/detail/teleport_absolute__functions.c
[1.996s] -- Installing: /home/intern1/ros2_ws/install/turtlesim/include/turtlesim/turtlesim/srv/detail/teleport_absolute__type_support.c
[1.996s] -- Up-to-date: /home/intern1/ros2_ws/install/turtlesim/include/turtlesim/turtlesim/srv/detail/spawn__type_support.h
[1.996s] -- Up-to-date: /home/intern1/ros2_ws/install/turtlesim/include/turtlesim/turtlesim/srv/detail/teleport_relative__functions.h
[1.996s] -- Up-to-date: /home/intern1/ros2_ws/install/turtlesim/include/turtlesim/turtlesim/srv/detail/kill__type_support.h
[1.997s] -- Up-to-date: /home/intern1/ros2_ws/install/turtlesim/include/turtlesim/turtlesim/srv/detail/spawn__struct.h
[1.997s] -- Up-to-date: /home/intern1/ros2_ws/install/turtlesim/include/turtlesim/turtlesim/srv/detail/set_pen__functions.c
[1.997s] -- Up-to-date: /home/intern1/ros2_ws/install/turtlesim/include/turtlesim/turtlesim/srv/detail/spawn__functions.h
[1.997s] -- Installing: /home/intern1/ros2_ws/install/turtlesim/include/turtlesim/turtlesim/srv/detail/set_pen__type_support.c
[1.998s] -- Up-to-date: /home/intern1/ros2_ws/install/turtlesim/include/turtlesim/turtlesim/srv/detail/spawn__functions.c
[1.998s] -- Up-to-date: /home/intern1/ros2_ws/install/turtlesim/include/turtlesim/turtlesim/srv/detail/set_pen__type_support.h
[1.998s] -- Up-to-date: /home/intern1/ros2_ws/install/turtlesim/include/turtlesim/turtlesim/srv/detail/teleport_relative__functions.c
[2.000s] -- Installing: /home/intern1/ros2_ws/install/turtlesim/include/turtlesim/turtlesim/srv/detail/teleport_relative__type_support.c
[2.001s] -- Up-to-date: /home/intern1/ros2_ws/install/turtlesim/include/turtlesim/turtlesim/srv/detail/teleport_relative__struct.h
[2.001s] -- Up-to-date: /home/intern1/ros2_ws/install/turtlesim/include/turtlesim/turtlesim/srv/detail/kill__struct.h
[2.001s] -- Installing: /home/intern1/ros2_ws/install/turtlesim/include/turtlesim/turtlesim/srv/detail/kill__type_support.c
[2.001s] -- Up-to-date: /home/intern1/ros2_ws/install/turtlesim/include/turtlesim/turtlesim/srv/detail/kill__functions.h
[2.001s] -- Up-to-date: /home/intern1/ros2_ws/install/turtlesim/include/turtlesim/turtlesim/srv/detail/teleport_relative__description.c
[2.002s] -- Up-to-date: /home/intern1/ros2_ws/install/turtlesim/include/turtlesim/turtlesim/srv/detail/spawn__description.c
[2.002s] -- Up-to-date: /home/intern1/ros2_ws/install/turtlesim/include/turtlesim/turtlesim/srv/detail/teleport_absolute__struct.h
[2.002s] -- Up-to-date: /home/intern1/ros2_ws/install/turtlesim/include/turtlesim/turtlesim/srv/detail/set_pen__description.c
[2.002s] -- Up-to-date: /home/intern1/ros2_ws/install/turtlesim/include/turtlesim/turtlesim/srv/detail/kill__functions.c
[2.003s] -- Up-to-date: /home/intern1/ros2_ws/install/turtlesim/include/turtlesim/turtlesim/srv/detail/kill__description.c
[2.003s] -- Up-to-date: /home/intern1/ros2_ws/install/turtlesim/include/turtlesim/turtlesim/srv/detail/teleport_absolute__description.c
[2.003s] -- Up-to-date: /home/intern1/ros2_ws/install/turtlesim/include/turtlesim/turtlesim/srv/detail/teleport_absolute__type_support.h
[2.003s] -- Up-to-date: /home/intern1/ros2_ws/install/turtlesim/include/turtlesim/turtlesim/srv/detail/set_pen__functions.h
[2.003s] -- Installing: /home/intern1/ros2_ws/install/turtlesim/include/turtlesim/turtlesim/srv/detail/spawn__type_support.c
[2.004s] -- Up-to-date: /home/intern1/ros2_ws/install/turtlesim/include/turtlesim/turtlesim/srv/detail/teleport_absolute__functions.h
[2.004s] -- Up-to-date: /home/intern1/ros2_ws/install/turtlesim/include/turtlesim/turtlesim/srv/detail/teleport_relative__type_support.h
[2.004s] -- Up-to-date: /home/intern1/ros2_ws/install/turtlesim/include/turtlesim/turtlesim/srv/detail/set_pen__struct.h
[2.004s] -- Up-to-date: /home/intern1/ros2_ws/install/turtlesim/include/turtlesim/turtlesim/srv/teleport_absolute.h
[2.004s] -- Up-to-date: /home/intern1/ros2_ws/install/turtlesim/include/turtlesim/turtlesim/srv/teleport_relative.h
[2.004s] -- Up-to-date: /home/intern1/ros2_ws/install/turtlesim/include/turtlesim/turtlesim/srv/spawn.h
[2.005s] -- Up-to-date: /home/intern1/ros2_ws/install/turtlesim/include/turtlesim/turtlesim/msg
[2.005s] -- Up-to-date: /home/intern1/ros2_ws/install/turtlesim/include/turtlesim/turtlesim/msg/detail
[2.005s] -- Up-to-date: /home/intern1/ros2_ws/install/turtlesim/include/turtlesim/turtlesim/msg/detail/pose__functions.h
[2.005s] -- Up-to-date: /home/intern1/ros2_ws/install/turtlesim/include/turtlesim/turtlesim/msg/detail/color__type_support.h
[2.006s] -- Up-to-date: /home/intern1/ros2_ws/install/turtlesim/include/turtlesim/turtlesim/msg/detail/color__struct.h
[2.006s] -- Up-to-date: /home/intern1/ros2_ws/install/turtlesim/include/turtlesim/turtlesim/msg/detail/pose__functions.c
[2.006s] -- Up-to-date: /home/intern1/ros2_ws/install/turtlesim/include/turtlesim/turtlesim/msg/detail/pose__type_support.h
[2.006s] -- Up-to-date: /home/intern1/ros2_ws/install/turtlesim/include/turtlesim/turtlesim/msg/detail/color__functions.c
[2.006s] -- Installing: /home/intern1/ros2_ws/install/turtlesim/include/turtlesim/turtlesim/msg/detail/color__type_support.c
[2.006s] -- Installing: /home/intern1/ros2_ws/install/turtlesim/include/turtlesim/turtlesim/msg/detail/pose__type_support.c
[2.006s] -- Up-to-date: /home/intern1/ros2_ws/install/turtlesim/include/turtlesim/turtlesim/msg/detail/color__description.c
[2.007s] -- Up-to-date: /home/intern1/ros2_ws/install/turtlesim/include/turtlesim/turtlesim/msg/detail/color__functions.h
[2.007s] -- Up-to-date: /home/intern1/ros2_ws/install/turtlesim/include/turtlesim/turtlesim/msg/detail/pose__description.c
[2.007s] -- Up-to-date: /home/intern1/ros2_ws/install/turtlesim/include/turtlesim/turtlesim/msg/detail/pose__struct.h
[2.007s] -- Up-to-date: /home/intern1/ros2_ws/install/turtlesim/include/turtlesim/turtlesim/msg/color.h
[2.007s] -- Up-to-date: /home/intern1/ros2_ws/install/turtlesim/include/turtlesim/turtlesim/msg/pose.h
[2.007s] -- Up-to-date: /home/intern1/ros2_ws/install/turtlesim/include/turtlesim/turtlesim/msg/rosidl_generator_c__visibility_control.h
[2.008s] -- Up-to-date: /home/intern1/ros2_ws/install/turtlesim/include/turtlesim/turtlesim/action
[2.008s] -- Up-to-date: /home/intern1/ros2_ws/install/turtlesim/include/turtlesim/turtlesim/action/detail
[2.008s] -- Up-to-date: /home/intern1/ros2_ws/install/turtlesim/include/turtlesim/turtlesim/action/detail/rotate_absolute__struct.h
[2.008s] -- Up-to-date: /home/intern1/ros2_ws/install/turtlesim/include/turtlesim/turtlesim/action/detail/rotate_absolute__functions.h
[2.008s] -- Installing: /home/intern1/ros2_ws/install/turtlesim/include/turtlesim/turtlesim/action/detail/rotate_absolute__type_support.c
[2.008s] -- Up-to-date: /home/intern1/ros2_ws/install/turtlesim/include/turtlesim/turtlesim/action/detail/rotate_absolute__functions.c
[2.008s] -- Up-to-date: /home/intern1/ros2_ws/install/turtlesim/include/turtlesim/turtlesim/action/detail/rotate_absolute__type_support.h
[2.009s] -- Up-to-date: /home/intern1/ros2_ws/install/turtlesim/include/turtlesim/turtlesim/action/detail/rotate_absolute__description.c
[2.009s] -- Up-to-date: /home/intern1/ros2_ws/install/turtlesim/include/turtlesim/turtlesim/action/rotate_absolute.h
[2.009s] -- Up-to-date: /home/intern1/ros2_ws/install/turtlesim/share/turtlesim/environment/library_path.sh
[2.009s] -- Up-to-date: /home/intern1/ros2_ws/install/turtlesim/share/turtlesim/environment/library_path.dsv
[2.009s] -- Up-to-date: /home/intern1/ros2_ws/install/turtlesim/lib/libturtlesim__rosidl_generator_c.so
[2.009s] -- Up-to-date: /home/intern1/ros2_ws/install/turtlesim/include/turtlesim/turtlesim
[2.009s] -- Up-to-date: /home/intern1/ros2_ws/install/turtlesim/include/turtlesim/turtlesim/srv
[2.010s] -- Up-to-date: /home/intern1/ros2_ws/install/turtlesim/include/turtlesim/turtlesim/srv/detail
[2.010s] -- Up-to-date: /home/intern1/ros2_ws/install/turtlesim/include/turtlesim/turtlesim/srv/detail/kill__rosidl_typesupport_fastrtps_c.h
[2.010s] -- Up-to-date: /home/intern1/ros2_ws/install/turtlesim/include/turtlesim/turtlesim/srv/detail/spawn__rosidl_typesupport_fastrtps_c.h
[2.010s] -- Up-to-date: /home/intern1/ros2_ws/install/turtlesim/include/turtlesim/turtlesim/srv/detail/teleport_absolute__rosidl_typesupport_fastrtps_c.h
[2.010s] -- Up-to-date: /home/intern1/ros2_ws/install/turtlesim/include/turtlesim/turtlesim/srv/detail/set_pen__rosidl_typesupport_fastrtps_c.h
[2.010s] -- Up-to-date: /home/intern1/ros2_ws/install/turtlesim/include/turtlesim/turtlesim/srv/detail/teleport_relative__rosidl_typesupport_fastrtps_c.h
[2.011s] -- Up-to-date: /home/intern1/ros2_ws/install/turtlesim/include/turtlesim/turtlesim/msg
[2.011s] -- Up-to-date: /home/intern1/ros2_ws/install/turtlesim/include/turtlesim/turtlesim/msg/detail
[2.011s] -- Up-to-date: /home/intern1/ros2_ws/install/turtlesim/include/turtlesim/turtlesim/msg/detail/pose__rosidl_typesupport_fastrtps_c.h
[2.011s] -- Up-to-date: /home/intern1/ros2_ws/install/turtlesim/include/turtlesim/turtlesim/msg/detail/color__rosidl_typesupport_fastrtps_c.h
[2.011s] -- Up-to-date: /home/intern1/ros2_ws/install/turtlesim/include/turtlesim/turtlesim/msg/rosidl_typesupport_fastrtps_c__visibility_control.h
[2.011s] -- Up-to-date: /home/intern1/ros2_ws/install/turtlesim/include/turtlesim/turtlesim/action
[2.011s] -- Up-to-date: /home/intern1/ros2_ws/install/turtlesim/include/turtlesim/turtlesim/action/detail
[2.012s] -- Up-to-date: /home/intern1/ros2_ws/install/turtlesim/include/turtlesim/turtlesim/action/detail/rotate_absolute__rosidl_typesupport_fastrtps_c.h
[2.012s] -- Up-to-date: /home/intern1/ros2_ws/install/turtlesim/lib/libturtlesim__rosidl_typesupport_fastrtps_c.so
[2.012s] -- Up-to-date: /home/intern1/ros2_ws/install/turtlesim/include/turtlesim/turtlesim
[2.012s] -- Up-to-date: /home/intern1/ros2_ws/install/turtlesim/include/turtlesim/turtlesim/srv
[2.012s] -- Up-to-date: /home/intern1/ros2_ws/install/turtlesim/include/turtlesim/turtlesim/srv/teleport_relative.hpp
[2.012s] -- Up-to-date: /home/intern1/ros2_ws/install/turtlesim/include/turtlesim/turtlesim/srv/kill.hpp
[2.012s] -- Up-to-date: /home/intern1/ros2_ws/install/turtlesim/include/turtlesim/turtlesim/srv/teleport_absolute.hpp
[2.013s] -- Up-to-date: /home/intern1/ros2_ws/install/turtlesim/include/turtlesim/turtlesim/srv/detail
[2.013s] -- Up-to-date: /home/intern1/ros2_ws/install/turtlesim/include/turtlesim/turtlesim/srv/detail/kill__struct.hpp
[2.013s] -- Up-to-date: /home/intern1/ros2_ws/install/turtlesim/include/turtlesim/turtlesim/srv/detail/set_pen__builder.hpp
[2.013s] -- Up-to-date: /home/intern1/ros2_ws/install/turtlesim/include/turtlesim/turtlesim/srv/detail/teleport_relative__traits.hpp
[2.013s] -- Up-to-date: /home/intern1/ros2_ws/install/turtlesim/include/turtlesim/turtlesim/srv/detail/teleport_relative__struct.hpp
[2.013s] -- Up-to-date: /home/intern1/ros2_ws/install/turtlesim/include/turtlesim/turtlesim/srv/detail/set_pen__struct.hpp
[2.014s] -- Up-to-date: /home/intern1/ros2_ws/install/turtlesim/include/turtlesim/turtlesim/srv/detail/teleport_relative__type_support.hpp
[2.014s] -- Up-to-date: /home/intern1/ros2_ws/install/turtlesim/include/turtlesim/turtlesim/srv/detail/teleport_absolute__traits.hpp
[2.014s] -- Up-to-date: /home/intern1/ros2_ws/install/turtlesim/include/turtlesim/turtlesim/srv/detail/kill__traits.hpp
[2.014s] -- Up-to-date: /home/intern1/ros2_ws/install/turtlesim/include/turtlesim/turtlesim/srv/detail/kill__builder.hpp
[2.014s] -- Up-to-date: /home/intern1/ros2_ws/install/turtlesim/include/turtlesim/turtlesim/srv/detail/spawn__type_support.hpp
[2.014s] -- Up-to-date: /home/intern1/ros2_ws/install/turtlesim/include/turtlesim/turtlesim/srv/detail/spawn__struct.hpp
[2.014s] -- Up-to-date: /home/intern1/ros2_ws/install/turtlesim/include/turtlesim/turtlesim/srv/detail/set_pen__traits.hpp
[2.014s] -- Up-to-date: /home/intern1/ros2_ws/install/turtlesim/include/turtlesim/turtlesim/srv/detail/teleport_absolute__type_support.hpp
[2.015s] -- Up-to-date: /home/intern1/ros2_ws/install/turtlesim/include/turtlesim/turtlesim/srv/detail/spawn__builder.hpp
[2.015s] -- Up-to-date: /home/intern1/ros2_ws/install/turtlesim/include/turtlesim/turtlesim/srv/detail/set_pen__type_support.hpp
[2.015s] -- Up-to-date: /home/intern1/ros2_ws/install/turtlesim/include/turtlesim/turtlesim/srv/detail/teleport_absolute__builder.hpp
[2.015s] -- Up-to-date: /home/intern1/ros2_ws/install/turtlesim/include/turtlesim/turtlesim/srv/detail/kill__type_support.hpp
[2.015s] -- Up-to-date: /home/intern1/ros2_ws/install/turtlesim/include/turtlesim/turtlesim/srv/detail/teleport_relative__builder.hpp
[2.015s] -- Up-to-date: /home/intern1/ros2_ws/install/turtlesim/include/turtlesim/turtlesim/srv/detail/spawn__traits.hpp
[2.015s] -- Up-to-date: /home/intern1/ros2_ws/install/turtlesim/include/turtlesim/turtlesim/srv/detail/teleport_absolute__struct.hpp
[2.016s] -- Up-to-date: /home/intern1/ros2_ws/install/turtlesim/include/turtlesim/turtlesim/srv/set_pen.hpp
[2.016s] -- Up-to-date: /home/intern1/ros2_ws/install/turtlesim/include/turtlesim/turtlesim/srv/spawn.hpp
[2.016s] -- Up-to-date: /home/intern1/ros2_ws/install/turtlesim/include/turtlesim/turtlesim/msg
[2.016s] -- Up-to-date: /home/intern1/ros2_ws/install/turtlesim/include/turtlesim/turtlesim/msg/detail
[2.016s] -- Up-to-date: /home/intern1/ros2_ws/install/turtlesim/include/turtlesim/turtlesim/msg/detail/pose__struct.hpp
[2.016s] -- Up-to-date: /home/intern1/ros2_ws/install/turtlesim/include/turtlesim/turtlesim/msg/detail/pose__builder.hpp
[2.016s] -- Up-to-date: /home/intern1/ros2_ws/install/turtlesim/include/turtlesim/turtlesim/msg/detail/pose__traits.hpp
[2.017s] -- Up-to-date: /home/intern1/ros2_ws/install/turtlesim/include/turtlesim/turtlesim/msg/detail/color__builder.hpp
[2.017s] -- Up-to-date: /home/intern1/ros2_ws/install/turtlesim/include/turtlesim/turtlesim/msg/detail/color__type_support.hpp
[2.017s] -- Up-to-date: /home/intern1/ros2_ws/install/turtlesim/include/turtlesim/turtlesim/msg/detail/pose__type_support.hpp
[2.017s] -- Up-to-date: /home/intern1/ros2_ws/install/turtlesim/include/turtlesim/turtlesim/msg/detail/color__struct.hpp
[2.017s] -- Up-to-date: /home/intern1/ros2_ws/install/turtlesim/include/turtlesim/turtlesim/msg/detail/color__traits.hpp
[2.017s] -- Up-to-date: /home/intern1/ros2_ws/install/turtlesim/include/turtlesim/turtlesim/msg/color.hpp
[2.017s] -- Up-to-date: /home/intern1/ros2_ws/install/turtlesim/include/turtlesim/turtlesim/msg/rosidl_generator_cpp__visibility_control.hpp
[2.018s] -- Up-to-date: /home/intern1/ros2_ws/install/turtlesim/include/turtlesim/turtlesim/msg/pose.hpp
[2.018s] -- Up-to-date: /home/intern1/ros2_ws/install/turtlesim/include/turtlesim/turtlesim/action
[2.018s] -- Up-to-date: /home/intern1/ros2_ws/install/turtlesim/include/turtlesim/turtlesim/action/detail
[2.018s] -- Up-to-date: /home/intern1/ros2_ws/install/turtlesim/include/turtlesim/turtlesim/action/detail/rotate_absolute__traits.hpp
[2.018s] -- Up-to-date: /home/intern1/ros2_ws/install/turtlesim/include/turtlesim/turtlesim/action/detail/rotate_absolute__builder.hpp
[2.018s] -- Up-to-date: /home/intern1/ros2_ws/install/turtlesim/include/turtlesim/turtlesim/action/detail/rotate_absolute__struct.hpp
[2.018s] -- Up-to-date: /home/intern1/ros2_ws/install/turtlesim/include/turtlesim/turtlesim/action/detail/rotate_absolute__type_support.hpp
[2.019s] -- Up-to-date: /home/intern1/ros2_ws/install/turtlesim/include/turtlesim/turtlesim/action/rotate_absolute.hpp
[2.019s] -- Up-to-date: /home/intern1/ros2_ws/install/turtlesim/include/turtlesim/turtlesim
[2.019s] -- Up-to-date: /home/intern1/ros2_ws/install/turtlesim/include/turtlesim/turtlesim/srv
[2.019s] -- Up-to-date: /home/intern1/ros2_ws/install/turtlesim/include/turtlesim/turtlesim/srv/detail
[2.019s] -- Up-to-date: /home/intern1/ros2_ws/install/turtlesim/include/turtlesim/turtlesim/srv/detail/set_pen__rosidl_typesupport_fastrtps_cpp.hpp
[2.019s] -- Up-to-date: /home/intern1/ros2_ws/install/turtlesim/include/turtlesim/turtlesim/srv/detail/dds_fastrtps
[2.019s] -- Up-to-date: /home/intern1/ros2_ws/install/turtlesim/include/turtlesim/turtlesim/srv/detail/teleport_relative__rosidl_typesupport_fastrtps_cpp.hpp
[2.020s] -- Up-to-date: /home/intern1/ros2_ws/install/turtlesim/include/turtlesim/turtlesim/srv/detail/kill__rosidl_typesupport_fastrtps_cpp.hpp
[2.020s] -- Up-to-date: /home/intern1/ros2_ws/install/turtlesim/include/turtlesim/turtlesim/srv/detail/teleport_absolute__rosidl_typesupport_fastrtps_cpp.hpp
[2.020s] -- Up-to-date: /home/intern1/ros2_ws/install/turtlesim/include/turtlesim/turtlesim/srv/detail/spawn__rosidl_typesupport_fastrtps_cpp.hpp
[2.020s] -- Up-to-date: /home/intern1/ros2_ws/install/turtlesim/include/turtlesim/turtlesim/msg
[2.020s] -- Up-to-date: /home/intern1/ros2_ws/install/turtlesim/include/turtlesim/turtlesim/msg/rosidl_typesupport_fastrtps_cpp__visibility_control.h
[2.020s] -- Up-to-date: /home/intern1/ros2_ws/install/turtlesim/include/turtlesim/turtlesim/msg/detail
[2.021s] -- Up-to-date: /home/intern1/ros2_ws/install/turtlesim/include/turtlesim/turtlesim/msg/detail/dds_fastrtps
[2.021s] -- Up-to-date: /home/intern1/ros2_ws/install/turtlesim/include/turtlesim/turtlesim/msg/detail/pose__rosidl_typesupport_fastrtps_cpp.hpp
[2.021s] -- Up-to-date: /home/intern1/ros2_ws/install/turtlesim/include/turtlesim/turtlesim/msg/detail/color__rosidl_typesupport_fastrtps_cpp.hpp
[2.021s] -- Up-to-date: /home/intern1/ros2_ws/install/turtlesim/include/turtlesim/turtlesim/action
[2.021s] -- Up-to-date: /home/intern1/ros2_ws/install/turtlesim/include/turtlesim/turtlesim/action/detail
[2.021s] -- Up-to-date: /home/intern1/ros2_ws/install/turtlesim/include/turtlesim/turtlesim/action/detail/dds_fastrtps
[2.021s] -- Up-to-date: /home/intern1/ros2_ws/install/turtlesim/include/turtlesim/turtlesim/action/detail/rotate_absolute__rosidl_typesupport_fastrtps_cpp.hpp
[2.021s] -- Up-to-date: /home/intern1/ros2_ws/install/turtlesim/lib/libturtlesim__rosidl_typesupport_fastrtps_cpp.so
[2.022s] -- Up-to-date: /home/intern1/ros2_ws/install/turtlesim/include/turtlesim/turtlesim
[2.022s] -- Up-to-date: /home/intern1/ros2_ws/install/turtlesim/include/turtlesim/turtlesim/srv
[2.022s] -- Up-to-date: /home/intern1/ros2_ws/install/turtlesim/include/turtlesim/turtlesim/srv/detail
[2.022s] -- Up-to-date: /home/intern1/ros2_ws/install/turtlesim/include/turtlesim/turtlesim/srv/detail/teleport_absolute__rosidl_typesupport_introspection_c.h
[2.022s] -- Installing: /home/intern1/ros2_ws/install/turtlesim/include/turtlesim/turtlesim/srv/detail/teleport_absolute__type_support.c
[2.022s] -- Installing: /home/intern1/ros2_ws/install/turtlesim/include/turtlesim/turtlesim/srv/detail/set_pen__type_support.c
[2.023s] -- Up-to-date: /home/intern1/ros2_ws/install/turtlesim/include/turtlesim/turtlesim/srv/detail/spawn__rosidl_typesupport_introspection_c.h
[2.023s] -- Installing: /home/intern1/ros2_ws/install/turtlesim/include/turtlesim/turtlesim/srv/detail/teleport_relative__type_support.c
[2.023s] -- Up-to-date: /home/intern1/ros2_ws/install/turtlesim/include/turtlesim/turtlesim/srv/detail/set_pen__rosidl_typesupport_introspection_c.h
[2.023s] -- Installing: /home/intern1/ros2_ws/install/turtlesim/include/turtlesim/turtlesim/srv/detail/kill__type_support.c
[2.023s] -- Up-to-date: /home/intern1/ros2_ws/install/turtlesim/include/turtlesim/turtlesim/srv/detail/kill__rosidl_typesupport_introspection_c.h
[2.023s] -- Installing: /home/intern1/ros2_ws/install/turtlesim/include/turtlesim/turtlesim/srv/detail/spawn__type_support.c
[2.024s] -- Up-to-date: /home/intern1/ros2_ws/install/turtlesim/include/turtlesim/turtlesim/srv/detail/teleport_relative__rosidl_typesupport_introspection_c.h
[2.024s] -- Up-to-date: /home/intern1/ros2_ws/install/turtlesim/include/turtlesim/turtlesim/msg
[2.024s] -- Up-to-date: /home/intern1/ros2_ws/install/turtlesim/include/turtlesim/turtlesim/msg/rosidl_typesupport_introspection_c__visibility_control.h
[2.024s] -- Up-to-date: /home/intern1/ros2_ws/install/turtlesim/include/turtlesim/turtlesim/msg/detail
[2.024s] -- Up-to-date: /home/intern1/ros2_ws/install/turtlesim/include/turtlesim/turtlesim/msg/detail/pose__rosidl_typesupport_introspection_c.h
[2.024s] -- Installing: /home/intern1/ros2_ws/install/turtlesim/include/turtlesim/turtlesim/msg/detail/color__type_support.c
[2.025s] -- Installing: /home/intern1/ros2_ws/install/turtlesim/include/turtlesim/turtlesim/msg/detail/pose__type_support.c
[2.025s] -- Up-to-date: /home/intern1/ros2_ws/install/turtlesim/include/turtlesim/turtlesim/msg/detail/color__rosidl_typesupport_introspection_c.h
[2.025s] -- Up-to-date: /home/intern1/ros2_ws/install/turtlesim/include/turtlesim/turtlesim/action
[2.025s] -- Up-to-date: /home/intern1/ros2_ws/install/turtlesim/include/turtlesim/turtlesim/action/detail
[2.025s] -- Up-to-date: /home/intern1/ros2_ws/install/turtlesim/include/turtlesim/turtlesim/action/detail/rotate_absolute__rosidl_typesupport_introspection_c.h
[2.025s] -- Installing: /home/intern1/ros2_ws/install/turtlesim/include/turtlesim/turtlesim/action/detail/rotate_absolute__type_support.c
[2.025s] -- Up-to-date: /home/intern1/ros2_ws/install/turtlesim/lib/libturtlesim__rosidl_typesupport_introspection_c.so
[2.025s] -- Up-to-date: /home/intern1/ros2_ws/install/turtlesim/lib/libturtlesim__rosidl_typesupport_c.so
[2.026s] -- Up-to-date: /home/intern1/ros2_ws/install/turtlesim/include/turtlesim/turtlesim
[2.026s] -- Up-to-date: /home/intern1/ros2_ws/install/turtlesim/include/turtlesim/turtlesim/srv
[2.026s] -- Up-to-date: /home/intern1/ros2_ws/install/turtlesim/include/turtlesim/turtlesim/srv/detail
[2.026s] -- Up-to-date: /home/intern1/ros2_ws/install/turtlesim/include/turtlesim/turtlesim/srv/detail/teleport_absolute__rosidl_typesupport_introspection_cpp.hpp
[2.026s] -- Up-to-date: /home/intern1/ros2_ws/install/turtlesim/include/turtlesim/turtlesim/srv/detail/kill__rosidl_typesupport_introspection_cpp.hpp
[2.026s] -- Up-to-date: /home/intern1/ros2_ws/install/turtlesim/include/turtlesim/turtlesim/srv/detail/spawn__type_support.cpp
[2.026s] -- Up-to-date: /home/intern1/ros2_ws/install/turtlesim/include/turtlesim/turtlesim/srv/detail/set_pen__rosidl_typesupport_introspection_cpp.hpp
[2.027s] -- Up-to-date: /home/intern1/ros2_ws/install/turtlesim/include/turtlesim/turtlesim/srv/detail/teleport_relative__rosidl_typesupport_introspection_cpp.hpp
[2.027s] -- Up-to-date: /home/intern1/ros2_ws/install/turtlesim/include/turtlesim/turtlesim/srv/detail/spawn__rosidl_typesupport_introspection_cpp.hpp
[2.027s] -- Up-to-date: /home/intern1/ros2_ws/install/turtlesim/include/turtlesim/turtlesim/srv/detail/teleport_absolute__type_support.cpp
[2.027s] -- Up-to-date: /home/intern1/ros2_ws/install/turtlesim/include/turtlesim/turtlesim/srv/detail/set_pen__type_support.cpp
[2.027s] -- Up-to-date: /home/intern1/ros2_ws/install/turtlesim/include/turtlesim/turtlesim/srv/detail/kill__type_support.cpp
[2.027s] -- Up-to-date: /home/intern1/ros2_ws/install/turtlesim/include/turtlesim/turtlesim/srv/detail/teleport_relative__type_support.cpp
[2.027s] -- Up-to-date: /home/intern1/ros2_ws/install/turtlesim/include/turtlesim/turtlesim/msg
[2.027s] -- Up-to-date: /home/intern1/ros2_ws/install/turtlesim/include/turtlesim/turtlesim/msg/detail
[2.028s] -- Up-to-date: /home/intern1/ros2_ws/install/turtlesim/include/turtlesim/turtlesim/msg/detail/pose__type_support.cpp
[2.028s] -- Up-to-date: /home/intern1/ros2_ws/install/turtlesim/include/turtlesim/turtlesim/msg/detail/color__type_support.cpp
[2.028s] -- Up-to-date: /home/intern1/ros2_ws/install/turtlesim/include/turtlesim/turtlesim/msg/detail/color__rosidl_typesupport_introspection_cpp.hpp
[2.028s] -- Up-to-date: /home/intern1/ros2_ws/install/turtlesim/include/turtlesim/turtlesim/msg/detail/pose__rosidl_typesupport_introspection_cpp.hpp
[2.028s] -- Up-to-date: /home/intern1/ros2_ws/install/turtlesim/include/turtlesim/turtlesim/action
[2.028s] -- Up-to-date: /home/intern1/ros2_ws/install/turtlesim/include/turtlesim/turtlesim/action/detail
[2.028s] -- Up-to-date: /home/intern1/ros2_ws/install/turtlesim/include/turtlesim/turtlesim/action/detail/rotate_absolute__rosidl_typesupport_introspection_cpp.hpp
[2.029s] -- Up-to-date: /home/intern1/ros2_ws/install/turtlesim/include/turtlesim/turtlesim/action/detail/rotate_absolute__type_support.cpp
[2.029s] -- Up-to-date: /home/intern1/ros2_ws/install/turtlesim/lib/libturtlesim__rosidl_typesupport_introspection_cpp.so
[2.029s] -- Up-to-date: /home/intern1/ros2_ws/install/turtlesim/lib/libturtlesim__rosidl_typesupport_cpp.so
[2.029s] -- Up-to-date: /home/intern1/ros2_ws/install/turtlesim/share/turtlesim/environment/pythonpath.sh
[2.029s] -- Up-to-date: /home/intern1/ros2_ws/install/turtlesim/share/turtlesim/environment/pythonpath.dsv
[2.029s] -- Up-to-date: /home/intern1/ros2_ws/install/turtlesim/lib/python3.12/site-packages/turtlesim-1.8.3-py3.12.egg-info
[2.029s] -- Installing: /home/intern1/ros2_ws/install/turtlesim/lib/python3.12/site-packages/turtlesim-1.8.3-py3.12.egg-info/top_level.txt
[2.030s] -- Installing: /home/intern1/ros2_ws/install/turtlesim/lib/python3.12/site-packages/turtlesim-1.8.3-py3.12.egg-info/PKG-INFO
[2.030s] -- Installing: /home/intern1/ros2_ws/install/turtlesim/lib/python3.12/site-packages/turtlesim-1.8.3-py3.12.egg-info/SOURCES.txt
[2.030s] -- Installing: /home/intern1/ros2_ws/install/turtlesim/lib/python3.12/site-packages/turtlesim-1.8.3-py3.12.egg-info/dependency_links.txt
[2.030s] -- Up-to-date: /home/intern1/ros2_ws/install/turtlesim/lib/python3.12/site-packages/turtlesim
[2.030s] -- Up-to-date: /home/intern1/ros2_ws/install/turtlesim/lib/python3.12/site-packages/turtlesim/srv
[2.030s] -- Up-to-date: /home/intern1/ros2_ws/install/turtlesim/lib/python3.12/site-packages/turtlesim/srv/_set_pen.py
[2.030s] -- Up-to-date: /home/intern1/ros2_ws/install/turtlesim/lib/python3.12/site-packages/turtlesim/srv/_teleport_absolute_s.c
[2.030s] -- Up-to-date: /home/intern1/ros2_ws/install/turtlesim/lib/python3.12/site-packages/turtlesim/srv/_set_pen_s.c
[2.031s] -- Up-to-date: /home/intern1/ros2_ws/install/turtlesim/lib/python3.12/site-packages/turtlesim/srv/_teleport_absolute.py
[2.031s] -- Up-to-date: /home/intern1/ros2_ws/install/turtlesim/lib/python3.12/site-packages/turtlesim/srv/_teleport_relative.py
[2.031s] -- Up-to-date: /home/intern1/ros2_ws/install/turtlesim/lib/python3.12/site-packages/turtlesim/srv/__init__.py
[2.031s] -- Up-to-date: /home/intern1/ros2_ws/install/turtlesim/lib/python3.12/site-packages/turtlesim/srv/_kill.py
[2.031s] -- Up-to-date: /home/intern1/ros2_ws/install/turtlesim/lib/python3.12/site-packages/turtlesim/srv/_kill_s.c
[2.031s] -- Up-to-date: /home/intern1/ros2_ws/install/turtlesim/lib/python3.12/site-packages/turtlesim/srv/_spawn_s.c
[2.031s] -- Up-to-date: /home/intern1/ros2_ws/install/turtlesim/lib/python3.12/site-packages/turtlesim/srv/_spawn.py
[2.032s] -- Up-to-date: /home/intern1/ros2_ws/install/turtlesim/lib/python3.12/site-packages/turtlesim/srv/_teleport_relative_s.c
[2.032s] -- Up-to-date: /home/intern1/ros2_ws/install/turtlesim/lib/python3.12/site-packages/turtlesim/_turtlesim_s.ep.rosidl_typesupport_fastrtps_c.c
[2.032s] -- Up-to-date: /home/intern1/ros2_ws/install/turtlesim/lib/python3.12/site-packages/turtlesim/msg
[2.032s] -- Up-to-date: /home/intern1/ros2_ws/install/turtlesim/lib/python3.12/site-packages/turtlesim/msg/_color_s.c
[2.032s] -- Up-to-date: /home/intern1/ros2_ws/install/turtlesim/lib/python3.12/site-packages/turtlesim/msg/_pose.py
[2.032s] -- Up-to-date: /home/intern1/ros2_ws/install/turtlesim/lib/python3.12/site-packages/turtlesim/msg/_pose_s.c
[2.032s] -- Up-to-date: /home/intern1/ros2_ws/install/turtlesim/lib/python3.12/site-packages/turtlesim/msg/__init__.py
[2.032s] -- Up-to-date: /home/intern1/ros2_ws/install/turtlesim/lib/python3.12/site-packages/turtlesim/msg/_color.py
[2.033s] -- Up-to-date: /home/intern1/ros2_ws/install/turtlesim/lib/python3.12/site-packages/turtlesim/turtlesim_s__rosidl_typesupport_introspection_c.so
[2.033s] -- Up-to-date: /home/intern1/ros2_ws/install/turtlesim/lib/python3.12/site-packages/turtlesim/_turtlesim_s.ep.rosidl_typesupport_c.c
[2.033s] -- Up-to-date: /home/intern1/ros2_ws/install/turtlesim/lib/python3.12/site-packages/turtlesim/action
[2.033s] -- Up-to-date: /home/intern1/ros2_ws/install/turtlesim/lib/python3.12/site-packages/turtlesim/action/_rotate_absolute.py
[2.033s] -- Up-to-date: /home/intern1/ros2_ws/install/turtlesim/lib/python3.12/site-packages/turtlesim/action/__init__.py
[2.033s] -- Up-to-date: /home/intern1/ros2_ws/install/turtlesim/lib/python3.12/site-packages/turtlesim/action/_rotate_absolute_s.c
[2.033s] -- Up-to-date: /home/intern1/ros2_ws/install/turtlesim/lib/python3.12/site-packages/turtlesim/turtlesim_s__rosidl_typesupport_fastrtps_c.so
[2.034s] -- Up-to-date: /home/intern1/ros2_ws/install/turtlesim/lib/python3.12/site-packages/turtlesim/_turtlesim_s.ep.rosidl_typesupport_introspection_c.c
[2.034s] -- Up-to-date: /home/intern1/ros2_ws/install/turtlesim/lib/python3.12/site-packages/turtlesim/__init__.py
[2.034s] -- Up-to-date: /home/intern1/ros2_ws/install/turtlesim/lib/python3.12/site-packages/turtlesim/turtlesim_s__rosidl_typesupport_c.so
[2.071s] Listing '/home/intern1/ros2_ws/install/turtlesim/lib/python3.12/site-packages/turtlesim'...
[2.071s] Listing '/home/intern1/ros2_ws/install/turtlesim/lib/python3.12/site-packages/turtlesim/action'...
[2.071s] Listing '/home/intern1/ros2_ws/install/turtlesim/lib/python3.12/site-packages/turtlesim/msg'...
[2.072s] Listing '/home/intern1/ros2_ws/install/turtlesim/lib/python3.12/site-packages/turtlesim/srv'...
[2.080s] -- Up-to-date: /home/intern1/ros2_ws/install/turtlesim/lib/python3.12/site-packages/turtlesim/turtlesim_s__rosidl_typesupport_fastrtps_c.so
[2.080s] -- Up-to-date: /home/intern1/ros2_ws/install/turtlesim/lib/python3.12/site-packages/turtlesim/turtlesim_s__rosidl_typesupport_introspection_c.so
[2.080s] -- Up-to-date: /home/intern1/ros2_ws/install/turtlesim/lib/python3.12/site-packages/turtlesim/turtlesim_s__rosidl_typesupport_c.so
[2.080s] -- Up-to-date: /home/intern1/ros2_ws/install/turtlesim/lib/libturtlesim__rosidl_generator_py.so
[2.081s] -- Up-to-date: /home/intern1/ros2_ws/install/turtlesim/share/turtlesim/action/RotateAbsolute.idl
[2.081s] -- Up-to-date: /home/intern1/ros2_ws/install/turtlesim/share/turtlesim/msg/Color.idl
[2.081s] -- Up-to-date: /home/intern1/ros2_ws/install/turtlesim/share/turtlesim/msg/Pose.idl
[2.081s] -- Up-to-date: /home/intern1/ros2_ws/install/turtlesim/share/turtlesim/srv/Kill.idl
[2.082s] -- Up-to-date: /home/intern1/ros2_ws/install/turtlesim/share/turtlesim/srv/SetPen.idl
[2.082s] -- Up-to-date: /home/intern1/ros2_ws/install/turtlesim/share/turtlesim/srv/Spawn.idl
[2.082s] -- Up-to-date: /home/intern1/ros2_ws/install/turtlesim/share/turtlesim/srv/TeleportAbsolute.idl
[2.082s] -- Up-to-date: /home/intern1/ros2_ws/install/turtlesim/share/turtlesim/srv/TeleportRelative.idl
[2.082s] -- Up-to-date: /home/intern1/ros2_ws/install/turtlesim/share/turtlesim/action/RotateAbsolute.action
[2.082s] -- Up-to-date: /home/intern1/ros2_ws/install/turtlesim/share/turtlesim/msg/Color.msg
[2.083s] -- Up-to-date: /home/intern1/ros2_ws/install/turtlesim/share/turtlesim/msg/Pose.msg
[2.083s] -- Up-to-date: /home/intern1/ros2_ws/install/turtlesim/share/turtlesim/srv/Kill.srv
[2.083s] -- Up-to-date: /home/intern1/ros2_ws/install/turtlesim/share/turtlesim/srv/SetPen.srv
[2.083s] -- Up-to-date: /home/intern1/ros2_ws/install/turtlesim/share/turtlesim/srv/Spawn.srv
[2.083s] -- Up-to-date: /home/intern1/ros2_ws/install/turtlesim/share/turtlesim/srv/TeleportAbsolute.srv
[2.083s] -- Up-to-date: /home/intern1/ros2_ws/install/turtlesim/share/turtlesim/srv/TeleportRelative.srv
[2.083s] -- Up-to-date: /home/intern1/ros2_ws/install/turtlesim/lib/turtlesim/turtlesim_node
[2.084s] -- Up-to-date: /home/intern1/ros2_ws/install/turtlesim/lib/turtlesim/turtle_teleop_key
[2.084s] -- Up-to-date: /home/intern1/ros2_ws/install/turtlesim/lib/turtlesim/draw_square
[2.084s] -- Up-to-date: /home/intern1/ros2_ws/install/turtlesim/lib/turtlesim/mimic
[2.084s] -- Up-to-date: /home/intern1/ros2_ws/install/turtlesim/share/turtlesim/images
[2.085s] -- Up-to-date: /home/intern1/ros2_ws/install/turtlesim/share/turtlesim/images/iron.png
[2.085s] -- Up-to-date: /home/intern1/ros2_ws/install/turtlesim/share/turtlesim/images/jazzy.png
[2.085s] -- Up-to-date: /home/intern1/ros2_ws/install/turtlesim/share/turtlesim/images/dashing.png
[2.085s] -- Up-to-date: /home/intern1/ros2_ws/install/turtlesim/share/turtlesim/images/galactic.png
[2.085s] -- Up-to-date: /home/intern1/ros2_ws/install/turtlesim/share/turtlesim/images/ardent.png
[2.086s] -- Up-to-date: /home/intern1/ros2_ws/install/turtlesim/share/turtlesim/images/eloquent.png
[2.086s] -- Up-to-date: /home/intern1/ros2_ws/install/turtlesim/share/turtlesim/images/crystal.png
[2.086s] -- Up-to-date: /home/intern1/ros2_ws/install/turtlesim/share/turtlesim/images/foxy.png
[2.086s] -- Up-to-date: /home/intern1/ros2_ws/install/turtlesim/share/turtlesim/images/rolling.png
[2.086s] -- Up-to-date: /home/intern1/ros2_ws/install/turtlesim/share/turtlesim/images/bouncy.png
[2.086s] -- Up-to-date: /home/intern1/ros2_ws/install/turtlesim/share/turtlesim/images/humble.png
[2.087s] -- Up-to-date: /home/intern1/ros2_ws/install/turtlesim/share/turtlesim/launch
[2.087s] -- Up-to-date: /home/intern1/ros2_ws/install/turtlesim/share/turtlesim/launch/multisim.launch.py
[2.087s] -- Up-to-date: /home/intern1/ros2_ws/install/turtlesim/share/ament_index/resource_index/package_run_dependencies/turtlesim
[2.087s] -- Up-to-date: /home/intern1/ros2_ws/install/turtlesim/share/ament_index/resource_index/parent_prefix_path/turtlesim
[2.087s] -- Up-to-date: /home/intern1/ros2_ws/install/turtlesim/share/turtlesim/environment/ament_prefix_path.sh
[2.087s] -- Up-to-date: /home/intern1/ros2_ws/install/turtlesim/share/turtlesim/environment/ament_prefix_path.dsv
[2.088s] -- Up-to-date: /home/intern1/ros2_ws/install/turtlesim/share/turtlesim/environment/path.sh
[2.088s] -- Up-to-date: /home/intern1/ros2_ws/install/turtlesim/share/turtlesim/environment/path.dsv
[2.088s] -- Up-to-date: /home/intern1/ros2_ws/install/turtlesim/share/turtlesim/local_setup.bash
[2.088s] -- Up-to-date: /home/intern1/ros2_ws/install/turtlesim/share/turtlesim/local_setup.sh
[2.088s] -- Up-to-date: /home/intern1/ros2_ws/install/turtlesim/share/turtlesim/local_setup.zsh
[2.088s] -- Up-to-date: /home/intern1/ros2_ws/install/turtlesim/share/turtlesim/local_setup.dsv
[2.089s] -- Installing: /home/intern1/ros2_ws/install/turtlesim/share/turtlesim/package.dsv
[2.089s] -- Up-to-date: /home/intern1/ros2_ws/install/turtlesim/share/ament_index/resource_index/packages/turtlesim
[2.089s] -- Up-to-date: /home/intern1/ros2_ws/install/turtlesim/share/turtlesim/cmake/export_turtlesim__rosidl_generator_cExport.cmake
[2.089s] -- Up-to-date: /home/intern1/ros2_ws/install/turtlesim/share/turtlesim/cmake/export_turtlesim__rosidl_generator_cExport-noconfig.cmake
[2.089s] -- Up-to-date: /home/intern1/ros2_ws/install/turtlesim/share/turtlesim/cmake/export_turtlesim__rosidl_typesupport_fastrtps_cExport.cmake
[2.090s] -- Up-to-date: /home/intern1/ros2_ws/install/turtlesim/share/turtlesim/cmake/export_turtlesim__rosidl_typesupport_fastrtps_cExport-noconfig.cmake
[2.090s] -- Up-to-date: /home/intern1/ros2_ws/install/turtlesim/share/turtlesim/cmake/export_turtlesim__rosidl_generator_cppExport.cmake
[2.090s] -- Up-to-date: /home/intern1/ros2_ws/install/turtlesim/share/turtlesim/cmake/export_turtlesim__rosidl_typesupport_fastrtps_cppExport.cmake
[2.090s] -- Up-to-date: /home/intern1/ros2_ws/install/turtlesim/share/turtlesim/cmake/export_turtlesim__rosidl_typesupport_fastrtps_cppExport-noconfig.cmake
[2.090s] -- Up-to-date: /home/intern1/ros2_ws/install/turtlesim/share/turtlesim/cmake/turtlesim__rosidl_typesupport_introspection_cExport.cmake
[2.090s] -- Up-to-date: /home/intern1/ros2_ws/install/turtlesim/share/turtlesim/cmake/turtlesim__rosidl_typesupport_introspection_cExport-noconfig.cmake
[2.090s] -- Up-to-date: /home/intern1/ros2_ws/install/turtlesim/share/turtlesim/cmake/turtlesim__rosidl_typesupport_cExport.cmake
[2.091s] -- Up-to-date: /home/intern1/ros2_ws/install/turtlesim/share/turtlesim/cmake/turtlesim__rosidl_typesupport_cExport-noconfig.cmake
[2.091s] -- Up-to-date: /home/intern1/ros2_ws/install/turtlesim/share/turtlesim/cmake/turtlesim__rosidl_typesupport_introspection_cppExport.cmake
[2.091s] -- Up-to-date: /home/intern1/ros2_ws/install/turtlesim/share/turtlesim/cmake/turtlesim__rosidl_typesupport_introspection_cppExport-noconfig.cmake
[2.091s] -- Up-to-date: /home/intern1/ros2_ws/install/turtlesim/share/turtlesim/cmake/turtlesim__rosidl_typesupport_cppExport.cmake
[2.091s] -- Up-to-date: /home/intern1/ros2_ws/install/turtlesim/share/turtlesim/cmake/turtlesim__rosidl_typesupport_cppExport-noconfig.cmake
[2.091s] -- Up-to-date: /home/intern1/ros2_ws/install/turtlesim/share/turtlesim/cmake/export_turtlesim__rosidl_generator_pyExport.cmake
[2.091s] -- Up-to-date: /home/intern1/ros2_ws/install/turtlesim/share/turtlesim/cmake/export_turtlesim__rosidl_generator_pyExport-noconfig.cmake
[2.092s] -- Up-to-date: /home/intern1/ros2_ws/install/turtlesim/share/turtlesim/cmake/rosidl_cmake-extras.cmake
[2.092s] -- Up-to-date: /home/intern1/ros2_ws/install/turtlesim/share/turtlesim/cmake/ament_cmake_export_dependencies-extras.cmake
[2.092s] -- Up-to-date: /home/intern1/ros2_ws/install/turtlesim/share/turtlesim/cmake/ament_cmake_export_include_directories-extras.cmake
[2.092s] -- Up-to-date: /home/intern1/ros2_ws/install/turtlesim/share/turtlesim/cmake/ament_cmake_export_libraries-extras.cmake
[2.092s] -- Up-to-date: /home/intern1/ros2_ws/install/turtlesim/share/turtlesim/cmake/ament_cmake_export_targets-extras.cmake
[2.093s] -- Up-to-date: /home/intern1/ros2_ws/install/turtlesim/share/turtlesim/cmake/rosidl_cmake_export_typesupport_targets-extras.cmake
[2.093s] -- Up-to-date: /home/intern1/ros2_ws/install/turtlesim/share/turtlesim/cmake/rosidl_cmake_export_typesupport_libraries-extras.cmake
[2.093s] -- Up-to-date: /home/intern1/ros2_ws/install/turtlesim/share/turtlesim/cmake/turtlesimConfig.cmake
[2.093s] -- Up-to-date: /home/intern1/ros2_ws/install/turtlesim/share/turtlesim/cmake/turtlesimConfig-version.cmake
[2.093s] -- Up-to-date: /home/intern1/ros2_ws/install/turtlesim/share/turtlesim/package.xml
[2.096s] Invoked command in '/home/intern1/ros2_ws/build/turtlesim' returned '0': CMAKE_PREFIX_PATH=${CMAKE_PREFIX_PATH}:/home/intern1/ros2_ws/install/tb3_multi_robot:/home/intern1/ros2_ws/install/om_mvc01:/home/intern1/ros2_ws/install/launch_testing_examples:/home/intern1/ros2_ws/install/examples_rclpy_pointcloud_publisher:/home/intern1/ros2_ws/install/examples_rclpy_minimal_subscriber:/home/intern1/ros2_ws/install/examples_rclpy_minimal_service:/home/intern1/ros2_ws/install/examples_rclpy_minimal_publisher:/home/intern1/ros2_ws/install/examples_rclpy_minimal_client:/home/intern1/ros2_ws/install/examples_rclpy_minimal_action_server:/home/intern1/ros2_ws/install/examples_rclpy_minimal_action_client:/home/intern1/ros2_ws/install/examples_rclpy_guard_conditions:/home/intern1/ros2_ws/install/examples_rclpy_executors:/home/intern1/ros2_ws/install/education_material:/home/intern1/ros2_ws/install/camera_follow:/home/intern1/ros2_ws/install/amr_ws:/opt/ros/jazzy DEBUGINFOD_URLS=https://debuginfod.ubuntu.com /usr/bin/cmake --install /home/intern1/ros2_ws/build/turtlesim
