[3.193s] Invoking command in '/home/intern1/ros2_ws/src/amr_ws': DEBUGINFOD_URLS=https://debuginfod.ubuntu.com PYTHONPATH=/home/intern1/ros2_ws/build/amr_ws/prefix_override:/usr/lib/python3/dist-packages/colcon_core/task/python/colcon_distutils_commands:/home/intern1/ros2_ws/install/amr_ws/lib/python3.12/site-packages:${PYTHONPATH} /usr/bin/python3 -W ignore:setup.py install is deprecated -W ignore:easy_install command is deprecated setup.py egg_info --egg-base ../../build/amr_ws build --build-base /home/intern1/ros2_ws/build/amr_ws/build install --record /home/intern1/ros2_ws/build/amr_ws/install.log --single-version-externally-managed install_data
[3.709s] running egg_info
[3.739s] writing ../../build/amr_ws/amr_ws.egg-info/PKG-INFO
[3.739s] writing dependency_links to ../../build/amr_ws/amr_ws.egg-info/dependency_links.txt
[3.739s] writing entry points to ../../build/amr_ws/amr_ws.egg-info/entry_points.txt
[3.740s] writing requirements to ../../build/amr_ws/amr_ws.egg-info/requires.txt
[3.740s] writing top-level names to ../../build/amr_ws/amr_ws.egg-info/top_level.txt
[3.803s] reading manifest file '../../build/amr_ws/amr_ws.egg-info/SOURCES.txt'
[3.803s] adding license file 'LICENSE'
[3.804s] writing manifest file '../../build/amr_ws/amr_ws.egg-info/SOURCES.txt'
[3.804s] running build
[3.804s] running build_py
[3.805s] copying amr_ws/orchestrator_node.py -> /home/intern1/ros2_ws/build/amr_ws/build/lib/amr_ws
[3.806s] running install
[3.814s] running install_lib
[3.849s] copying /home/intern1/ros2_ws/build/amr_ws/build/lib/amr_ws/orchestrator_node.py -> /home/intern1/ros2_ws/install/amr_ws/lib/python3.12/site-packages/amr_ws
[3.850s] byte-compiling /home/intern1/ros2_ws/install/amr_ws/lib/python3.12/site-packages/amr_ws/orchestrator_node.py to orchestrator_node.cpython-312.pyc
[3.857s] running install_data
[3.857s] running install_egg_info
[3.893s] removing '/home/intern1/ros2_ws/install/amr_ws/lib/python3.12/site-packages/amr_ws-0.0.0-py3.12.egg-info' (and everything under it)
[3.893s] Copying ../../build/amr_ws/amr_ws.egg-info to /home/intern1/ros2_ws/install/amr_ws/lib/python3.12/site-packages/amr_ws-0.0.0-py3.12.egg-info
[3.894s] running install_scripts
[4.111s] Installing Automation_and_Lidar script to /home/intern1/ros2_ws/install/amr_ws/lib/amr_ws
[4.113s] Installing Automation_and_Lidar2 script to /home/intern1/ros2_ws/install/amr_ws/lib/amr_ws
[4.113s] Installing Demo_Automation script to /home/intern1/ros2_ws/install/amr_ws/lib/amr_ws
[4.114s] Installing baselink_laser_tf script to /home/intern1/ros2_ws/install/amr_ws/lib/amr_ws
[4.114s] Installing camera_follow script to /home/intern1/ros2_ws/install/amr_ws/lib/amr_ws
[4.114s] Installing cmdvelsmoothed_to_cmdvel script to /home/intern1/ros2_ws/install/amr_ws/lib/amr_ws
[4.114s] Installing compass script to /home/intern1/ros2_ws/install/amr_ws/lib/amr_ws
[4.115s] Installing joystick_to_motor script to /home/intern1/ros2_ws/install/amr_ws/lib/amr_ws
[4.115s] Installing keyboard_listener script to /home/intern1/ros2_ws/install/amr_ws/lib/amr_ws
[4.115s] Installing localization_node script to /home/intern1/ros2_ws/install/amr_ws/lib/amr_ws
[4.116s] Installing orchestrator_node script to /home/intern1/ros2_ws/install/amr_ws/lib/amr_ws
[4.116s] Installing path_logger script to /home/intern1/ros2_ws/install/amr_ws/lib/amr_ws
[4.117s] Installing path_publisher script to /home/intern1/ros2_ws/install/amr_ws/lib/amr_ws
[4.117s] Installing return_home_node script to /home/intern1/ros2_ws/install/amr_ws/lib/amr_ws
[4.117s] Installing webcam_line_follow script to /home/intern1/ros2_ws/install/amr_ws/lib/amr_ws
[4.117s] writing list of installed files to '/home/intern1/ros2_ws/build/amr_ws/install.log'
[5.874s] Invoked command in '/home/intern1/ros2_ws/src/amr_ws' returned '0': DEBUGINFOD_URLS=https://debuginfod.ubuntu.com PYTHONPATH=/home/intern1/ros2_ws/build/amr_ws/prefix_override:/usr/lib/python3/dist-packages/colcon_core/task/python/colcon_distutils_commands:/home/intern1/ros2_ws/install/amr_ws/lib/python3.12/site-packages:${PYTHONPATH} /usr/bin/python3 -W ignore:setup.py install is deprecated -W ignore:easy_install command is deprecated setup.py egg_info --egg-base ../../build/amr_ws build --build-base /home/intern1/ros2_ws/build/amr_ws/build install --record /home/intern1/ros2_ws/build/amr_ws/install.log --single-version-externally-managed install_data
