[3.635s] Invoking command in '/home/intern1/ros2_ws/src/amr_ws': DEBUGINFOD_URLS=https://debuginfod.ubuntu.com PYTHONPATH=/home/intern1/ros2_ws/build/amr_ws/prefix_override:/usr/lib/python3/dist-packages/colcon_core/task/python/colcon_distutils_commands:/home/intern1/ros2_ws/install/amr_ws/lib/python3.12/site-packages:${PYTHONPATH} /usr/bin/python3 -W ignore:setup.py install is deprecated -W ignore:easy_install command is deprecated setup.py egg_info --egg-base ../../build/amr_ws build --build-base /home/intern1/ros2_ws/build/amr_ws/build install --record /home/intern1/ros2_ws/build/amr_ws/install.log --single-version-externally-managed install_data
[4.490s] running egg_info
[4.491s] writing ../../build/amr_ws/amr_ws.egg-info/PKG-INFO
[4.492s] writing dependency_links to ../../build/amr_ws/amr_ws.egg-info/dependency_links.txt
[4.492s] writing entry points to ../../build/amr_ws/amr_ws.egg-info/entry_points.txt
[4.493s] writing requirements to ../../build/amr_ws/amr_ws.egg-info/requires.txt
[4.493s] writing top-level names to ../../build/amr_ws/amr_ws.egg-info/top_level.txt
[4.494s] reading manifest file '../../build/amr_ws/amr_ws.egg-info/SOURCES.txt'
[4.494s] adding license file 'LICENSE'
[4.494s] writing manifest file '../../build/amr_ws/amr_ws.egg-info/SOURCES.txt'
[4.494s] running build
[4.496s] running build_py
[4.496s] copying amr_ws/rack_websocket_server.py -> /home/intern1/ros2_ws/build/amr_ws/build/lib/amr_ws
[4.496s] copying amr_ws/webcam_line_follow.py -> /home/intern1/ros2_ws/build/amr_ws/build/lib/amr_ws
[4.496s] running install
[4.497s] running install_lib
[4.498s] copying /home/intern1/ros2_ws/build/amr_ws/build/lib/amr_ws/rack_websocket_server.py -> /home/intern1/ros2_ws/install/amr_ws/lib/python3.12/site-packages/amr_ws
[4.499s] copying /home/intern1/ros2_ws/build/amr_ws/build/lib/amr_ws/webcam_line_follow.py -> /home/intern1/ros2_ws/install/amr_ws/lib/python3.12/site-packages/amr_ws
[4.499s] byte-compiling /home/intern1/ros2_ws/install/amr_ws/lib/python3.12/site-packages/amr_ws/rack_websocket_server.py to rack_websocket_server.cpython-312.pyc
[4.499s] byte-compiling /home/intern1/ros2_ws/install/amr_ws/lib/python3.12/site-packages/amr_ws/webcam_line_follow.py to webcam_line_follow.cpython-312.pyc
[4.500s] running install_data
[4.500s] running install_egg_info
[4.500s] removing '/home/intern1/ros2_ws/install/amr_ws/lib/python3.12/site-packages/amr_ws-0.0.0-py3.12.egg-info' (and everything under it)
[4.501s] Copying ../../build/amr_ws/amr_ws.egg-info to /home/intern1/ros2_ws/install/amr_ws/lib/python3.12/site-packages/amr_ws-0.0.0-py3.12.egg-info
[4.501s] running install_scripts
[4.599s] Installing Automation_and_Lidar script to /home/intern1/ros2_ws/install/amr_ws/lib/amr_ws
[4.600s] Installing Automation_and_Lidar2 script to /home/intern1/ros2_ws/install/amr_ws/lib/amr_ws
[4.600s] Installing Demo_Automation script to /home/intern1/ros2_ws/install/amr_ws/lib/amr_ws
[4.600s] Installing agv_audio_node script to /home/intern1/ros2_ws/install/amr_ws/lib/amr_ws
[4.601s] Installing baselink_laser_tf script to /home/intern1/ros2_ws/install/amr_ws/lib/amr_ws
[4.601s] Installing camera_follow script to /home/intern1/ros2_ws/install/amr_ws/lib/amr_ws
[4.601s] Installing cmdvelsmoothed_to_cmdvel script to /home/intern1/ros2_ws/install/amr_ws/lib/amr_ws
[4.601s] Installing compass script to /home/intern1/ros2_ws/install/amr_ws/lib/amr_ws
[4.601s] Installing hsv_probe_node script to /home/intern1/ros2_ws/install/amr_ws/lib/amr_ws
[4.602s] Installing joystick_to_motor script to /home/intern1/ros2_ws/install/amr_ws/lib/amr_ws
[4.602s] Installing keyboard_listener script to /home/intern1/ros2_ws/install/amr_ws/lib/amr_ws
[4.602s] Installing localization_node script to /home/intern1/ros2_ws/install/amr_ws/lib/amr_ws
[4.602s] Installing orchestrator_node script to /home/intern1/ros2_ws/install/amr_ws/lib/amr_ws
[4.602s] Installing path_logger script to /home/intern1/ros2_ws/install/amr_ws/lib/amr_ws
[4.602s] Installing path_publisher script to /home/intern1/ros2_ws/install/amr_ws/lib/amr_ws
[4.603s] Installing pose_persistence_node script to /home/intern1/ros2_ws/install/amr_ws/lib/amr_ws
[4.603s] Installing rack_websocket_server script to /home/intern1/ros2_ws/install/amr_ws/lib/amr_ws
[4.603s] Installing return_home_node script to /home/intern1/ros2_ws/install/amr_ws/lib/amr_ws
[4.603s] Installing webcam_line_follow script to /home/intern1/ros2_ws/install/amr_ws/lib/amr_ws
[4.603s] writing list of installed files to '/home/intern1/ros2_ws/build/amr_ws/install.log'
[5.034s] Invoked command in '/home/intern1/ros2_ws/src/amr_ws' returned '0': DEBUGINFOD_URLS=https://debuginfod.ubuntu.com PYTHONPATH=/home/intern1/ros2_ws/build/amr_ws/prefix_override:/usr/lib/python3/dist-packages/colcon_core/task/python/colcon_distutils_commands:/home/intern1/ros2_ws/install/amr_ws/lib/python3.12/site-packages:${PYTHONPATH} /usr/bin/python3 -W ignore:setup.py install is deprecated -W ignore:easy_install command is deprecated setup.py egg_info --egg-base ../../build/amr_ws build --build-base /home/intern1/ros2_ws/build/amr_ws/build install --record /home/intern1/ros2_ws/build/amr_ws/install.log --single-version-externally-managed install_data
