[4.015s] Invoking command in '/home/intern1/ros2_ws/build/examples_rclpy_executors': DEBUGINFOD_URLS=https://debuginfod.ubuntu.com PYTHONPATH=/home/intern1/ros2_ws/build/examples_rclpy_executors/prefix_override:/usr/lib/python3/dist-packages/colcon_core/task/python/colcon_distutils_commands:/home/intern1/ros2_ws/install/examples_rclpy_executors/lib/python3.12/site-packages:${PYTHONPATH} /usr/bin/python3 -W ignore:setup.py install is deprecated -W ignore:easy_install command is deprecated setup.py develop --uninstall --editable --build-directory /home/intern1/ros2_ws/build/examples_rclpy_executors/build
[4.617s] running develop
[5.024s] Removing /home/intern1/ros2_ws/install/examples_rclpy_executors/lib/python3.12/site-packages/examples-rclpy-executors.egg-link (link to .)
[5.124s] Invoked command in '/home/intern1/ros2_ws/build/examples_rclpy_executors' returned '0': DEBUGINFOD_URLS=https://debuginfod.ubuntu.com PYTHONPATH=/home/intern1/ros2_ws/build/examples_rclpy_executors/prefix_override:/usr/lib/python3/dist-packages/colcon_core/task/python/colcon_distutils_commands:/home/intern1/ros2_ws/install/examples_rclpy_executors/lib/python3.12/site-packages:${PYTHONPATH} /usr/bin/python3 -W ignore:setup.py install is deprecated -W ignore:easy_install command is deprecated setup.py develop --uninstall --editable --build-directory /home/intern1/ros2_ws/build/examples_rclpy_executors/build
[5.125s] Invoking command in '/home/intern1/ros2_ws/src/examples/rclpy/executors': DEBUGINFOD_URLS=https://debuginfod.ubuntu.com PYTHONPATH=/home/intern1/ros2_ws/build/examples_rclpy_executors/prefix_override:/usr/lib/python3/dist-packages/colcon_core/task/python/colcon_distutils_commands:/home/intern1/ros2_ws/install/examples_rclpy_executors/lib/python3.12/site-packages:${PYTHONPATH} /usr/bin/python3 -W ignore:setup.py install is deprecated -W ignore:easy_install command is deprecated setup.py egg_info --egg-base ../../../../build/examples_rclpy_executors build --build-base /home/intern1/ros2_ws/build/examples_rclpy_executors/build install --record /home/intern1/ros2_ws/build/examples_rclpy_executors/install.log --single-version-externally-managed install_data --force
[5.871s] running egg_info
[5.965s] writing ../../../../build/examples_rclpy_executors/examples_rclpy_executors.egg-info/PKG-INFO
[5.966s] writing dependency_links to ../../../../build/examples_rclpy_executors/examples_rclpy_executors.egg-info/dependency_links.txt
[5.967s] writing entry points to ../../../../build/examples_rclpy_executors/examples_rclpy_executors.egg-info/entry_points.txt
[5.967s] writing requirements to ../../../../build/examples_rclpy_executors/examples_rclpy_executors.egg-info/requires.txt
[5.968s] writing top-level names to ../../../../build/examples_rclpy_executors/examples_rclpy_executors.egg-info/top_level.txt
[6.063s] reading manifest file '../../../../build/examples_rclpy_executors/examples_rclpy_executors.egg-info/SOURCES.txt'
[6.065s] writing manifest file '../../../../build/examples_rclpy_executors/examples_rclpy_executors.egg-info/SOURCES.txt'
[6.065s] running build
[6.065s] running build_py
[6.066s] running install
[6.082s] running install_lib
[6.128s] creating /home/intern1/ros2_ws/install/examples_rclpy_executors/lib/python3.12/site-packages/examples_rclpy_executors
[6.128s] copying /home/intern1/ros2_ws/build/examples_rclpy_executors/build/lib/examples_rclpy_executors/talker.py -> /home/intern1/ros2_ws/install/examples_rclpy_executors/lib/python3.12/site-packages/examples_rclpy_executors
[6.129s] copying /home/intern1/ros2_ws/build/examples_rclpy_executors/build/lib/examples_rclpy_executors/composed.py -> /home/intern1/ros2_ws/install/examples_rclpy_executors/lib/python3.12/site-packages/examples_rclpy_executors
[6.130s] copying /home/intern1/ros2_ws/build/examples_rclpy_executors/build/lib/examples_rclpy_executors/callback_group.py -> /home/intern1/ros2_ws/install/examples_rclpy_executors/lib/python3.12/site-packages/examples_rclpy_executors
[6.132s] copying /home/intern1/ros2_ws/build/examples_rclpy_executors/build/lib/examples_rclpy_executors/custom_callback_group.py -> /home/intern1/ros2_ws/install/examples_rclpy_executors/lib/python3.12/site-packages/examples_rclpy_executors
[6.132s] copying /home/intern1/ros2_ws/build/examples_rclpy_executors/build/lib/examples_rclpy_executors/custom_executor.py -> /home/intern1/ros2_ws/install/examples_rclpy_executors/lib/python3.12/site-packages/examples_rclpy_executors
[6.136s] copying /home/intern1/ros2_ws/build/examples_rclpy_executors/build/lib/examples_rclpy_executors/__init__.py -> /home/intern1/ros2_ws/install/examples_rclpy_executors/lib/python3.12/site-packages/examples_rclpy_executors
[6.136s] copying /home/intern1/ros2_ws/build/examples_rclpy_executors/build/lib/examples_rclpy_executors/listener.py -> /home/intern1/ros2_ws/install/examples_rclpy_executors/lib/python3.12/site-packages/examples_rclpy_executors
[6.136s] byte-compiling /home/intern1/ros2_ws/install/examples_rclpy_executors/lib/python3.12/site-packages/examples_rclpy_executors/talker.py to talker.cpython-312.pyc
[6.140s] byte-compiling /home/intern1/ros2_ws/install/examples_rclpy_executors/lib/python3.12/site-packages/examples_rclpy_executors/composed.py to composed.cpython-312.pyc
[6.141s] byte-compiling /home/intern1/ros2_ws/install/examples_rclpy_executors/lib/python3.12/site-packages/examples_rclpy_executors/callback_group.py to callback_group.cpython-312.pyc
[6.143s] byte-compiling /home/intern1/ros2_ws/install/examples_rclpy_executors/lib/python3.12/site-packages/examples_rclpy_executors/custom_callback_group.py to custom_callback_group.cpython-312.pyc
[6.149s] byte-compiling /home/intern1/ros2_ws/install/examples_rclpy_executors/lib/python3.12/site-packages/examples_rclpy_executors/custom_executor.py to custom_executor.cpython-312.pyc
[6.149s] byte-compiling /home/intern1/ros2_ws/install/examples_rclpy_executors/lib/python3.12/site-packages/examples_rclpy_executors/__init__.py to __init__.cpython-312.pyc
[6.150s] byte-compiling /home/intern1/ros2_ws/install/examples_rclpy_executors/lib/python3.12/site-packages/examples_rclpy_executors/listener.py to listener.cpython-312.pyc
[6.156s] running install_data
[6.156s] copying resource/examples_rclpy_executors -> /home/intern1/ros2_ws/install/examples_rclpy_executors/share/ament_index/resource_index/packages
[6.156s] copying package.xml -> /home/intern1/ros2_ws/install/examples_rclpy_executors/share/examples_rclpy_executors
[6.156s] running install_egg_info
[6.234s] Copying ../../../../build/examples_rclpy_executors/examples_rclpy_executors.egg-info to /home/intern1/ros2_ws/install/examples_rclpy_executors/lib/python3.12/site-packages/examples_rclpy_executors-0.19.7-py3.12.egg-info
[6.235s] running install_scripts
[6.443s] Installing callback_group script to /home/intern1/ros2_ws/install/examples_rclpy_executors/lib/examples_rclpy_executors
[6.443s] Installing composed script to /home/intern1/ros2_ws/install/examples_rclpy_executors/lib/examples_rclpy_executors
[6.443s] Installing custom_callback_group script to /home/intern1/ros2_ws/install/examples_rclpy_executors/lib/examples_rclpy_executors
[6.444s] Installing custom_executor script to /home/intern1/ros2_ws/install/examples_rclpy_executors/lib/examples_rclpy_executors
[6.444s] Installing listener script to /home/intern1/ros2_ws/install/examples_rclpy_executors/lib/examples_rclpy_executors
[6.444s] Installing talker script to /home/intern1/ros2_ws/install/examples_rclpy_executors/lib/examples_rclpy_executors
[6.445s] writing list of installed files to '/home/intern1/ros2_ws/build/examples_rclpy_executors/install.log'
[6.508s] Invoked command in '/home/intern1/ros2_ws/src/examples/rclpy/executors' returned '0': DEBUGINFOD_URLS=https://debuginfod.ubuntu.com PYTHONPATH=/home/intern1/ros2_ws/build/examples_rclpy_executors/prefix_override:/usr/lib/python3/dist-packages/colcon_core/task/python/colcon_distutils_commands:/home/intern1/ros2_ws/install/examples_rclpy_executors/lib/python3.12/site-packages:${PYTHONPATH} /usr/bin/python3 -W ignore:setup.py install is deprecated -W ignore:easy_install command is deprecated setup.py egg_info --egg-base ../../../../build/examples_rclpy_executors build --build-base /home/intern1/ros2_ws/build/examples_rclpy_executors/build install --record /home/intern1/ros2_ws/build/examples_rclpy_executors/install.log --single-version-externally-managed install_data --force
