[2.420s] Invoking command in '/home/intern1/ros2_ws/src/amr_ws': DEBUGINFOD_URLS=https://debuginfod.ubuntu.com PYTHONPATH=/home/intern1/ros2_ws/build/amr_ws/prefix_override:/usr/lib/python3/dist-packages/colcon_core/task/python/colcon_distutils_commands:/home/intern1/ros2_ws/install/amr_ws/lib/python3.12/site-packages:${PYTHONPATH} /usr/bin/python3 -W ignore:setup.py install is deprecated -W ignore:easy_install command is deprecated setup.py egg_info --egg-base ../../build/amr_ws build --build-base /home/intern1/ros2_ws/build/amr_ws/build install --record /home/intern1/ros2_ws/build/amr_ws/install.log --single-version-externally-managed install_data
[2.730s] running egg_info
[2.757s] writing ../../build/amr_ws/amr_ws.egg-info/PKG-INFO
[2.758s] writing dependency_links to ../../build/amr_ws/amr_ws.egg-info/dependency_links.txt
[2.758s] writing entry points to ../../build/amr_ws/amr_ws.egg-info/entry_points.txt
[2.758s] writing requirements to ../../build/amr_ws/amr_ws.egg-info/requires.txt
[2.759s] writing top-level names to ../../build/amr_ws/amr_ws.egg-info/top_level.txt
[2.820s] reading manifest file '../../build/amr_ws/amr_ws.egg-info/SOURCES.txt'
[2.822s] adding license file 'LICENSE'
[2.822s] writing manifest file '../../build/amr_ws/amr_ws.egg-info/SOURCES.txt'
[2.822s] running build
[2.822s] running build_py
[2.829s] running install
[2.837s] running install_lib
[2.862s] running install_data
[2.863s] running install_egg_info
[2.911s] removing '/home/intern1/ros2_ws/install/amr_ws/lib/python3.12/site-packages/amr_ws-0.0.0-py3.12.egg-info' (and everything under it)
[2.911s] Copying ../../build/amr_ws/amr_ws.egg-info to /home/intern1/ros2_ws/install/amr_ws/lib/python3.12/site-packages/amr_ws-0.0.0-py3.12.egg-info
[2.912s] running install_scripts
[3.082s] Installing Automation_and_Lidar script to /home/intern1/ros2_ws/install/amr_ws/lib/amr_ws
[3.083s] Installing Automation_and_Lidar2 script to /home/intern1/ros2_ws/install/amr_ws/lib/amr_ws
[3.084s] Installing Demo_Automation script to /home/intern1/ros2_ws/install/amr_ws/lib/amr_ws
[3.086s] Installing baselink_laser_tf script to /home/intern1/ros2_ws/install/amr_ws/lib/amr_ws
[3.086s] Installing compass script to /home/intern1/ros2_ws/install/amr_ws/lib/amr_ws
[3.086s] Installing joystick_to_motor script to /home/intern1/ros2_ws/install/amr_ws/lib/amr_ws
[3.086s] Installing keyboard_listener script to /home/intern1/ros2_ws/install/amr_ws/lib/amr_ws
[3.086s] writing list of installed files to '/home/intern1/ros2_ws/build/amr_ws/install.log'
[3.174s] Invoked command in '/home/intern1/ros2_ws/src/amr_ws' returned '0': DEBUGINFOD_URLS=https://debuginfod.ubuntu.com PYTHONPATH=/home/intern1/ros2_ws/build/amr_ws/prefix_override:/usr/lib/python3/dist-packages/colcon_core/task/python/colcon_distutils_commands:/home/intern1/ros2_ws/install/amr_ws/lib/python3.12/site-packages:${PYTHONPATH} /usr/bin/python3 -W ignore:setup.py install is deprecated -W ignore:easy_install command is deprecated setup.py egg_info --egg-base ../../build/amr_ws build --build-base /home/intern1/ros2_ws/build/amr_ws/build install --record /home/intern1/ros2_ws/build/amr_ws/install.log --single-version-externally-managed install_data
