[2.515s] Invoking command in '/home/intern1/ros2_ws/src/tb3_multi_robot': DEBUGINFOD_URLS=https://debuginfod.ubuntu.com PYTHONPATH=/home/intern1/ros2_ws/build/tb3_multi_robot/prefix_override:/usr/lib/python3/dist-packages/colcon_core/task/python/colcon_distutils_commands:/home/intern1/ros2_ws/install/tb3_multi_robot/lib/python3.12/site-packages:${PYTHONPATH} /usr/bin/python3 -W ignore:setup.py install is deprecated -W ignore:easy_install command is deprecated setup.py egg_info --egg-base ../../build/tb3_multi_robot build --build-base /home/intern1/ros2_ws/build/tb3_multi_robot/build install --record /home/intern1/ros2_ws/build/tb3_multi_robot/install.log --single-version-externally-managed install_data
[3.192s] running egg_info
[3.248s] writing ../../build/tb3_multi_robot/tb3_multi_robot.egg-info/PKG-INFO
[3.248s] writing dependency_links to ../../build/tb3_multi_robot/tb3_multi_robot.egg-info/dependency_links.txt
[3.248s] writing entry points to ../../build/tb3_multi_robot/tb3_multi_robot.egg-info/entry_points.txt
[3.249s] writing requirements to ../../build/tb3_multi_robot/tb3_multi_robot.egg-info/requires.txt
[3.249s] writing top-level names to ../../build/tb3_multi_robot/tb3_multi_robot.egg-info/top_level.txt
[3.350s] reading manifest file '../../build/tb3_multi_robot/tb3_multi_robot.egg-info/SOURCES.txt'
[3.353s] writing manifest file '../../build/tb3_multi_robot/tb3_multi_robot.egg-info/SOURCES.txt'
[3.353s] running build
[3.354s] running build_py
[3.355s] running install
[3.363s] running install_lib
[3.393s] running install_data
[3.394s] running install_egg_info
[3.428s] removing '/home/intern1/ros2_ws/install/tb3_multi_robot/lib/python3.12/site-packages/tb3_multi_robot-1.0.0-py3.12.egg-info' (and everything under it)
[3.428s] Copying ../../build/tb3_multi_robot/tb3_multi_robot.egg-info to /home/intern1/ros2_ws/install/tb3_multi_robot/lib/python3.12/site-packages/tb3_multi_robot-1.0.0-py3.12.egg-info
[3.429s] running install_scripts
[3.633s] Installing turtlebot3_drive script to /home/intern1/ros2_ws/install/tb3_multi_robot/bin
[3.634s] writing list of installed files to '/home/intern1/ros2_ws/build/tb3_multi_robot/install.log'
[3.681s] Invoked command in '/home/intern1/ros2_ws/src/tb3_multi_robot' returned '0': DEBUGINFOD_URLS=https://debuginfod.ubuntu.com PYTHONPATH=/home/intern1/ros2_ws/build/tb3_multi_robot/prefix_override:/usr/lib/python3/dist-packages/colcon_core/task/python/colcon_distutils_commands:/home/intern1/ros2_ws/install/tb3_multi_robot/lib/python3.12/site-packages:${PYTHONPATH} /usr/bin/python3 -W ignore:setup.py install is deprecated -W ignore:easy_install command is deprecated setup.py egg_info --egg-base ../../build/tb3_multi_robot build --build-base /home/intern1/ros2_ws/build/tb3_multi_robot/build install --record /home/intern1/ros2_ws/build/tb3_multi_robot/install.log --single-version-externally-managed install_data
