[0.160s] Invoking command in '/home/intern1/ros2_ws/build/om_msgs': CMAKE_PREFIX_PATH=${CMAKE_PREFIX_PATH}:/home/intern1/ros2_ws/install/tb3_multi_robot:/home/intern1/ros2_ws/install/system_webview:/home/intern1/ros2_ws/install/om_mvc01:/home/intern1/ros2_ws/install/om_modbus_master:/home/intern1/ros2_ws/install/launch_testing_examples:/home/intern1/ros2_ws/install/examples_rclpy_pointcloud_publisher:/home/intern1/ros2_ws/install/examples_rclpy_minimal_subscriber:/home/intern1/ros2_ws/install/examples_rclpy_minimal_service:/home/intern1/ros2_ws/install/examples_rclpy_minimal_publisher:/home/intern1/ros2_ws/install/examples_rclpy_minimal_client:/home/intern1/ros2_ws/install/examples_rclpy_minimal_action_server:/home/intern1/ros2_ws/install/examples_rclpy_minimal_action_client:/home/intern1/ros2_ws/install/examples_rclpy_guard_conditions:/home/intern1/ros2_ws/install/examples_rclpy_executors:/home/intern1/ros2_ws/install/education_material:/home/intern1/ros2_ws/install/camera_follow:/home/intern1/ros2_ws/install/amr_ws:/opt/ros/jazzy DEBUGINFOD_URLS=https://debuginfod.ubuntu.com /usr/bin/cmake /home/intern1/ros2_ws/om_modbus_master/om_msgs -DCMAKE_INSTALL_PREFIX=/home/intern1/ros2_ws/install/om_msgs
[1.446s] -- The C compiler identification is GNU 13.3.0
[1.449s] -- The CXX compiler identification is GNU 13.3.0
[1.450s] -- Detecting C compiler ABI info
[1.452s] -- Detecting C compiler ABI info - done
[1.453s] -- Check for working C compiler: /usr/bin/cc - skipped
[1.453s] -- Detecting C compile features
[1.453s] -- Detecting C compile features - done
[1.453s] -- Detecting CXX compiler ABI info
[1.455s] -- Detecting CXX compiler ABI info - done
[1.455s] -- Check for working CXX compiler: /usr/bin/c++ - skipped
[1.455s] -- Detecting CXX compile features
[1.455s] -- Detecting CXX compile features - done
[1.455s] -- Found ament_cmake: 2.5.5 (/opt/ros/jazzy/share/ament_cmake/cmake)
[1.507s] -- Found Python3: /usr/bin/python3 (found version "3.12.3") found components: Interpreter 
[2.160s] -- Found rosidl_default_generators: 1.6.0 (/opt/ros/jazzy/share/rosidl_default_generators/cmake)
[2.245s] -- Using all available rosidl_typesupport_c: rosidl_typesupport_fastrtps_c;rosidl_typesupport_introspection_c
[2.575s] -- Using all available rosidl_typesupport_cpp: rosidl_typesupport_fastrtps_cpp;rosidl_typesupport_introspection_cpp
[2.897s] -- Found rosidl_adapter: 4.6.7 (/opt/ros/jazzy/share/rosidl_adapter/cmake)
[5.095s] -- Found ament_cmake_ros: 0.12.0 (/opt/ros/jazzy/share/ament_cmake_ros/cmake)
[6.403s] -- Using all available rosidl_typesupport_c: rosidl_typesupport_fastrtps_c;rosidl_typesupport_introspection_c
[19.551s] -- Using all available rosidl_typesupport_cpp: rosidl_typesupport_fastrtps_cpp;rosidl_typesupport_introspection_cpp
[19.569s] -- Found python_cmake_module: 0.11.1 (/opt/ros/jazzy/share/python_cmake_module/cmake)
[22.428s] -- Found PythonExtra: /usr/bin/python3  
[32.338s] -- Found Python3: /usr/bin/python3 (found version "3.12.3") found components: Interpreter Development NumPy Development.Module Development.Embed 
[33.581s] -- Found ament_lint_auto: 0.17.4 (/opt/ros/jazzy/share/ament_lint_auto/cmake)
[34.440s] -- Added test 'lint_cmake' to check CMake code style
[34.485s] -- Added test 'xmllint' to check XML markup files
[34.574s] -- Configuring done (34.4s)
[35.268s] -- Generating done (0.6s)
[35.501s] -- Build files have been written to: /home/intern1/ros2_ws/build/om_msgs
[35.727s] Invoked command in '/home/intern1/ros2_ws/build/om_msgs' returned '0': CMAKE_PREFIX_PATH=${CMAKE_PREFIX_PATH}:/home/intern1/ros2_ws/install/tb3_multi_robot:/home/intern1/ros2_ws/install/system_webview:/home/intern1/ros2_ws/install/om_mvc01:/home/intern1/ros2_ws/install/om_modbus_master:/home/intern1/ros2_ws/install/launch_testing_examples:/home/intern1/ros2_ws/install/examples_rclpy_pointcloud_publisher:/home/intern1/ros2_ws/install/examples_rclpy_minimal_subscriber:/home/intern1/ros2_ws/install/examples_rclpy_minimal_service:/home/intern1/ros2_ws/install/examples_rclpy_minimal_publisher:/home/intern1/ros2_ws/install/examples_rclpy_minimal_client:/home/intern1/ros2_ws/install/examples_rclpy_minimal_action_server:/home/intern1/ros2_ws/install/examples_rclpy_minimal_action_client:/home/intern1/ros2_ws/install/examples_rclpy_guard_conditions:/home/intern1/ros2_ws/install/examples_rclpy_executors:/home/intern1/ros2_ws/install/education_material:/home/intern1/ros2_ws/install/camera_follow:/home/intern1/ros2_ws/install/amr_ws:/opt/ros/jazzy DEBUGINFOD_URLS=https://debuginfod.ubuntu.com /usr/bin/cmake /home/intern1/ros2_ws/om_modbus_master/om_msgs -DCMAKE_INSTALL_PREFIX=/home/intern1/ros2_ws/install/om_msgs
[35.728s] Invoking command in '/home/intern1/ros2_ws/build/om_msgs': CMAKE_PREFIX_PATH=${CMAKE_PREFIX_PATH}:/home/intern1/ros2_ws/install/tb3_multi_robot:/home/intern1/ros2_ws/install/system_webview:/home/intern1/ros2_ws/install/om_mvc01:/home/intern1/ros2_ws/install/om_modbus_master:/home/intern1/ros2_ws/install/launch_testing_examples:/home/intern1/ros2_ws/install/examples_rclpy_pointcloud_publisher:/home/intern1/ros2_ws/install/examples_rclpy_minimal_subscriber:/home/intern1/ros2_ws/install/examples_rclpy_minimal_service:/home/intern1/ros2_ws/install/examples_rclpy_minimal_publisher:/home/intern1/ros2_ws/install/examples_rclpy_minimal_client:/home/intern1/ros2_ws/install/examples_rclpy_minimal_action_server:/home/intern1/ros2_ws/install/examples_rclpy_minimal_action_client:/home/intern1/ros2_ws/install/examples_rclpy_guard_conditions:/home/intern1/ros2_ws/install/examples_rclpy_executors:/home/intern1/ros2_ws/install/education_material:/home/intern1/ros2_ws/install/camera_follow:/home/intern1/ros2_ws/install/amr_ws:/opt/ros/jazzy DEBUGINFOD_URLS=https://debuginfod.ubuntu.com /usr/bin/cmake --build /home/intern1/ros2_ws/build/om_msgs -- -j14 -l14
[44.682s] [  1%] [34m[1mGenerating type hashes for ROS interfaces[0m
[44.682s] [  1%] Built target om_msgs__rosidl_generator_type_description
[44.682s] [  1%] Built target ament_cmake_python_copy_om_msgs
[44.682s] [  3%] [34m[1mGenerating C code for ROS interfaces[0m
[49.779s] [  5%] [32mBuilding C object CMakeFiles/om_msgs__rosidl_generator_c.dir/rosidl_generator_c/om_msgs/msg/detail/query__description.c.o[0m
[50.149s] [  7%] [32mBuilding C object CMakeFiles/om_msgs__rosidl_generator_c.dir/rosidl_generator_c/om_msgs/msg/detail/state__type_support.c.o[0m
[50.379s] [  9%] [32mBuilding C object CMakeFiles/om_msgs__rosidl_generator_c.dir/rosidl_generator_c/om_msgs/msg/detail/state__functions.c.o[0m
[50.587s] [ 11%] [32mBuilding C object CMakeFiles/om_msgs__rosidl_generator_c.dir/rosidl_generator_c/om_msgs/msg/detail/state__description.c.o[0m
[50.776s] [ 12%] [32mBuilding C object CMakeFiles/om_msgs__rosidl_generator_c.dir/rosidl_generator_c/om_msgs/msg/detail/response__type_support.c.o[0m
[50.877s] [ 14%] [32mBuilding C object CMakeFiles/om_msgs__rosidl_generator_c.dir/rosidl_generator_c/om_msgs/msg/detail/response__functions.c.o[0m
[51.032s] [ 16%] [32mBuilding C object CMakeFiles/om_msgs__rosidl_generator_c.dir/rosidl_generator_c/om_msgs/msg/detail/response__description.c.o[0m
[51.175s] [ 18%] [32mBuilding C object CMakeFiles/om_msgs__rosidl_generator_c.dir/rosidl_generator_c/om_msgs/msg/detail/query__type_support.c.o[0m
[51.399s] [ 20%] [32mBuilding C object CMakeFiles/om_msgs__rosidl_generator_c.dir/rosidl_generator_c/om_msgs/msg/detail/query__functions.c.o[0m
[51.914s] [ 22%] [32m[1mLinking C shared library libom_msgs__rosidl_generator_c.so[0m
[52.300s] [ 22%] Built target om_msgs__rosidl_generator_c
[53.440s] running egg_info
[53.445s] creating om_msgs.egg-info
[53.551s] writing om_msgs.egg-info/PKG-INFO
[53.553s] writing dependency_links to om_msgs.egg-info/dependency_links.txt
[53.554s] writing top-level names to om_msgs.egg-info/top_level.txt
[53.554s] writing manifest file 'om_msgs.egg-info/SOURCES.txt'
[53.980s] reading manifest file 'om_msgs.egg-info/SOURCES.txt'
[53.983s] writing manifest file 'om_msgs.egg-info/SOURCES.txt'
[54.082s] [ 22%] Built target ament_cmake_python_build_om_msgs_egg
[54.102s] [ 24%] [34m[1mGenerating C type support dispatch for ROS interfaces[0m
[55.230s] [ 25%] [32mBuilding CXX object CMakeFiles/om_msgs__rosidl_typesupport_c.dir/rosidl_typesupport_c/om_msgs/msg/query__type_support.cpp.o[0m
[55.594s] [ 27%] [32mBuilding CXX object CMakeFiles/om_msgs__rosidl_typesupport_c.dir/rosidl_typesupport_c/om_msgs/msg/state__type_support.cpp.o[0m
[55.735s] [ 29%] [32mBuilding CXX object CMakeFiles/om_msgs__rosidl_typesupport_c.dir/rosidl_typesupport_c/om_msgs/msg/response__type_support.cpp.o[0m
[55.880s] [ 31%] [32m[1mLinking CXX shared library libom_msgs__rosidl_typesupport_c.so[0m
[56.123s] [ 31%] Built target om_msgs__rosidl_typesupport_c
[56.153s] [ 33%] [34m[1mGenerating C introspection for ROS interfaces[0m
[57.166s] [ 35%] [32mBuilding C object CMakeFiles/om_msgs__rosidl_typesupport_introspection_c.dir/rosidl_typesupport_introspection_c/om_msgs/msg/detail/query__type_support.c.o[0m
[57.319s] [ 37%] [32mBuilding C object CMakeFiles/om_msgs__rosidl_typesupport_introspection_c.dir/rosidl_typesupport_introspection_c/om_msgs/msg/detail/state__type_support.c.o[0m
[57.558s] [ 38%] [32mBuilding C object CMakeFiles/om_msgs__rosidl_typesupport_introspection_c.dir/rosidl_typesupport_introspection_c/om_msgs/msg/detail/response__type_support.c.o[0m
[57.742s] [ 40%] [32m[1mLinking C shared library libom_msgs__rosidl_typesupport_introspection_c.so[0m
[57.929s] [ 40%] Built target om_msgs__rosidl_typesupport_introspection_c
[57.964s] [ 42%] [34m[1mGenerating C type support for eProsima Fast-RTPS[0m
[59.285s] [ 44%] [32mBuilding CXX object CMakeFiles/om_msgs__rosidl_typesupport_fastrtps_c.dir/rosidl_typesupport_fastrtps_c/om_msgs/msg/detail/query__type_support_c.cpp.o[0m
[60.644s] [ 46%] [32mBuilding CXX object CMakeFiles/om_msgs__rosidl_typesupport_fastrtps_c.dir/rosidl_typesupport_fastrtps_c/om_msgs/msg/detail/state__type_support_c.cpp.o[0m
[61.680s] [ 48%] [32mBuilding CXX object CMakeFiles/om_msgs__rosidl_typesupport_fastrtps_c.dir/rosidl_typesupport_fastrtps_c/om_msgs/msg/detail/response__type_support_c.cpp.o[0m
[62.805s] [ 50%] [32m[1mLinking CXX shared library libom_msgs__rosidl_typesupport_fastrtps_c.so[0m
[62.902s] [ 50%] Built target om_msgs__rosidl_typesupport_fastrtps_c
[62.939s] [ 51%] [34m[1mGenerating C++ code for ROS interfaces[0m
[64.008s] [ 51%] Built target om_msgs__cpp
[64.028s] [ 53%] [34m[1mGenerating C++ introspection for ROS interfaces[0m
[64.621s] [ 55%] [32mBuilding CXX object CMakeFiles/om_msgs__rosidl_typesupport_introspection_cpp.dir/rosidl_typesupport_introspection_cpp/om_msgs/msg/detail/query__type_support.cpp.o[0m
[65.038s] [ 57%] [32mBuilding CXX object CMakeFiles/om_msgs__rosidl_typesupport_introspection_cpp.dir/rosidl_typesupport_introspection_cpp/om_msgs/msg/detail/state__type_support.cpp.o[0m
[65.612s] [ 59%] [32mBuilding CXX object CMakeFiles/om_msgs__rosidl_typesupport_introspection_cpp.dir/rosidl_typesupport_introspection_cpp/om_msgs/msg/detail/response__type_support.cpp.o[0m
[66.014s] [ 61%] [32m[1mLinking CXX shared library libom_msgs__rosidl_typesupport_introspection_cpp.so[0m
[66.154s] [ 61%] Built target om_msgs__rosidl_typesupport_introspection_cpp
[66.174s] [ 62%] [34m[1mGenerating C++ type support for eProsima Fast-RTPS[0m
[66.883s] [ 64%] [32mBuilding CXX object CMakeFiles/om_msgs__rosidl_typesupport_fastrtps_cpp.dir/rosidl_typesupport_fastrtps_cpp/om_msgs/msg/detail/dds_fastrtps/query__type_support.cpp.o[0m
[67.532s] [ 66%] [32mBuilding CXX object CMakeFiles/om_msgs__rosidl_typesupport_fastrtps_cpp.dir/rosidl_typesupport_fastrtps_cpp/om_msgs/msg/detail/dds_fastrtps/state__type_support.cpp.o[0m
[68.323s] [ 68%] [32mBuilding CXX object CMakeFiles/om_msgs__rosidl_typesupport_fastrtps_cpp.dir/rosidl_typesupport_fastrtps_cpp/om_msgs/msg/detail/dds_fastrtps/response__type_support.cpp.o[0m
[68.947s] [ 70%] [32m[1mLinking CXX shared library libom_msgs__rosidl_typesupport_fastrtps_cpp.so[0m
[69.144s] [ 70%] Built target om_msgs__rosidl_typesupport_fastrtps_cpp
[69.170s] [ 72%] [34m[1mGenerating C++ type support dispatch for ROS interfaces[0m
[69.816s] [ 74%] [32mBuilding CXX object CMakeFiles/om_msgs__rosidl_typesupport_cpp.dir/rosidl_typesupport_cpp/om_msgs/msg/query__type_support.cpp.o[0m
[70.438s] [ 75%] [32mBuilding CXX object CMakeFiles/om_msgs__rosidl_typesupport_cpp.dir/rosidl_typesupport_cpp/om_msgs/msg/state__type_support.cpp.o[0m
[71.108s] [ 77%] [32mBuilding CXX object CMakeFiles/om_msgs__rosidl_typesupport_cpp.dir/rosidl_typesupport_cpp/om_msgs/msg/response__type_support.cpp.o[0m
[71.717s] [ 79%] [32m[1mLinking CXX shared library libom_msgs__rosidl_typesupport_cpp.so[0m
[71.797s] [ 79%] Built target om_msgs__rosidl_typesupport_cpp
[71.835s] [ 79%] Built target om_msgs
[71.874s] [ 81%] [34m[1mGenerating Python code for ROS interfaces[0m
[72.969s] [ 81%] Built target om_msgs__py
[73.007s] [ 83%] [32mBuilding C object CMakeFiles/om_msgs__rosidl_generator_py.dir/rosidl_generator_py/om_msgs/msg/_query_s.c.o[0m
[73.271s] [ 85%] [32mBuilding C object CMakeFiles/om_msgs__rosidl_generator_py.dir/rosidl_generator_py/om_msgs/msg/_state_s.c.o[0m
[73.472s] [ 87%] [32mBuilding C object CMakeFiles/om_msgs__rosidl_generator_py.dir/rosidl_generator_py/om_msgs/msg/_response_s.c.o[0m
[73.660s] [ 88%] [32m[1mLinking C shared library libom_msgs__rosidl_generator_py.so[0m
[73.747s] [ 88%] Built target om_msgs__rosidl_generator_py
[73.785s] [ 90%] [32mBuilding C object CMakeFiles/om_msgs_s__rosidl_typesupport_fastrtps_c.dir/rosidl_generator_py/om_msgs/_om_msgs_s.ep.rosidl_typesupport_fastrtps_c.c.o[0m
[73.938s] [ 92%] [32m[1mLinking C shared module rosidl_generator_py/om_msgs/om_msgs_s__rosidl_typesupport_fastrtps_c.so[0m
[73.996s] [ 92%] Built target om_msgs_s__rosidl_typesupport_fastrtps_c
[74.037s] [ 94%] [32mBuilding C object CMakeFiles/om_msgs_s__rosidl_typesupport_c.dir/rosidl_generator_py/om_msgs/_om_msgs_s.ep.rosidl_typesupport_c.c.o[0m
[74.241s] [ 96%] [32m[1mLinking C shared module rosidl_generator_py/om_msgs/om_msgs_s__rosidl_typesupport_c.so[0m
[74.293s] [ 96%] Built target om_msgs_s__rosidl_typesupport_c
[74.337s] [ 98%] [32mBuilding C object CMakeFiles/om_msgs_s__rosidl_typesupport_introspection_c.dir/rosidl_generator_py/om_msgs/_om_msgs_s.ep.rosidl_typesupport_introspection_c.c.o[0m
[74.521s] [100%] [32m[1mLinking C shared module rosidl_generator_py/om_msgs/om_msgs_s__rosidl_typesupport_introspection_c.so[0m
[74.582s] [100%] Built target om_msgs_s__rosidl_typesupport_introspection_c
[74.602s] Invoked command in '/home/intern1/ros2_ws/build/om_msgs' returned '0': CMAKE_PREFIX_PATH=${CMAKE_PREFIX_PATH}:/home/intern1/ros2_ws/install/tb3_multi_robot:/home/intern1/ros2_ws/install/system_webview:/home/intern1/ros2_ws/install/om_mvc01:/home/intern1/ros2_ws/install/om_modbus_master:/home/intern1/ros2_ws/install/launch_testing_examples:/home/intern1/ros2_ws/install/examples_rclpy_pointcloud_publisher:/home/intern1/ros2_ws/install/examples_rclpy_minimal_subscriber:/home/intern1/ros2_ws/install/examples_rclpy_minimal_service:/home/intern1/ros2_ws/install/examples_rclpy_minimal_publisher:/home/intern1/ros2_ws/install/examples_rclpy_minimal_client:/home/intern1/ros2_ws/install/examples_rclpy_minimal_action_server:/home/intern1/ros2_ws/install/examples_rclpy_minimal_action_client:/home/intern1/ros2_ws/install/examples_rclpy_guard_conditions:/home/intern1/ros2_ws/install/examples_rclpy_executors:/home/intern1/ros2_ws/install/education_material:/home/intern1/ros2_ws/install/camera_follow:/home/intern1/ros2_ws/install/amr_ws:/opt/ros/jazzy DEBUGINFOD_URLS=https://debuginfod.ubuntu.com /usr/bin/cmake --build /home/intern1/ros2_ws/build/om_msgs -- -j14 -l14
[74.604s] Invoking command in '/home/intern1/ros2_ws/build/om_msgs': CMAKE_PREFIX_PATH=${CMAKE_PREFIX_PATH}:/home/intern1/ros2_ws/install/tb3_multi_robot:/home/intern1/ros2_ws/install/system_webview:/home/intern1/ros2_ws/install/om_mvc01:/home/intern1/ros2_ws/install/om_modbus_master:/home/intern1/ros2_ws/install/launch_testing_examples:/home/intern1/ros2_ws/install/examples_rclpy_pointcloud_publisher:/home/intern1/ros2_ws/install/examples_rclpy_minimal_subscriber:/home/intern1/ros2_ws/install/examples_rclpy_minimal_service:/home/intern1/ros2_ws/install/examples_rclpy_minimal_publisher:/home/intern1/ros2_ws/install/examples_rclpy_minimal_client:/home/intern1/ros2_ws/install/examples_rclpy_minimal_action_server:/home/intern1/ros2_ws/install/examples_rclpy_minimal_action_client:/home/intern1/ros2_ws/install/examples_rclpy_guard_conditions:/home/intern1/ros2_ws/install/examples_rclpy_executors:/home/intern1/ros2_ws/install/education_material:/home/intern1/ros2_ws/install/camera_follow:/home/intern1/ros2_ws/install/amr_ws:/opt/ros/jazzy DEBUGINFOD_URLS=https://debuginfod.ubuntu.com /usr/bin/cmake --install /home/intern1/ros2_ws/build/om_msgs
[74.616s] -- Install configuration: ""
[74.617s] -- Installing: /home/intern1/ros2_ws/install/om_msgs/share/ament_index/resource_index/rosidl_interfaces/om_msgs
[74.617s] -- Installing: /home/intern1/ros2_ws/install/om_msgs/share/om_msgs/msg/Query.json
[74.617s] -- Installing: /home/intern1/ros2_ws/install/om_msgs/share/om_msgs/msg/Response.json
[74.618s] -- Installing: /home/intern1/ros2_ws/install/om_msgs/share/om_msgs/msg/State.json
[74.618s] -- Installing: /home/intern1/ros2_ws/install/om_msgs/include/om_msgs/om_msgs
[74.618s] -- Installing: /home/intern1/ros2_ws/install/om_msgs/include/om_msgs/om_msgs/msg
[74.618s] -- Installing: /home/intern1/ros2_ws/install/om_msgs/include/om_msgs/om_msgs/msg/query.h
[74.619s] -- Installing: /home/intern1/ros2_ws/install/om_msgs/include/om_msgs/om_msgs/msg/detail
[74.619s] -- Installing: /home/intern1/ros2_ws/install/om_msgs/include/om_msgs/om_msgs/msg/detail/query__functions.h
[74.619s] -- Installing: /home/intern1/ros2_ws/install/om_msgs/include/om_msgs/om_msgs/msg/detail/response__functions.h
[74.619s] -- Installing: /home/intern1/ros2_ws/install/om_msgs/include/om_msgs/om_msgs/msg/detail/query__functions.c
[74.620s] -- Installing: /home/intern1/ros2_ws/install/om_msgs/include/om_msgs/om_msgs/msg/detail/query__struct.h
[74.620s] -- Installing: /home/intern1/ros2_ws/install/om_msgs/include/om_msgs/om_msgs/msg/detail/response__type_support.c
[74.620s] -- Installing: /home/intern1/ros2_ws/install/om_msgs/include/om_msgs/om_msgs/msg/detail/state__type_support.h
[74.620s] -- Installing: /home/intern1/ros2_ws/install/om_msgs/include/om_msgs/om_msgs/msg/detail/state__struct.h
[74.620s] -- Installing: /home/intern1/ros2_ws/install/om_msgs/include/om_msgs/om_msgs/msg/detail/query__type_support.c
[74.621s] -- Installing: /home/intern1/ros2_ws/install/om_msgs/include/om_msgs/om_msgs/msg/detail/state__functions.c
[74.621s] -- Installing: /home/intern1/ros2_ws/install/om_msgs/include/om_msgs/om_msgs/msg/detail/response__type_support.h
[74.621s] -- Installing: /home/intern1/ros2_ws/install/om_msgs/include/om_msgs/om_msgs/msg/detail/query__description.c
[74.621s] -- Installing: /home/intern1/ros2_ws/install/om_msgs/include/om_msgs/om_msgs/msg/detail/state__type_support.c
[74.622s] -- Installing: /home/intern1/ros2_ws/install/om_msgs/include/om_msgs/om_msgs/msg/detail/response__description.c
[74.622s] -- Installing: /home/intern1/ros2_ws/install/om_msgs/include/om_msgs/om_msgs/msg/detail/query__type_support.h
[74.622s] -- Installing: /home/intern1/ros2_ws/install/om_msgs/include/om_msgs/om_msgs/msg/detail/response__struct.h
[74.622s] -- Installing: /home/intern1/ros2_ws/install/om_msgs/include/om_msgs/om_msgs/msg/detail/response__functions.c
[74.622s] -- Installing: /home/intern1/ros2_ws/install/om_msgs/include/om_msgs/om_msgs/msg/detail/state__functions.h
[74.622s] -- Installing: /home/intern1/ros2_ws/install/om_msgs/include/om_msgs/om_msgs/msg/detail/state__description.c
[74.623s] -- Installing: /home/intern1/ros2_ws/install/om_msgs/include/om_msgs/om_msgs/msg/response.h
[74.623s] -- Installing: /home/intern1/ros2_ws/install/om_msgs/include/om_msgs/om_msgs/msg/state.h
[74.623s] -- Installing: /home/intern1/ros2_ws/install/om_msgs/include/om_msgs/om_msgs/msg/rosidl_generator_c__visibility_control.h
[74.623s] -- Installing: /home/intern1/ros2_ws/install/om_msgs/share/om_msgs/environment/library_path.sh
[74.623s] -- Installing: /home/intern1/ros2_ws/install/om_msgs/share/om_msgs/environment/library_path.dsv
[74.624s] -- Installing: /home/intern1/ros2_ws/install/om_msgs/lib/libom_msgs__rosidl_generator_c.so
[74.624s] -- Set non-toolchain portion of runtime path of "/home/intern1/ros2_ws/install/om_msgs/lib/libom_msgs__rosidl_generator_c.so" to ""
[74.624s] -- Up-to-date: /home/intern1/ros2_ws/install/om_msgs/include/om_msgs/om_msgs
[74.624s] -- Up-to-date: /home/intern1/ros2_ws/install/om_msgs/include/om_msgs/om_msgs/msg
[74.625s] -- Up-to-date: /home/intern1/ros2_ws/install/om_msgs/include/om_msgs/om_msgs/msg/detail
[74.625s] -- Installing: /home/intern1/ros2_ws/install/om_msgs/include/om_msgs/om_msgs/msg/detail/state__rosidl_typesupport_fastrtps_c.h
[74.625s] -- Installing: /home/intern1/ros2_ws/install/om_msgs/include/om_msgs/om_msgs/msg/detail/response__rosidl_typesupport_fastrtps_c.h
[74.625s] -- Installing: /home/intern1/ros2_ws/install/om_msgs/include/om_msgs/om_msgs/msg/detail/query__rosidl_typesupport_fastrtps_c.h
[74.625s] -- Installing: /home/intern1/ros2_ws/install/om_msgs/include/om_msgs/om_msgs/msg/rosidl_typesupport_fastrtps_c__visibility_control.h
[74.625s] -- Installing: /home/intern1/ros2_ws/install/om_msgs/lib/libom_msgs__rosidl_typesupport_fastrtps_c.so
[74.626s] -- Set non-toolchain portion of runtime path of "/home/intern1/ros2_ws/install/om_msgs/lib/libom_msgs__rosidl_typesupport_fastrtps_c.so" to ""
[74.626s] -- Up-to-date: /home/intern1/ros2_ws/install/om_msgs/include/om_msgs/om_msgs
[74.626s] -- Up-to-date: /home/intern1/ros2_ws/install/om_msgs/include/om_msgs/om_msgs/msg
[74.626s] -- Installing: /home/intern1/ros2_ws/install/om_msgs/include/om_msgs/om_msgs/msg/rosidl_typesupport_introspection_c__visibility_control.h
[74.626s] -- Up-to-date: /home/intern1/ros2_ws/install/om_msgs/include/om_msgs/om_msgs/msg/detail
[74.627s] -- Installing: /home/intern1/ros2_ws/install/om_msgs/include/om_msgs/om_msgs/msg/detail/response__type_support.c
[74.627s] -- Installing: /home/intern1/ros2_ws/install/om_msgs/include/om_msgs/om_msgs/msg/detail/query__type_support.c
[74.627s] -- Installing: /home/intern1/ros2_ws/install/om_msgs/include/om_msgs/om_msgs/msg/detail/query__rosidl_typesupport_introspection_c.h
[74.627s] -- Installing: /home/intern1/ros2_ws/install/om_msgs/include/om_msgs/om_msgs/msg/detail/state__type_support.c
[74.627s] -- Installing: /home/intern1/ros2_ws/install/om_msgs/include/om_msgs/om_msgs/msg/detail/response__rosidl_typesupport_introspection_c.h
[74.628s] -- Installing: /home/intern1/ros2_ws/install/om_msgs/include/om_msgs/om_msgs/msg/detail/state__rosidl_typesupport_introspection_c.h
[74.628s] -- Installing: /home/intern1/ros2_ws/install/om_msgs/lib/libom_msgs__rosidl_typesupport_introspection_c.so
[74.628s] -- Set non-toolchain portion of runtime path of "/home/intern1/ros2_ws/install/om_msgs/lib/libom_msgs__rosidl_typesupport_introspection_c.so" to ""
[74.628s] -- Installing: /home/intern1/ros2_ws/install/om_msgs/lib/libom_msgs__rosidl_typesupport_c.so
[74.628s] -- Set non-toolchain portion of runtime path of "/home/intern1/ros2_ws/install/om_msgs/lib/libom_msgs__rosidl_typesupport_c.so" to ""
[74.628s] -- Up-to-date: /home/intern1/ros2_ws/install/om_msgs/include/om_msgs/om_msgs
[74.629s] -- Up-to-date: /home/intern1/ros2_ws/install/om_msgs/include/om_msgs/om_msgs/msg
[74.629s] -- Installing: /home/intern1/ros2_ws/install/om_msgs/include/om_msgs/om_msgs/msg/state.hpp
[74.629s] -- Installing: /home/intern1/ros2_ws/install/om_msgs/include/om_msgs/om_msgs/msg/response.hpp
[74.629s] -- Installing: /home/intern1/ros2_ws/install/om_msgs/include/om_msgs/om_msgs/msg/query.hpp
[74.629s] -- Up-to-date: /home/intern1/ros2_ws/install/om_msgs/include/om_msgs/om_msgs/msg/detail
[74.629s] -- Installing: /home/intern1/ros2_ws/install/om_msgs/include/om_msgs/om_msgs/msg/detail/state__traits.hpp
[74.629s] -- Installing: /home/intern1/ros2_ws/install/om_msgs/include/om_msgs/om_msgs/msg/detail/state__type_support.hpp
[74.630s] -- Installing: /home/intern1/ros2_ws/install/om_msgs/include/om_msgs/om_msgs/msg/detail/query__builder.hpp
[74.630s] -- Installing: /home/intern1/ros2_ws/install/om_msgs/include/om_msgs/om_msgs/msg/detail/query__type_support.hpp
[74.630s] -- Installing: /home/intern1/ros2_ws/install/om_msgs/include/om_msgs/om_msgs/msg/detail/response__traits.hpp
[74.630s] -- Installing: /home/intern1/ros2_ws/install/om_msgs/include/om_msgs/om_msgs/msg/detail/query__struct.hpp
[74.630s] -- Installing: /home/intern1/ros2_ws/install/om_msgs/include/om_msgs/om_msgs/msg/detail/state__struct.hpp
[74.630s] -- Installing: /home/intern1/ros2_ws/install/om_msgs/include/om_msgs/om_msgs/msg/detail/response__struct.hpp
[74.630s] -- Installing: /home/intern1/ros2_ws/install/om_msgs/include/om_msgs/om_msgs/msg/detail/query__traits.hpp
[74.630s] -- Installing: /home/intern1/ros2_ws/install/om_msgs/include/om_msgs/om_msgs/msg/detail/state__builder.hpp
[74.631s] -- Installing: /home/intern1/ros2_ws/install/om_msgs/include/om_msgs/om_msgs/msg/detail/response__type_support.hpp
[74.631s] -- Installing: /home/intern1/ros2_ws/install/om_msgs/include/om_msgs/om_msgs/msg/detail/response__builder.hpp
[74.631s] -- Installing: /home/intern1/ros2_ws/install/om_msgs/include/om_msgs/om_msgs/msg/rosidl_generator_cpp__visibility_control.hpp
[74.631s] -- Up-to-date: /home/intern1/ros2_ws/install/om_msgs/include/om_msgs/om_msgs
[74.631s] -- Up-to-date: /home/intern1/ros2_ws/install/om_msgs/include/om_msgs/om_msgs/msg
[74.631s] -- Installing: /home/intern1/ros2_ws/install/om_msgs/include/om_msgs/om_msgs/msg/rosidl_typesupport_fastrtps_cpp__visibility_control.h
[74.631s] -- Up-to-date: /home/intern1/ros2_ws/install/om_msgs/include/om_msgs/om_msgs/msg/detail
[74.632s] -- Installing: /home/intern1/ros2_ws/install/om_msgs/include/om_msgs/om_msgs/msg/detail/dds_fastrtps
[74.632s] -- Installing: /home/intern1/ros2_ws/install/om_msgs/include/om_msgs/om_msgs/msg/detail/response__rosidl_typesupport_fastrtps_cpp.hpp
[74.632s] -- Installing: /home/intern1/ros2_ws/install/om_msgs/include/om_msgs/om_msgs/msg/detail/state__rosidl_typesupport_fastrtps_cpp.hpp
[74.632s] -- Installing: /home/intern1/ros2_ws/install/om_msgs/include/om_msgs/om_msgs/msg/detail/query__rosidl_typesupport_fastrtps_cpp.hpp
[74.632s] -- Installing: /home/intern1/ros2_ws/install/om_msgs/lib/libom_msgs__rosidl_typesupport_fastrtps_cpp.so
[74.632s] -- Set non-toolchain portion of runtime path of "/home/intern1/ros2_ws/install/om_msgs/lib/libom_msgs__rosidl_typesupport_fastrtps_cpp.so" to ""
[74.632s] -- Up-to-date: /home/intern1/ros2_ws/install/om_msgs/include/om_msgs/om_msgs
[74.632s] -- Up-to-date: /home/intern1/ros2_ws/install/om_msgs/include/om_msgs/om_msgs/msg
[74.633s] -- Up-to-date: /home/intern1/ros2_ws/install/om_msgs/include/om_msgs/om_msgs/msg/detail
[74.633s] -- Installing: /home/intern1/ros2_ws/install/om_msgs/include/om_msgs/om_msgs/msg/detail/response__rosidl_typesupport_introspection_cpp.hpp
[74.633s] -- Installing: /home/intern1/ros2_ws/install/om_msgs/include/om_msgs/om_msgs/msg/detail/response__type_support.cpp
[74.633s] -- Installing: /home/intern1/ros2_ws/install/om_msgs/include/om_msgs/om_msgs/msg/detail/state__rosidl_typesupport_introspection_cpp.hpp
[74.633s] -- Installing: /home/intern1/ros2_ws/install/om_msgs/include/om_msgs/om_msgs/msg/detail/query__type_support.cpp
[74.633s] -- Installing: /home/intern1/ros2_ws/install/om_msgs/include/om_msgs/om_msgs/msg/detail/state__type_support.cpp
[74.633s] -- Installing: /home/intern1/ros2_ws/install/om_msgs/include/om_msgs/om_msgs/msg/detail/query__rosidl_typesupport_introspection_cpp.hpp
[74.634s] -- Installing: /home/intern1/ros2_ws/install/om_msgs/lib/libom_msgs__rosidl_typesupport_introspection_cpp.so
[74.634s] -- Set non-toolchain portion of runtime path of "/home/intern1/ros2_ws/install/om_msgs/lib/libom_msgs__rosidl_typesupport_introspection_cpp.so" to ""
[74.634s] -- Installing: /home/intern1/ros2_ws/install/om_msgs/lib/libom_msgs__rosidl_typesupport_cpp.so
[74.634s] -- Set non-toolchain portion of runtime path of "/home/intern1/ros2_ws/install/om_msgs/lib/libom_msgs__rosidl_typesupport_cpp.so" to ""
[74.634s] -- Installing: /home/intern1/ros2_ws/install/om_msgs/share/om_msgs/environment/pythonpath.sh
[74.634s] -- Installing: /home/intern1/ros2_ws/install/om_msgs/share/om_msgs/environment/pythonpath.dsv
[74.634s] -- Installing: /home/intern1/ros2_ws/install/om_msgs/lib/python3.12/site-packages/om_msgs-2.0.1-py3.12.egg-info
[74.635s] -- Installing: /home/intern1/ros2_ws/install/om_msgs/lib/python3.12/site-packages/om_msgs-2.0.1-py3.12.egg-info/top_level.txt
[74.635s] -- Installing: /home/intern1/ros2_ws/install/om_msgs/lib/python3.12/site-packages/om_msgs-2.0.1-py3.12.egg-info/PKG-INFO
[74.635s] -- Installing: /home/intern1/ros2_ws/install/om_msgs/lib/python3.12/site-packages/om_msgs-2.0.1-py3.12.egg-info/SOURCES.txt
[74.635s] -- Installing: /home/intern1/ros2_ws/install/om_msgs/lib/python3.12/site-packages/om_msgs-2.0.1-py3.12.egg-info/dependency_links.txt
[74.635s] -- Installing: /home/intern1/ros2_ws/install/om_msgs/lib/python3.12/site-packages/om_msgs
[74.635s] -- Installing: /home/intern1/ros2_ws/install/om_msgs/lib/python3.12/site-packages/om_msgs/_om_msgs_s.ep.rosidl_typesupport_c.c
[74.635s] -- Installing: /home/intern1/ros2_ws/install/om_msgs/lib/python3.12/site-packages/om_msgs/msg
[74.635s] -- Installing: /home/intern1/ros2_ws/install/om_msgs/lib/python3.12/site-packages/om_msgs/msg/_state.py
[74.636s] -- Installing: /home/intern1/ros2_ws/install/om_msgs/lib/python3.12/site-packages/om_msgs/msg/_query_s.c
[74.636s] -- Installing: /home/intern1/ros2_ws/install/om_msgs/lib/python3.12/site-packages/om_msgs/msg/_query.py
[74.636s] -- Installing: /home/intern1/ros2_ws/install/om_msgs/lib/python3.12/site-packages/om_msgs/msg/_response.py
[74.636s] -- Installing: /home/intern1/ros2_ws/install/om_msgs/lib/python3.12/site-packages/om_msgs/msg/__init__.py
[74.636s] -- Installing: /home/intern1/ros2_ws/install/om_msgs/lib/python3.12/site-packages/om_msgs/msg/_state_s.c
[74.636s] -- Installing: /home/intern1/ros2_ws/install/om_msgs/lib/python3.12/site-packages/om_msgs/msg/_response_s.c
[74.636s] -- Installing: /home/intern1/ros2_ws/install/om_msgs/lib/python3.12/site-packages/om_msgs/_om_msgs_s.ep.rosidl_typesupport_fastrtps_c.c
[74.637s] -- Installing: /home/intern1/ros2_ws/install/om_msgs/lib/python3.12/site-packages/om_msgs/_om_msgs_s.ep.rosidl_typesupport_introspection_c.c
[74.637s] -- Installing: /home/intern1/ros2_ws/install/om_msgs/lib/python3.12/site-packages/om_msgs/om_msgs_s__rosidl_typesupport_fastrtps_c.so
[74.637s] -- Installing: /home/intern1/ros2_ws/install/om_msgs/lib/python3.12/site-packages/om_msgs/om_msgs_s__rosidl_typesupport_introspection_c.so
[74.637s] -- Installing: /home/intern1/ros2_ws/install/om_msgs/lib/python3.12/site-packages/om_msgs/__init__.py
[74.637s] -- Installing: /home/intern1/ros2_ws/install/om_msgs/lib/python3.12/site-packages/om_msgs/om_msgs_s__rosidl_typesupport_c.so
[74.731s] Listing '/home/intern1/ros2_ws/install/om_msgs/lib/python3.12/site-packages/om_msgs'...
[74.731s] Compiling '/home/intern1/ros2_ws/install/om_msgs/lib/python3.12/site-packages/om_msgs/__init__.py'...
[74.732s] Listing '/home/intern1/ros2_ws/install/om_msgs/lib/python3.12/site-packages/om_msgs/msg'...
[74.732s] Compiling '/home/intern1/ros2_ws/install/om_msgs/lib/python3.12/site-packages/om_msgs/msg/__init__.py'...
[74.732s] Compiling '/home/intern1/ros2_ws/install/om_msgs/lib/python3.12/site-packages/om_msgs/msg/_query.py'...
[74.732s] Compiling '/home/intern1/ros2_ws/install/om_msgs/lib/python3.12/site-packages/om_msgs/msg/_response.py'...
[74.733s] Compiling '/home/intern1/ros2_ws/install/om_msgs/lib/python3.12/site-packages/om_msgs/msg/_state.py'...
[74.741s] -- Installing: /home/intern1/ros2_ws/install/om_msgs/lib/python3.12/site-packages/om_msgs/om_msgs_s__rosidl_typesupport_fastrtps_c.so
[74.742s] -- Set non-toolchain portion of runtime path of "/home/intern1/ros2_ws/install/om_msgs/lib/python3.12/site-packages/om_msgs/om_msgs_s__rosidl_typesupport_fastrtps_c.so" to ""
[74.742s] -- Installing: /home/intern1/ros2_ws/install/om_msgs/lib/python3.12/site-packages/om_msgs/om_msgs_s__rosidl_typesupport_introspection_c.so
[74.742s] -- Set non-toolchain portion of runtime path of "/home/intern1/ros2_ws/install/om_msgs/lib/python3.12/site-packages/om_msgs/om_msgs_s__rosidl_typesupport_introspection_c.so" to ""
[74.743s] -- Installing: /home/intern1/ros2_ws/install/om_msgs/lib/python3.12/site-packages/om_msgs/om_msgs_s__rosidl_typesupport_c.so
[74.743s] -- Set non-toolchain portion of runtime path of "/home/intern1/ros2_ws/install/om_msgs/lib/python3.12/site-packages/om_msgs/om_msgs_s__rosidl_typesupport_c.so" to ""
[74.743s] -- Installing: /home/intern1/ros2_ws/install/om_msgs/lib/libom_msgs__rosidl_generator_py.so
[74.744s] -- Set non-toolchain portion of runtime path of "/home/intern1/ros2_ws/install/om_msgs/lib/libom_msgs__rosidl_generator_py.so" to ""
[74.744s] -- Installing: /home/intern1/ros2_ws/install/om_msgs/share/om_msgs/msg/Query.idl
[74.744s] -- Installing: /home/intern1/ros2_ws/install/om_msgs/share/om_msgs/msg/Response.idl
[74.744s] -- Installing: /home/intern1/ros2_ws/install/om_msgs/share/om_msgs/msg/State.idl
[74.745s] -- Installing: /home/intern1/ros2_ws/install/om_msgs/share/om_msgs/msg/Query.msg
[74.745s] -- Installing: /home/intern1/ros2_ws/install/om_msgs/share/om_msgs/msg/Response.msg
[74.745s] -- Installing: /home/intern1/ros2_ws/install/om_msgs/share/om_msgs/msg/State.msg
[74.745s] -- Installing: /home/intern1/ros2_ws/install/om_msgs/share/ament_index/resource_index/package_run_dependencies/om_msgs
[74.746s] -- Installing: /home/intern1/ros2_ws/install/om_msgs/share/ament_index/resource_index/parent_prefix_path/om_msgs
[74.746s] -- Installing: /home/intern1/ros2_ws/install/om_msgs/share/om_msgs/environment/ament_prefix_path.sh
[74.746s] -- Installing: /home/intern1/ros2_ws/install/om_msgs/share/om_msgs/environment/ament_prefix_path.dsv
[74.746s] -- Installing: /home/intern1/ros2_ws/install/om_msgs/share/om_msgs/environment/path.sh
[74.747s] -- Installing: /home/intern1/ros2_ws/install/om_msgs/share/om_msgs/environment/path.dsv
[74.747s] -- Installing: /home/intern1/ros2_ws/install/om_msgs/share/om_msgs/local_setup.bash
[74.747s] -- Installing: /home/intern1/ros2_ws/install/om_msgs/share/om_msgs/local_setup.sh
[74.747s] -- Installing: /home/intern1/ros2_ws/install/om_msgs/share/om_msgs/local_setup.zsh
[74.747s] -- Installing: /home/intern1/ros2_ws/install/om_msgs/share/om_msgs/local_setup.dsv
[74.747s] -- Installing: /home/intern1/ros2_ws/install/om_msgs/share/om_msgs/package.dsv
[74.748s] -- Installing: /home/intern1/ros2_ws/install/om_msgs/share/ament_index/resource_index/packages/om_msgs
[74.748s] -- Installing: /home/intern1/ros2_ws/install/om_msgs/share/om_msgs/cmake/export_om_msgs__rosidl_generator_cExport.cmake
[74.748s] -- Installing: /home/intern1/ros2_ws/install/om_msgs/share/om_msgs/cmake/export_om_msgs__rosidl_generator_cExport-noconfig.cmake
[74.748s] -- Installing: /home/intern1/ros2_ws/install/om_msgs/share/om_msgs/cmake/export_om_msgs__rosidl_typesupport_fastrtps_cExport.cmake
[74.748s] -- Installing: /home/intern1/ros2_ws/install/om_msgs/share/om_msgs/cmake/export_om_msgs__rosidl_typesupport_fastrtps_cExport-noconfig.cmake
[74.749s] -- Installing: /home/intern1/ros2_ws/install/om_msgs/share/om_msgs/cmake/om_msgs__rosidl_typesupport_introspection_cExport.cmake
[74.749s] -- Installing: /home/intern1/ros2_ws/install/om_msgs/share/om_msgs/cmake/om_msgs__rosidl_typesupport_introspection_cExport-noconfig.cmake
[74.749s] -- Installing: /home/intern1/ros2_ws/install/om_msgs/share/om_msgs/cmake/om_msgs__rosidl_typesupport_cExport.cmake
[74.749s] -- Installing: /home/intern1/ros2_ws/install/om_msgs/share/om_msgs/cmake/om_msgs__rosidl_typesupport_cExport-noconfig.cmake
[74.749s] -- Installing: /home/intern1/ros2_ws/install/om_msgs/share/om_msgs/cmake/export_om_msgs__rosidl_generator_cppExport.cmake
[74.750s] -- Installing: /home/intern1/ros2_ws/install/om_msgs/share/om_msgs/cmake/export_om_msgs__rosidl_typesupport_fastrtps_cppExport.cmake
[74.750s] -- Installing: /home/intern1/ros2_ws/install/om_msgs/share/om_msgs/cmake/export_om_msgs__rosidl_typesupport_fastrtps_cppExport-noconfig.cmake
[74.750s] -- Installing: /home/intern1/ros2_ws/install/om_msgs/share/om_msgs/cmake/om_msgs__rosidl_typesupport_introspection_cppExport.cmake
[74.750s] -- Installing: /home/intern1/ros2_ws/install/om_msgs/share/om_msgs/cmake/om_msgs__rosidl_typesupport_introspection_cppExport-noconfig.cmake
[74.750s] -- Installing: /home/intern1/ros2_ws/install/om_msgs/share/om_msgs/cmake/om_msgs__rosidl_typesupport_cppExport.cmake
[74.751s] -- Installing: /home/intern1/ros2_ws/install/om_msgs/share/om_msgs/cmake/om_msgs__rosidl_typesupport_cppExport-noconfig.cmake
[74.751s] -- Installing: /home/intern1/ros2_ws/install/om_msgs/share/om_msgs/cmake/export_om_msgs__rosidl_generator_pyExport.cmake
[74.751s] -- Installing: /home/intern1/ros2_ws/install/om_msgs/share/om_msgs/cmake/export_om_msgs__rosidl_generator_pyExport-noconfig.cmake
[74.751s] -- Installing: /home/intern1/ros2_ws/install/om_msgs/share/om_msgs/cmake/rosidl_cmake-extras.cmake
[74.752s] -- Installing: /home/intern1/ros2_ws/install/om_msgs/share/om_msgs/cmake/ament_cmake_export_include_directories-extras.cmake
[74.752s] -- Installing: /home/intern1/ros2_ws/install/om_msgs/share/om_msgs/cmake/ament_cmake_export_libraries-extras.cmake
[74.752s] -- Installing: /home/intern1/ros2_ws/install/om_msgs/share/om_msgs/cmake/ament_cmake_export_targets-extras.cmake
[74.752s] -- Installing: /home/intern1/ros2_ws/install/om_msgs/share/om_msgs/cmake/rosidl_cmake_export_typesupport_targets-extras.cmake
[74.752s] -- Installing: /home/intern1/ros2_ws/install/om_msgs/share/om_msgs/cmake/ament_cmake_export_dependencies-extras.cmake
[74.752s] -- Installing: /home/intern1/ros2_ws/install/om_msgs/share/om_msgs/cmake/rosidl_cmake_export_typesupport_libraries-extras.cmake
[74.752s] -- Installing: /home/intern1/ros2_ws/install/om_msgs/share/om_msgs/cmake/om_msgsConfig.cmake
[74.752s] -- Installing: /home/intern1/ros2_ws/install/om_msgs/share/om_msgs/cmake/om_msgsConfig-version.cmake
[74.752s] -- Installing: /home/intern1/ros2_ws/install/om_msgs/share/om_msgs/package.xml
[74.754s] Invoked command in '/home/intern1/ros2_ws/build/om_msgs' returned '0': CMAKE_PREFIX_PATH=${CMAKE_PREFIX_PATH}:/home/intern1/ros2_ws/install/tb3_multi_robot:/home/intern1/ros2_ws/install/system_webview:/home/intern1/ros2_ws/install/om_mvc01:/home/intern1/ros2_ws/install/om_modbus_master:/home/intern1/ros2_ws/install/launch_testing_examples:/home/intern1/ros2_ws/install/examples_rclpy_pointcloud_publisher:/home/intern1/ros2_ws/install/examples_rclpy_minimal_subscriber:/home/intern1/ros2_ws/install/examples_rclpy_minimal_service:/home/intern1/ros2_ws/install/examples_rclpy_minimal_publisher:/home/intern1/ros2_ws/install/examples_rclpy_minimal_client:/home/intern1/ros2_ws/install/examples_rclpy_minimal_action_server:/home/intern1/ros2_ws/install/examples_rclpy_minimal_action_client:/home/intern1/ros2_ws/install/examples_rclpy_guard_conditions:/home/intern1/ros2_ws/install/examples_rclpy_executors:/home/intern1/ros2_ws/install/education_material:/home/intern1/ros2_ws/install/camera_follow:/home/intern1/ros2_ws/install/amr_ws:/opt/ros/jazzy DEBUGINFOD_URLS=https://debuginfod.ubuntu.com /usr/bin/cmake --install /home/intern1/ros2_ws/build/om_msgs
