[0.941s] Invoking command in '/home/intern1/ros2_ws/build/examples_rclcpp_minimal_publisher': CMAKE_PREFIX_PATH=${CMAKE_PREFIX_PATH}:/home/intern1/ros2_ws/install/tb3_multi_robot:/home/intern1/ros2_ws/install/launch_testing_examples:/home/intern1/ros2_ws/install/examples_rclpy_pointcloud_publisher:/home/intern1/ros2_ws/install/examples_rclpy_minimal_subscriber:/home/intern1/ros2_ws/install/examples_rclpy_minimal_service:/home/intern1/ros2_ws/install/examples_rclpy_minimal_publisher:/home/intern1/ros2_ws/install/examples_rclpy_minimal_client:/home/intern1/ros2_ws/install/examples_rclpy_minimal_action_server:/home/intern1/ros2_ws/install/examples_rclpy_minimal_action_client:/home/intern1/ros2_ws/install/examples_rclpy_guard_conditions:/home/intern1/ros2_ws/install/examples_rclpy_executors:/home/intern1/ros2_ws/install/education_material:/home/intern1/ros2_ws/install/camera_follow:/home/intern1/ros2_ws/install/amr_ws:/opt/ros/jazzy DEBUGINFOD_URLS=https://debuginfod.ubuntu.com /usr/bin/cmake --build /home/intern1/ros2_ws/build/examples_rclcpp_minimal_publisher -- -j14 -l14
[1.134s] [  8%] [32mBuilding CXX object CMakeFiles/publisher_lambda.dir/lambda.cpp.o[0m
[1.149s] [ 16%] [32mBuilding CXX object CMakeFiles/publisher_not_composable.dir/not_composable.cpp.o[0m
[1.152s] [ 25%] [32mBuilding CXX object CMakeFiles/publisher_wait_for_all_acked.dir/member_function_with_wait_for_all_acked.cpp.o[0m
[1.168s] [ 33%] [32mBuilding CXX object CMakeFiles/publisher_member_function_with_type_adapter.dir/member_function_with_type_adapter.cpp.o[0m
[1.191s] [ 41%] [32mBuilding CXX object CMakeFiles/publisher_member_function.dir/member_function.cpp.o[0m
[1.191s] [ 50%] [32mBuilding CXX object CMakeFiles/publisher_member_function_with_unique_network_flow_endpoints.dir/member_function_with_unique_network_flow_endpoints.cpp.o[0m
[22.735s] gmake[2]: *** [CMakeFiles/publisher_member_function_with_type_adapter.dir/build.make:76: CMakeFiles/publisher_member_function_with_type_adapter.dir/member_function_with_type_adapter.cpp.o] Interrupt
[22.746s] gmake[2]: *** [CMakeFiles/publisher_not_composable.dir/build.make:76: CMakeFiles/publisher_not_composable.dir/not_composable.cpp.o] Interrupt
[22.760s] gmake[2]: *** [CMakeFiles/publisher_lambda.dir/build.make:76: CMakeFiles/publisher_lambda.dir/lambda.cpp.o] Interrupt
[22.781s] gmake[1]: *** [CMakeFiles/Makefile2:199: CMakeFiles/publisher_member_function_with_type_adapter.dir/all] Interrupt
[22.781s] gmake[2]: *** wait: No child processes.  Stop.
[22.782s] gmake[2]: *** Waiting for unfinished jobs....
[22.782s] gmake[2]: *** wait: No child processes.  Stop.
[22.783s] gmake[2]: *** [CMakeFiles/publisher_member_function_with_unique_network_flow_endpoints.dir/build.make:76: CMakeFiles/publisher_member_function_with_unique_network_flow_endpoints.dir/member_function_with_unique_network_flow_endpoints.cpp.o] Interrupt
[22.784s] gmake[1]: *** [CMakeFiles/Makefile2:147: CMakeFiles/publisher_lambda.dir/all] Interrupt
[22.784s] gmake[2]: *** [CMakeFiles/publisher_member_function.dir/build.make:76: CMakeFiles/publisher_member_function.dir/member_function.cpp.o] Interrupt
[22.784s] gmake[1]: *** [CMakeFiles/Makefile2:251: CMakeFiles/publisher_wait_for_all_acked.dir/all] Error 2
[22.784s] gmake[1]: *** [CMakeFiles/Makefile2:277: CMakeFiles/publisher_not_composable.dir/all] Interrupt
[22.815s] gmake[1]: *** [CMakeFiles/Makefile2:225: CMakeFiles/publisher_member_function_with_unique_network_flow_endpoints.dir/all] Interrupt
[22.816s] gmake[1]: *** [CMakeFiles/Makefile2:173: CMakeFiles/publisher_member_function.dir/all] Interrupt
[22.816s] gmake: *** [Makefile:146: all] Interrupt
