[6.018s] Invoking command in '/home/intern1/ros2_ws/src/amr_ws': DEBUGINFOD_URLS=https://debuginfod.ubuntu.com PYTHONPATH=/home/intern1/ros2_ws/build/amr_ws/prefix_override:/usr/lib/python3/dist-packages/colcon_core/task/python/colcon_distutils_commands:/home/intern1/ros2_ws/install/amr_ws/lib/python3.12/site-packages:${PYTHONPATH} /usr/bin/python3 -W ignore:setup.py install is deprecated -W ignore:easy_install command is deprecated setup.py egg_info --egg-base ../../build/amr_ws build --build-base /home/intern1/ros2_ws/build/amr_ws/build install --record /home/intern1/ros2_ws/build/amr_ws/install.log --single-version-externally-managed install_data
[6.752s] running egg_info
[6.806s] writing ../../build/amr_ws/amr_ws.egg-info/PKG-INFO
[6.806s] writing dependency_links to ../../build/amr_ws/amr_ws.egg-info/dependency_links.txt
[6.807s] writing entry points to ../../build/amr_ws/amr_ws.egg-info/entry_points.txt
[6.807s] writing requirements to ../../build/amr_ws/amr_ws.egg-info/requires.txt
[6.808s] writing top-level names to ../../build/amr_ws/amr_ws.egg-info/top_level.txt
[6.918s] reading manifest file '../../build/amr_ws/amr_ws.egg-info/SOURCES.txt'
[6.919s] adding license file 'LICENSE'
[6.920s] writing manifest file '../../build/amr_ws/amr_ws.egg-info/SOURCES.txt'
[6.920s] running build
[6.920s] running build_py
[6.922s] copying amr_ws/path_publisher.py -> /home/intern1/ros2_ws/build/amr_ws/build/lib/amr_ws
[6.923s] running install
[6.937s] running install_lib
[6.992s] copying /home/intern1/ros2_ws/build/amr_ws/build/lib/amr_ws/path_publisher.py -> /home/intern1/ros2_ws/install/amr_ws/lib/python3.12/site-packages/amr_ws
[6.994s] byte-compiling /home/intern1/ros2_ws/install/amr_ws/lib/python3.12/site-packages/amr_ws/path_publisher.py to path_publisher.cpython-312.pyc
[6.996s] running install_data
[6.996s] running install_egg_info
[7.058s] removing '/home/intern1/ros2_ws/install/amr_ws/lib/python3.12/site-packages/amr_ws-0.0.0-py3.12.egg-info' (and everything under it)
[7.058s] Copying ../../build/amr_ws/amr_ws.egg-info to /home/intern1/ros2_ws/install/amr_ws/lib/python3.12/site-packages/amr_ws-0.0.0-py3.12.egg-info
[7.058s] running install_scripts
[7.456s] Installing Automation_and_Lidar script to /home/intern1/ros2_ws/install/amr_ws/lib/amr_ws
[7.456s] Installing Automation_and_Lidar2 script to /home/intern1/ros2_ws/install/amr_ws/lib/amr_ws
[7.457s] Installing Demo_Automation script to /home/intern1/ros2_ws/install/amr_ws/lib/amr_ws
[7.457s] Installing baselink_laser_tf script to /home/intern1/ros2_ws/install/amr_ws/lib/amr_ws
[7.459s] Installing camera_follow script to /home/intern1/ros2_ws/install/amr_ws/lib/amr_ws
[7.461s] Installing cmdvelsmoothed_to_cmdvel script to /home/intern1/ros2_ws/install/amr_ws/lib/amr_ws
[7.462s] Installing compass script to /home/intern1/ros2_ws/install/amr_ws/lib/amr_ws
[7.462s] Installing joystick_to_motor script to /home/intern1/ros2_ws/install/amr_ws/lib/amr_ws
[7.462s] Installing keyboard_listener script to /home/intern1/ros2_ws/install/amr_ws/lib/amr_ws
[7.462s] Installing path_logger script to /home/intern1/ros2_ws/install/amr_ws/lib/amr_ws
[7.462s] Installing path_publisher script to /home/intern1/ros2_ws/install/amr_ws/lib/amr_ws
[7.463s] Installing webcam_line_follow script to /home/intern1/ros2_ws/install/amr_ws/lib/amr_ws
[7.464s] writing list of installed files to '/home/intern1/ros2_ws/build/amr_ws/install.log'
[7.569s] Invoked command in '/home/intern1/ros2_ws/src/amr_ws' returned '0': DEBUGINFOD_URLS=https://debuginfod.ubuntu.com PYTHONPATH=/home/intern1/ros2_ws/build/amr_ws/prefix_override:/usr/lib/python3/dist-packages/colcon_core/task/python/colcon_distutils_commands:/home/intern1/ros2_ws/install/amr_ws/lib/python3.12/site-packages:${PYTHONPATH} /usr/bin/python3 -W ignore:setup.py install is deprecated -W ignore:easy_install command is deprecated setup.py egg_info --egg-base ../../build/amr_ws build --build-base /home/intern1/ros2_ws/build/amr_ws/build install --record /home/intern1/ros2_ws/build/amr_ws/install.log --single-version-externally-managed install_data
