[2.205s] Invoking command in '/home/intern1/ros2_ws/src/amr_ws': DEBUGINFOD_URLS=https://debuginfod.ubuntu.com PYTHONPATH=/home/intern1/ros2_ws/build/amr_ws/prefix_override:/usr/lib/python3/dist-packages/colcon_core/task/python/colcon_distutils_commands:/home/intern1/ros2_ws/install/amr_ws/lib/python3.12/site-packages:${PYTHONPATH} /usr/bin/python3 -W ignore:setup.py install is deprecated -W ignore:easy_install command is deprecated setup.py egg_info --egg-base ../../build/amr_ws build --build-base /home/intern1/ros2_ws/build/amr_ws/build install --record /home/intern1/ros2_ws/build/amr_ws/install.log --single-version-externally-managed install_data
[2.825s] running egg_info
[2.825s] writing ../../build/amr_ws/amr_ws.egg-info/PKG-INFO
[2.825s] writing dependency_links to ../../build/amr_ws/amr_ws.egg-info/dependency_links.txt
[2.825s] writing entry points to ../../build/amr_ws/amr_ws.egg-info/entry_points.txt
[2.826s] writing requirements to ../../build/amr_ws/amr_ws.egg-info/requires.txt
[2.826s] writing top-level names to ../../build/amr_ws/amr_ws.egg-info/top_level.txt
[2.826s] reading manifest file '../../build/amr_ws/amr_ws.egg-info/SOURCES.txt'
[2.826s] adding license file 'LICENSE'
[2.827s] writing manifest file '../../build/amr_ws/amr_ws.egg-info/SOURCES.txt'
[2.827s] running build
[2.827s] running build_py
[2.827s] running install
[2.828s] running install_lib
[2.828s] running install_data
[2.828s] running install_egg_info
[2.830s] removing '/home/intern1/ros2_ws/install/amr_ws/lib/python3.12/site-packages/amr_ws-0.0.0-py3.12.egg-info' (and everything under it)
[2.830s] Copying ../../build/amr_ws/amr_ws.egg-info to /home/intern1/ros2_ws/install/amr_ws/lib/python3.12/site-packages/amr_ws-0.0.0-py3.12.egg-info
[2.831s] running install_scripts
[2.831s] Installing Automation_and_Lidar script to /home/intern1/ros2_ws/install/amr_ws/lib/amr_ws
[2.831s] Installing Automation_and_Lidar2 script to /home/intern1/ros2_ws/install/amr_ws/lib/amr_ws
[2.831s] Installing Demo_Automation script to /home/intern1/ros2_ws/install/amr_ws/lib/amr_ws
[2.831s] Installing agv_audio_node script to /home/intern1/ros2_ws/install/amr_ws/lib/amr_ws
[2.831s] Installing baselink_laser_tf script to /home/intern1/ros2_ws/install/amr_ws/lib/amr_ws
[2.831s] Installing camera_follow script to /home/intern1/ros2_ws/install/amr_ws/lib/amr_ws
[2.832s] Installing cmdvelsmoothed_to_cmdvel script to /home/intern1/ros2_ws/install/amr_ws/lib/amr_ws
[2.832s] Installing compass script to /home/intern1/ros2_ws/install/amr_ws/lib/amr_ws
[2.832s] Installing hsv_probe_node script to /home/intern1/ros2_ws/install/amr_ws/lib/amr_ws
[2.832s] Installing joystick_to_motor script to /home/intern1/ros2_ws/install/amr_ws/lib/amr_ws
[2.832s] Installing keyboard_listener script to /home/intern1/ros2_ws/install/amr_ws/lib/amr_ws
[2.832s] Installing localization_node script to /home/intern1/ros2_ws/install/amr_ws/lib/amr_ws
[2.832s] Installing orchestrator_node script to /home/intern1/ros2_ws/install/amr_ws/lib/amr_ws
[2.832s] Installing path_logger script to /home/intern1/ros2_ws/install/amr_ws/lib/amr_ws
[2.833s] Installing path_publisher script to /home/intern1/ros2_ws/install/amr_ws/lib/amr_ws
[2.833s] Installing pose_persistence_node script to /home/intern1/ros2_ws/install/amr_ws/lib/amr_ws
[2.833s] Installing rack_websocket_server script to /home/intern1/ros2_ws/install/amr_ws/lib/amr_ws
[2.833s] Installing return_home_node script to /home/intern1/ros2_ws/install/amr_ws/lib/amr_ws
[2.833s] Installing webcam_line_follow script to /home/intern1/ros2_ws/install/amr_ws/lib/amr_ws
[2.833s] writing list of installed files to '/home/intern1/ros2_ws/build/amr_ws/install.log'
[2.902s] Invoked command in '/home/intern1/ros2_ws/src/amr_ws' returned '0': DEBUGINFOD_URLS=https://debuginfod.ubuntu.com PYTHONPATH=/home/intern1/ros2_ws/build/amr_ws/prefix_override:/usr/lib/python3/dist-packages/colcon_core/task/python/colcon_distutils_commands:/home/intern1/ros2_ws/install/amr_ws/lib/python3.12/site-packages:${PYTHONPATH} /usr/bin/python3 -W ignore:setup.py install is deprecated -W ignore:easy_install command is deprecated setup.py egg_info --egg-base ../../build/amr_ws build --build-base /home/intern1/ros2_ws/build/amr_ws/build install --record /home/intern1/ros2_ws/build/amr_ws/install.log --single-version-externally-managed install_data
