[2.283s] Invoking command in '/home/intern1/ros2_ws/src/amr_ws': DEBUGINFOD_URLS=https://debuginfod.ubuntu.com PYTHONPATH=/home/intern1/ros2_ws/build/amr_ws/prefix_override:/usr/lib/python3/dist-packages/colcon_core/task/python/colcon_distutils_commands:/home/intern1/ros2_ws/install/amr_ws/lib/python3.12/site-packages:${PYTHONPATH} /usr/bin/python3 -W ignore:setup.py install is deprecated -W ignore:easy_install command is deprecated setup.py egg_info --egg-base ../../build/amr_ws build --build-base /home/intern1/ros2_ws/build/amr_ws/build install --record /home/intern1/ros2_ws/build/amr_ws/install.log --single-version-externally-managed install_data
[2.576s] running egg_info
[2.596s] writing ../../build/amr_ws/amr_ws.egg-info/PKG-INFO
[2.597s] writing dependency_links to ../../build/amr_ws/amr_ws.egg-info/dependency_links.txt
[2.597s] writing entry points to ../../build/amr_ws/amr_ws.egg-info/entry_points.txt
[2.597s] writing requirements to ../../build/amr_ws/amr_ws.egg-info/requires.txt
[2.598s] writing top-level names to ../../build/amr_ws/amr_ws.egg-info/top_level.txt
[2.641s] reading manifest file '../../build/amr_ws/amr_ws.egg-info/SOURCES.txt'
[2.641s] adding license file 'LICENSE'
[2.642s] writing manifest file '../../build/amr_ws/amr_ws.egg-info/SOURCES.txt'
[2.642s] running build
[2.643s] running build_py
[2.643s] copying amr_ws/Demo_Automation.py -> /home/intern1/ros2_ws/build/amr_ws/build/lib/amr_ws
[2.644s] running install
[2.650s] running install_lib
[2.671s] copying /home/intern1/ros2_ws/build/amr_ws/build/lib/amr_ws/Demo_Automation.py -> /home/intern1/ros2_ws/install/amr_ws/lib/python3.12/site-packages/amr_ws
[2.672s] byte-compiling /home/intern1/ros2_ws/install/amr_ws/lib/python3.12/site-packages/amr_ws/Demo_Automation.py to Demo_Automation.cpython-312.pyc
[2.674s] running install_data
[2.674s] running install_egg_info
[2.697s] removing '/home/intern1/ros2_ws/install/amr_ws/lib/python3.12/site-packages/amr_ws-0.0.0-py3.12.egg-info' (and everything under it)
[2.699s] Copying ../../build/amr_ws/amr_ws.egg-info to /home/intern1/ros2_ws/install/amr_ws/lib/python3.12/site-packages/amr_ws-0.0.0-py3.12.egg-info
[2.699s] running install_scripts
[2.847s] Installing Demo_Automation script to /home/intern1/ros2_ws/install/amr_ws/lib/amr_ws
[2.847s] Installing compass script to /home/intern1/ros2_ws/install/amr_ws/lib/amr_ws
[2.847s] Installing joystick_to_motor script to /home/intern1/ros2_ws/install/amr_ws/lib/amr_ws
[2.847s] Installing keyboard_listener script to /home/intern1/ros2_ws/install/amr_ws/lib/amr_ws
[2.847s] writing list of installed files to '/home/intern1/ros2_ws/build/amr_ws/install.log'
[2.918s] Invoked command in '/home/intern1/ros2_ws/src/amr_ws' returned '0': DEBUGINFOD_URLS=https://debuginfod.ubuntu.com PYTHONPATH=/home/intern1/ros2_ws/build/amr_ws/prefix_override:/usr/lib/python3/dist-packages/colcon_core/task/python/colcon_distutils_commands:/home/intern1/ros2_ws/install/amr_ws/lib/python3.12/site-packages:${PYTHONPATH} /usr/bin/python3 -W ignore:setup.py install is deprecated -W ignore:easy_install command is deprecated setup.py egg_info --egg-base ../../build/amr_ws build --build-base /home/intern1/ros2_ws/build/amr_ws/build install --record /home/intern1/ros2_ws/build/amr_ws/install.log --single-version-externally-managed install_data
