[4.462s] Invoking command in '/home/intern1/ros2_ws/src/examples/rclpy/services/minimal_service': DEBUGINFOD_URLS=https://debuginfod.ubuntu.com PYTHONPATH=/home/intern1/ros2_ws/build/examples_rclpy_minimal_service/prefix_override:/usr/lib/python3/dist-packages/colcon_core/task/python/colcon_distutils_commands:/home/intern1/ros2_ws/install/examples_rclpy_minimal_service/lib/python3.12/site-packages:${PYTHONPATH} /usr/bin/python3 -W ignore:setup.py install is deprecated -W ignore:easy_install command is deprecated setup.py egg_info --egg-base ../../../../../build/examples_rclpy_minimal_service build --build-base /home/intern1/ros2_ws/build/examples_rclpy_minimal_service/build install --record /home/intern1/ros2_ws/build/examples_rclpy_minimal_service/install.log --single-version-externally-managed install_data
[5.178s] running egg_info
[5.230s] writing ../../../../../build/examples_rclpy_minimal_service/examples_rclpy_minimal_service.egg-info/PKG-INFO
[5.231s] writing dependency_links to ../../../../../build/examples_rclpy_minimal_service/examples_rclpy_minimal_service.egg-info/dependency_links.txt
[5.231s] writing entry points to ../../../../../build/examples_rclpy_minimal_service/examples_rclpy_minimal_service.egg-info/entry_points.txt
[5.232s] writing requirements to ../../../../../build/examples_rclpy_minimal_service/examples_rclpy_minimal_service.egg-info/requires.txt
[5.232s] writing top-level names to ../../../../../build/examples_rclpy_minimal_service/examples_rclpy_minimal_service.egg-info/top_level.txt
[5.337s] reading manifest file '../../../../../build/examples_rclpy_minimal_service/examples_rclpy_minimal_service.egg-info/SOURCES.txt'
[5.339s] writing manifest file '../../../../../build/examples_rclpy_minimal_service/examples_rclpy_minimal_service.egg-info/SOURCES.txt'
[5.340s] running build
[5.340s] running build_py
[5.340s] running install
[5.354s] running install_lib
[5.408s] running install_data
[5.408s] running install_egg_info
[5.462s] removing '/home/intern1/ros2_ws/install/examples_rclpy_minimal_service/lib/python3.12/site-packages/examples_rclpy_minimal_service-0.19.7-py3.12.egg-info' (and everything under it)
[5.463s] Copying ../../../../../build/examples_rclpy_minimal_service/examples_rclpy_minimal_service.egg-info to /home/intern1/ros2_ws/install/examples_rclpy_minimal_service/lib/python3.12/site-packages/examples_rclpy_minimal_service-0.19.7-py3.12.egg-info
[5.467s] running install_scripts
[5.819s] Installing service script to /home/intern1/ros2_ws/install/examples_rclpy_minimal_service/lib/examples_rclpy_minimal_service
[5.819s] Installing service_member_function script to /home/intern1/ros2_ws/install/examples_rclpy_minimal_service/lib/examples_rclpy_minimal_service
[5.820s] writing list of installed files to '/home/intern1/ros2_ws/build/examples_rclpy_minimal_service/install.log'
[5.929s] Invoked command in '/home/intern1/ros2_ws/src/examples/rclpy/services/minimal_service' returned '0': DEBUGINFOD_URLS=https://debuginfod.ubuntu.com PYTHONPATH=/home/intern1/ros2_ws/build/examples_rclpy_minimal_service/prefix_override:/usr/lib/python3/dist-packages/colcon_core/task/python/colcon_distutils_commands:/home/intern1/ros2_ws/install/examples_rclpy_minimal_service/lib/python3.12/site-packages:${PYTHONPATH} /usr/bin/python3 -W ignore:setup.py install is deprecated -W ignore:easy_install command is deprecated setup.py egg_info --egg-base ../../../../../build/examples_rclpy_minimal_service build --build-base /home/intern1/ros2_ws/build/examples_rclpy_minimal_service/build install --record /home/intern1/ros2_ws/build/examples_rclpy_minimal_service/install.log --single-version-externally-managed install_data
