[2.561s] Invoking command in '/home/intern1/ros2_ws/src/examples/rclpy/actions/minimal_action_client': DEBUGINFOD_URLS=https://debuginfod.ubuntu.com PYTHONPATH=/home/intern1/ros2_ws/build/examples_rclpy_minimal_action_client/prefix_override:/usr/lib/python3/dist-packages/colcon_core/task/python/colcon_distutils_commands:/home/intern1/ros2_ws/install/examples_rclpy_minimal_action_client/lib/python3.12/site-packages:${PYTHONPATH} /usr/bin/python3 -W ignore:setup.py install is deprecated -W ignore:easy_install command is deprecated setup.py egg_info --egg-base ../../../../../build/examples_rclpy_minimal_action_client build --build-base /home/intern1/ros2_ws/build/examples_rclpy_minimal_action_client/build install --record /home/intern1/ros2_ws/build/examples_rclpy_minimal_action_client/install.log --single-version-externally-managed install_data
[2.856s] running egg_info
[2.878s] writing ../../../../../build/examples_rclpy_minimal_action_client/examples_rclpy_minimal_action_client.egg-info/PKG-INFO
[2.878s] writing dependency_links to ../../../../../build/examples_rclpy_minimal_action_client/examples_rclpy_minimal_action_client.egg-info/dependency_links.txt
[2.878s] writing entry points to ../../../../../build/examples_rclpy_minimal_action_client/examples_rclpy_minimal_action_client.egg-info/entry_points.txt
[2.878s] writing requirements to ../../../../../build/examples_rclpy_minimal_action_client/examples_rclpy_minimal_action_client.egg-info/requires.txt
[2.878s] writing top-level names to ../../../../../build/examples_rclpy_minimal_action_client/examples_rclpy_minimal_action_client.egg-info/top_level.txt
[2.921s] reading manifest file '../../../../../build/examples_rclpy_minimal_action_client/examples_rclpy_minimal_action_client.egg-info/SOURCES.txt'
[2.922s] writing manifest file '../../../../../build/examples_rclpy_minimal_action_client/examples_rclpy_minimal_action_client.egg-info/SOURCES.txt'
[2.922s] running build
[2.922s] running build_py
[2.923s] running install
[2.928s] running install_lib
[2.950s] running install_data
[2.950s] running install_egg_info
[2.972s] removing '/home/intern1/ros2_ws/install/examples_rclpy_minimal_action_client/lib/python3.12/site-packages/examples_rclpy_minimal_action_client-0.19.7-py3.12.egg-info' (and everything under it)
[2.974s] Copying ../../../../../build/examples_rclpy_minimal_action_client/examples_rclpy_minimal_action_client.egg-info to /home/intern1/ros2_ws/install/examples_rclpy_minimal_action_client/lib/python3.12/site-packages/examples_rclpy_minimal_action_client-0.19.7-py3.12.egg-info
[2.977s] running install_scripts
[3.181s] Installing client script to /home/intern1/ros2_ws/install/examples_rclpy_minimal_action_client/lib/examples_rclpy_minimal_action_client
[3.181s] Installing client_asyncio script to /home/intern1/ros2_ws/install/examples_rclpy_minimal_action_client/lib/examples_rclpy_minimal_action_client
[3.181s] Installing client_cancel script to /home/intern1/ros2_ws/install/examples_rclpy_minimal_action_client/lib/examples_rclpy_minimal_action_client
[3.181s] Installing client_not_composable script to /home/intern1/ros2_ws/install/examples_rclpy_minimal_action_client/lib/examples_rclpy_minimal_action_client
[3.181s] writing list of installed files to '/home/intern1/ros2_ws/build/examples_rclpy_minimal_action_client/install.log'
[3.262s] Invoked command in '/home/intern1/ros2_ws/src/examples/rclpy/actions/minimal_action_client' returned '0': DEBUGINFOD_URLS=https://debuginfod.ubuntu.com PYTHONPATH=/home/intern1/ros2_ws/build/examples_rclpy_minimal_action_client/prefix_override:/usr/lib/python3/dist-packages/colcon_core/task/python/colcon_distutils_commands:/home/intern1/ros2_ws/install/examples_rclpy_minimal_action_client/lib/python3.12/site-packages:${PYTHONPATH} /usr/bin/python3 -W ignore:setup.py install is deprecated -W ignore:easy_install command is deprecated setup.py egg_info --egg-base ../../../../../build/examples_rclpy_minimal_action_client build --build-base /home/intern1/ros2_ws/build/examples_rclpy_minimal_action_client/build install --record /home/intern1/ros2_ws/build/examples_rclpy_minimal_action_client/install.log --single-version-externally-managed install_data
