[1.344s] Invoking command in '/home/intern1/ros2_ws/src/amr_ws': DEBUGINFOD_URLS=https://debuginfod.ubuntu.com PYTHONPATH=/home/intern1/ros2_ws/build/amr_ws/prefix_override:/usr/lib/python3/dist-packages/colcon_core/task/python/colcon_distutils_commands:/home/intern1/ros2_ws/install/amr_ws/lib/python3.12/site-packages:${PYTHONPATH} /usr/bin/python3 -W ignore:setup.py install is deprecated -W ignore:easy_install command is deprecated setup.py egg_info --egg-base ../../build/amr_ws build --build-base /home/intern1/ros2_ws/build/amr_ws/build install --record /home/intern1/ros2_ws/build/amr_ws/install.log --single-version-externally-managed install_data
[1.724s] running egg_info
[1.764s] writing ../../build/amr_ws/amr_ws.egg-info/PKG-INFO
[1.765s] writing dependency_links to ../../build/amr_ws/amr_ws.egg-info/dependency_links.txt
[1.765s] writing entry points to ../../build/amr_ws/amr_ws.egg-info/entry_points.txt
[1.765s] writing requirements to ../../build/amr_ws/amr_ws.egg-info/requires.txt
[1.766s] writing top-level names to ../../build/amr_ws/amr_ws.egg-info/top_level.txt
[1.828s] reading manifest file '../../build/amr_ws/amr_ws.egg-info/SOURCES.txt'
[1.828s] adding license file 'LICENSE'
[1.829s] writing manifest file '../../build/amr_ws/amr_ws.egg-info/SOURCES.txt'
[1.829s] running build
[1.829s] running build_py
[1.830s] copying amr_ws/webcam_line_follow.py -> /home/intern1/ros2_ws/build/amr_ws/build/lib/amr_ws
[1.831s] running install
[1.840s] running install_lib
[1.871s] copying /home/intern1/ros2_ws/build/amr_ws/build/lib/amr_ws/webcam_line_follow.py -> /home/intern1/ros2_ws/install/amr_ws/lib/python3.12/site-packages/amr_ws
[1.873s] byte-compiling /home/intern1/ros2_ws/install/amr_ws/lib/python3.12/site-packages/amr_ws/webcam_line_follow.py to webcam_line_follow.cpython-312.pyc
[1.885s] running install_data
[1.885s] running install_egg_info
[1.918s] removing '/home/intern1/ros2_ws/install/amr_ws/lib/python3.12/site-packages/amr_ws-0.0.0-py3.12.egg-info' (and everything under it)
[1.918s] Copying ../../build/amr_ws/amr_ws.egg-info to /home/intern1/ros2_ws/install/amr_ws/lib/python3.12/site-packages/amr_ws-0.0.0-py3.12.egg-info
[1.919s] running install_scripts
[2.071s] Installing Automation_and_Lidar script to /home/intern1/ros2_ws/install/amr_ws/lib/amr_ws
[2.071s] Installing Automation_and_Lidar2 script to /home/intern1/ros2_ws/install/amr_ws/lib/amr_ws
[2.071s] Installing Demo_Automation script to /home/intern1/ros2_ws/install/amr_ws/lib/amr_ws
[2.071s] Installing agv_audio_node script to /home/intern1/ros2_ws/install/amr_ws/lib/amr_ws
[2.072s] Installing agv_shutdown_node script to /home/intern1/ros2_ws/install/amr_ws/lib/amr_ws
[2.072s] Installing baselink_laser_tf script to /home/intern1/ros2_ws/install/amr_ws/lib/amr_ws
[2.072s] Installing camera_follow script to /home/intern1/ros2_ws/install/amr_ws/lib/amr_ws
[2.072s] Installing cmdvelsmoothed_to_cmdvel script to /home/intern1/ros2_ws/install/amr_ws/lib/amr_ws
[2.072s] Installing compass script to /home/intern1/ros2_ws/install/amr_ws/lib/amr_ws
[2.073s] Installing hsv_probe_node script to /home/intern1/ros2_ws/install/amr_ws/lib/amr_ws
[2.073s] Installing joystick_to_motor script to /home/intern1/ros2_ws/install/amr_ws/lib/amr_ws
[2.073s] Installing keyboard_listener script to /home/intern1/ros2_ws/install/amr_ws/lib/amr_ws
[2.073s] Installing localization_node script to /home/intern1/ros2_ws/install/amr_ws/lib/amr_ws
[2.073s] Installing orchestrator_node script to /home/intern1/ros2_ws/install/amr_ws/lib/amr_ws
[2.073s] Installing path_logger script to /home/intern1/ros2_ws/install/amr_ws/lib/amr_ws
[2.074s] Installing path_publisher script to /home/intern1/ros2_ws/install/amr_ws/lib/amr_ws
[2.074s] Installing pose_persistence_node script to /home/intern1/ros2_ws/install/amr_ws/lib/amr_ws
[2.074s] Installing rack_websocket_server script to /home/intern1/ros2_ws/install/amr_ws/lib/amr_ws
[2.074s] Installing return_home_node script to /home/intern1/ros2_ws/install/amr_ws/lib/amr_ws
[2.074s] Installing webcam_line_follow script to /home/intern1/ros2_ws/install/amr_ws/lib/amr_ws
[2.075s] writing list of installed files to '/home/intern1/ros2_ws/build/amr_ws/install.log'
[2.117s] Invoked command in '/home/intern1/ros2_ws/src/amr_ws' returned '0': DEBUGINFOD_URLS=https://debuginfod.ubuntu.com PYTHONPATH=/home/intern1/ros2_ws/build/amr_ws/prefix_override:/usr/lib/python3/dist-packages/colcon_core/task/python/colcon_distutils_commands:/home/intern1/ros2_ws/install/amr_ws/lib/python3.12/site-packages:${PYTHONPATH} /usr/bin/python3 -W ignore:setup.py install is deprecated -W ignore:easy_install command is deprecated setup.py egg_info --egg-base ../../build/amr_ws build --build-base /home/intern1/ros2_ws/build/amr_ws/build install --record /home/intern1/ros2_ws/build/amr_ws/install.log --single-version-externally-managed install_data
