/home/intern1/ros2_ws/install/tb3_multi_robot/lib/python3.12/site-packages/multi_robot_scripts/turtlebot3_drive.py
/home/intern1/ros2_ws/install/tb3_multi_robot/lib/python3.12/site-packages/multi_robot_scripts/utils.py
/home/intern1/ros2_ws/install/tb3_multi_robot/lib/python3.12/site-packages/multi_robot_scripts/__init__.py
/home/intern1/ros2_ws/install/tb3_multi_robot/lib/python3.12/site-packages/multi_robot_scripts/__pycache__/turtlebot3_drive.cpython-312.pyc
/home/intern1/ros2_ws/install/tb3_multi_robot/lib/python3.12/site-packages/multi_robot_scripts/__pycache__/utils.cpython-312.pyc
/home/intern1/ros2_ws/install/tb3_multi_robot/lib/python3.12/site-packages/multi_robot_scripts/__pycache__/__init__.cpython-312.pyc
/home/intern1/ros2_ws/install/tb3_multi_robot/share/tb3_multi_robot/package.xml
/home/intern1/ros2_ws/install/tb3_multi_robot/share/ament_index/resource_index/packages/tb3_multi_robot
/home/intern1/ros2_ws/install/tb3_multi_robot/share/tb3_multi_robot/launch/tb3_world.launch.py
/home/intern1/ros2_ws/install/tb3_multi_robot/share/tb3_multi_robot/launch/tb3_nav2.launch.py
/home/intern1/ros2_ws/install/tb3_multi_robot/share/tb3_multi_robot/launch/drive.launch.py
/home/intern1/ros2_ws/install/tb3_multi_robot/share/tb3_multi_robot/launch/nav2_bringup
/home/intern1/ros2_ws/install/tb3_multi_robot/share/tb3_multi_robot/params/waffle_bridge.yaml
/home/intern1/ros2_ws/install/tb3_multi_robot/share/tb3_multi_robot/params/burger_cam_bridge.yaml
/home/intern1/ros2_ws/install/tb3_multi_robot/share/tb3_multi_robot/params/waffle_pi.yaml
/home/intern1/ros2_ws/install/tb3_multi_robot/share/tb3_multi_robot/params/waffle_pi_bridge.yaml
/home/intern1/ros2_ws/install/tb3_multi_robot/share/tb3_multi_robot/params/burger_bridge.yaml
/home/intern1/ros2_ws/install/tb3_multi_robot/share/tb3_multi_robot/params/burger_nav2_params.yaml
/home/intern1/ros2_ws/install/tb3_multi_robot/share/tb3_multi_robot/params/burger_cam_nav2_params.yaml
/home/intern1/ros2_ws/install/tb3_multi_robot/share/tb3_multi_robot/params/waffle_nav2_params.yaml
/home/intern1/ros2_ws/install/tb3_multi_robot/share/tb3_multi_robot/rviz/tb3_navigation2.rviz
/home/intern1/ros2_ws/install/tb3_multi_robot/share/tb3_multi_robot/worlds/tb3_world.world
/home/intern1/ros2_ws/install/tb3_multi_robot/share/tb3_multi_robot/models/turtlebot3_burger/model-1_4.sdf
/home/intern1/ros2_ws/install/tb3_multi_robot/share/tb3_multi_robot/models/turtlebot3_burger/model.config
/home/intern1/ros2_ws/install/tb3_multi_robot/share/tb3_multi_robot/models/turtlebot3_burger/model.sdf
/home/intern1/ros2_ws/install/tb3_multi_robot/share/tb3_multi_robot/models/turtlebot3_waffle/model-1_4.sdf
/home/intern1/ros2_ws/install/tb3_multi_robot/share/tb3_multi_robot/models/turtlebot3_waffle/model.config
/home/intern1/ros2_ws/install/tb3_multi_robot/share/tb3_multi_robot/models/turtlebot3_waffle/model.sdf
/home/intern1/ros2_ws/install/tb3_multi_robot/share/tb3_multi_robot/models/turtlebot3_waffle_pi
/home/intern1/ros2_ws/install/tb3_multi_robot/share/tb3_multi_robot/config/robots.yaml
/home/intern1/ros2_ws/install/tb3_multi_robot/share/tb3_multi_robot/urdf/turtlebot3_burger_cam.urdf
/home/intern1/ros2_ws/install/tb3_multi_robot/share/tb3_multi_robot/urdf/turtlebot3_burger.urdf
/home/intern1/ros2_ws/install/tb3_multi_robot/share/tb3_multi_robot/urdf/turtlebot3_waffle.urdf
/home/intern1/ros2_ws/install/tb3_multi_robot/share/tb3_multi_robot/urdf/turtlebot3_waffle_pi.urdf
/home/intern1/ros2_ws/install/tb3_multi_robot/share/tb3_multi_robot/urdf/common_properties.urdf
/home/intern1/ros2_ws/install/tb3_multi_robot/share/tb3_multi_robot/map/map.pgm
/home/intern1/ros2_ws/install/tb3_multi_robot/share/tb3_multi_robot/map/map.yaml
/home/intern1/ros2_ws/install/tb3_multi_robot/lib/python3.12/site-packages/tb3_multi_robot-1.0.0-py3.12.egg-info/top_level.txt
/home/intern1/ros2_ws/install/tb3_multi_robot/lib/python3.12/site-packages/tb3_multi_robot-1.0.0-py3.12.egg-info/zip-safe
/home/intern1/ros2_ws/install/tb3_multi_robot/lib/python3.12/site-packages/tb3_multi_robot-1.0.0-py3.12.egg-info/entry_points.txt
/home/intern1/ros2_ws/install/tb3_multi_robot/lib/python3.12/site-packages/tb3_multi_robot-1.0.0-py3.12.egg-info/requires.txt
/home/intern1/ros2_ws/install/tb3_multi_robot/lib/python3.12/site-packages/tb3_multi_robot-1.0.0-py3.12.egg-info/PKG-INFO
/home/intern1/ros2_ws/install/tb3_multi_robot/lib/python3.12/site-packages/tb3_multi_robot-1.0.0-py3.12.egg-info/SOURCES.txt
/home/intern1/ros2_ws/install/tb3_multi_robot/lib/python3.12/site-packages/tb3_multi_robot-1.0.0-py3.12.egg-info/dependency_links.txt
/home/intern1/ros2_ws/install/tb3_multi_robot/bin/turtlebot3_drive
