[4.113s] Invoking command in '/home/intern1/ros2_ws/src/education_material': DEBUGINFOD_URLS=https://debuginfod.ubuntu.com PYTHONPATH=/home/intern1/ros2_ws/build/education_material/prefix_override:/usr/lib/python3/dist-packages/colcon_core/task/python/colcon_distutils_commands:/home/intern1/ros2_ws/install/education_material/lib/python3.12/site-packages:${PYTHONPATH} /usr/bin/python3 -W ignore:setup.py install is deprecated -W ignore:easy_install command is deprecated setup.py egg_info --egg-base ../../build/education_material build --build-base /home/intern1/ros2_ws/build/education_material/build install --record /home/intern1/ros2_ws/build/education_material/install.log --single-version-externally-managed install_data
[4.673s] running egg_info
[4.705s] writing ../../build/education_material/education_material.egg-info/PKG-INFO
[4.705s] writing dependency_links to ../../build/education_material/education_material.egg-info/dependency_links.txt
[4.706s] writing entry points to ../../build/education_material/education_material.egg-info/entry_points.txt
[4.706s] writing requirements to ../../build/education_material/education_material.egg-info/requires.txt
[4.706s] writing top-level names to ../../build/education_material/education_material.egg-info/top_level.txt
[4.768s] reading manifest file '../../build/education_material/education_material.egg-info/SOURCES.txt'
[4.768s] adding license file 'LICENSE'
[4.769s] writing manifest file '../../build/education_material/education_material.egg-info/SOURCES.txt'
[4.769s] running build
[4.769s] running build_py
[4.770s] running install
[4.778s] running install_lib
[4.810s] running install_data
[4.811s] running install_egg_info
[4.845s] removing '/home/intern1/ros2_ws/install/education_material/lib/python3.12/site-packages/education_material-0.0.0-py3.12.egg-info' (and everything under it)
[4.845s] Copying ../../build/education_material/education_material.egg-info to /home/intern1/ros2_ws/install/education_material/lib/python3.12/site-packages/education_material-0.0.0-py3.12.egg-info
[4.846s] running install_scripts
[5.059s] Installing evenodd_checker script to /home/intern1/ros2_ws/install/education_material/lib/education_material
[5.060s] Installing int_pub script to /home/intern1/ros2_ws/install/education_material/lib/education_material
[5.060s] Installing int_sub script to /home/intern1/ros2_ws/install/education_material/lib/education_material
[5.060s] Installing keypressed_calculator script to /home/intern1/ros2_ws/install/education_material/lib/education_material
[5.060s] Installing keypressed_talker script to /home/intern1/ros2_ws/install/education_material/lib/education_material
[5.060s] Installing keypressed_to_cmdvel script to /home/intern1/ros2_ws/install/education_material/lib/education_material
[5.061s] Installing string_pub script to /home/intern1/ros2_ws/install/education_material/lib/education_material
[5.061s] Installing string_sub script to /home/intern1/ros2_ws/install/education_material/lib/education_material
[5.061s] writing list of installed files to '/home/intern1/ros2_ws/build/education_material/install.log'
[5.891s] Invoked command in '/home/intern1/ros2_ws/src/education_material' returned '0': DEBUGINFOD_URLS=https://debuginfod.ubuntu.com PYTHONPATH=/home/intern1/ros2_ws/build/education_material/prefix_override:/usr/lib/python3/dist-packages/colcon_core/task/python/colcon_distutils_commands:/home/intern1/ros2_ws/install/education_material/lib/python3.12/site-packages:${PYTHONPATH} /usr/bin/python3 -W ignore:setup.py install is deprecated -W ignore:easy_install command is deprecated setup.py egg_info --egg-base ../../build/education_material build --build-base /home/intern1/ros2_ws/build/education_material/build install --record /home/intern1/ros2_ws/build/education_material/install.log --single-version-externally-managed install_data
