[6.137s] Invoking command in '/home/intern1/ros2_ws/src/examples/rclpy/executors': DEBUGINFOD_URLS=https://debuginfod.ubuntu.com PYTHONPATH=/home/intern1/ros2_ws/build/examples_rclpy_executors/prefix_override:/usr/lib/python3/dist-packages/colcon_core/task/python/colcon_distutils_commands:/home/intern1/ros2_ws/install/examples_rclpy_executors/lib/python3.12/site-packages:${PYTHONPATH} /usr/bin/python3 -W ignore:setup.py install is deprecated -W ignore:easy_install command is deprecated setup.py egg_info --egg-base ../../../../build/examples_rclpy_executors build --build-base /home/intern1/ros2_ws/build/examples_rclpy_executors/build install --record /home/intern1/ros2_ws/build/examples_rclpy_executors/install.log --single-version-externally-managed install_data
[7.049s] running egg_info
[7.106s] writing ../../../../build/examples_rclpy_executors/examples_rclpy_executors.egg-info/PKG-INFO
[7.111s] writing dependency_links to ../../../../build/examples_rclpy_executors/examples_rclpy_executors.egg-info/dependency_links.txt
[7.111s] writing entry points to ../../../../build/examples_rclpy_executors/examples_rclpy_executors.egg-info/entry_points.txt
[7.112s] writing requirements to ../../../../build/examples_rclpy_executors/examples_rclpy_executors.egg-info/requires.txt
[7.112s] writing top-level names to ../../../../build/examples_rclpy_executors/examples_rclpy_executors.egg-info/top_level.txt
[7.228s] reading manifest file '../../../../build/examples_rclpy_executors/examples_rclpy_executors.egg-info/SOURCES.txt'
[7.234s] writing manifest file '../../../../build/examples_rclpy_executors/examples_rclpy_executors.egg-info/SOURCES.txt'
[7.234s] running build
[7.234s] running build_py
[7.235s] running install
[7.249s] running install_lib
[7.313s] running install_data
[7.313s] running install_egg_info
[7.377s] removing '/home/intern1/ros2_ws/install/examples_rclpy_executors/lib/python3.12/site-packages/examples_rclpy_executors-0.19.7-py3.12.egg-info' (and everything under it)
[7.378s] Copying ../../../../build/examples_rclpy_executors/examples_rclpy_executors.egg-info to /home/intern1/ros2_ws/install/examples_rclpy_executors/lib/python3.12/site-packages/examples_rclpy_executors-0.19.7-py3.12.egg-info
[7.380s] running install_scripts
[7.792s] Installing callback_group script to /home/intern1/ros2_ws/install/examples_rclpy_executors/lib/examples_rclpy_executors
[7.793s] Installing composed script to /home/intern1/ros2_ws/install/examples_rclpy_executors/lib/examples_rclpy_executors
[7.794s] Installing custom_callback_group script to /home/intern1/ros2_ws/install/examples_rclpy_executors/lib/examples_rclpy_executors
[7.794s] Installing custom_executor script to /home/intern1/ros2_ws/install/examples_rclpy_executors/lib/examples_rclpy_executors
[7.794s] Installing listener script to /home/intern1/ros2_ws/install/examples_rclpy_executors/lib/examples_rclpy_executors
[7.796s] Installing talker script to /home/intern1/ros2_ws/install/examples_rclpy_executors/lib/examples_rclpy_executors
[7.796s] writing list of installed files to '/home/intern1/ros2_ws/build/examples_rclpy_executors/install.log'
[8.499s] Invoked command in '/home/intern1/ros2_ws/src/examples/rclpy/executors' returned '0': DEBUGINFOD_URLS=https://debuginfod.ubuntu.com PYTHONPATH=/home/intern1/ros2_ws/build/examples_rclpy_executors/prefix_override:/usr/lib/python3/dist-packages/colcon_core/task/python/colcon_distutils_commands:/home/intern1/ros2_ws/install/examples_rclpy_executors/lib/python3.12/site-packages:${PYTHONPATH} /usr/bin/python3 -W ignore:setup.py install is deprecated -W ignore:easy_install command is deprecated setup.py egg_info --egg-base ../../../../build/examples_rclpy_executors build --build-base /home/intern1/ros2_ws/build/examples_rclpy_executors/build install --record /home/intern1/ros2_ws/build/examples_rclpy_executors/install.log --single-version-externally-managed install_data
