[4.429s] DEBUG:colcon:Command line arguments: ['/usr/bin/colcon', 'build']
[4.430s] DEBUG:colcon:Parsed command line arguments: Namespace(log_base=None, log_level=None, verb_name='build', build_base='build', install_base='install', merge_install=False, symlink_install=False, test_result_base=None, continue_on_error=False, executor='parallel', parallel_workers=4, event_handlers=None, ignore_user_meta=False, metas=['./colcon.meta'], base_paths=['.'], packages_ignore=None, packages_ignore_regex=None, paths=None, packages_up_to=None, packages_up_to_regex=None, packages_above=None, packages_above_and_dependencies=None, packages_above_depth=None, packages_select_by_dep=None, packages_skip_by_dep=None, packages_skip_up_to=None, packages_select_build_failed=False, packages_skip_build_finished=False, packages_select_test_failures=False, packages_skip_test_passed=False, packages_select=None, packages_skip=None, packages_select_regex=None, packages_skip_regex=None, packages_start=None, packages_end=None, allow_overriding=[], cmake_args=None, cmake_target=None, cmake_target_skip_unavailable=False, cmake_clean_cache=False, cmake_clean_first=False, cmake_force_configure=False, ament_cmake_args=None, catkin_cmake_args=None, catkin_skip_building_tests=False, verb_parser=<colcon_defaults.argument_parser.defaults.DefaultArgumentsDecorator object at 0xffffb1122bc0>, verb_extension=<colcon_core.verb.build.BuildVerb object at 0xffffb15e3e80>, main=<bound method BuildVerb.main of <colcon_core.verb.build.BuildVerb object at 0xffffb15e3e80>>)
[4.634s] Level 1:colcon.colcon_core.package_discovery:discover_packages(colcon_meta) check parameters
[4.635s] Level 1:colcon.colcon_core.package_discovery:discover_packages(recursive) check parameters
[4.635s] Level 1:colcon.colcon_core.package_discovery:discover_packages(ignore) check parameters
[4.635s] Level 1:colcon.colcon_core.package_discovery:discover_packages(path) check parameters
[4.635s] Level 1:colcon.colcon_core.package_discovery:discover_packages(colcon_meta) discover
[4.636s] Level 1:colcon.colcon_core.package_discovery:discover_packages(recursive) discover
[4.636s] INFO:colcon.colcon_core.package_discovery:Crawling recursively for packages in '/home/ms05/ros2_om_ws/src/om_modbus_master_V201/om_modbus_master'
[4.636s] Level 1:colcon.colcon_core.package_identification:_identify(.) by extensions ['ignore', 'ignore_ament_install']
[4.637s] Level 1:colcon.colcon_core.package_identification:_identify(.) by extension 'ignore'
[4.637s] Level 1:colcon.colcon_core.package_identification:_identify(.) by extension 'ignore_ament_install'
[4.637s] Level 1:colcon.colcon_core.package_identification:_identify(.) by extensions ['colcon_pkg']
[4.637s] Level 1:colcon.colcon_core.package_identification:_identify(.) by extension 'colcon_pkg'
[4.637s] Level 1:colcon.colcon_core.package_identification:_identify(.) by extensions ['colcon_meta']
[4.637s] Level 1:colcon.colcon_core.package_identification:_identify(.) by extension 'colcon_meta'
[4.638s] Level 1:colcon.colcon_core.package_identification:_identify(.) by extensions ['ros']
[4.638s] Level 1:colcon.colcon_core.package_identification:_identify(.) by extension 'ros'
[4.694s] DEBUG:colcon.colcon_core.package_identification:Package '.' with type 'ros.ament_cmake' and name 'om_modbus_master'
[4.694s] Level 1:colcon.colcon_core.package_discovery:discover_packages(recursive) using defaults
[4.695s] Level 1:colcon.colcon_core.package_discovery:discover_packages(ignore) discover
[4.695s] Level 1:colcon.colcon_core.package_discovery:discover_packages(ignore) using defaults
[4.695s] Level 1:colcon.colcon_core.package_discovery:discover_packages(path) discover
[4.695s] Level 1:colcon.colcon_core.package_discovery:discover_packages(path) using defaults
[5.080s] Level 1:colcon.colcon_core.package_discovery:discover_packages(prefix_path) check parameters
[5.080s] Level 1:colcon.colcon_core.package_discovery:discover_packages(prefix_path) discover
[5.219s] DEBUG:colcon.colcon_installed_package_information.package_discovery:Found 276 installed packages in /opt/ros/humble
[5.226s] Level 1:colcon.colcon_core.package_discovery:discover_packages(prefix_path) using defaults
[5.622s] Level 5:colcon.colcon_core.verb:set package 'om_modbus_master' build argument 'cmake_args' from command line to 'None'
[5.622s] Level 5:colcon.colcon_core.verb:set package 'om_modbus_master' build argument 'cmake_target' from command line to 'None'
[5.622s] Level 5:colcon.colcon_core.verb:set package 'om_modbus_master' build argument 'cmake_target_skip_unavailable' from command line to 'False'
[5.622s] Level 5:colcon.colcon_core.verb:set package 'om_modbus_master' build argument 'cmake_clean_cache' from command line to 'False'
[5.622s] Level 5:colcon.colcon_core.verb:set package 'om_modbus_master' build argument 'cmake_clean_first' from command line to 'False'
[5.622s] Level 5:colcon.colcon_core.verb:set package 'om_modbus_master' build argument 'cmake_force_configure' from command line to 'False'
[5.623s] Level 5:colcon.colcon_core.verb:set package 'om_modbus_master' build argument 'ament_cmake_args' from command line to 'None'
[5.623s] Level 5:colcon.colcon_core.verb:set package 'om_modbus_master' build argument 'catkin_cmake_args' from command line to 'None'
[5.623s] Level 5:colcon.colcon_core.verb:set package 'om_modbus_master' build argument 'catkin_skip_building_tests' from command line to 'False'
[5.623s] DEBUG:colcon.colcon_core.verb:Building package 'om_modbus_master' with the following arguments: {'ament_cmake_args': None, 'build_base': '/home/ms05/ros2_om_ws/src/om_modbus_master_V201/om_modbus_master/build/om_modbus_master', 'catkin_cmake_args': None, 'catkin_skip_building_tests': False, 'cmake_args': None, 'cmake_clean_cache': False, 'cmake_clean_first': False, 'cmake_force_configure': False, 'cmake_target': None, 'cmake_target_skip_unavailable': False, 'install_base': '/home/ms05/ros2_om_ws/src/om_modbus_master_V201/om_modbus_master/install/om_modbus_master', 'merge_install': False, 'path': '/home/ms05/ros2_om_ws/src/om_modbus_master_V201/om_modbus_master', 'symlink_install': False, 'test_result_base': None}
[5.684s] INFO:colcon.colcon_core.executor:Executing jobs using 'parallel' executor
[5.749s] DEBUG:colcon.colcon_parallel_executor.executor.parallel:run_until_complete
[5.750s] INFO:colcon.colcon_ros.task.ament_cmake.build:Building ROS package in '/home/ms05/ros2_om_ws/src/om_modbus_master_V201/om_modbus_master' with build type 'ament_cmake'
[5.751s] INFO:colcon.colcon_cmake.task.cmake.build:Building CMake package in '/home/ms05/ros2_om_ws/src/om_modbus_master_V201/om_modbus_master'
[5.827s] INFO:colcon.colcon_core.plugin_system:Skipping extension 'colcon_core.shell.bat': Not used on non-Windows systems
[5.828s] INFO:colcon.colcon_core.shell:Skip shell extension 'powershell' for command environment: Not usable outside of PowerShell
[5.829s] DEBUG:colcon.colcon_core.shell:Skip shell extension 'dsv' for command environment
[6.012s] DEBUG:colcon.colcon_core.event_handler.log_command:Invoking command in '/home/ms05/ros2_om_ws/src/om_modbus_master_V201/om_modbus_master/build/om_modbus_master': CMAKE_PREFIX_PATH=/opt/ros/humble /usr/bin/cmake /home/ms05/ros2_om_ws/src/om_modbus_master_V201/om_modbus_master -DCMAKE_INSTALL_PREFIX=/home/ms05/ros2_om_ws/src/om_modbus_master_V201/om_modbus_master/install/om_modbus_master
[8.972s] DEBUG:colcon.colcon_core.event_handler.log_command:Invoked command in '/home/ms05/ros2_om_ws/src/om_modbus_master_V201/om_modbus_master/build/om_modbus_master' returned '1': CMAKE_PREFIX_PATH=/opt/ros/humble /usr/bin/cmake /home/ms05/ros2_om_ws/src/om_modbus_master_V201/om_modbus_master -DCMAKE_INSTALL_PREFIX=/home/ms05/ros2_om_ws/src/om_modbus_master_V201/om_modbus_master/install/om_modbus_master
[9.023s] Level 1:colcon.colcon_core.environment:create_environment_scripts_only(om_modbus_master)
[9.104s] Level 1:colcon.colcon_core.environment:checking '/home/ms05/ros2_om_ws/src/om_modbus_master_V201/om_modbus_master/install/om_modbus_master' for CMake module files
[9.106s] Level 1:colcon.colcon_core.environment:checking '/home/ms05/ros2_om_ws/src/om_modbus_master_V201/om_modbus_master/install/om_modbus_master' for CMake config files
[9.109s] Level 1:colcon.colcon_core.environment:checking '/home/ms05/ros2_om_ws/src/om_modbus_master_V201/om_modbus_master/install/om_modbus_master/bin'
[9.109s] Level 1:colcon.colcon_core.environment:checking '/home/ms05/ros2_om_ws/src/om_modbus_master_V201/om_modbus_master/install/om_modbus_master/lib/pkgconfig/om_modbus_master.pc'
[9.110s] Level 1:colcon.colcon_core.environment:checking '/home/ms05/ros2_om_ws/src/om_modbus_master_V201/om_modbus_master/install/om_modbus_master/lib/python3.10/site-packages'
[9.111s] Level 1:colcon.colcon_core.environment:checking '/home/ms05/ros2_om_ws/src/om_modbus_master_V201/om_modbus_master/install/om_modbus_master/bin'
[9.177s] INFO:colcon.colcon_core.shell:Creating package script '/home/ms05/ros2_om_ws/src/om_modbus_master_V201/om_modbus_master/install/om_modbus_master/share/om_modbus_master/package.ps1'
[9.181s] INFO:colcon.colcon_core.shell:Creating package descriptor '/home/ms05/ros2_om_ws/src/om_modbus_master_V201/om_modbus_master/install/om_modbus_master/share/om_modbus_master/package.dsv'
[9.182s] INFO:colcon.colcon_core.shell:Creating package script '/home/ms05/ros2_om_ws/src/om_modbus_master_V201/om_modbus_master/install/om_modbus_master/share/om_modbus_master/package.sh'
[9.185s] INFO:colcon.colcon_core.shell:Creating package script '/home/ms05/ros2_om_ws/src/om_modbus_master_V201/om_modbus_master/install/om_modbus_master/share/om_modbus_master/package.bash'
[9.188s] INFO:colcon.colcon_core.shell:Creating package script '/home/ms05/ros2_om_ws/src/om_modbus_master_V201/om_modbus_master/install/om_modbus_master/share/om_modbus_master/package.zsh'
[9.192s] Level 1:colcon.colcon_core.environment:create_file_with_runtime_dependencies(/home/ms05/ros2_om_ws/src/om_modbus_master_V201/om_modbus_master/install/om_modbus_master/share/colcon-core/packages/om_modbus_master)
[9.204s] DEBUG:colcon.colcon_parallel_executor.executor.parallel:closing loop
[9.205s] DEBUG:colcon.colcon_parallel_executor.executor.parallel:loop closed
[9.205s] DEBUG:colcon.colcon_parallel_executor.executor.parallel:run_until_complete finished with '1'
[9.205s] DEBUG:colcon.colcon_core.event_reactor:joining thread
[9.297s] INFO:colcon.colcon_core.plugin_system:Skipping extension 'colcon_notification.desktop_notification.terminal_notifier': Not used on non-Darwin systems
[9.298s] INFO:colcon.colcon_core.plugin_system:Skipping extension 'colcon_notification.desktop_notification.win32': Not used on non-Windows systems
[9.298s] INFO:colcon.colcon_notification.desktop_notification:Sending desktop notification using 'notify2'
[9.350s] DEBUG:colcon.colcon_core.event_reactor:joined thread
[9.442s] INFO:colcon.colcon_core.shell:Creating prefix script '/home/ms05/ros2_om_ws/src/om_modbus_master_V201/om_modbus_master/install/local_setup.ps1'
[9.450s] INFO:colcon.colcon_core.shell:Creating prefix util module '/home/ms05/ros2_om_ws/src/om_modbus_master_V201/om_modbus_master/install/_local_setup_util_ps1.py'
[9.457s] INFO:colcon.colcon_core.shell:Creating prefix chain script '/home/ms05/ros2_om_ws/src/om_modbus_master_V201/om_modbus_master/install/setup.ps1'
[9.534s] INFO:colcon.colcon_core.shell:Creating prefix script '/home/ms05/ros2_om_ws/src/om_modbus_master_V201/om_modbus_master/install/local_setup.sh'
[9.537s] INFO:colcon.colcon_core.shell:Creating prefix util module '/home/ms05/ros2_om_ws/src/om_modbus_master_V201/om_modbus_master/install/_local_setup_util_sh.py'
[9.540s] INFO:colcon.colcon_core.shell:Creating prefix chain script '/home/ms05/ros2_om_ws/src/om_modbus_master_V201/om_modbus_master/install/setup.sh'
[9.610s] INFO:colcon.colcon_core.shell:Creating prefix script '/home/ms05/ros2_om_ws/src/om_modbus_master_V201/om_modbus_master/install/local_setup.bash'
[9.612s] INFO:colcon.colcon_core.shell:Creating prefix chain script '/home/ms05/ros2_om_ws/src/om_modbus_master_V201/om_modbus_master/install/setup.bash'
[9.678s] INFO:colcon.colcon_core.shell:Creating prefix script '/home/ms05/ros2_om_ws/src/om_modbus_master_V201/om_modbus_master/install/local_setup.zsh'
[9.681s] INFO:colcon.colcon_core.shell:Creating prefix chain script '/home/ms05/ros2_om_ws/src/om_modbus_master_V201/om_modbus_master/install/setup.zsh'
