[2.191s] Invoking command in '/home/intern1/ros2_ws/src/examples/rclpy/services/minimal_service': DEBUGINFOD_URLS=https://debuginfod.ubuntu.com PYTHONPATH=/home/intern1/ros2_ws/build/examples_rclpy_minimal_service/prefix_override:/usr/lib/python3/dist-packages/colcon_core/task/python/colcon_distutils_commands:/home/intern1/ros2_ws/install/examples_rclpy_minimal_service/lib/python3.12/site-packages:${PYTHONPATH} /usr/bin/python3 -W ignore:setup.py install is deprecated -W ignore:easy_install command is deprecated setup.py egg_info --egg-base ../../../../../build/examples_rclpy_minimal_service build --build-base /home/intern1/ros2_ws/build/examples_rclpy_minimal_service/build install --record /home/intern1/ros2_ws/build/examples_rclpy_minimal_service/install.log --single-version-externally-managed install_data
[2.907s] running egg_info
[2.908s] creating ../../../../../build/examples_rclpy_minimal_service/examples_rclpy_minimal_service.egg-info
[2.959s] writing ../../../../../build/examples_rclpy_minimal_service/examples_rclpy_minimal_service.egg-info/PKG-INFO
[2.960s] writing dependency_links to ../../../../../build/examples_rclpy_minimal_service/examples_rclpy_minimal_service.egg-info/dependency_links.txt
[2.963s] writing entry points to ../../../../../build/examples_rclpy_minimal_service/examples_rclpy_minimal_service.egg-info/entry_points.txt
[2.964s] writing requirements to ../../../../../build/examples_rclpy_minimal_service/examples_rclpy_minimal_service.egg-info/requires.txt
[2.964s] writing top-level names to ../../../../../build/examples_rclpy_minimal_service/examples_rclpy_minimal_service.egg-info/top_level.txt
[2.964s] writing manifest file '../../../../../build/examples_rclpy_minimal_service/examples_rclpy_minimal_service.egg-info/SOURCES.txt'
[3.097s] reading manifest file '../../../../../build/examples_rclpy_minimal_service/examples_rclpy_minimal_service.egg-info/SOURCES.txt'
[3.100s] writing manifest file '../../../../../build/examples_rclpy_minimal_service/examples_rclpy_minimal_service.egg-info/SOURCES.txt'
[3.102s] running build
[3.103s] running build_py
[3.105s] creating /home/intern1/ros2_ws/build/examples_rclpy_minimal_service/build
[3.107s] creating /home/intern1/ros2_ws/build/examples_rclpy_minimal_service/build/lib
[3.107s] creating /home/intern1/ros2_ws/build/examples_rclpy_minimal_service/build/lib/examples_rclpy_minimal_service
[3.109s] copying examples_rclpy_minimal_service/service_member_function.py -> /home/intern1/ros2_ws/build/examples_rclpy_minimal_service/build/lib/examples_rclpy_minimal_service
[3.109s] copying examples_rclpy_minimal_service/service.py -> /home/intern1/ros2_ws/build/examples_rclpy_minimal_service/build/lib/examples_rclpy_minimal_service
[3.115s] copying examples_rclpy_minimal_service/__init__.py -> /home/intern1/ros2_ws/build/examples_rclpy_minimal_service/build/lib/examples_rclpy_minimal_service
[3.115s] running install
[3.130s] running install_lib
[3.225s] creating /home/intern1/ros2_ws/install/examples_rclpy_minimal_service/lib/python3.12/site-packages/examples_rclpy_minimal_service
[3.226s] copying /home/intern1/ros2_ws/build/examples_rclpy_minimal_service/build/lib/examples_rclpy_minimal_service/service_member_function.py -> /home/intern1/ros2_ws/install/examples_rclpy_minimal_service/lib/python3.12/site-packages/examples_rclpy_minimal_service
[3.231s] copying /home/intern1/ros2_ws/build/examples_rclpy_minimal_service/build/lib/examples_rclpy_minimal_service/service.py -> /home/intern1/ros2_ws/install/examples_rclpy_minimal_service/lib/python3.12/site-packages/examples_rclpy_minimal_service
[3.232s] copying /home/intern1/ros2_ws/build/examples_rclpy_minimal_service/build/lib/examples_rclpy_minimal_service/__init__.py -> /home/intern1/ros2_ws/install/examples_rclpy_minimal_service/lib/python3.12/site-packages/examples_rclpy_minimal_service
[3.232s] byte-compiling /home/intern1/ros2_ws/install/examples_rclpy_minimal_service/lib/python3.12/site-packages/examples_rclpy_minimal_service/service_member_function.py to service_member_function.cpython-312.pyc
[3.234s] byte-compiling /home/intern1/ros2_ws/install/examples_rclpy_minimal_service/lib/python3.12/site-packages/examples_rclpy_minimal_service/service.py to service.cpython-312.pyc
[3.238s] byte-compiling /home/intern1/ros2_ws/install/examples_rclpy_minimal_service/lib/python3.12/site-packages/examples_rclpy_minimal_service/__init__.py to __init__.cpython-312.pyc
[3.239s] running install_data
[3.241s] creating /home/intern1/ros2_ws/install/examples_rclpy_minimal_service/share/ament_index
[3.241s] creating /home/intern1/ros2_ws/install/examples_rclpy_minimal_service/share/ament_index/resource_index
[3.241s] creating /home/intern1/ros2_ws/install/examples_rclpy_minimal_service/share/ament_index/resource_index/packages
[3.241s] copying resource/examples_rclpy_minimal_service -> /home/intern1/ros2_ws/install/examples_rclpy_minimal_service/share/ament_index/resource_index/packages
[3.241s] copying package.xml -> /home/intern1/ros2_ws/install/examples_rclpy_minimal_service/share/examples_rclpy_minimal_service
[3.243s] running install_egg_info
[3.311s] Copying ../../../../../build/examples_rclpy_minimal_service/examples_rclpy_minimal_service.egg-info to /home/intern1/ros2_ws/install/examples_rclpy_minimal_service/lib/python3.12/site-packages/examples_rclpy_minimal_service-0.19.7-py3.12.egg-info
[3.313s] running install_scripts
[3.647s] Installing service script to /home/intern1/ros2_ws/install/examples_rclpy_minimal_service/lib/examples_rclpy_minimal_service
[3.648s] Installing service_member_function script to /home/intern1/ros2_ws/install/examples_rclpy_minimal_service/lib/examples_rclpy_minimal_service
[3.648s] writing list of installed files to '/home/intern1/ros2_ws/build/examples_rclpy_minimal_service/install.log'
[3.738s] Invoked command in '/home/intern1/ros2_ws/src/examples/rclpy/services/minimal_service' returned '0': DEBUGINFOD_URLS=https://debuginfod.ubuntu.com PYTHONPATH=/home/intern1/ros2_ws/build/examples_rclpy_minimal_service/prefix_override:/usr/lib/python3/dist-packages/colcon_core/task/python/colcon_distutils_commands:/home/intern1/ros2_ws/install/examples_rclpy_minimal_service/lib/python3.12/site-packages:${PYTHONPATH} /usr/bin/python3 -W ignore:setup.py install is deprecated -W ignore:easy_install command is deprecated setup.py egg_info --egg-base ../../../../../build/examples_rclpy_minimal_service build --build-base /home/intern1/ros2_ws/build/examples_rclpy_minimal_service/build install --record /home/intern1/ros2_ws/build/examples_rclpy_minimal_service/install.log --single-version-externally-managed install_data
