[0.591s] Invoking command in '/home/intern1/ros2_ws/build/turtlesim': CMAKE_PREFIX_PATH=${CMAKE_PREFIX_PATH}:/home/intern1/ros2_ws/install/tb3_multi_robot:/home/intern1/ros2_ws/install/launch_testing_examples:/home/intern1/ros2_ws/install/examples_rclpy_pointcloud_publisher:/home/intern1/ros2_ws/install/examples_rclpy_minimal_subscriber:/home/intern1/ros2_ws/install/examples_rclpy_minimal_service:/home/intern1/ros2_ws/install/examples_rclpy_minimal_publisher:/home/intern1/ros2_ws/install/examples_rclpy_minimal_client:/home/intern1/ros2_ws/install/examples_rclpy_minimal_action_server:/home/intern1/ros2_ws/install/examples_rclpy_minimal_action_client:/home/intern1/ros2_ws/install/examples_rclpy_guard_conditions:/home/intern1/ros2_ws/install/examples_rclpy_executors:/home/intern1/ros2_ws/install/education_material:/home/intern1/ros2_ws/install/camera_follow:/home/intern1/ros2_ws/install/amr_ws:/opt/ros/jazzy DEBUGINFOD_URLS=https://debuginfod.ubuntu.com /usr/bin/cmake --build /home/intern1/ros2_ws/build/turtlesim -- -j14 -l14
[0.771s] [  0%] Built target turtlesim__rosidl_generator_type_description
[0.823s] [  0%] Built target ament_cmake_python_copy_turtlesim
[0.884s] [  1%] Built target turtlesim__cpp
[0.915s] [ 24%] Built target turtlesim__rosidl_generator_c
[1.067s] [ 33%] Built target turtlesim__rosidl_typesupport_c
[1.139s] [ 48%] Built target turtlesim__rosidl_typesupport_fastrtps_cpp
[1.140s] [ 56%] Built target turtlesim__rosidl_typesupport_fastrtps_c
[1.146s] [ 59%] Built target turtlesim__rosidl_typesupport_introspection_c
[1.155s] [ 67%] Built target turtlesim__rosidl_typesupport_introspection_cpp
[1.165s] [ 76%] Built target turtlesim__rosidl_typesupport_cpp
[1.298s] [ 76%] Built target turtlesim
[1.367s] [ 77%] Built target draw_square
[1.367s] [ 82%] Built target turtlesim_node
[1.368s] [ 84%] Built target turtle_teleop_key
[1.388s] [ 84%] Built target turtlesim__py
[1.388s] [ 86%] Built target mimic
[1.450s] [ 94%] Built target turtlesim__rosidl_generator_py
[1.461s] running egg_info
[1.520s] [ 96%] Built target turtlesim_s__rosidl_typesupport_fastrtps_c
[1.522s] writing turtlesim.egg-info/PKG-INFO
[1.523s] writing dependency_links to turtlesim.egg-info/dependency_links.txt
[1.523s] writing top-level names to turtlesim.egg-info/top_level.txt
[1.552s] [ 98%] Built target turtlesim_s__rosidl_typesupport_introspection_c
[1.580s] [100%] Built target turtlesim_s__rosidl_typesupport_c
[1.763s] reading manifest file 'turtlesim.egg-info/SOURCES.txt'
[1.765s] writing manifest file 'turtlesim.egg-info/SOURCES.txt'
[1.874s] [100%] Built target ament_cmake_python_build_turtlesim_egg
[1.903s] Invoked command in '/home/intern1/ros2_ws/build/turtlesim' returned '0': CMAKE_PREFIX_PATH=${CMAKE_PREFIX_PATH}:/home/intern1/ros2_ws/install/tb3_multi_robot:/home/intern1/ros2_ws/install/launch_testing_examples:/home/intern1/ros2_ws/install/examples_rclpy_pointcloud_publisher:/home/intern1/ros2_ws/install/examples_rclpy_minimal_subscriber:/home/intern1/ros2_ws/install/examples_rclpy_minimal_service:/home/intern1/ros2_ws/install/examples_rclpy_minimal_publisher:/home/intern1/ros2_ws/install/examples_rclpy_minimal_client:/home/intern1/ros2_ws/install/examples_rclpy_minimal_action_server:/home/intern1/ros2_ws/install/examples_rclpy_minimal_action_client:/home/intern1/ros2_ws/install/examples_rclpy_guard_conditions:/home/intern1/ros2_ws/install/examples_rclpy_executors:/home/intern1/ros2_ws/install/education_material:/home/intern1/ros2_ws/install/camera_follow:/home/intern1/ros2_ws/install/amr_ws:/opt/ros/jazzy DEBUGINFOD_URLS=https://debuginfod.ubuntu.com /usr/bin/cmake --build /home/intern1/ros2_ws/build/turtlesim -- -j14 -l14
[1.908s] Invoking command in '/home/intern1/ros2_ws/build/turtlesim': CMAKE_PREFIX_PATH=${CMAKE_PREFIX_PATH}:/home/intern1/ros2_ws/install/tb3_multi_robot:/home/intern1/ros2_ws/install/launch_testing_examples:/home/intern1/ros2_ws/install/examples_rclpy_pointcloud_publisher:/home/intern1/ros2_ws/install/examples_rclpy_minimal_subscriber:/home/intern1/ros2_ws/install/examples_rclpy_minimal_service:/home/intern1/ros2_ws/install/examples_rclpy_minimal_publisher:/home/intern1/ros2_ws/install/examples_rclpy_minimal_client:/home/intern1/ros2_ws/install/examples_rclpy_minimal_action_server:/home/intern1/ros2_ws/install/examples_rclpy_minimal_action_client:/home/intern1/ros2_ws/install/examples_rclpy_guard_conditions:/home/intern1/ros2_ws/install/examples_rclpy_executors:/home/intern1/ros2_ws/install/education_material:/home/intern1/ros2_ws/install/camera_follow:/home/intern1/ros2_ws/install/amr_ws:/opt/ros/jazzy DEBUGINFOD_URLS=https://debuginfod.ubuntu.com /usr/bin/cmake --install /home/intern1/ros2_ws/build/turtlesim
[2.434s] -- Install configuration: ""
[2.438s] -- Up-to-date: /home/intern1/ros2_ws/install/turtlesim/share/ament_index/resource_index/rosidl_interfaces/turtlesim
[2.438s] -- Up-to-date: /home/intern1/ros2_ws/install/turtlesim/share/turtlesim/action/RotateAbsolute.json
[2.439s] -- Up-to-date: /home/intern1/ros2_ws/install/turtlesim/share/turtlesim/msg/Color.json
[2.439s] -- Up-to-date: /home/intern1/ros2_ws/install/turtlesim/share/turtlesim/msg/Pose.json
[2.441s] -- Up-to-date: /home/intern1/ros2_ws/install/turtlesim/share/turtlesim/srv/Kill.json
[2.449s] -- Up-to-date: /home/intern1/ros2_ws/install/turtlesim/share/turtlesim/srv/SetPen.json
[2.449s] -- Up-to-date: /home/intern1/ros2_ws/install/turtlesim/share/turtlesim/srv/Spawn.json
[2.449s] -- Up-to-date: /home/intern1/ros2_ws/install/turtlesim/share/turtlesim/srv/TeleportAbsolute.json
[2.449s] -- Up-to-date: /home/intern1/ros2_ws/install/turtlesim/share/turtlesim/srv/TeleportRelative.json
[2.449s] -- Up-to-date: /home/intern1/ros2_ws/install/turtlesim/include/turtlesim/turtlesim
[2.450s] -- Up-to-date: /home/intern1/ros2_ws/install/turtlesim/include/turtlesim/turtlesim/srv
[2.450s] -- Up-to-date: /home/intern1/ros2_ws/install/turtlesim/include/turtlesim/turtlesim/srv/set_pen.h
[2.450s] -- Up-to-date: /home/intern1/ros2_ws/install/turtlesim/include/turtlesim/turtlesim/srv/kill.h
[2.450s] -- Up-to-date: /home/intern1/ros2_ws/install/turtlesim/include/turtlesim/turtlesim/srv/detail
[2.450s] -- Up-to-date: /home/intern1/ros2_ws/install/turtlesim/include/turtlesim/turtlesim/srv/detail/teleport_absolute__functions.c
[2.452s] -- Installing: /home/intern1/ros2_ws/install/turtlesim/include/turtlesim/turtlesim/srv/detail/teleport_absolute__type_support.c
[2.452s] -- Up-to-date: /home/intern1/ros2_ws/install/turtlesim/include/turtlesim/turtlesim/srv/detail/spawn__type_support.h
[2.455s] -- Up-to-date: /home/intern1/ros2_ws/install/turtlesim/include/turtlesim/turtlesim/srv/detail/teleport_relative__functions.h
[2.456s] -- Up-to-date: /home/intern1/ros2_ws/install/turtlesim/include/turtlesim/turtlesim/srv/detail/kill__type_support.h
[2.456s] -- Up-to-date: /home/intern1/ros2_ws/install/turtlesim/include/turtlesim/turtlesim/srv/detail/spawn__struct.h
[2.456s] -- Up-to-date: /home/intern1/ros2_ws/install/turtlesim/include/turtlesim/turtlesim/srv/detail/set_pen__functions.c
[2.456s] -- Up-to-date: /home/intern1/ros2_ws/install/turtlesim/include/turtlesim/turtlesim/srv/detail/spawn__functions.h
[2.460s] -- Installing: /home/intern1/ros2_ws/install/turtlesim/include/turtlesim/turtlesim/srv/detail/set_pen__type_support.c
[2.467s] -- Up-to-date: /home/intern1/ros2_ws/install/turtlesim/include/turtlesim/turtlesim/srv/detail/spawn__functions.c
[2.468s] -- Up-to-date: /home/intern1/ros2_ws/install/turtlesim/include/turtlesim/turtlesim/srv/detail/set_pen__type_support.h
[2.468s] -- Up-to-date: /home/intern1/ros2_ws/install/turtlesim/include/turtlesim/turtlesim/srv/detail/teleport_relative__functions.c
[2.468s] -- Installing: /home/intern1/ros2_ws/install/turtlesim/include/turtlesim/turtlesim/srv/detail/teleport_relative__type_support.c
[2.468s] -- Up-to-date: /home/intern1/ros2_ws/install/turtlesim/include/turtlesim/turtlesim/srv/detail/teleport_relative__struct.h
[2.468s] -- Up-to-date: /home/intern1/ros2_ws/install/turtlesim/include/turtlesim/turtlesim/srv/detail/kill__struct.h
[2.468s] -- Installing: /home/intern1/ros2_ws/install/turtlesim/include/turtlesim/turtlesim/srv/detail/kill__type_support.c
[2.468s] -- Up-to-date: /home/intern1/ros2_ws/install/turtlesim/include/turtlesim/turtlesim/srv/detail/kill__functions.h
[2.468s] -- Up-to-date: /home/intern1/ros2_ws/install/turtlesim/include/turtlesim/turtlesim/srv/detail/teleport_relative__description.c
[2.469s] -- Up-to-date: /home/intern1/ros2_ws/install/turtlesim/include/turtlesim/turtlesim/srv/detail/spawn__description.c
[2.469s] -- Up-to-date: /home/intern1/ros2_ws/install/turtlesim/include/turtlesim/turtlesim/srv/detail/teleport_absolute__struct.h
[2.469s] -- Up-to-date: /home/intern1/ros2_ws/install/turtlesim/include/turtlesim/turtlesim/srv/detail/set_pen__description.c
[2.469s] -- Up-to-date: /home/intern1/ros2_ws/install/turtlesim/include/turtlesim/turtlesim/srv/detail/kill__functions.c
[2.469s] -- Up-to-date: /home/intern1/ros2_ws/install/turtlesim/include/turtlesim/turtlesim/srv/detail/kill__description.c
[2.469s] -- Up-to-date: /home/intern1/ros2_ws/install/turtlesim/include/turtlesim/turtlesim/srv/detail/teleport_absolute__description.c
[2.469s] -- Up-to-date: /home/intern1/ros2_ws/install/turtlesim/include/turtlesim/turtlesim/srv/detail/teleport_absolute__type_support.h
[2.470s] -- Up-to-date: /home/intern1/ros2_ws/install/turtlesim/include/turtlesim/turtlesim/srv/detail/set_pen__functions.h
[2.470s] -- Installing: /home/intern1/ros2_ws/install/turtlesim/include/turtlesim/turtlesim/srv/detail/spawn__type_support.c
[2.470s] -- Up-to-date: /home/intern1/ros2_ws/install/turtlesim/include/turtlesim/turtlesim/srv/detail/teleport_absolute__functions.h
[2.470s] -- Up-to-date: /home/intern1/ros2_ws/install/turtlesim/include/turtlesim/turtlesim/srv/detail/teleport_relative__type_support.h
[2.470s] -- Up-to-date: /home/intern1/ros2_ws/install/turtlesim/include/turtlesim/turtlesim/srv/detail/set_pen__struct.h
[2.472s] -- Up-to-date: /home/intern1/ros2_ws/install/turtlesim/include/turtlesim/turtlesim/srv/teleport_absolute.h
[2.472s] -- Up-to-date: /home/intern1/ros2_ws/install/turtlesim/include/turtlesim/turtlesim/srv/teleport_relative.h
[2.472s] -- Up-to-date: /home/intern1/ros2_ws/install/turtlesim/include/turtlesim/turtlesim/srv/spawn.h
[2.472s] -- Up-to-date: /home/intern1/ros2_ws/install/turtlesim/include/turtlesim/turtlesim/msg
[2.472s] -- Up-to-date: /home/intern1/ros2_ws/install/turtlesim/include/turtlesim/turtlesim/msg/detail
[2.472s] -- Up-to-date: /home/intern1/ros2_ws/install/turtlesim/include/turtlesim/turtlesim/msg/detail/pose__functions.h
[2.473s] -- Up-to-date: /home/intern1/ros2_ws/install/turtlesim/include/turtlesim/turtlesim/msg/detail/color__type_support.h
[2.473s] -- Up-to-date: /home/intern1/ros2_ws/install/turtlesim/include/turtlesim/turtlesim/msg/detail/color__struct.h
[2.473s] -- Up-to-date: /home/intern1/ros2_ws/install/turtlesim/include/turtlesim/turtlesim/msg/detail/pose__functions.c
[2.473s] -- Up-to-date: /home/intern1/ros2_ws/install/turtlesim/include/turtlesim/turtlesim/msg/detail/pose__type_support.h
[2.473s] -- Up-to-date: /home/intern1/ros2_ws/install/turtlesim/include/turtlesim/turtlesim/msg/detail/color__functions.c
[2.473s] -- Installing: /home/intern1/ros2_ws/install/turtlesim/include/turtlesim/turtlesim/msg/detail/color__type_support.c
[2.473s] -- Installing: /home/intern1/ros2_ws/install/turtlesim/include/turtlesim/turtlesim/msg/detail/pose__type_support.c
[2.473s] -- Up-to-date: /home/intern1/ros2_ws/install/turtlesim/include/turtlesim/turtlesim/msg/detail/color__description.c
[2.474s] -- Up-to-date: /home/intern1/ros2_ws/install/turtlesim/include/turtlesim/turtlesim/msg/detail/color__functions.h
[2.474s] -- Up-to-date: /home/intern1/ros2_ws/install/turtlesim/include/turtlesim/turtlesim/msg/detail/pose__description.c
[2.474s] -- Up-to-date: /home/intern1/ros2_ws/install/turtlesim/include/turtlesim/turtlesim/msg/detail/pose__struct.h
[2.474s] -- Up-to-date: /home/intern1/ros2_ws/install/turtlesim/include/turtlesim/turtlesim/msg/color.h
[2.474s] -- Up-to-date: /home/intern1/ros2_ws/install/turtlesim/include/turtlesim/turtlesim/msg/pose.h
[2.474s] -- Up-to-date: /home/intern1/ros2_ws/install/turtlesim/include/turtlesim/turtlesim/msg/rosidl_generator_c__visibility_control.h
[2.474s] -- Up-to-date: /home/intern1/ros2_ws/install/turtlesim/include/turtlesim/turtlesim/action
[2.475s] -- Up-to-date: /home/intern1/ros2_ws/install/turtlesim/include/turtlesim/turtlesim/action/detail
[2.475s] -- Up-to-date: /home/intern1/ros2_ws/install/turtlesim/include/turtlesim/turtlesim/action/detail/rotate_absolute__struct.h
[2.475s] -- Up-to-date: /home/intern1/ros2_ws/install/turtlesim/include/turtlesim/turtlesim/action/detail/rotate_absolute__functions.h
[2.475s] -- Installing: /home/intern1/ros2_ws/install/turtlesim/include/turtlesim/turtlesim/action/detail/rotate_absolute__type_support.c
[2.475s] -- Up-to-date: /home/intern1/ros2_ws/install/turtlesim/include/turtlesim/turtlesim/action/detail/rotate_absolute__functions.c
[2.487s] -- Up-to-date: /home/intern1/ros2_ws/install/turtlesim/include/turtlesim/turtlesim/action/detail/rotate_absolute__type_support.h
[2.488s] -- Up-to-date: /home/intern1/ros2_ws/install/turtlesim/include/turtlesim/turtlesim/action/detail/rotate_absolute__description.c
[2.488s] -- Up-to-date: /home/intern1/ros2_ws/install/turtlesim/include/turtlesim/turtlesim/action/rotate_absolute.h
[2.488s] -- Up-to-date: /home/intern1/ros2_ws/install/turtlesim/share/turtlesim/environment/library_path.sh
[2.488s] -- Up-to-date: /home/intern1/ros2_ws/install/turtlesim/share/turtlesim/environment/library_path.dsv
[2.488s] -- Up-to-date: /home/intern1/ros2_ws/install/turtlesim/lib/libturtlesim__rosidl_generator_c.so
[2.488s] -- Up-to-date: /home/intern1/ros2_ws/install/turtlesim/include/turtlesim/turtlesim
[2.488s] -- Up-to-date: /home/intern1/ros2_ws/install/turtlesim/include/turtlesim/turtlesim/srv
[2.488s] -- Up-to-date: /home/intern1/ros2_ws/install/turtlesim/include/turtlesim/turtlesim/srv/detail
[2.489s] -- Up-to-date: /home/intern1/ros2_ws/install/turtlesim/include/turtlesim/turtlesim/srv/detail/kill__rosidl_typesupport_fastrtps_c.h
[2.489s] -- Up-to-date: /home/intern1/ros2_ws/install/turtlesim/include/turtlesim/turtlesim/srv/detail/spawn__rosidl_typesupport_fastrtps_c.h
[2.489s] -- Up-to-date: /home/intern1/ros2_ws/install/turtlesim/include/turtlesim/turtlesim/srv/detail/teleport_absolute__rosidl_typesupport_fastrtps_c.h
[2.489s] -- Up-to-date: /home/intern1/ros2_ws/install/turtlesim/include/turtlesim/turtlesim/srv/detail/set_pen__rosidl_typesupport_fastrtps_c.h
[2.489s] -- Up-to-date: /home/intern1/ros2_ws/install/turtlesim/include/turtlesim/turtlesim/srv/detail/teleport_relative__rosidl_typesupport_fastrtps_c.h
[2.489s] -- Up-to-date: /home/intern1/ros2_ws/install/turtlesim/include/turtlesim/turtlesim/msg
[2.489s] -- Up-to-date: /home/intern1/ros2_ws/install/turtlesim/include/turtlesim/turtlesim/msg/detail
[2.489s] -- Up-to-date: /home/intern1/ros2_ws/install/turtlesim/include/turtlesim/turtlesim/msg/detail/pose__rosidl_typesupport_fastrtps_c.h
[2.489s] -- Up-to-date: /home/intern1/ros2_ws/install/turtlesim/include/turtlesim/turtlesim/msg/detail/color__rosidl_typesupport_fastrtps_c.h
[2.490s] -- Up-to-date: /home/intern1/ros2_ws/install/turtlesim/include/turtlesim/turtlesim/msg/rosidl_typesupport_fastrtps_c__visibility_control.h
[2.490s] -- Up-to-date: /home/intern1/ros2_ws/install/turtlesim/include/turtlesim/turtlesim/action
[2.490s] -- Up-to-date: /home/intern1/ros2_ws/install/turtlesim/include/turtlesim/turtlesim/action/detail
[2.490s] -- Up-to-date: /home/intern1/ros2_ws/install/turtlesim/include/turtlesim/turtlesim/action/detail/rotate_absolute__rosidl_typesupport_fastrtps_c.h
[2.490s] -- Up-to-date: /home/intern1/ros2_ws/install/turtlesim/lib/libturtlesim__rosidl_typesupport_fastrtps_c.so
[2.493s] -- Up-to-date: /home/intern1/ros2_ws/install/turtlesim/include/turtlesim/turtlesim
[2.493s] -- Up-to-date: /home/intern1/ros2_ws/install/turtlesim/include/turtlesim/turtlesim/srv
[2.494s] -- Up-to-date: /home/intern1/ros2_ws/install/turtlesim/include/turtlesim/turtlesim/srv/teleport_relative.hpp
[2.494s] -- Up-to-date: /home/intern1/ros2_ws/install/turtlesim/include/turtlesim/turtlesim/srv/kill.hpp
[2.494s] -- Up-to-date: /home/intern1/ros2_ws/install/turtlesim/include/turtlesim/turtlesim/srv/teleport_absolute.hpp
[2.494s] -- Up-to-date: /home/intern1/ros2_ws/install/turtlesim/include/turtlesim/turtlesim/srv/detail
[2.494s] -- Up-to-date: /home/intern1/ros2_ws/install/turtlesim/include/turtlesim/turtlesim/srv/detail/kill__struct.hpp
[2.494s] -- Up-to-date: /home/intern1/ros2_ws/install/turtlesim/include/turtlesim/turtlesim/srv/detail/set_pen__builder.hpp
[2.494s] -- Up-to-date: /home/intern1/ros2_ws/install/turtlesim/include/turtlesim/turtlesim/srv/detail/teleport_relative__traits.hpp
[2.494s] -- Up-to-date: /home/intern1/ros2_ws/install/turtlesim/include/turtlesim/turtlesim/srv/detail/teleport_relative__struct.hpp
[2.495s] -- Up-to-date: /home/intern1/ros2_ws/install/turtlesim/include/turtlesim/turtlesim/srv/detail/set_pen__struct.hpp
[2.495s] -- Up-to-date: /home/intern1/ros2_ws/install/turtlesim/include/turtlesim/turtlesim/srv/detail/teleport_relative__type_support.hpp
[2.495s] -- Up-to-date: /home/intern1/ros2_ws/install/turtlesim/include/turtlesim/turtlesim/srv/detail/teleport_absolute__traits.hpp
[2.495s] -- Up-to-date: /home/intern1/ros2_ws/install/turtlesim/include/turtlesim/turtlesim/srv/detail/kill__traits.hpp
[2.495s] -- Up-to-date: /home/intern1/ros2_ws/install/turtlesim/include/turtlesim/turtlesim/srv/detail/kill__builder.hpp
[2.495s] -- Up-to-date: /home/intern1/ros2_ws/install/turtlesim/include/turtlesim/turtlesim/srv/detail/spawn__type_support.hpp
[2.495s] -- Up-to-date: /home/intern1/ros2_ws/install/turtlesim/include/turtlesim/turtlesim/srv/detail/spawn__struct.hpp
[2.496s] -- Up-to-date: /home/intern1/ros2_ws/install/turtlesim/include/turtlesim/turtlesim/srv/detail/set_pen__traits.hpp
[2.496s] -- Up-to-date: /home/intern1/ros2_ws/install/turtlesim/include/turtlesim/turtlesim/srv/detail/teleport_absolute__type_support.hpp
[2.496s] -- Up-to-date: /home/intern1/ros2_ws/install/turtlesim/include/turtlesim/turtlesim/srv/detail/spawn__builder.hpp
[2.496s] -- Up-to-date: /home/intern1/ros2_ws/install/turtlesim/include/turtlesim/turtlesim/srv/detail/set_pen__type_support.hpp
[2.498s] -- Up-to-date: /home/intern1/ros2_ws/install/turtlesim/include/turtlesim/turtlesim/srv/detail/teleport_absolute__builder.hpp
[2.499s] -- Up-to-date: /home/intern1/ros2_ws/install/turtlesim/include/turtlesim/turtlesim/srv/detail/kill__type_support.hpp
[2.499s] -- Up-to-date: /home/intern1/ros2_ws/install/turtlesim/include/turtlesim/turtlesim/srv/detail/teleport_relative__builder.hpp
[2.500s] -- Up-to-date: /home/intern1/ros2_ws/install/turtlesim/include/turtlesim/turtlesim/srv/detail/spawn__traits.hpp
[2.500s] -- Up-to-date: /home/intern1/ros2_ws/install/turtlesim/include/turtlesim/turtlesim/srv/detail/teleport_absolute__struct.hpp
[2.501s] -- Up-to-date: /home/intern1/ros2_ws/install/turtlesim/include/turtlesim/turtlesim/srv/set_pen.hpp
[2.501s] -- Up-to-date: /home/intern1/ros2_ws/install/turtlesim/include/turtlesim/turtlesim/srv/spawn.hpp
[2.501s] -- Up-to-date: /home/intern1/ros2_ws/install/turtlesim/include/turtlesim/turtlesim/msg
[2.501s] -- Up-to-date: /home/intern1/ros2_ws/install/turtlesim/include/turtlesim/turtlesim/msg/detail
[2.501s] -- Up-to-date: /home/intern1/ros2_ws/install/turtlesim/include/turtlesim/turtlesim/msg/detail/pose__struct.hpp
[2.501s] -- Up-to-date: /home/intern1/ros2_ws/install/turtlesim/include/turtlesim/turtlesim/msg/detail/pose__builder.hpp
[2.501s] -- Up-to-date: /home/intern1/ros2_ws/install/turtlesim/include/turtlesim/turtlesim/msg/detail/pose__traits.hpp
[2.501s] -- Up-to-date: /home/intern1/ros2_ws/install/turtlesim/include/turtlesim/turtlesim/msg/detail/color__builder.hpp
[2.502s] -- Up-to-date: /home/intern1/ros2_ws/install/turtlesim/include/turtlesim/turtlesim/msg/detail/color__type_support.hpp
[2.502s] -- Up-to-date: /home/intern1/ros2_ws/install/turtlesim/include/turtlesim/turtlesim/msg/detail/pose__type_support.hpp
[2.502s] -- Up-to-date: /home/intern1/ros2_ws/install/turtlesim/include/turtlesim/turtlesim/msg/detail/color__struct.hpp
[2.502s] -- Up-to-date: /home/intern1/ros2_ws/install/turtlesim/include/turtlesim/turtlesim/msg/detail/color__traits.hpp
[2.502s] -- Up-to-date: /home/intern1/ros2_ws/install/turtlesim/include/turtlesim/turtlesim/msg/color.hpp
[2.502s] -- Up-to-date: /home/intern1/ros2_ws/install/turtlesim/include/turtlesim/turtlesim/msg/rosidl_generator_cpp__visibility_control.hpp
[2.502s] -- Up-to-date: /home/intern1/ros2_ws/install/turtlesim/include/turtlesim/turtlesim/msg/pose.hpp
[2.502s] -- Up-to-date: /home/intern1/ros2_ws/install/turtlesim/include/turtlesim/turtlesim/action
[2.503s] -- Up-to-date: /home/intern1/ros2_ws/install/turtlesim/include/turtlesim/turtlesim/action/detail
[2.503s] -- Up-to-date: /home/intern1/ros2_ws/install/turtlesim/include/turtlesim/turtlesim/action/detail/rotate_absolute__traits.hpp
[2.503s] -- Up-to-date: /home/intern1/ros2_ws/install/turtlesim/include/turtlesim/turtlesim/action/detail/rotate_absolute__builder.hpp
[2.503s] -- Up-to-date: /home/intern1/ros2_ws/install/turtlesim/include/turtlesim/turtlesim/action/detail/rotate_absolute__struct.hpp
[2.503s] -- Up-to-date: /home/intern1/ros2_ws/install/turtlesim/include/turtlesim/turtlesim/action/detail/rotate_absolute__type_support.hpp
[2.506s] -- Up-to-date: /home/intern1/ros2_ws/install/turtlesim/include/turtlesim/turtlesim/action/rotate_absolute.hpp
[2.506s] -- Up-to-date: /home/intern1/ros2_ws/install/turtlesim/include/turtlesim/turtlesim
[2.507s] -- Up-to-date: /home/intern1/ros2_ws/install/turtlesim/include/turtlesim/turtlesim/srv
[2.507s] -- Up-to-date: /home/intern1/ros2_ws/install/turtlesim/include/turtlesim/turtlesim/srv/detail
[2.507s] -- Up-to-date: /home/intern1/ros2_ws/install/turtlesim/include/turtlesim/turtlesim/srv/detail/set_pen__rosidl_typesupport_fastrtps_cpp.hpp
[2.507s] -- Up-to-date: /home/intern1/ros2_ws/install/turtlesim/include/turtlesim/turtlesim/srv/detail/dds_fastrtps
[2.507s] -- Up-to-date: /home/intern1/ros2_ws/install/turtlesim/include/turtlesim/turtlesim/srv/detail/teleport_relative__rosidl_typesupport_fastrtps_cpp.hpp
[2.507s] -- Up-to-date: /home/intern1/ros2_ws/install/turtlesim/include/turtlesim/turtlesim/srv/detail/kill__rosidl_typesupport_fastrtps_cpp.hpp
[2.507s] -- Up-to-date: /home/intern1/ros2_ws/install/turtlesim/include/turtlesim/turtlesim/srv/detail/teleport_absolute__rosidl_typesupport_fastrtps_cpp.hpp
[2.507s] -- Up-to-date: /home/intern1/ros2_ws/install/turtlesim/include/turtlesim/turtlesim/srv/detail/spawn__rosidl_typesupport_fastrtps_cpp.hpp
[2.508s] -- Up-to-date: /home/intern1/ros2_ws/install/turtlesim/include/turtlesim/turtlesim/msg
[2.508s] -- Up-to-date: /home/intern1/ros2_ws/install/turtlesim/include/turtlesim/turtlesim/msg/rosidl_typesupport_fastrtps_cpp__visibility_control.h
[2.508s] -- Up-to-date: /home/intern1/ros2_ws/install/turtlesim/include/turtlesim/turtlesim/msg/detail
[2.508s] -- Up-to-date: /home/intern1/ros2_ws/install/turtlesim/include/turtlesim/turtlesim/msg/detail/dds_fastrtps
[2.508s] -- Up-to-date: /home/intern1/ros2_ws/install/turtlesim/include/turtlesim/turtlesim/msg/detail/pose__rosidl_typesupport_fastrtps_cpp.hpp
[2.508s] -- Up-to-date: /home/intern1/ros2_ws/install/turtlesim/include/turtlesim/turtlesim/msg/detail/color__rosidl_typesupport_fastrtps_cpp.hpp
[2.508s] -- Up-to-date: /home/intern1/ros2_ws/install/turtlesim/include/turtlesim/turtlesim/action
[2.508s] -- Up-to-date: /home/intern1/ros2_ws/install/turtlesim/include/turtlesim/turtlesim/action/detail
[2.508s] -- Up-to-date: /home/intern1/ros2_ws/install/turtlesim/include/turtlesim/turtlesim/action/detail/dds_fastrtps
[2.509s] -- Up-to-date: /home/intern1/ros2_ws/install/turtlesim/include/turtlesim/turtlesim/action/detail/rotate_absolute__rosidl_typesupport_fastrtps_cpp.hpp
[2.509s] -- Up-to-date: /home/intern1/ros2_ws/install/turtlesim/lib/libturtlesim__rosidl_typesupport_fastrtps_cpp.so
[2.509s] -- Up-to-date: /home/intern1/ros2_ws/install/turtlesim/include/turtlesim/turtlesim
[2.513s] -- Up-to-date: /home/intern1/ros2_ws/install/turtlesim/include/turtlesim/turtlesim/srv
[2.513s] -- Up-to-date: /home/intern1/ros2_ws/install/turtlesim/include/turtlesim/turtlesim/srv/detail
[2.513s] -- Up-to-date: /home/intern1/ros2_ws/install/turtlesim/include/turtlesim/turtlesim/srv/detail/teleport_absolute__rosidl_typesupport_introspection_c.h
[2.513s] -- Installing: /home/intern1/ros2_ws/install/turtlesim/include/turtlesim/turtlesim/srv/detail/teleport_absolute__type_support.c
[2.514s] -- Installing: /home/intern1/ros2_ws/install/turtlesim/include/turtlesim/turtlesim/srv/detail/set_pen__type_support.c
[2.514s] -- Up-to-date: /home/intern1/ros2_ws/install/turtlesim/include/turtlesim/turtlesim/srv/detail/spawn__rosidl_typesupport_introspection_c.h
[2.514s] -- Installing: /home/intern1/ros2_ws/install/turtlesim/include/turtlesim/turtlesim/srv/detail/teleport_relative__type_support.c
[2.514s] -- Up-to-date: /home/intern1/ros2_ws/install/turtlesim/include/turtlesim/turtlesim/srv/detail/set_pen__rosidl_typesupport_introspection_c.h
[2.514s] -- Installing: /home/intern1/ros2_ws/install/turtlesim/include/turtlesim/turtlesim/srv/detail/kill__type_support.c
[2.514s] -- Up-to-date: /home/intern1/ros2_ws/install/turtlesim/include/turtlesim/turtlesim/srv/detail/kill__rosidl_typesupport_introspection_c.h
[2.514s] -- Installing: /home/intern1/ros2_ws/install/turtlesim/include/turtlesim/turtlesim/srv/detail/spawn__type_support.c
[2.515s] -- Up-to-date: /home/intern1/ros2_ws/install/turtlesim/include/turtlesim/turtlesim/srv/detail/teleport_relative__rosidl_typesupport_introspection_c.h
[2.515s] -- Up-to-date: /home/intern1/ros2_ws/install/turtlesim/include/turtlesim/turtlesim/msg
[2.515s] -- Up-to-date: /home/intern1/ros2_ws/install/turtlesim/include/turtlesim/turtlesim/msg/rosidl_typesupport_introspection_c__visibility_control.h
[2.515s] -- Up-to-date: /home/intern1/ros2_ws/install/turtlesim/include/turtlesim/turtlesim/msg/detail
[2.515s] -- Up-to-date: /home/intern1/ros2_ws/install/turtlesim/include/turtlesim/turtlesim/msg/detail/pose__rosidl_typesupport_introspection_c.h
[2.515s] -- Installing: /home/intern1/ros2_ws/install/turtlesim/include/turtlesim/turtlesim/msg/detail/color__type_support.c
[2.515s] -- Installing: /home/intern1/ros2_ws/install/turtlesim/include/turtlesim/turtlesim/msg/detail/pose__type_support.c
[2.515s] -- Up-to-date: /home/intern1/ros2_ws/install/turtlesim/include/turtlesim/turtlesim/msg/detail/color__rosidl_typesupport_introspection_c.h
[2.515s] -- Up-to-date: /home/intern1/ros2_ws/install/turtlesim/include/turtlesim/turtlesim/action
[2.516s] -- Up-to-date: /home/intern1/ros2_ws/install/turtlesim/include/turtlesim/turtlesim/action/detail
[2.516s] -- Up-to-date: /home/intern1/ros2_ws/install/turtlesim/include/turtlesim/turtlesim/action/detail/rotate_absolute__rosidl_typesupport_introspection_c.h
[2.516s] -- Installing: /home/intern1/ros2_ws/install/turtlesim/include/turtlesim/turtlesim/action/detail/rotate_absolute__type_support.c
[2.516s] -- Up-to-date: /home/intern1/ros2_ws/install/turtlesim/lib/libturtlesim__rosidl_typesupport_introspection_c.so
[2.516s] -- Up-to-date: /home/intern1/ros2_ws/install/turtlesim/lib/libturtlesim__rosidl_typesupport_c.so
[2.519s] -- Up-to-date: /home/intern1/ros2_ws/install/turtlesim/include/turtlesim/turtlesim
[2.520s] -- Up-to-date: /home/intern1/ros2_ws/install/turtlesim/include/turtlesim/turtlesim/srv
[2.520s] -- Up-to-date: /home/intern1/ros2_ws/install/turtlesim/include/turtlesim/turtlesim/srv/detail
[2.520s] -- Up-to-date: /home/intern1/ros2_ws/install/turtlesim/include/turtlesim/turtlesim/srv/detail/teleport_absolute__rosidl_typesupport_introspection_cpp.hpp
[2.520s] -- Up-to-date: /home/intern1/ros2_ws/install/turtlesim/include/turtlesim/turtlesim/srv/detail/kill__rosidl_typesupport_introspection_cpp.hpp
[2.520s] -- Up-to-date: /home/intern1/ros2_ws/install/turtlesim/include/turtlesim/turtlesim/srv/detail/spawn__type_support.cpp
[2.520s] -- Up-to-date: /home/intern1/ros2_ws/install/turtlesim/include/turtlesim/turtlesim/srv/detail/set_pen__rosidl_typesupport_introspection_cpp.hpp
[2.520s] -- Up-to-date: /home/intern1/ros2_ws/install/turtlesim/include/turtlesim/turtlesim/srv/detail/teleport_relative__rosidl_typesupport_introspection_cpp.hpp
[2.520s] -- Up-to-date: /home/intern1/ros2_ws/install/turtlesim/include/turtlesim/turtlesim/srv/detail/spawn__rosidl_typesupport_introspection_cpp.hpp
[2.521s] -- Up-to-date: /home/intern1/ros2_ws/install/turtlesim/include/turtlesim/turtlesim/srv/detail/teleport_absolute__type_support.cpp
[2.521s] -- Up-to-date: /home/intern1/ros2_ws/install/turtlesim/include/turtlesim/turtlesim/srv/detail/set_pen__type_support.cpp
[2.521s] -- Up-to-date: /home/intern1/ros2_ws/install/turtlesim/include/turtlesim/turtlesim/srv/detail/kill__type_support.cpp
[2.521s] -- Up-to-date: /home/intern1/ros2_ws/install/turtlesim/include/turtlesim/turtlesim/srv/detail/teleport_relative__type_support.cpp
[2.521s] -- Up-to-date: /home/intern1/ros2_ws/install/turtlesim/include/turtlesim/turtlesim/msg
[2.521s] -- Up-to-date: /home/intern1/ros2_ws/install/turtlesim/include/turtlesim/turtlesim/msg/detail
[2.521s] -- Up-to-date: /home/intern1/ros2_ws/install/turtlesim/include/turtlesim/turtlesim/msg/detail/pose__type_support.cpp
[2.521s] -- Up-to-date: /home/intern1/ros2_ws/install/turtlesim/include/turtlesim/turtlesim/msg/detail/color__type_support.cpp
[2.526s] -- Up-to-date: /home/intern1/ros2_ws/install/turtlesim/include/turtlesim/turtlesim/msg/detail/color__rosidl_typesupport_introspection_cpp.hpp
[2.526s] -- Up-to-date: /home/intern1/ros2_ws/install/turtlesim/include/turtlesim/turtlesim/msg/detail/pose__rosidl_typesupport_introspection_cpp.hpp
[2.526s] -- Up-to-date: /home/intern1/ros2_ws/install/turtlesim/include/turtlesim/turtlesim/action
[2.526s] -- Up-to-date: /home/intern1/ros2_ws/install/turtlesim/include/turtlesim/turtlesim/action/detail
[2.527s] -- Up-to-date: /home/intern1/ros2_ws/install/turtlesim/include/turtlesim/turtlesim/action/detail/rotate_absolute__rosidl_typesupport_introspection_cpp.hpp
[2.527s] -- Up-to-date: /home/intern1/ros2_ws/install/turtlesim/include/turtlesim/turtlesim/action/detail/rotate_absolute__type_support.cpp
[2.527s] -- Up-to-date: /home/intern1/ros2_ws/install/turtlesim/lib/libturtlesim__rosidl_typesupport_introspection_cpp.so
[2.527s] -- Up-to-date: /home/intern1/ros2_ws/install/turtlesim/lib/libturtlesim__rosidl_typesupport_cpp.so
[2.527s] -- Up-to-date: /home/intern1/ros2_ws/install/turtlesim/share/turtlesim/environment/pythonpath.sh
[2.527s] -- Up-to-date: /home/intern1/ros2_ws/install/turtlesim/share/turtlesim/environment/pythonpath.dsv
[2.527s] -- Up-to-date: /home/intern1/ros2_ws/install/turtlesim/lib/python3.12/site-packages/turtlesim-1.8.3-py3.12.egg-info
[2.528s] -- Installing: /home/intern1/ros2_ws/install/turtlesim/lib/python3.12/site-packages/turtlesim-1.8.3-py3.12.egg-info/top_level.txt
[2.528s] -- Installing: /home/intern1/ros2_ws/install/turtlesim/lib/python3.12/site-packages/turtlesim-1.8.3-py3.12.egg-info/PKG-INFO
[2.528s] -- Installing: /home/intern1/ros2_ws/install/turtlesim/lib/python3.12/site-packages/turtlesim-1.8.3-py3.12.egg-info/SOURCES.txt
[2.528s] -- Installing: /home/intern1/ros2_ws/install/turtlesim/lib/python3.12/site-packages/turtlesim-1.8.3-py3.12.egg-info/dependency_links.txt
[2.528s] -- Up-to-date: /home/intern1/ros2_ws/install/turtlesim/lib/python3.12/site-packages/turtlesim
[2.531s] -- Up-to-date: /home/intern1/ros2_ws/install/turtlesim/lib/python3.12/site-packages/turtlesim/srv
[2.532s] -- Up-to-date: /home/intern1/ros2_ws/install/turtlesim/lib/python3.12/site-packages/turtlesim/srv/_set_pen.py
[2.532s] -- Up-to-date: /home/intern1/ros2_ws/install/turtlesim/lib/python3.12/site-packages/turtlesim/srv/_teleport_absolute_s.c
[2.532s] -- Up-to-date: /home/intern1/ros2_ws/install/turtlesim/lib/python3.12/site-packages/turtlesim/srv/_set_pen_s.c
[2.532s] -- Up-to-date: /home/intern1/ros2_ws/install/turtlesim/lib/python3.12/site-packages/turtlesim/srv/_teleport_absolute.py
[2.532s] -- Up-to-date: /home/intern1/ros2_ws/install/turtlesim/lib/python3.12/site-packages/turtlesim/srv/_teleport_relative.py
[2.532s] -- Up-to-date: /home/intern1/ros2_ws/install/turtlesim/lib/python3.12/site-packages/turtlesim/srv/__init__.py
[2.533s] -- Up-to-date: /home/intern1/ros2_ws/install/turtlesim/lib/python3.12/site-packages/turtlesim/srv/_kill.py
[2.533s] -- Up-to-date: /home/intern1/ros2_ws/install/turtlesim/lib/python3.12/site-packages/turtlesim/srv/_kill_s.c
[2.533s] -- Up-to-date: /home/intern1/ros2_ws/install/turtlesim/lib/python3.12/site-packages/turtlesim/srv/_spawn_s.c
[2.533s] -- Up-to-date: /home/intern1/ros2_ws/install/turtlesim/lib/python3.12/site-packages/turtlesim/srv/_spawn.py
[2.533s] -- Up-to-date: /home/intern1/ros2_ws/install/turtlesim/lib/python3.12/site-packages/turtlesim/srv/_teleport_relative_s.c
[2.533s] -- Up-to-date: /home/intern1/ros2_ws/install/turtlesim/lib/python3.12/site-packages/turtlesim/_turtlesim_s.ep.rosidl_typesupport_fastrtps_c.c
[2.533s] -- Up-to-date: /home/intern1/ros2_ws/install/turtlesim/lib/python3.12/site-packages/turtlesim/msg
[2.533s] -- Up-to-date: /home/intern1/ros2_ws/install/turtlesim/lib/python3.12/site-packages/turtlesim/msg/_color_s.c
[2.534s] -- Up-to-date: /home/intern1/ros2_ws/install/turtlesim/lib/python3.12/site-packages/turtlesim/msg/_pose.py
[2.534s] -- Up-to-date: /home/intern1/ros2_ws/install/turtlesim/lib/python3.12/site-packages/turtlesim/msg/_pose_s.c
[2.534s] -- Up-to-date: /home/intern1/ros2_ws/install/turtlesim/lib/python3.12/site-packages/turtlesim/msg/__init__.py
[2.534s] -- Up-to-date: /home/intern1/ros2_ws/install/turtlesim/lib/python3.12/site-packages/turtlesim/msg/_color.py
[2.534s] -- Up-to-date: /home/intern1/ros2_ws/install/turtlesim/lib/python3.12/site-packages/turtlesim/turtlesim_s__rosidl_typesupport_introspection_c.so
[2.537s] -- Up-to-date: /home/intern1/ros2_ws/install/turtlesim/lib/python3.12/site-packages/turtlesim/_turtlesim_s.ep.rosidl_typesupport_c.c
[2.537s] -- Up-to-date: /home/intern1/ros2_ws/install/turtlesim/lib/python3.12/site-packages/turtlesim/action
[2.538s] -- Up-to-date: /home/intern1/ros2_ws/install/turtlesim/lib/python3.12/site-packages/turtlesim/action/_rotate_absolute.py
[2.538s] -- Up-to-date: /home/intern1/ros2_ws/install/turtlesim/lib/python3.12/site-packages/turtlesim/action/__init__.py
[2.538s] -- Up-to-date: /home/intern1/ros2_ws/install/turtlesim/lib/python3.12/site-packages/turtlesim/action/_rotate_absolute_s.c
[2.538s] -- Up-to-date: /home/intern1/ros2_ws/install/turtlesim/lib/python3.12/site-packages/turtlesim/turtlesim_s__rosidl_typesupport_fastrtps_c.so
[2.538s] -- Up-to-date: /home/intern1/ros2_ws/install/turtlesim/lib/python3.12/site-packages/turtlesim/_turtlesim_s.ep.rosidl_typesupport_introspection_c.c
[2.538s] -- Up-to-date: /home/intern1/ros2_ws/install/turtlesim/lib/python3.12/site-packages/turtlesim/__init__.py
[2.538s] -- Up-to-date: /home/intern1/ros2_ws/install/turtlesim/lib/python3.12/site-packages/turtlesim/turtlesim_s__rosidl_typesupport_c.so
[2.631s] Listing '/home/intern1/ros2_ws/install/turtlesim/lib/python3.12/site-packages/turtlesim'...
[2.631s] Listing '/home/intern1/ros2_ws/install/turtlesim/lib/python3.12/site-packages/turtlesim/action'...
[2.632s] Listing '/home/intern1/ros2_ws/install/turtlesim/lib/python3.12/site-packages/turtlesim/msg'...
[2.632s] Listing '/home/intern1/ros2_ws/install/turtlesim/lib/python3.12/site-packages/turtlesim/srv'...
[2.650s] -- Up-to-date: /home/intern1/ros2_ws/install/turtlesim/lib/python3.12/site-packages/turtlesim/turtlesim_s__rosidl_typesupport_fastrtps_c.so
[2.659s] -- Up-to-date: /home/intern1/ros2_ws/install/turtlesim/lib/python3.12/site-packages/turtlesim/turtlesim_s__rosidl_typesupport_introspection_c.so
[2.660s] -- Up-to-date: /home/intern1/ros2_ws/install/turtlesim/lib/python3.12/site-packages/turtlesim/turtlesim_s__rosidl_typesupport_c.so
[2.662s] -- Up-to-date: /home/intern1/ros2_ws/install/turtlesim/lib/libturtlesim__rosidl_generator_py.so
[2.663s] -- Up-to-date: /home/intern1/ros2_ws/install/turtlesim/share/turtlesim/action/RotateAbsolute.idl
[2.664s] -- Up-to-date: /home/intern1/ros2_ws/install/turtlesim/share/turtlesim/msg/Color.idl
[2.664s] -- Up-to-date: /home/intern1/ros2_ws/install/turtlesim/share/turtlesim/msg/Pose.idl
[2.665s] -- Up-to-date: /home/intern1/ros2_ws/install/turtlesim/share/turtlesim/srv/Kill.idl
[2.665s] -- Up-to-date: /home/intern1/ros2_ws/install/turtlesim/share/turtlesim/srv/SetPen.idl
[2.665s] -- Up-to-date: /home/intern1/ros2_ws/install/turtlesim/share/turtlesim/srv/Spawn.idl
[2.665s] -- Up-to-date: /home/intern1/ros2_ws/install/turtlesim/share/turtlesim/srv/TeleportAbsolute.idl
[2.666s] -- Up-to-date: /home/intern1/ros2_ws/install/turtlesim/share/turtlesim/srv/TeleportRelative.idl
[2.667s] -- Up-to-date: /home/intern1/ros2_ws/install/turtlesim/share/turtlesim/action/RotateAbsolute.action
[2.667s] -- Up-to-date: /home/intern1/ros2_ws/install/turtlesim/share/turtlesim/msg/Color.msg
[2.667s] -- Up-to-date: /home/intern1/ros2_ws/install/turtlesim/share/turtlesim/msg/Pose.msg
[2.667s] -- Up-to-date: /home/intern1/ros2_ws/install/turtlesim/share/turtlesim/srv/Kill.srv
[2.667s] -- Up-to-date: /home/intern1/ros2_ws/install/turtlesim/share/turtlesim/srv/SetPen.srv
[2.668s] -- Up-to-date: /home/intern1/ros2_ws/install/turtlesim/share/turtlesim/srv/Spawn.srv
[2.670s] -- Up-to-date: /home/intern1/ros2_ws/install/turtlesim/share/turtlesim/srv/TeleportAbsolute.srv
[2.670s] -- Up-to-date: /home/intern1/ros2_ws/install/turtlesim/share/turtlesim/srv/TeleportRelative.srv
[2.670s] -- Up-to-date: /home/intern1/ros2_ws/install/turtlesim/lib/turtlesim/turtlesim_node
[2.670s] -- Up-to-date: /home/intern1/ros2_ws/install/turtlesim/lib/turtlesim/turtle_teleop_key
[2.670s] -- Up-to-date: /home/intern1/ros2_ws/install/turtlesim/lib/turtlesim/draw_square
[2.671s] -- Up-to-date: /home/intern1/ros2_ws/install/turtlesim/lib/turtlesim/mimic
[2.672s] -- Up-to-date: /home/intern1/ros2_ws/install/turtlesim/share/turtlesim/images
[2.673s] -- Up-to-date: /home/intern1/ros2_ws/install/turtlesim/share/turtlesim/images/iron.png
[2.673s] -- Up-to-date: /home/intern1/ros2_ws/install/turtlesim/share/turtlesim/images/jazzy.png
[2.673s] -- Up-to-date: /home/intern1/ros2_ws/install/turtlesim/share/turtlesim/images/dashing.png
[2.673s] -- Up-to-date: /home/intern1/ros2_ws/install/turtlesim/share/turtlesim/images/galactic.png
[2.673s] -- Up-to-date: /home/intern1/ros2_ws/install/turtlesim/share/turtlesim/images/ardent.png
[2.674s] -- Up-to-date: /home/intern1/ros2_ws/install/turtlesim/share/turtlesim/images/eloquent.png
[2.674s] -- Up-to-date: /home/intern1/ros2_ws/install/turtlesim/share/turtlesim/images/crystal.png
[2.674s] -- Up-to-date: /home/intern1/ros2_ws/install/turtlesim/share/turtlesim/images/foxy.png
[2.677s] -- Up-to-date: /home/intern1/ros2_ws/install/turtlesim/share/turtlesim/images/rolling.png
[2.678s] -- Up-to-date: /home/intern1/ros2_ws/install/turtlesim/share/turtlesim/images/bouncy.png
[2.678s] -- Up-to-date: /home/intern1/ros2_ws/install/turtlesim/share/turtlesim/images/humble.png
[2.678s] -- Up-to-date: /home/intern1/ros2_ws/install/turtlesim/share/turtlesim/launch
[2.678s] -- Up-to-date: /home/intern1/ros2_ws/install/turtlesim/share/turtlesim/launch/multisim.launch.py
[2.678s] -- Up-to-date: /home/intern1/ros2_ws/install/turtlesim/share/ament_index/resource_index/package_run_dependencies/turtlesim
[2.679s] -- Up-to-date: /home/intern1/ros2_ws/install/turtlesim/share/ament_index/resource_index/parent_prefix_path/turtlesim
[2.679s] -- Up-to-date: /home/intern1/ros2_ws/install/turtlesim/share/turtlesim/environment/ament_prefix_path.sh
[2.679s] -- Up-to-date: /home/intern1/ros2_ws/install/turtlesim/share/turtlesim/environment/ament_prefix_path.dsv
[2.679s] -- Up-to-date: /home/intern1/ros2_ws/install/turtlesim/share/turtlesim/environment/path.sh
[2.680s] -- Up-to-date: /home/intern1/ros2_ws/install/turtlesim/share/turtlesim/environment/path.dsv
[2.680s] -- Up-to-date: /home/intern1/ros2_ws/install/turtlesim/share/turtlesim/local_setup.bash
[2.680s] -- Up-to-date: /home/intern1/ros2_ws/install/turtlesim/share/turtlesim/local_setup.sh
[2.681s] -- Up-to-date: /home/intern1/ros2_ws/install/turtlesim/share/turtlesim/local_setup.zsh
[2.681s] -- Up-to-date: /home/intern1/ros2_ws/install/turtlesim/share/turtlesim/local_setup.dsv
[2.681s] -- Installing: /home/intern1/ros2_ws/install/turtlesim/share/turtlesim/package.dsv
[2.681s] -- Up-to-date: /home/intern1/ros2_ws/install/turtlesim/share/ament_index/resource_index/packages/turtlesim
[2.685s] -- Up-to-date: /home/intern1/ros2_ws/install/turtlesim/share/turtlesim/cmake/export_turtlesim__rosidl_generator_cExport.cmake
[2.685s] -- Up-to-date: /home/intern1/ros2_ws/install/turtlesim/share/turtlesim/cmake/export_turtlesim__rosidl_generator_cExport-noconfig.cmake
[2.685s] -- Up-to-date: /home/intern1/ros2_ws/install/turtlesim/share/turtlesim/cmake/export_turtlesim__rosidl_typesupport_fastrtps_cExport.cmake
[2.686s] -- Up-to-date: /home/intern1/ros2_ws/install/turtlesim/share/turtlesim/cmake/export_turtlesim__rosidl_typesupport_fastrtps_cExport-noconfig.cmake
[2.686s] -- Up-to-date: /home/intern1/ros2_ws/install/turtlesim/share/turtlesim/cmake/export_turtlesim__rosidl_generator_cppExport.cmake
[2.686s] -- Up-to-date: /home/intern1/ros2_ws/install/turtlesim/share/turtlesim/cmake/export_turtlesim__rosidl_typesupport_fastrtps_cppExport.cmake
[2.686s] -- Up-to-date: /home/intern1/ros2_ws/install/turtlesim/share/turtlesim/cmake/export_turtlesim__rosidl_typesupport_fastrtps_cppExport-noconfig.cmake
[2.686s] -- Up-to-date: /home/intern1/ros2_ws/install/turtlesim/share/turtlesim/cmake/turtlesim__rosidl_typesupport_introspection_cExport.cmake
[2.686s] -- Up-to-date: /home/intern1/ros2_ws/install/turtlesim/share/turtlesim/cmake/turtlesim__rosidl_typesupport_introspection_cExport-noconfig.cmake
[2.687s] -- Up-to-date: /home/intern1/ros2_ws/install/turtlesim/share/turtlesim/cmake/turtlesim__rosidl_typesupport_cExport.cmake
[2.687s] -- Up-to-date: /home/intern1/ros2_ws/install/turtlesim/share/turtlesim/cmake/turtlesim__rosidl_typesupport_cExport-noconfig.cmake
[2.687s] -- Up-to-date: /home/intern1/ros2_ws/install/turtlesim/share/turtlesim/cmake/turtlesim__rosidl_typesupport_introspection_cppExport.cmake
[2.687s] -- Up-to-date: /home/intern1/ros2_ws/install/turtlesim/share/turtlesim/cmake/turtlesim__rosidl_typesupport_introspection_cppExport-noconfig.cmake
[2.687s] -- Up-to-date: /home/intern1/ros2_ws/install/turtlesim/share/turtlesim/cmake/turtlesim__rosidl_typesupport_cppExport.cmake
[2.687s] -- Up-to-date: /home/intern1/ros2_ws/install/turtlesim/share/turtlesim/cmake/turtlesim__rosidl_typesupport_cppExport-noconfig.cmake
[2.688s] -- Up-to-date: /home/intern1/ros2_ws/install/turtlesim/share/turtlesim/cmake/export_turtlesim__rosidl_generator_pyExport.cmake
[2.692s] -- Up-to-date: /home/intern1/ros2_ws/install/turtlesim/share/turtlesim/cmake/export_turtlesim__rosidl_generator_pyExport-noconfig.cmake
[2.692s] -- Up-to-date: /home/intern1/ros2_ws/install/turtlesim/share/turtlesim/cmake/rosidl_cmake-extras.cmake
[2.693s] -- Up-to-date: /home/intern1/ros2_ws/install/turtlesim/share/turtlesim/cmake/ament_cmake_export_dependencies-extras.cmake
[2.693s] -- Up-to-date: /home/intern1/ros2_ws/install/turtlesim/share/turtlesim/cmake/ament_cmake_export_include_directories-extras.cmake
[2.693s] -- Up-to-date: /home/intern1/ros2_ws/install/turtlesim/share/turtlesim/cmake/ament_cmake_export_libraries-extras.cmake
[2.693s] -- Up-to-date: /home/intern1/ros2_ws/install/turtlesim/share/turtlesim/cmake/ament_cmake_export_targets-extras.cmake
[2.693s] -- Up-to-date: /home/intern1/ros2_ws/install/turtlesim/share/turtlesim/cmake/rosidl_cmake_export_typesupport_targets-extras.cmake
[2.693s] -- Up-to-date: /home/intern1/ros2_ws/install/turtlesim/share/turtlesim/cmake/rosidl_cmake_export_typesupport_libraries-extras.cmake
[2.694s] -- Up-to-date: /home/intern1/ros2_ws/install/turtlesim/share/turtlesim/cmake/turtlesimConfig.cmake
[2.694s] -- Up-to-date: /home/intern1/ros2_ws/install/turtlesim/share/turtlesim/cmake/turtlesimConfig-version.cmake
[2.694s] -- Up-to-date: /home/intern1/ros2_ws/install/turtlesim/share/turtlesim/package.xml
[2.694s] Invoked command in '/home/intern1/ros2_ws/build/turtlesim' returned '0': CMAKE_PREFIX_PATH=${CMAKE_PREFIX_PATH}:/home/intern1/ros2_ws/install/tb3_multi_robot:/home/intern1/ros2_ws/install/launch_testing_examples:/home/intern1/ros2_ws/install/examples_rclpy_pointcloud_publisher:/home/intern1/ros2_ws/install/examples_rclpy_minimal_subscriber:/home/intern1/ros2_ws/install/examples_rclpy_minimal_service:/home/intern1/ros2_ws/install/examples_rclpy_minimal_publisher:/home/intern1/ros2_ws/install/examples_rclpy_minimal_client:/home/intern1/ros2_ws/install/examples_rclpy_minimal_action_server:/home/intern1/ros2_ws/install/examples_rclpy_minimal_action_client:/home/intern1/ros2_ws/install/examples_rclpy_guard_conditions:/home/intern1/ros2_ws/install/examples_rclpy_executors:/home/intern1/ros2_ws/install/education_material:/home/intern1/ros2_ws/install/camera_follow:/home/intern1/ros2_ws/install/amr_ws:/opt/ros/jazzy DEBUGINFOD_URLS=https://debuginfod.ubuntu.com /usr/bin/cmake --install /home/intern1/ros2_ws/build/turtlesim
