[5.743s] Invoking command in '/home/intern1/ros2_ws/src/examples/rclpy/topics/minimal_subscriber': DEBUGINFOD_URLS=https://debuginfod.ubuntu.com PYTHONPATH=/home/intern1/ros2_ws/build/examples_rclpy_minimal_subscriber/prefix_override:/usr/lib/python3/dist-packages/colcon_core/task/python/colcon_distutils_commands:/home/intern1/ros2_ws/install/examples_rclpy_minimal_subscriber/lib/python3.12/site-packages:${PYTHONPATH} /usr/bin/python3 -W ignore:setup.py install is deprecated -W ignore:easy_install command is deprecated setup.py egg_info --egg-base ../../../../../build/examples_rclpy_minimal_subscriber build --build-base /home/intern1/ros2_ws/build/examples_rclpy_minimal_subscriber/build install --record /home/intern1/ros2_ws/build/examples_rclpy_minimal_subscriber/install.log --single-version-externally-managed install_data
[6.304s] running egg_info
[6.320s] writing ../../../../../build/examples_rclpy_minimal_subscriber/examples_rclpy_minimal_subscriber.egg-info/PKG-INFO
[6.320s] writing dependency_links to ../../../../../build/examples_rclpy_minimal_subscriber/examples_rclpy_minimal_subscriber.egg-info/dependency_links.txt
[6.320s] writing entry points to ../../../../../build/examples_rclpy_minimal_subscriber/examples_rclpy_minimal_subscriber.egg-info/entry_points.txt
[6.321s] writing requirements to ../../../../../build/examples_rclpy_minimal_subscriber/examples_rclpy_minimal_subscriber.egg-info/requires.txt
[6.321s] writing top-level names to ../../../../../build/examples_rclpy_minimal_subscriber/examples_rclpy_minimal_subscriber.egg-info/top_level.txt
[6.371s] reading manifest file '../../../../../build/examples_rclpy_minimal_subscriber/examples_rclpy_minimal_subscriber.egg-info/SOURCES.txt'
[6.371s] writing manifest file '../../../../../build/examples_rclpy_minimal_subscriber/examples_rclpy_minimal_subscriber.egg-info/SOURCES.txt'
[6.375s] running build
[6.375s] running build_py
[6.375s] running install
[6.382s] running install_lib
[6.421s] running install_data
[6.421s] running install_egg_info
[6.456s] removing '/home/intern1/ros2_ws/install/examples_rclpy_minimal_subscriber/lib/python3.12/site-packages/examples_rclpy_minimal_subscriber-0.19.7-py3.12.egg-info' (and everything under it)
[6.457s] Copying ../../../../../build/examples_rclpy_minimal_subscriber/examples_rclpy_minimal_subscriber.egg-info to /home/intern1/ros2_ws/install/examples_rclpy_minimal_subscriber/lib/python3.12/site-packages/examples_rclpy_minimal_subscriber-0.19.7-py3.12.egg-info
[6.458s] running install_scripts
[6.708s] Installing subscriber_lambda script to /home/intern1/ros2_ws/install/examples_rclpy_minimal_subscriber/lib/examples_rclpy_minimal_subscriber
[6.709s] Installing subscriber_member_function script to /home/intern1/ros2_ws/install/examples_rclpy_minimal_subscriber/lib/examples_rclpy_minimal_subscriber
[6.709s] Installing subscriber_old_school script to /home/intern1/ros2_ws/install/examples_rclpy_minimal_subscriber/lib/examples_rclpy_minimal_subscriber
[6.710s] writing list of installed files to '/home/intern1/ros2_ws/build/examples_rclpy_minimal_subscriber/install.log'
[6.796s] Invoked command in '/home/intern1/ros2_ws/src/examples/rclpy/topics/minimal_subscriber' returned '0': DEBUGINFOD_URLS=https://debuginfod.ubuntu.com PYTHONPATH=/home/intern1/ros2_ws/build/examples_rclpy_minimal_subscriber/prefix_override:/usr/lib/python3/dist-packages/colcon_core/task/python/colcon_distutils_commands:/home/intern1/ros2_ws/install/examples_rclpy_minimal_subscriber/lib/python3.12/site-packages:${PYTHONPATH} /usr/bin/python3 -W ignore:setup.py install is deprecated -W ignore:easy_install command is deprecated setup.py egg_info --egg-base ../../../../../build/examples_rclpy_minimal_subscriber build --build-base /home/intern1/ros2_ws/build/examples_rclpy_minimal_subscriber/build install --record /home/intern1/ros2_ws/build/examples_rclpy_minimal_subscriber/install.log --single-version-externally-managed install_data
