-- The C compiler identification is GNU 13.3.0
-- The CXX compiler identification is GNU 13.3.0
-- Detecting C compiler ABI info
-- Detecting C compiler ABI info - done
-- Check for working C compiler: /usr/bin/cc - skipped
-- Detecting C compile features
-- Detecting C compile features - done
-- Detecting CXX compiler ABI info
-- Detecting CXX compiler ABI info - done
-- Check for working CXX compiler: /usr/bin/c++ - skipped
-- Detecting CXX compile features
-- Detecting CXX compile features - done
-- Found ament_cmake: 2.5.5 (/opt/ros/jazzy/share/ament_cmake/cmake)
-- Found Python3: /usr/bin/python3 (found version "3.12.3") found components: Interpreter 
-- Override CMake install command with custom implementation using symlinks instead of copying resources
-- Found rosidl_default_generators: 1.6.0 (/opt/ros/jazzy/share/rosidl_default_generators/cmake)
-- Using all available rosidl_typesupport_c: rosidl_typesupport_fastrtps_c;rosidl_typesupport_introspection_c
-- Using all available rosidl_typesupport_cpp: rosidl_typesupport_fastrtps_cpp;rosidl_typesupport_introspection_cpp
-- Found rosidl_adapter: 4.6.7 (/opt/ros/jazzy/share/rosidl_adapter/cmake)
-- Found ament_cmake_ros: 0.12.0 (/opt/ros/jazzy/share/ament_cmake_ros/cmake)
-- Using all available rosidl_typesupport_c: rosidl_typesupport_fastrtps_c;rosidl_typesupport_introspection_c
-- Using all available rosidl_typesupport_cpp: rosidl_typesupport_fastrtps_cpp;rosidl_typesupport_introspection_cpp
-- Found python_cmake_module: 0.11.1 (/opt/ros/jazzy/share/python_cmake_module/cmake)
-- Found PythonExtra: /usr/bin/python3  
-- Found Python3: /usr/bin/python3 (found version "3.12.3") found components: Interpreter Development NumPy Development.Module Development.Embed 
-- Found ament_lint_auto: 0.17.4 (/opt/ros/jazzy/share/ament_lint_auto/cmake)
-- Added test 'lint_cmake' to check CMake code style
-- Added test 'xmllint' to check XML markup files
-- Configuring done (8.6s)
-- Generating done (0.0s)
-- Build files have been written to: /home/intern1/ros2_ws/build/om_msgs
[  1%] [34m[1mGenerating type hashes for ROS interfaces[0m
[  1%] Built target ament_cmake_python_symlink_om_msgs
[  1%] Built target om_msgs__rosidl_generator_type_description
[  3%] [34m[1mGenerating C code for ROS interfaces[0m
[  5%] [34m[1mGenerating C++ code for ROS interfaces[0m
running egg_info
creating om_msgs.egg-info
writing om_msgs.egg-info/PKG-INFO
writing dependency_links to om_msgs.egg-info/dependency_links.txt
writing top-level names to om_msgs.egg-info/top_level.txt
writing manifest file 'om_msgs.egg-info/SOURCES.txt'
reading manifest file 'om_msgs.egg-info/SOURCES.txt'
writing manifest file 'om_msgs.egg-info/SOURCES.txt'
[  5%] Built target ament_cmake_python_build_om_msgs_egg
[  5%] Built target om_msgs__cpp
[  7%] [32mBuilding C object CMakeFiles/om_msgs__rosidl_generator_c.dir/rosidl_generator_c/om_msgs/msg/detail/query__functions.c.o[0m
[  9%] [32mBuilding C object CMakeFiles/om_msgs__rosidl_generator_c.dir/rosidl_generator_c/om_msgs/msg/detail/query__type_support.c.o[0m
[ 11%] [32mBuilding C object CMakeFiles/om_msgs__rosidl_generator_c.dir/rosidl_generator_c/om_msgs/msg/detail/query__description.c.o[0m
[ 12%] [32mBuilding C object CMakeFiles/om_msgs__rosidl_generator_c.dir/rosidl_generator_c/om_msgs/msg/detail/response__description.c.o[0m
[ 14%] [32mBuilding C object CMakeFiles/om_msgs__rosidl_generator_c.dir/rosidl_generator_c/om_msgs/msg/detail/state__type_support.c.o[0m
[ 16%] [32mBuilding C object CMakeFiles/om_msgs__rosidl_generator_c.dir/rosidl_generator_c/om_msgs/msg/detail/state__functions.c.o[0m
[ 18%] [32mBuilding C object CMakeFiles/om_msgs__rosidl_generator_c.dir/rosidl_generator_c/om_msgs/msg/detail/response__type_support.c.o[0m
[ 20%] [32mBuilding C object CMakeFiles/om_msgs__rosidl_generator_c.dir/rosidl_generator_c/om_msgs/msg/detail/state__description.c.o[0m
[ 22%] [32mBuilding C object CMakeFiles/om_msgs__rosidl_generator_c.dir/rosidl_generator_c/om_msgs/msg/detail/response__functions.c.o[0m
[ 24%] [32m[1mLinking C shared library libom_msgs__rosidl_generator_c.so[0m
[ 24%] Built target om_msgs__rosidl_generator_c
[ 25%] [34m[1mGenerating C++ type support for eProsima Fast-RTPS[0m
[ 27%] [34m[1mGenerating C type support for eProsima Fast-RTPS[0m
[ 29%] [34m[1mGenerating C introspection for ROS interfaces[0m
[ 31%] [34m[1mGenerating C++ type support dispatch for ROS interfaces[0m
[ 33%] [34m[1mGenerating C++ introspection for ROS interfaces[0m
[ 35%] [34m[1mGenerating C type support dispatch for ROS interfaces[0m
[ 38%] [32mBuilding CXX object CMakeFiles/om_msgs__rosidl_typesupport_c.dir/rosidl_typesupport_c/om_msgs/msg/query__type_support.cpp.o[0m
[ 38%] [32mBuilding CXX object CMakeFiles/om_msgs__rosidl_typesupport_c.dir/rosidl_typesupport_c/om_msgs/msg/state__type_support.cpp.o[0m
[ 40%] [32mBuilding CXX object CMakeFiles/om_msgs__rosidl_typesupport_c.dir/rosidl_typesupport_c/om_msgs/msg/response__type_support.cpp.o[0m
[ 42%] [32mBuilding C object CMakeFiles/om_msgs__rosidl_typesupport_introspection_c.dir/rosidl_typesupport_introspection_c/om_msgs/msg/detail/query__type_support.c.o[0m
[ 44%] [32mBuilding C object CMakeFiles/om_msgs__rosidl_typesupport_introspection_c.dir/rosidl_typesupport_introspection_c/om_msgs/msg/detail/response__type_support.c.o[0m
[ 46%] [32mBuilding C object CMakeFiles/om_msgs__rosidl_typesupport_introspection_c.dir/rosidl_typesupport_introspection_c/om_msgs/msg/detail/state__type_support.c.o[0m
[ 48%] [32mBuilding CXX object CMakeFiles/om_msgs__rosidl_typesupport_cpp.dir/rosidl_typesupport_cpp/om_msgs/msg/state__type_support.cpp.o[0m
[ 50%] [32mBuilding CXX object CMakeFiles/om_msgs__rosidl_typesupport_cpp.dir/rosidl_typesupport_cpp/om_msgs/msg/response__type_support.cpp.o[0m
[ 51%] [32mBuilding CXX object CMakeFiles/om_msgs__rosidl_typesupport_cpp.dir/rosidl_typesupport_cpp/om_msgs/msg/query__type_support.cpp.o[0m
[ 53%] [32m[1mLinking CXX shared library libom_msgs__rosidl_typesupport_c.so[0m
[ 55%] [32mBuilding CXX object CMakeFiles/om_msgs__rosidl_typesupport_fastrtps_c.dir/rosidl_typesupport_fastrtps_c/om_msgs/msg/detail/query__type_support_c.cpp.o[0m
[ 59%] [32mBuilding CXX object CMakeFiles/om_msgs__rosidl_typesupport_fastrtps_c.dir/rosidl_typesupport_fastrtps_c/om_msgs/msg/detail/response__type_support_c.cpp.o[0m
[ 59%] [32mBuilding CXX object CMakeFiles/om_msgs__rosidl_typesupport_introspection_cpp.dir/rosidl_typesupport_introspection_cpp/om_msgs/msg/detail/query__type_support.cpp.o[0m
[ 61%] [32mBuilding CXX object CMakeFiles/om_msgs__rosidl_typesupport_fastrtps_c.dir/rosidl_typesupport_fastrtps_c/om_msgs/msg/detail/state__type_support_c.cpp.o[0m
[ 62%] [32mBuilding CXX object CMakeFiles/om_msgs__rosidl_typesupport_introspection_cpp.dir/rosidl_typesupport_introspection_cpp/om_msgs/msg/detail/response__type_support.cpp.o[0m
[ 64%] [32m[1mLinking C shared library libom_msgs__rosidl_typesupport_introspection_c.so[0m
[ 66%] [32mBuilding CXX object CMakeFiles/om_msgs__rosidl_typesupport_introspection_cpp.dir/rosidl_typesupport_introspection_cpp/om_msgs/msg/detail/state__type_support.cpp.o[0m
[ 68%] [32mBuilding CXX object CMakeFiles/om_msgs__rosidl_typesupport_fastrtps_cpp.dir/rosidl_typesupport_fastrtps_cpp/om_msgs/msg/detail/dds_fastrtps/state__type_support.cpp.o[0m
[ 70%] [32mBuilding CXX object CMakeFiles/om_msgs__rosidl_typesupport_fastrtps_cpp.dir/rosidl_typesupport_fastrtps_cpp/om_msgs/msg/detail/dds_fastrtps/response__type_support.cpp.o[0m
[ 70%] Built target om_msgs__rosidl_typesupport_c
[ 72%] [32mBuilding CXX object CMakeFiles/om_msgs__rosidl_typesupport_fastrtps_cpp.dir/rosidl_typesupport_fastrtps_cpp/om_msgs/msg/detail/dds_fastrtps/query__type_support.cpp.o[0m
[ 72%] Built target om_msgs__rosidl_typesupport_introspection_c
[ 74%] [32m[1mLinking CXX shared library libom_msgs__rosidl_typesupport_introspection_cpp.so[0m
[ 74%] Built target om_msgs__rosidl_typesupport_introspection_cpp
[ 75%] [32m[1mLinking CXX shared library libom_msgs__rosidl_typesupport_cpp.so[0m
[ 75%] Built target om_msgs__rosidl_typesupport_cpp
[ 77%] [32m[1mLinking CXX shared library libom_msgs__rosidl_typesupport_fastrtps_c.so[0m
[ 79%] [32m[1mLinking CXX shared library libom_msgs__rosidl_typesupport_fastrtps_cpp.so[0m
[ 79%] Built target om_msgs__rosidl_typesupport_fastrtps_c
[ 79%] Built target om_msgs__rosidl_typesupport_fastrtps_cpp
[ 79%] Built target om_msgs
[ 81%] [34m[1mGenerating Python code for ROS interfaces[0m
[ 81%] Built target om_msgs__py
[ 85%] [32mBuilding C object CMakeFiles/om_msgs__rosidl_generator_py.dir/rosidl_generator_py/om_msgs/msg/_response_s.c.o[0m
[ 85%] [32mBuilding C object CMakeFiles/om_msgs__rosidl_generator_py.dir/rosidl_generator_py/om_msgs/msg/_query_s.c.o[0m
[ 87%] [32mBuilding C object CMakeFiles/om_msgs__rosidl_generator_py.dir/rosidl_generator_py/om_msgs/msg/_state_s.c.o[0m
[ 88%] [32m[1mLinking C shared library libom_msgs__rosidl_generator_py.so[0m
[ 88%] Built target om_msgs__rosidl_generator_py
[ 90%] [32mBuilding C object CMakeFiles/om_msgs_s__rosidl_typesupport_introspection_c.dir/rosidl_generator_py/om_msgs/_om_msgs_s.ep.rosidl_typesupport_introspection_c.c.o[0m
[ 92%] [32mBuilding C object CMakeFiles/om_msgs_s__rosidl_typesupport_c.dir/rosidl_generator_py/om_msgs/_om_msgs_s.ep.rosidl_typesupport_c.c.o[0m
[ 94%] [32mBuilding C object CMakeFiles/om_msgs_s__rosidl_typesupport_fastrtps_c.dir/rosidl_generator_py/om_msgs/_om_msgs_s.ep.rosidl_typesupport_fastrtps_c.c.o[0m
[ 96%] [32m[1mLinking C shared module rosidl_generator_py/om_msgs/om_msgs_s__rosidl_typesupport_c.so[0m
[ 96%] Built target om_msgs_s__rosidl_typesupport_c
[ 98%] [32m[1mLinking C shared module rosidl_generator_py/om_msgs/om_msgs_s__rosidl_typesupport_introspection_c.so[0m
[100%] [32m[1mLinking C shared module rosidl_generator_py/om_msgs/om_msgs_s__rosidl_typesupport_fastrtps_c.so[0m
[100%] Built target om_msgs_s__rosidl_typesupport_introspection_c
[100%] Built target om_msgs_s__rosidl_typesupport_fastrtps_c
-- Install configuration: ""
-- Execute custom install script
-- Symlinking: /home/intern1/ros2_ws/install/om_msgs/share/ament_index/resource_index/rosidl_interfaces/om_msgs
-- Symlinking: /home/intern1/ros2_ws/install/om_msgs/share/om_msgs/msg/Query.json
-- Symlinking: /home/intern1/ros2_ws/install/om_msgs/share/om_msgs/msg/Response.json
-- Symlinking: /home/intern1/ros2_ws/install/om_msgs/share/om_msgs/msg/State.json
-- Symlinking: /home/intern1/ros2_ws/install/om_msgs/include/om_msgs/om_msgs/msg/detail/query__functions.h
-- Symlinking: /home/intern1/ros2_ws/install/om_msgs/include/om_msgs/om_msgs/msg/detail/query__struct.h
-- Symlinking: /home/intern1/ros2_ws/install/om_msgs/include/om_msgs/om_msgs/msg/detail/query__type_support.h
-- Symlinking: /home/intern1/ros2_ws/install/om_msgs/include/om_msgs/om_msgs/msg/detail/response__functions.h
-- Symlinking: /home/intern1/ros2_ws/install/om_msgs/include/om_msgs/om_msgs/msg/detail/response__struct.h
-- Symlinking: /home/intern1/ros2_ws/install/om_msgs/include/om_msgs/om_msgs/msg/detail/response__type_support.h
-- Symlinking: /home/intern1/ros2_ws/install/om_msgs/include/om_msgs/om_msgs/msg/detail/state__functions.h
-- Symlinking: /home/intern1/ros2_ws/install/om_msgs/include/om_msgs/om_msgs/msg/detail/state__struct.h
-- Symlinking: /home/intern1/ros2_ws/install/om_msgs/include/om_msgs/om_msgs/msg/detail/state__type_support.h
-- Symlinking: /home/intern1/ros2_ws/install/om_msgs/include/om_msgs/om_msgs/msg/query.h
-- Symlinking: /home/intern1/ros2_ws/install/om_msgs/include/om_msgs/om_msgs/msg/response.h
-- Symlinking: /home/intern1/ros2_ws/install/om_msgs/include/om_msgs/om_msgs/msg/rosidl_generator_c__visibility_control.h
-- Symlinking: /home/intern1/ros2_ws/install/om_msgs/include/om_msgs/om_msgs/msg/state.h
-- Symlinking: /home/intern1/ros2_ws/install/om_msgs/share/om_msgs/environment/library_path.sh
-- Symlinking: /home/intern1/ros2_ws/install/om_msgs/share/om_msgs/environment/library_path.dsv
-- Symlinking: /home/intern1/ros2_ws/install/om_msgs/include/om_msgs/om_msgs/msg/detail/query__rosidl_typesupport_fastrtps_c.h
-- Symlinking: /home/intern1/ros2_ws/install/om_msgs/include/om_msgs/om_msgs/msg/detail/response__rosidl_typesupport_fastrtps_c.h
-- Symlinking: /home/intern1/ros2_ws/install/om_msgs/include/om_msgs/om_msgs/msg/detail/state__rosidl_typesupport_fastrtps_c.h
-- Symlinking: /home/intern1/ros2_ws/install/om_msgs/include/om_msgs/om_msgs/msg/rosidl_typesupport_fastrtps_c__visibility_control.h
-- Symlinking: /home/intern1/ros2_ws/install/om_msgs/include/om_msgs/om_msgs/msg/detail/query__rosidl_typesupport_introspection_c.h
-- Symlinking: /home/intern1/ros2_ws/install/om_msgs/include/om_msgs/om_msgs/msg/detail/response__rosidl_typesupport_introspection_c.h
-- Symlinking: /home/intern1/ros2_ws/install/om_msgs/include/om_msgs/om_msgs/msg/detail/state__rosidl_typesupport_introspection_c.h
-- Symlinking: /home/intern1/ros2_ws/install/om_msgs/include/om_msgs/om_msgs/msg/rosidl_typesupport_introspection_c__visibility_control.h
-- Symlinking: /home/intern1/ros2_ws/install/om_msgs/include/om_msgs/om_msgs/msg/detail/query__builder.hpp
-- Symlinking: /home/intern1/ros2_ws/install/om_msgs/include/om_msgs/om_msgs/msg/detail/query__struct.hpp
-- Symlinking: /home/intern1/ros2_ws/install/om_msgs/include/om_msgs/om_msgs/msg/detail/query__traits.hpp
-- Symlinking: /home/intern1/ros2_ws/install/om_msgs/include/om_msgs/om_msgs/msg/detail/query__type_support.hpp
-- Symlinking: /home/intern1/ros2_ws/install/om_msgs/include/om_msgs/om_msgs/msg/detail/response__builder.hpp
-- Symlinking: /home/intern1/ros2_ws/install/om_msgs/include/om_msgs/om_msgs/msg/detail/response__struct.hpp
-- Symlinking: /home/intern1/ros2_ws/install/om_msgs/include/om_msgs/om_msgs/msg/detail/response__traits.hpp
-- Symlinking: /home/intern1/ros2_ws/install/om_msgs/include/om_msgs/om_msgs/msg/detail/response__type_support.hpp
-- Symlinking: /home/intern1/ros2_ws/install/om_msgs/include/om_msgs/om_msgs/msg/detail/state__builder.hpp
-- Symlinking: /home/intern1/ros2_ws/install/om_msgs/include/om_msgs/om_msgs/msg/detail/state__struct.hpp
-- Symlinking: /home/intern1/ros2_ws/install/om_msgs/include/om_msgs/om_msgs/msg/detail/state__traits.hpp
-- Symlinking: /home/intern1/ros2_ws/install/om_msgs/include/om_msgs/om_msgs/msg/detail/state__type_support.hpp
-- Symlinking: /home/intern1/ros2_ws/install/om_msgs/include/om_msgs/om_msgs/msg/query.hpp
-- Symlinking: /home/intern1/ros2_ws/install/om_msgs/include/om_msgs/om_msgs/msg/response.hpp
-- Symlinking: /home/intern1/ros2_ws/install/om_msgs/include/om_msgs/om_msgs/msg/rosidl_generator_cpp__visibility_control.hpp
-- Symlinking: /home/intern1/ros2_ws/install/om_msgs/include/om_msgs/om_msgs/msg/state.hpp
-- Symlinking: /home/intern1/ros2_ws/install/om_msgs/include/om_msgs/om_msgs/msg/detail/query__rosidl_typesupport_fastrtps_cpp.hpp
-- Symlinking: /home/intern1/ros2_ws/install/om_msgs/include/om_msgs/om_msgs/msg/detail/response__rosidl_typesupport_fastrtps_cpp.hpp
-- Symlinking: /home/intern1/ros2_ws/install/om_msgs/include/om_msgs/om_msgs/msg/detail/state__rosidl_typesupport_fastrtps_cpp.hpp
-- Symlinking: /home/intern1/ros2_ws/install/om_msgs/include/om_msgs/om_msgs/msg/rosidl_typesupport_fastrtps_cpp__visibility_control.h
-- Symlinking: /home/intern1/ros2_ws/install/om_msgs/include/om_msgs/om_msgs/msg/detail/query__rosidl_typesupport_introspection_cpp.hpp
-- Symlinking: /home/intern1/ros2_ws/install/om_msgs/include/om_msgs/om_msgs/msg/detail/response__rosidl_typesupport_introspection_cpp.hpp
-- Symlinking: /home/intern1/ros2_ws/install/om_msgs/include/om_msgs/om_msgs/msg/detail/state__rosidl_typesupport_introspection_cpp.hpp
-- Symlinking: /home/intern1/ros2_ws/install/om_msgs/share/om_msgs/environment/pythonpath.sh
-- Symlinking: /home/intern1/ros2_ws/install/om_msgs/share/om_msgs/environment/pythonpath.dsv
-- Symlinking: /home/intern1/ros2_ws/install/om_msgs/lib/python3.12/site-packages/om_msgs-2.0.1-py3.12.egg-info/PKG-INFO
-- Symlinking: /home/intern1/ros2_ws/install/om_msgs/lib/python3.12/site-packages/om_msgs-2.0.1-py3.12.egg-info/SOURCES.txt
-- Symlinking: /home/intern1/ros2_ws/install/om_msgs/lib/python3.12/site-packages/om_msgs-2.0.1-py3.12.egg-info/dependency_links.txt
-- Symlinking: /home/intern1/ros2_ws/install/om_msgs/lib/python3.12/site-packages/om_msgs-2.0.1-py3.12.egg-info/top_level.txt
-- Symlinking: /home/intern1/ros2_ws/install/om_msgs/lib/python3.12/site-packages/om_msgs/__init__.py
-- Symlinking: /home/intern1/ros2_ws/install/om_msgs/lib/python3.12/site-packages/om_msgs/_om_msgs_s.ep.rosidl_typesupport_c.c
-- Symlinking: /home/intern1/ros2_ws/install/om_msgs/lib/python3.12/site-packages/om_msgs/_om_msgs_s.ep.rosidl_typesupport_fastrtps_c.c
-- Symlinking: /home/intern1/ros2_ws/install/om_msgs/lib/python3.12/site-packages/om_msgs/_om_msgs_s.ep.rosidl_typesupport_introspection_c.c
-- Symlinking: /home/intern1/ros2_ws/install/om_msgs/lib/python3.12/site-packages/om_msgs/msg/__init__.py
-- Symlinking: /home/intern1/ros2_ws/install/om_msgs/lib/python3.12/site-packages/om_msgs/msg/_query.py
-- Symlinking: /home/intern1/ros2_ws/install/om_msgs/lib/python3.12/site-packages/om_msgs/msg/_query_s.c
-- Symlinking: /home/intern1/ros2_ws/install/om_msgs/lib/python3.12/site-packages/om_msgs/msg/_response.py
-- Symlinking: /home/intern1/ros2_ws/install/om_msgs/lib/python3.12/site-packages/om_msgs/msg/_response_s.c
-- Symlinking: /home/intern1/ros2_ws/install/om_msgs/lib/python3.12/site-packages/om_msgs/msg/_state.py
-- Symlinking: /home/intern1/ros2_ws/install/om_msgs/lib/python3.12/site-packages/om_msgs/msg/_state_s.c
-- Symlinking: /home/intern1/ros2_ws/install/om_msgs/lib/python3.12/site-packages/om_msgs/om_msgs_s__rosidl_typesupport_c.so
-- Symlinking: /home/intern1/ros2_ws/install/om_msgs/lib/python3.12/site-packages/om_msgs/om_msgs_s__rosidl_typesupport_fastrtps_c.so
-- Symlinking: /home/intern1/ros2_ws/install/om_msgs/lib/python3.12/site-packages/om_msgs/om_msgs_s__rosidl_typesupport_introspection_c.so
-- Up-to-date symlink: /home/intern1/ros2_ws/install/om_msgs/lib/python3.12/site-packages/om_msgs/om_msgs_s__rosidl_typesupport_fastrtps_c.so
-- Up-to-date symlink: /home/intern1/ros2_ws/install/om_msgs/lib/python3.12/site-packages/om_msgs/om_msgs_s__rosidl_typesupport_introspection_c.so
-- Up-to-date symlink: /home/intern1/ros2_ws/install/om_msgs/lib/python3.12/site-packages/om_msgs/om_msgs_s__rosidl_typesupport_c.so
-- Symlinking: /home/intern1/ros2_ws/install/om_msgs/share/om_msgs/msg/Query.idl
-- Symlinking: /home/intern1/ros2_ws/install/om_msgs/share/om_msgs/msg/Response.idl
-- Symlinking: /home/intern1/ros2_ws/install/om_msgs/share/om_msgs/msg/State.idl
-- Symlinking: /home/intern1/ros2_ws/install/om_msgs/share/om_msgs/msg/Query.msg
-- Symlinking: /home/intern1/ros2_ws/install/om_msgs/share/om_msgs/msg/Response.msg
-- Symlinking: /home/intern1/ros2_ws/install/om_msgs/share/om_msgs/msg/State.msg
-- Symlinking: /home/intern1/ros2_ws/install/om_msgs/share/ament_index/resource_index/package_run_dependencies/om_msgs
-- Symlinking: /home/intern1/ros2_ws/install/om_msgs/share/ament_index/resource_index/parent_prefix_path/om_msgs
-- Symlinking: /home/intern1/ros2_ws/install/om_msgs/share/om_msgs/environment/ament_prefix_path.sh
-- Symlinking: /home/intern1/ros2_ws/install/om_msgs/share/om_msgs/environment/ament_prefix_path.dsv
-- Symlinking: /home/intern1/ros2_ws/install/om_msgs/share/om_msgs/environment/path.sh
-- Symlinking: /home/intern1/ros2_ws/install/om_msgs/share/om_msgs/environment/path.dsv
-- Symlinking: /home/intern1/ros2_ws/install/om_msgs/share/om_msgs/local_setup.bash
-- Symlinking: /home/intern1/ros2_ws/install/om_msgs/share/om_msgs/local_setup.sh
-- Symlinking: /home/intern1/ros2_ws/install/om_msgs/share/om_msgs/local_setup.zsh
-- Symlinking: /home/intern1/ros2_ws/install/om_msgs/share/om_msgs/local_setup.dsv
-- Symlinking: /home/intern1/ros2_ws/install/om_msgs/share/om_msgs/package.dsv
-- Symlinking: /home/intern1/ros2_ws/install/om_msgs/share/ament_index/resource_index/packages/om_msgs
-- Symlinking: /home/intern1/ros2_ws/install/om_msgs/share/om_msgs/cmake/rosidl_cmake-extras.cmake
-- Symlinking: /home/intern1/ros2_ws/install/om_msgs/share/om_msgs/cmake/ament_cmake_export_include_directories-extras.cmake
-- Symlinking: /home/intern1/ros2_ws/install/om_msgs/share/om_msgs/cmake/ament_cmake_export_libraries-extras.cmake
-- Symlinking: /home/intern1/ros2_ws/install/om_msgs/share/om_msgs/cmake/ament_cmake_export_targets-extras.cmake
-- Symlinking: /home/intern1/ros2_ws/install/om_msgs/share/om_msgs/cmake/rosidl_cmake_export_typesupport_targets-extras.cmake
-- Symlinking: /home/intern1/ros2_ws/install/om_msgs/share/om_msgs/cmake/ament_cmake_export_dependencies-extras.cmake
-- Symlinking: /home/intern1/ros2_ws/install/om_msgs/share/om_msgs/cmake/rosidl_cmake_export_typesupport_libraries-extras.cmake
-- Symlinking: /home/intern1/ros2_ws/install/om_msgs/share/om_msgs/cmake/om_msgsConfig.cmake
-- Symlinking: /home/intern1/ros2_ws/install/om_msgs/share/om_msgs/cmake/om_msgsConfig-version.cmake
-- Symlinking: /home/intern1/ros2_ws/install/om_msgs/share/om_msgs/package.xml
-- Installing: /home/intern1/ros2_ws/install/om_msgs/lib/libom_msgs__rosidl_generator_c.so
-- Set non-toolchain portion of runtime path of "/home/intern1/ros2_ws/install/om_msgs/lib/libom_msgs__rosidl_generator_c.so" to ""
-- Installing: /home/intern1/ros2_ws/install/om_msgs/lib/libom_msgs__rosidl_typesupport_fastrtps_c.so
-- Set non-toolchain portion of runtime path of "/home/intern1/ros2_ws/install/om_msgs/lib/libom_msgs__rosidl_typesupport_fastrtps_c.so" to ""
-- Installing: /home/intern1/ros2_ws/install/om_msgs/lib/libom_msgs__rosidl_typesupport_introspection_c.so
-- Set non-toolchain portion of runtime path of "/home/intern1/ros2_ws/install/om_msgs/lib/libom_msgs__rosidl_typesupport_introspection_c.so" to ""
-- Installing: /home/intern1/ros2_ws/install/om_msgs/lib/libom_msgs__rosidl_typesupport_c.so
-- Set non-toolchain portion of runtime path of "/home/intern1/ros2_ws/install/om_msgs/lib/libom_msgs__rosidl_typesupport_c.so" to ""
-- Installing: /home/intern1/ros2_ws/install/om_msgs/lib/libom_msgs__rosidl_typesupport_fastrtps_cpp.so
-- Set non-toolchain portion of runtime path of "/home/intern1/ros2_ws/install/om_msgs/lib/libom_msgs__rosidl_typesupport_fastrtps_cpp.so" to ""
-- Installing: /home/intern1/ros2_ws/install/om_msgs/lib/libom_msgs__rosidl_typesupport_introspection_cpp.so
-- Set non-toolchain portion of runtime path of "/home/intern1/ros2_ws/install/om_msgs/lib/libom_msgs__rosidl_typesupport_introspection_cpp.so" to ""
-- Installing: /home/intern1/ros2_ws/install/om_msgs/lib/libom_msgs__rosidl_typesupport_cpp.so
-- Set non-toolchain portion of runtime path of "/home/intern1/ros2_ws/install/om_msgs/lib/libom_msgs__rosidl_typesupport_cpp.so" to ""
Listing '/home/intern1/ros2_ws/install/om_msgs/lib/python3.12/site-packages/om_msgs'...
Compiling '/home/intern1/ros2_ws/install/om_msgs/lib/python3.12/site-packages/om_msgs/__init__.py'...
Listing '/home/intern1/ros2_ws/install/om_msgs/lib/python3.12/site-packages/om_msgs/msg'...
Compiling '/home/intern1/ros2_ws/install/om_msgs/lib/python3.12/site-packages/om_msgs/msg/__init__.py'...
Compiling '/home/intern1/ros2_ws/install/om_msgs/lib/python3.12/site-packages/om_msgs/msg/_query.py'...
Compiling '/home/intern1/ros2_ws/install/om_msgs/lib/python3.12/site-packages/om_msgs/msg/_response.py'...
Compiling '/home/intern1/ros2_ws/install/om_msgs/lib/python3.12/site-packages/om_msgs/msg/_state.py'...
-- Installing: /home/intern1/ros2_ws/install/om_msgs/lib/libom_msgs__rosidl_generator_py.so
-- Set non-toolchain portion of runtime path of "/home/intern1/ros2_ws/install/om_msgs/lib/libom_msgs__rosidl_generator_py.so" to ""
-- Installing: /home/intern1/ros2_ws/install/om_msgs/share/om_msgs/cmake/export_om_msgs__rosidl_generator_cExport.cmake
-- Installing: /home/intern1/ros2_ws/install/om_msgs/share/om_msgs/cmake/export_om_msgs__rosidl_generator_cExport-noconfig.cmake
-- Installing: /home/intern1/ros2_ws/install/om_msgs/share/om_msgs/cmake/export_om_msgs__rosidl_typesupport_fastrtps_cExport.cmake
-- Installing: /home/intern1/ros2_ws/install/om_msgs/share/om_msgs/cmake/export_om_msgs__rosidl_typesupport_fastrtps_cExport-noconfig.cmake
-- Installing: /home/intern1/ros2_ws/install/om_msgs/share/om_msgs/cmake/om_msgs__rosidl_typesupport_introspection_cExport.cmake
-- Installing: /home/intern1/ros2_ws/install/om_msgs/share/om_msgs/cmake/om_msgs__rosidl_typesupport_introspection_cExport-noconfig.cmake
-- Installing: /home/intern1/ros2_ws/install/om_msgs/share/om_msgs/cmake/om_msgs__rosidl_typesupport_cExport.cmake
-- Installing: /home/intern1/ros2_ws/install/om_msgs/share/om_msgs/cmake/om_msgs__rosidl_typesupport_cExport-noconfig.cmake
-- Installing: /home/intern1/ros2_ws/install/om_msgs/share/om_msgs/cmake/export_om_msgs__rosidl_generator_cppExport.cmake
-- Installing: /home/intern1/ros2_ws/install/om_msgs/share/om_msgs/cmake/export_om_msgs__rosidl_typesupport_fastrtps_cppExport.cmake
-- Installing: /home/intern1/ros2_ws/install/om_msgs/share/om_msgs/cmake/export_om_msgs__rosidl_typesupport_fastrtps_cppExport-noconfig.cmake
-- Installing: /home/intern1/ros2_ws/install/om_msgs/share/om_msgs/cmake/om_msgs__rosidl_typesupport_introspection_cppExport.cmake
-- Installing: /home/intern1/ros2_ws/install/om_msgs/share/om_msgs/cmake/om_msgs__rosidl_typesupport_introspection_cppExport-noconfig.cmake
-- Installing: /home/intern1/ros2_ws/install/om_msgs/share/om_msgs/cmake/om_msgs__rosidl_typesupport_cppExport.cmake
-- Installing: /home/intern1/ros2_ws/install/om_msgs/share/om_msgs/cmake/om_msgs__rosidl_typesupport_cppExport-noconfig.cmake
-- Installing: /home/intern1/ros2_ws/install/om_msgs/share/om_msgs/cmake/export_om_msgs__rosidl_generator_pyExport.cmake
-- Installing: /home/intern1/ros2_ws/install/om_msgs/share/om_msgs/cmake/export_om_msgs__rosidl_generator_pyExport-noconfig.cmake
