[0.819s] Invoking command in '/home/intern1/ros2_ws/build/examples_rclcpp_minimal_subscriber': CMAKE_PREFIX_PATH=${CMAKE_PREFIX_PATH}:/home/intern1/ros2_ws/install/tb3_multi_robot:/home/intern1/ros2_ws/install/om_mvc01:/home/intern1/ros2_ws/install/launch_testing_examples:/home/intern1/ros2_ws/install/examples_rclpy_pointcloud_publisher:/home/intern1/ros2_ws/install/examples_rclpy_minimal_subscriber:/home/intern1/ros2_ws/install/examples_rclpy_minimal_service:/home/intern1/ros2_ws/install/examples_rclpy_minimal_publisher:/home/intern1/ros2_ws/install/examples_rclpy_minimal_client:/home/intern1/ros2_ws/install/examples_rclpy_minimal_action_server:/home/intern1/ros2_ws/install/examples_rclpy_minimal_action_client:/home/intern1/ros2_ws/install/examples_rclpy_guard_conditions:/home/intern1/ros2_ws/install/examples_rclpy_executors:/home/intern1/ros2_ws/install/education_material:/home/intern1/ros2_ws/install/camera_follow:/home/intern1/ros2_ws/install/amr_ws:/opt/ros/jazzy DEBUGINFOD_URLS=https://debuginfod.ubuntu.com /usr/bin/cmake /home/intern1/ros2_ws/src/examples/rclcpp/topics/minimal_subscriber -DCMAKE_INSTALL_PREFIX=/home/intern1/ros2_ws/install/examples_rclcpp_minimal_subscriber
[0.972s] -- The C compiler identification is GNU 13.3.0
[1.133s] -- The CXX compiler identification is GNU 13.3.0
[1.174s] -- Detecting C compiler ABI info
[1.388s] -- Detecting C compiler ABI info - done
[1.421s] -- Check for working C compiler: /usr/bin/cc - skipped
[1.422s] -- Detecting C compile features
[1.423s] -- Detecting C compile features - done
[1.444s] -- Detecting CXX compiler ABI info
[1.657s] -- Detecting CXX compiler ABI info - done
[1.673s] -- Check for working CXX compiler: /usr/bin/c++ - skipped
[1.676s] -- Detecting CXX compile features
[1.677s] -- Detecting CXX compile features - done
[1.681s] -- Found ament_cmake: 2.5.6 (/opt/ros/jazzy/share/ament_cmake/cmake)
[1.958s] -- Found Python3: /usr/bin/python3 (found version "3.12.3") found components: Interpreter 
[2.260s] -- Found rclcpp: 28.1.18 (/opt/ros/jazzy/share/rclcpp/cmake)
[2.393s] -- Found rosidl_generator_c: 4.6.7 (/opt/ros/jazzy/share/rosidl_generator_c/cmake)
[2.475s] -- Found rosidl_generator_cpp: 4.6.7 (/opt/ros/jazzy/share/rosidl_generator_cpp/cmake)
[2.576s] -- Using all available rosidl_typesupport_c: rosidl_typesupport_fastrtps_c;rosidl_typesupport_introspection_c
[2.661s] -- Using all available rosidl_typesupport_cpp: rosidl_typesupport_fastrtps_cpp;rosidl_typesupport_introspection_cpp
[2.816s] -- Found rmw_implementation_cmake: 7.3.3 (/opt/ros/jazzy/share/rmw_implementation_cmake/cmake)
[2.821s] -- Found rmw_fastrtps_cpp: 8.4.3 (/opt/ros/jazzy/share/rmw_fastrtps_cpp/cmake)
[3.015s] -- Found OpenSSL: /usr/lib/x86_64-linux-gnu/libcrypto.so (found version "3.0.13")  
[3.078s] -- Found FastRTPS: /opt/ros/jazzy/include (Required is at least version "2.13") 
[3.134s] -- Using RMW implementation 'rmw_fastrtps_cpp' as default
[3.343s] -- Found rclcpp_components: 28.1.18 (/opt/ros/jazzy/share/rclcpp_components/cmake)
[3.430s] -- Found std_msgs: 5.3.7 (/opt/ros/jazzy/share/std_msgs/cmake)
[3.491s] -- Found ament_lint_auto: 0.17.5 (/opt/ros/jazzy/share/ament_lint_auto/cmake)
[3.756s] -- Added test 'copyright' to check source files copyright and LICENSE
[3.761s] -- Added test 'cppcheck' to perform static code analysis on C / C++ code
[3.761s] -- Configured cppcheck include dirs: 
[3.761s] -- Configured cppcheck exclude dirs and/or files: 
[3.764s] -- Added test 'cpplint' to check C / C++ code against the Google style
[3.765s] -- Configured cpplint exclude dirs and/or files: 
[3.767s] -- Added test 'lint_cmake' to check CMake code style
[3.767s] -- Added test 'uncrustify' to check C / C++ code style
[3.767s] -- Configured uncrustify additional arguments: 
[3.769s] -- Added test 'xmllint' to check XML markup files
[3.773s] -- Configuring done (2.9s)
[3.922s] -- Generating done (0.1s)
[3.922s] -- Build files have been written to: /home/intern1/ros2_ws/build/examples_rclcpp_minimal_subscriber
[4.016s] Invoked command in '/home/intern1/ros2_ws/build/examples_rclcpp_minimal_subscriber' returned '0': CMAKE_PREFIX_PATH=${CMAKE_PREFIX_PATH}:/home/intern1/ros2_ws/install/tb3_multi_robot:/home/intern1/ros2_ws/install/om_mvc01:/home/intern1/ros2_ws/install/launch_testing_examples:/home/intern1/ros2_ws/install/examples_rclpy_pointcloud_publisher:/home/intern1/ros2_ws/install/examples_rclpy_minimal_subscriber:/home/intern1/ros2_ws/install/examples_rclpy_minimal_service:/home/intern1/ros2_ws/install/examples_rclpy_minimal_publisher:/home/intern1/ros2_ws/install/examples_rclpy_minimal_client:/home/intern1/ros2_ws/install/examples_rclpy_minimal_action_server:/home/intern1/ros2_ws/install/examples_rclpy_minimal_action_client:/home/intern1/ros2_ws/install/examples_rclpy_guard_conditions:/home/intern1/ros2_ws/install/examples_rclpy_executors:/home/intern1/ros2_ws/install/education_material:/home/intern1/ros2_ws/install/camera_follow:/home/intern1/ros2_ws/install/amr_ws:/opt/ros/jazzy DEBUGINFOD_URLS=https://debuginfod.ubuntu.com /usr/bin/cmake /home/intern1/ros2_ws/src/examples/rclcpp/topics/minimal_subscriber -DCMAKE_INSTALL_PREFIX=/home/intern1/ros2_ws/install/examples_rclcpp_minimal_subscriber
[4.017s] Invoking command in '/home/intern1/ros2_ws/build/examples_rclcpp_minimal_subscriber': CMAKE_PREFIX_PATH=${CMAKE_PREFIX_PATH}:/home/intern1/ros2_ws/install/tb3_multi_robot:/home/intern1/ros2_ws/install/om_mvc01:/home/intern1/ros2_ws/install/launch_testing_examples:/home/intern1/ros2_ws/install/examples_rclpy_pointcloud_publisher:/home/intern1/ros2_ws/install/examples_rclpy_minimal_subscriber:/home/intern1/ros2_ws/install/examples_rclpy_minimal_service:/home/intern1/ros2_ws/install/examples_rclpy_minimal_publisher:/home/intern1/ros2_ws/install/examples_rclpy_minimal_client:/home/intern1/ros2_ws/install/examples_rclpy_minimal_action_server:/home/intern1/ros2_ws/install/examples_rclpy_minimal_action_client:/home/intern1/ros2_ws/install/examples_rclpy_guard_conditions:/home/intern1/ros2_ws/install/examples_rclpy_executors:/home/intern1/ros2_ws/install/education_material:/home/intern1/ros2_ws/install/camera_follow:/home/intern1/ros2_ws/install/amr_ws:/opt/ros/jazzy DEBUGINFOD_URLS=https://debuginfod.ubuntu.com /usr/bin/cmake --build /home/intern1/ros2_ws/build/examples_rclcpp_minimal_subscriber -- -j14 -l14
[6.700s] [  4%] [32mBuilding CXX object CMakeFiles/subscriber_member_function.dir/member_function.cpp.o[0m
[6.701s] [  8%] [32mBuilding CXX object CMakeFiles/static_wait_set_subscriber.dir/rclcpp_components/node_main_static_wait_set_subscriber.cpp.o[0m
[6.701s] [ 12%] [32mBuilding CXX object CMakeFiles/subscriber_lambda.dir/lambda.cpp.o[0m
[6.701s] [ 16%] [32mBuilding CXX object CMakeFiles/subscriber_content_filtering.dir/content_filtering.cpp.o[0m
[6.701s] [ 20%] [32mBuilding CXX object CMakeFiles/subscriber_member_function_with_topic_statistics.dir/member_function_with_topic_statistics.cpp.o[0m
[6.701s] [ 25%] [32mBuilding CXX object CMakeFiles/wait_set_subscriber_library.dir/wait_set_subscriber.cpp.o[0m
[6.702s] [ 29%] [32mBuilding CXX object CMakeFiles/wait_set_subscriber_library.dir/static_wait_set_subscriber.cpp.o[0m
[6.702s] [ 33%] [32mBuilding CXX object CMakeFiles/subscriber_member_function_with_type_adapter.dir/member_function_with_type_adapter.cpp.o[0m
[6.702s] [ 37%] [32mBuilding CXX object CMakeFiles/wait_set_subscriber_library.dir/time_triggered_wait_set_subscriber.cpp.o[0m
[6.710s] [ 45%] [32mBuilding CXX object CMakeFiles/subscriber_member_function_with_unique_network_flow_endpoints.dir/member_function_with_unique_network_flow_endpoints.cpp.o[0m
[6.713s] [ 45%] [32mBuilding CXX object CMakeFiles/subscriber_not_composable.dir/not_composable.cpp.o[0m
[6.714s] [ 50%] [32mBuilding CXX object CMakeFiles/wait_set_subscriber.dir/rclcpp_components/node_main_wait_set_subscriber.cpp.o[0m
[6.715s] [ 54%] [32mBuilding CXX object CMakeFiles/time_triggered_wait_set_subscriber.dir/rclcpp_components/node_main_time_triggered_wait_set_subscriber.cpp.o[0m
