[0.861s] Invoking command in '/home/intern1/ros2_ws/build/rplidar_ros': CMAKE_PREFIX_PATH=${CMAKE_PREFIX_PATH}:/home/intern1/ros2_ws/install/tb3_multi_robot:/home/intern1/ros2_ws/install/om_mvc01:/home/intern1/ros2_ws/install/om_modbus_master:/home/intern1/ros2_ws/install/launch_testing_examples:/home/intern1/ros2_ws/install/examples_rclpy_pointcloud_publisher:/home/intern1/ros2_ws/install/examples_rclpy_minimal_subscriber:/home/intern1/ros2_ws/install/examples_rclpy_minimal_service:/home/intern1/ros2_ws/install/examples_rclpy_minimal_publisher:/home/intern1/ros2_ws/install/examples_rclpy_minimal_client:/home/intern1/ros2_ws/install/examples_rclpy_minimal_action_server:/home/intern1/ros2_ws/install/examples_rclpy_minimal_action_client:/home/intern1/ros2_ws/install/examples_rclpy_guard_conditions:/home/intern1/ros2_ws/install/examples_rclpy_executors:/home/intern1/ros2_ws/install/education_material:/home/intern1/ros2_ws/install/camera_follow:/home/intern1/ros2_ws/install/amr_ws:/opt/ros/jazzy DEBUGINFOD_URLS=https://debuginfod.ubuntu.com /usr/bin/cmake --build /home/intern1/ros2_ws/build/rplidar_ros -- -j14 -l14
[1.006s] [  5%] Built target rplidar_client
[1.006s] [ 52%] Built target rplidar_node
[1.033s] [100%] Built target rplidar_composition
[1.461s] Invoked command in '/home/intern1/ros2_ws/build/rplidar_ros' returned '0': CMAKE_PREFIX_PATH=${CMAKE_PREFIX_PATH}:/home/intern1/ros2_ws/install/tb3_multi_robot:/home/intern1/ros2_ws/install/om_mvc01:/home/intern1/ros2_ws/install/om_modbus_master:/home/intern1/ros2_ws/install/launch_testing_examples:/home/intern1/ros2_ws/install/examples_rclpy_pointcloud_publisher:/home/intern1/ros2_ws/install/examples_rclpy_minimal_subscriber:/home/intern1/ros2_ws/install/examples_rclpy_minimal_service:/home/intern1/ros2_ws/install/examples_rclpy_minimal_publisher:/home/intern1/ros2_ws/install/examples_rclpy_minimal_client:/home/intern1/ros2_ws/install/examples_rclpy_minimal_action_server:/home/intern1/ros2_ws/install/examples_rclpy_minimal_action_client:/home/intern1/ros2_ws/install/examples_rclpy_guard_conditions:/home/intern1/ros2_ws/install/examples_rclpy_executors:/home/intern1/ros2_ws/install/education_material:/home/intern1/ros2_ws/install/camera_follow:/home/intern1/ros2_ws/install/amr_ws:/opt/ros/jazzy DEBUGINFOD_URLS=https://debuginfod.ubuntu.com /usr/bin/cmake --build /home/intern1/ros2_ws/build/rplidar_ros -- -j14 -l14
[1.462s] Invoking command in '/home/intern1/ros2_ws/build/rplidar_ros': CMAKE_PREFIX_PATH=${CMAKE_PREFIX_PATH}:/home/intern1/ros2_ws/install/tb3_multi_robot:/home/intern1/ros2_ws/install/om_mvc01:/home/intern1/ros2_ws/install/om_modbus_master:/home/intern1/ros2_ws/install/launch_testing_examples:/home/intern1/ros2_ws/install/examples_rclpy_pointcloud_publisher:/home/intern1/ros2_ws/install/examples_rclpy_minimal_subscriber:/home/intern1/ros2_ws/install/examples_rclpy_minimal_service:/home/intern1/ros2_ws/install/examples_rclpy_minimal_publisher:/home/intern1/ros2_ws/install/examples_rclpy_minimal_client:/home/intern1/ros2_ws/install/examples_rclpy_minimal_action_server:/home/intern1/ros2_ws/install/examples_rclpy_minimal_action_client:/home/intern1/ros2_ws/install/examples_rclpy_guard_conditions:/home/intern1/ros2_ws/install/examples_rclpy_executors:/home/intern1/ros2_ws/install/education_material:/home/intern1/ros2_ws/install/camera_follow:/home/intern1/ros2_ws/install/amr_ws:/opt/ros/jazzy DEBUGINFOD_URLS=https://debuginfod.ubuntu.com /usr/bin/cmake --install /home/intern1/ros2_ws/build/rplidar_ros
[1.511s] -- Install configuration: ""
[1.512s] -- Execute custom install script
[1.512s] -- Up-to-date symlink: /home/intern1/ros2_ws/install/rplidar_ros/share/rplidar_ros/launch/rplidar_a1_launch.py
[1.512s] -- Up-to-date symlink: /home/intern1/ros2_ws/install/rplidar_ros/share/rplidar_ros/launch/rplidar_a2m12_launch.py
[1.512s] -- Up-to-date symlink: /home/intern1/ros2_ws/install/rplidar_ros/share/rplidar_ros/launch/rplidar_a2m7_launch.py
[1.512s] -- Up-to-date symlink: /home/intern1/ros2_ws/install/rplidar_ros/share/rplidar_ros/launch/rplidar_a2m8_launch.py
[1.512s] -- Up-to-date symlink: /home/intern1/ros2_ws/install/rplidar_ros/share/rplidar_ros/launch/rplidar_a3_launch.py
[1.512s] -- Up-to-date symlink: /home/intern1/ros2_ws/install/rplidar_ros/share/rplidar_ros/launch/rplidar_c1_launch.py
[1.512s] -- Up-to-date symlink: /home/intern1/ros2_ws/install/rplidar_ros/share/rplidar_ros/launch/rplidar_s1_launch.py
[1.512s] -- Up-to-date symlink: /home/intern1/ros2_ws/install/rplidar_ros/share/rplidar_ros/launch/rplidar_s1_tcp_launch.py
[1.512s] -- Up-to-date symlink: /home/intern1/ros2_ws/install/rplidar_ros/share/rplidar_ros/launch/rplidar_s2_launch.py
[1.512s] -- Up-to-date symlink: /home/intern1/ros2_ws/install/rplidar_ros/share/rplidar_ros/launch/rplidar_s2e_launch.py
[1.513s] -- Up-to-date symlink: /home/intern1/ros2_ws/install/rplidar_ros/share/rplidar_ros/launch/rplidar_s3_launch.py
[1.513s] -- Up-to-date symlink: /home/intern1/ros2_ws/install/rplidar_ros/share/rplidar_ros/launch/rplidar_t1_launch.py
[1.513s] -- Up-to-date symlink: /home/intern1/ros2_ws/install/rplidar_ros/share/rplidar_ros/launch/view_rplidar_a1_launch.py
[1.513s] -- Up-to-date symlink: /home/intern1/ros2_ws/install/rplidar_ros/share/rplidar_ros/launch/view_rplidar_a2m12_launch.py
[1.513s] -- Up-to-date symlink: /home/intern1/ros2_ws/install/rplidar_ros/share/rplidar_ros/launch/view_rplidar_a2m7_launch.py
[1.513s] -- Up-to-date symlink: /home/intern1/ros2_ws/install/rplidar_ros/share/rplidar_ros/launch/view_rplidar_a2m8_launch.py
[1.513s] -- Up-to-date symlink: /home/intern1/ros2_ws/install/rplidar_ros/share/rplidar_ros/launch/view_rplidar_a3_launch.py
[1.513s] -- Up-to-date symlink: /home/intern1/ros2_ws/install/rplidar_ros/share/rplidar_ros/launch/view_rplidar_c1_launch.py
[1.513s] -- Up-to-date symlink: /home/intern1/ros2_ws/install/rplidar_ros/share/rplidar_ros/launch/view_rplidar_s1_launch.py
[1.513s] -- Up-to-date symlink: /home/intern1/ros2_ws/install/rplidar_ros/share/rplidar_ros/launch/view_rplidar_s1_tcp_launch.py
[1.513s] -- Up-to-date symlink: /home/intern1/ros2_ws/install/rplidar_ros/share/rplidar_ros/launch/view_rplidar_s2_launch.py
[1.513s] -- Up-to-date symlink: /home/intern1/ros2_ws/install/rplidar_ros/share/rplidar_ros/launch/view_rplidar_s2e_launch.py
[1.514s] -- Up-to-date symlink: /home/intern1/ros2_ws/install/rplidar_ros/share/rplidar_ros/launch/view_rplidar_s3_launch.py
[1.514s] -- Up-to-date symlink: /home/intern1/ros2_ws/install/rplidar_ros/share/rplidar_ros/launch/view_rplidar_t1_launch.py
[1.514s] -- Up-to-date symlink: /home/intern1/ros2_ws/install/rplidar_ros/share/rplidar_ros/rviz/rplidar_ros.rviz
[1.514s] -- Up-to-date symlink: /home/intern1/ros2_ws/install/rplidar_ros/lib/rplidar_ros/rplidar_node
[1.514s] -- Up-to-date symlink: /home/intern1/ros2_ws/install/rplidar_ros/lib/rplidar_ros/rplidar_composition
[1.514s] -- Up-to-date symlink: /home/intern1/ros2_ws/install/rplidar_ros/lib/rplidar_ros/rplidar_client
[1.514s] -- Up-to-date symlink: /home/intern1/ros2_ws/install/rplidar_ros/share/ament_index/resource_index/package_run_dependencies/rplidar_ros
[1.514s] -- Up-to-date symlink: /home/intern1/ros2_ws/install/rplidar_ros/share/ament_index/resource_index/parent_prefix_path/rplidar_ros
[1.515s] -- Up-to-date symlink: /home/intern1/ros2_ws/install/rplidar_ros/share/rplidar_ros/environment/ament_prefix_path.sh
[1.516s] -- Up-to-date symlink: /home/intern1/ros2_ws/install/rplidar_ros/share/rplidar_ros/environment/ament_prefix_path.dsv
[1.516s] -- Up-to-date symlink: /home/intern1/ros2_ws/install/rplidar_ros/share/rplidar_ros/environment/path.sh
[1.516s] -- Up-to-date symlink: /home/intern1/ros2_ws/install/rplidar_ros/share/rplidar_ros/environment/path.dsv
[1.517s] -- Up-to-date symlink: /home/intern1/ros2_ws/install/rplidar_ros/share/rplidar_ros/local_setup.bash
[1.518s] -- Up-to-date symlink: /home/intern1/ros2_ws/install/rplidar_ros/share/rplidar_ros/local_setup.sh
[1.518s] -- Up-to-date symlink: /home/intern1/ros2_ws/install/rplidar_ros/share/rplidar_ros/local_setup.zsh
[1.519s] -- Up-to-date symlink: /home/intern1/ros2_ws/install/rplidar_ros/share/rplidar_ros/local_setup.dsv
[1.519s] -- Symlinking: /home/intern1/ros2_ws/install/rplidar_ros/share/rplidar_ros/package.dsv
[1.519s] -- Up-to-date symlink: /home/intern1/ros2_ws/install/rplidar_ros/share/ament_index/resource_index/packages/rplidar_ros
[1.519s] -- Up-to-date symlink: /home/intern1/ros2_ws/install/rplidar_ros/share/rplidar_ros/cmake/ament_cmake_export_dependencies-extras.cmake
[1.527s] -- Up-to-date symlink: /home/intern1/ros2_ws/install/rplidar_ros/share/rplidar_ros/cmake/ament_cmake_export_include_directories-extras.cmake
[1.529s] -- Up-to-date symlink: /home/intern1/ros2_ws/install/rplidar_ros/share/rplidar_ros/cmake/rplidar_rosConfig.cmake
[1.539s] -- Up-to-date symlink: /home/intern1/ros2_ws/install/rplidar_ros/share/rplidar_ros/cmake/rplidar_rosConfig-version.cmake
[1.540s] -- Up-to-date symlink: /home/intern1/ros2_ws/install/rplidar_ros/share/rplidar_ros/package.xml
[1.602s] Invoked command in '/home/intern1/ros2_ws/build/rplidar_ros' returned '0': CMAKE_PREFIX_PATH=${CMAKE_PREFIX_PATH}:/home/intern1/ros2_ws/install/tb3_multi_robot:/home/intern1/ros2_ws/install/om_mvc01:/home/intern1/ros2_ws/install/om_modbus_master:/home/intern1/ros2_ws/install/launch_testing_examples:/home/intern1/ros2_ws/install/examples_rclpy_pointcloud_publisher:/home/intern1/ros2_ws/install/examples_rclpy_minimal_subscriber:/home/intern1/ros2_ws/install/examples_rclpy_minimal_service:/home/intern1/ros2_ws/install/examples_rclpy_minimal_publisher:/home/intern1/ros2_ws/install/examples_rclpy_minimal_client:/home/intern1/ros2_ws/install/examples_rclpy_minimal_action_server:/home/intern1/ros2_ws/install/examples_rclpy_minimal_action_client:/home/intern1/ros2_ws/install/examples_rclpy_guard_conditions:/home/intern1/ros2_ws/install/examples_rclpy_executors:/home/intern1/ros2_ws/install/education_material:/home/intern1/ros2_ws/install/camera_follow:/home/intern1/ros2_ws/install/amr_ws:/opt/ros/jazzy DEBUGINFOD_URLS=https://debuginfod.ubuntu.com /usr/bin/cmake --install /home/intern1/ros2_ws/build/rplidar_ros
