running develop
running egg_info
writing education_material.egg-info/PKG-INFO
writing dependency_links to education_material.egg-info/dependency_links.txt
writing entry points to education_material.egg-info/entry_points.txt
writing requirements to education_material.egg-info/requires.txt
writing top-level names to education_material.egg-info/top_level.txt
reading manifest file 'education_material.egg-info/SOURCES.txt'
writing manifest file 'education_material.egg-info/SOURCES.txt'
running build_ext
Creating /home/intern1/ros2_ws/install/education_material/lib/python3.12/site-packages/education-material.egg-link (link to .)
Installing evenodd_checker script to /home/intern1/ros2_ws/install/education_material/lib/education_material
Installing int_pub script to /home/intern1/ros2_ws/install/education_material/lib/education_material
Installing int_sub script to /home/intern1/ros2_ws/install/education_material/lib/education_material
Installing keypressed_calculator script to /home/intern1/ros2_ws/install/education_material/lib/education_material
Installing keypressed_talker script to /home/intern1/ros2_ws/install/education_material/lib/education_material
Installing keypressed_to_cmdvel script to /home/intern1/ros2_ws/install/education_material/lib/education_material
Installing string_pub script to /home/intern1/ros2_ws/install/education_material/lib/education_material
Installing string_sub script to /home/intern1/ros2_ws/install/education_material/lib/education_material

Installed /home/intern1/ros2_ws/build/education_material
running symlink_data
symbolically linking /home/intern1/ros2_ws/build/education_material/resource/education_material -> /home/intern1/ros2_ws/install/education_material/share/ament_index/resource_index/packages
symbolically linking /home/intern1/ros2_ws/build/education_material/package.xml -> /home/intern1/ros2_ws/install/education_material/share/education_material
