[5.510s] Invoking command in '/home/intern1/ros2_ws/src/education_material': DEBUGINFOD_URLS=https://debuginfod.ubuntu.com PYTHONPATH=/home/intern1/ros2_ws/build/education_material/prefix_override:/usr/lib/python3/dist-packages/colcon_core/task/python/colcon_distutils_commands:/home/intern1/ros2_ws/install/education_material/lib/python3.12/site-packages:${PYTHONPATH} /usr/bin/python3 -W ignore:setup.py install is deprecated -W ignore:easy_install command is deprecated setup.py egg_info --egg-base ../../build/education_material build --build-base /home/intern1/ros2_ws/build/education_material/build install --record /home/intern1/ros2_ws/build/education_material/install.log --single-version-externally-managed install_data
[6.152s] running egg_info
[6.209s] writing ../../build/education_material/education_material.egg-info/PKG-INFO
[6.210s] writing dependency_links to ../../build/education_material/education_material.egg-info/dependency_links.txt
[6.216s] writing entry points to ../../build/education_material/education_material.egg-info/entry_points.txt
[6.217s] writing requirements to ../../build/education_material/education_material.egg-info/requires.txt
[6.217s] writing top-level names to ../../build/education_material/education_material.egg-info/top_level.txt
[6.345s] reading manifest file '../../build/education_material/education_material.egg-info/SOURCES.txt'
[6.348s] adding license file 'LICENSE'
[6.350s] writing manifest file '../../build/education_material/education_material.egg-info/SOURCES.txt'
[6.350s] running build
[6.351s] running build_py
[6.359s] running install
[6.377s] running install_lib
[6.445s] running install_data
[6.452s] running install_egg_info
[6.539s] removing '/home/intern1/ros2_ws/install/education_material/lib/python3.12/site-packages/education_material-0.0.0-py3.12.egg-info' (and everything under it)
[6.541s] Copying ../../build/education_material/education_material.egg-info to /home/intern1/ros2_ws/install/education_material/lib/python3.12/site-packages/education_material-0.0.0-py3.12.egg-info
[6.544s] running install_scripts
[6.866s] Installing evenodd_checker script to /home/intern1/ros2_ws/install/education_material/lib/education_material
[6.867s] Installing int_pub script to /home/intern1/ros2_ws/install/education_material/lib/education_material
[6.868s] Installing int_sub script to /home/intern1/ros2_ws/install/education_material/lib/education_material
[6.869s] Installing keypressed_calculator script to /home/intern1/ros2_ws/install/education_material/lib/education_material
[6.869s] Installing keypressed_talker script to /home/intern1/ros2_ws/install/education_material/lib/education_material
[6.870s] Installing keypressed_to_cmdvel script to /home/intern1/ros2_ws/install/education_material/lib/education_material
[6.870s] Installing string_pub script to /home/intern1/ros2_ws/install/education_material/lib/education_material
[6.870s] Installing string_sub script to /home/intern1/ros2_ws/install/education_material/lib/education_material
[6.871s] writing list of installed files to '/home/intern1/ros2_ws/build/education_material/install.log'
[7.159s] Invoked command in '/home/intern1/ros2_ws/src/education_material' returned '0': DEBUGINFOD_URLS=https://debuginfod.ubuntu.com PYTHONPATH=/home/intern1/ros2_ws/build/education_material/prefix_override:/usr/lib/python3/dist-packages/colcon_core/task/python/colcon_distutils_commands:/home/intern1/ros2_ws/install/education_material/lib/python3.12/site-packages:${PYTHONPATH} /usr/bin/python3 -W ignore:setup.py install is deprecated -W ignore:easy_install command is deprecated setup.py egg_info --egg-base ../../build/education_material build --build-base /home/intern1/ros2_ws/build/education_material/build install --record /home/intern1/ros2_ws/build/education_material/install.log --single-version-externally-managed install_data
