[0.182s] Invoking command in '/home/intern1/ros2_ws/build/om_msgs': CMAKE_PREFIX_PATH=${CMAKE_PREFIX_PATH}:/home/intern1/ros2_ws/install/tb3_multi_robot:/home/intern1/ros2_ws/install/om_mvc01:/home/intern1/ros2_ws/install/om_modbus_master:/home/intern1/ros2_ws/install/launch_testing_examples:/home/intern1/ros2_ws/install/examples_rclpy_pointcloud_publisher:/home/intern1/ros2_ws/install/examples_rclpy_minimal_subscriber:/home/intern1/ros2_ws/install/examples_rclpy_minimal_service:/home/intern1/ros2_ws/install/examples_rclpy_minimal_publisher:/home/intern1/ros2_ws/install/examples_rclpy_minimal_client:/home/intern1/ros2_ws/install/examples_rclpy_minimal_action_server:/home/intern1/ros2_ws/install/examples_rclpy_minimal_action_client:/home/intern1/ros2_ws/install/examples_rclpy_guard_conditions:/home/intern1/ros2_ws/install/examples_rclpy_executors:/home/intern1/ros2_ws/install/education_material:/home/intern1/ros2_ws/install/camera_follow:/home/intern1/ros2_ws/install/amr_ws:/opt/ros/jazzy DEBUGINFOD_URLS=https://debuginfod.ubuntu.com /usr/bin/cmake --build /home/intern1/ros2_ws/build/om_msgs -- -j14 -l14
[1.254s] [  1%] Built target om_msgs__rosidl_generator_type_description
[1.256s] [  1%] Built target ament_cmake_python_symlink_om_msgs
[1.258s] [ 22%] Built target om_msgs__rosidl_generator_c
[1.259s] [ 24%] Built target om_msgs__cpp
[1.261s] [ 33%] Built target om_msgs__rosidl_typesupport_fastrtps_c
[1.261s] [ 51%] Built target om_msgs__rosidl_typesupport_c
[1.262s] [ 51%] Built target om_msgs__rosidl_typesupport_introspection_c
[1.263s] [ 61%] Built target om_msgs__rosidl_typesupport_fastrtps_cpp
[1.263s] [ 70%] Built target om_msgs__rosidl_typesupport_introspection_cpp
[1.263s] [ 79%] Built target om_msgs__rosidl_typesupport_cpp
[1.263s] [ 79%] Built target om_msgs
[1.263s] [ 81%] Built target om_msgs__py
[1.263s] [ 88%] Built target om_msgs__rosidl_generator_py
[1.264s] [ 92%] Built target om_msgs_s__rosidl_typesupport_introspection_c
[1.265s] [ 96%] Built target om_msgs_s__rosidl_typesupport_c
[1.267s] [100%] Built target om_msgs_s__rosidl_typesupport_fastrtps_c
[1.268s] running egg_info
[1.269s] writing om_msgs.egg-info/PKG-INFO
[1.271s] writing dependency_links to om_msgs.egg-info/dependency_links.txt
[1.271s] writing top-level names to om_msgs.egg-info/top_level.txt
[1.272s] reading manifest file 'om_msgs.egg-info/SOURCES.txt'
[1.272s] writing manifest file 'om_msgs.egg-info/SOURCES.txt'
[1.272s] [100%] Built target ament_cmake_python_build_om_msgs_egg
[1.274s] Invoked command in '/home/intern1/ros2_ws/build/om_msgs' returned '0': CMAKE_PREFIX_PATH=${CMAKE_PREFIX_PATH}:/home/intern1/ros2_ws/install/tb3_multi_robot:/home/intern1/ros2_ws/install/om_mvc01:/home/intern1/ros2_ws/install/om_modbus_master:/home/intern1/ros2_ws/install/launch_testing_examples:/home/intern1/ros2_ws/install/examples_rclpy_pointcloud_publisher:/home/intern1/ros2_ws/install/examples_rclpy_minimal_subscriber:/home/intern1/ros2_ws/install/examples_rclpy_minimal_service:/home/intern1/ros2_ws/install/examples_rclpy_minimal_publisher:/home/intern1/ros2_ws/install/examples_rclpy_minimal_client:/home/intern1/ros2_ws/install/examples_rclpy_minimal_action_server:/home/intern1/ros2_ws/install/examples_rclpy_minimal_action_client:/home/intern1/ros2_ws/install/examples_rclpy_guard_conditions:/home/intern1/ros2_ws/install/examples_rclpy_executors:/home/intern1/ros2_ws/install/education_material:/home/intern1/ros2_ws/install/camera_follow:/home/intern1/ros2_ws/install/amr_ws:/opt/ros/jazzy DEBUGINFOD_URLS=https://debuginfod.ubuntu.com /usr/bin/cmake --build /home/intern1/ros2_ws/build/om_msgs -- -j14 -l14
[1.290s] Invoking command in '/home/intern1/ros2_ws/build/om_msgs': CMAKE_PREFIX_PATH=${CMAKE_PREFIX_PATH}:/home/intern1/ros2_ws/install/tb3_multi_robot:/home/intern1/ros2_ws/install/om_mvc01:/home/intern1/ros2_ws/install/om_modbus_master:/home/intern1/ros2_ws/install/launch_testing_examples:/home/intern1/ros2_ws/install/examples_rclpy_pointcloud_publisher:/home/intern1/ros2_ws/install/examples_rclpy_minimal_subscriber:/home/intern1/ros2_ws/install/examples_rclpy_minimal_service:/home/intern1/ros2_ws/install/examples_rclpy_minimal_publisher:/home/intern1/ros2_ws/install/examples_rclpy_minimal_client:/home/intern1/ros2_ws/install/examples_rclpy_minimal_action_server:/home/intern1/ros2_ws/install/examples_rclpy_minimal_action_client:/home/intern1/ros2_ws/install/examples_rclpy_guard_conditions:/home/intern1/ros2_ws/install/examples_rclpy_executors:/home/intern1/ros2_ws/install/education_material:/home/intern1/ros2_ws/install/camera_follow:/home/intern1/ros2_ws/install/amr_ws:/opt/ros/jazzy DEBUGINFOD_URLS=https://debuginfod.ubuntu.com /usr/bin/cmake --install /home/intern1/ros2_ws/build/om_msgs
[1.368s] -- Install configuration: ""
[1.369s] -- Execute custom install script
[1.369s] -- Up-to-date symlink: /home/intern1/ros2_ws/install/om_msgs/share/ament_index/resource_index/rosidl_interfaces/om_msgs
[1.369s] -- Up-to-date symlink: /home/intern1/ros2_ws/install/om_msgs/share/om_msgs/msg/Query.json
[1.371s] -- Up-to-date symlink: /home/intern1/ros2_ws/install/om_msgs/share/om_msgs/msg/Response.json
[1.374s] -- Up-to-date symlink: /home/intern1/ros2_ws/install/om_msgs/share/om_msgs/msg/State.json
[1.374s] -- Up-to-date symlink: /home/intern1/ros2_ws/install/om_msgs/include/om_msgs/om_msgs/msg/detail/query__functions.h
[1.375s] -- Up-to-date symlink: /home/intern1/ros2_ws/install/om_msgs/include/om_msgs/om_msgs/msg/detail/query__struct.h
[1.375s] -- Up-to-date symlink: /home/intern1/ros2_ws/install/om_msgs/include/om_msgs/om_msgs/msg/detail/query__type_support.h
[1.375s] -- Up-to-date symlink: /home/intern1/ros2_ws/install/om_msgs/include/om_msgs/om_msgs/msg/detail/response__functions.h
[1.375s] -- Up-to-date symlink: /home/intern1/ros2_ws/install/om_msgs/include/om_msgs/om_msgs/msg/detail/response__struct.h
[1.375s] -- Up-to-date symlink: /home/intern1/ros2_ws/install/om_msgs/include/om_msgs/om_msgs/msg/detail/response__type_support.h
[1.376s] -- Up-to-date symlink: /home/intern1/ros2_ws/install/om_msgs/include/om_msgs/om_msgs/msg/detail/state__functions.h
[1.376s] -- Up-to-date symlink: /home/intern1/ros2_ws/install/om_msgs/include/om_msgs/om_msgs/msg/detail/state__struct.h
[1.376s] -- Up-to-date symlink: /home/intern1/ros2_ws/install/om_msgs/include/om_msgs/om_msgs/msg/detail/state__type_support.h
[1.376s] -- Up-to-date symlink: /home/intern1/ros2_ws/install/om_msgs/include/om_msgs/om_msgs/msg/query.h
[1.376s] -- Up-to-date symlink: /home/intern1/ros2_ws/install/om_msgs/include/om_msgs/om_msgs/msg/response.h
[1.376s] -- Up-to-date symlink: /home/intern1/ros2_ws/install/om_msgs/include/om_msgs/om_msgs/msg/rosidl_generator_c__visibility_control.h
[1.376s] -- Up-to-date symlink: /home/intern1/ros2_ws/install/om_msgs/include/om_msgs/om_msgs/msg/state.h
[1.377s] -- Up-to-date symlink: /home/intern1/ros2_ws/install/om_msgs/share/om_msgs/environment/library_path.sh
[1.380s] -- Up-to-date symlink: /home/intern1/ros2_ws/install/om_msgs/share/om_msgs/environment/library_path.dsv
[1.380s] -- Up-to-date symlink: /home/intern1/ros2_ws/install/om_msgs/include/om_msgs/om_msgs/msg/detail/query__rosidl_typesupport_fastrtps_c.h
[1.381s] -- Up-to-date symlink: /home/intern1/ros2_ws/install/om_msgs/include/om_msgs/om_msgs/msg/detail/response__rosidl_typesupport_fastrtps_c.h
[1.382s] -- Up-to-date symlink: /home/intern1/ros2_ws/install/om_msgs/include/om_msgs/om_msgs/msg/detail/state__rosidl_typesupport_fastrtps_c.h
[1.382s] -- Up-to-date symlink: /home/intern1/ros2_ws/install/om_msgs/include/om_msgs/om_msgs/msg/rosidl_typesupport_fastrtps_c__visibility_control.h
[1.387s] -- Up-to-date symlink: /home/intern1/ros2_ws/install/om_msgs/include/om_msgs/om_msgs/msg/detail/query__rosidl_typesupport_introspection_c.h
[1.388s] -- Up-to-date symlink: /home/intern1/ros2_ws/install/om_msgs/include/om_msgs/om_msgs/msg/detail/response__rosidl_typesupport_introspection_c.h
[1.388s] -- Up-to-date symlink: /home/intern1/ros2_ws/install/om_msgs/include/om_msgs/om_msgs/msg/detail/state__rosidl_typesupport_introspection_c.h
[1.388s] -- Up-to-date symlink: /home/intern1/ros2_ws/install/om_msgs/include/om_msgs/om_msgs/msg/rosidl_typesupport_introspection_c__visibility_control.h
[1.388s] -- Up-to-date symlink: /home/intern1/ros2_ws/install/om_msgs/include/om_msgs/om_msgs/msg/detail/query__builder.hpp
[1.388s] -- Up-to-date symlink: /home/intern1/ros2_ws/install/om_msgs/include/om_msgs/om_msgs/msg/detail/query__struct.hpp
[1.388s] -- Up-to-date symlink: /home/intern1/ros2_ws/install/om_msgs/include/om_msgs/om_msgs/msg/detail/query__traits.hpp
[1.389s] -- Up-to-date symlink: /home/intern1/ros2_ws/install/om_msgs/include/om_msgs/om_msgs/msg/detail/query__type_support.hpp
[1.391s] -- Up-to-date symlink: /home/intern1/ros2_ws/install/om_msgs/include/om_msgs/om_msgs/msg/detail/response__builder.hpp
[1.391s] -- Up-to-date symlink: /home/intern1/ros2_ws/install/om_msgs/include/om_msgs/om_msgs/msg/detail/response__struct.hpp
[1.392s] -- Up-to-date symlink: /home/intern1/ros2_ws/install/om_msgs/include/om_msgs/om_msgs/msg/detail/response__traits.hpp
[1.392s] -- Up-to-date symlink: /home/intern1/ros2_ws/install/om_msgs/include/om_msgs/om_msgs/msg/detail/response__type_support.hpp
[1.392s] -- Up-to-date symlink: /home/intern1/ros2_ws/install/om_msgs/include/om_msgs/om_msgs/msg/detail/state__builder.hpp
[1.393s] -- Up-to-date symlink: /home/intern1/ros2_ws/install/om_msgs/include/om_msgs/om_msgs/msg/detail/state__struct.hpp
[1.393s] -- Up-to-date symlink: /home/intern1/ros2_ws/install/om_msgs/include/om_msgs/om_msgs/msg/detail/state__traits.hpp
[1.394s] -- Up-to-date symlink: /home/intern1/ros2_ws/install/om_msgs/include/om_msgs/om_msgs/msg/detail/state__type_support.hpp
[1.396s] -- Up-to-date symlink: /home/intern1/ros2_ws/install/om_msgs/include/om_msgs/om_msgs/msg/query.hpp
[1.396s] -- Up-to-date symlink: /home/intern1/ros2_ws/install/om_msgs/include/om_msgs/om_msgs/msg/response.hpp
[1.396s] -- Up-to-date symlink: /home/intern1/ros2_ws/install/om_msgs/include/om_msgs/om_msgs/msg/rosidl_generator_cpp__visibility_control.hpp
[1.396s] -- Up-to-date symlink: /home/intern1/ros2_ws/install/om_msgs/include/om_msgs/om_msgs/msg/state.hpp
[1.397s] -- Up-to-date symlink: /home/intern1/ros2_ws/install/om_msgs/include/om_msgs/om_msgs/msg/detail/query__rosidl_typesupport_fastrtps_cpp.hpp
[1.397s] -- Up-to-date symlink: /home/intern1/ros2_ws/install/om_msgs/include/om_msgs/om_msgs/msg/detail/response__rosidl_typesupport_fastrtps_cpp.hpp
[1.397s] -- Up-to-date symlink: /home/intern1/ros2_ws/install/om_msgs/include/om_msgs/om_msgs/msg/detail/state__rosidl_typesupport_fastrtps_cpp.hpp
[1.397s] -- Up-to-date symlink: /home/intern1/ros2_ws/install/om_msgs/include/om_msgs/om_msgs/msg/rosidl_typesupport_fastrtps_cpp__visibility_control.h
[1.398s] -- Up-to-date symlink: /home/intern1/ros2_ws/install/om_msgs/include/om_msgs/om_msgs/msg/detail/query__rosidl_typesupport_introspection_cpp.hpp
[1.398s] -- Up-to-date symlink: /home/intern1/ros2_ws/install/om_msgs/include/om_msgs/om_msgs/msg/detail/response__rosidl_typesupport_introspection_cpp.hpp
[1.398s] -- Up-to-date symlink: /home/intern1/ros2_ws/install/om_msgs/include/om_msgs/om_msgs/msg/detail/state__rosidl_typesupport_introspection_cpp.hpp
[1.400s] -- Up-to-date symlink: /home/intern1/ros2_ws/install/om_msgs/share/om_msgs/environment/pythonpath.sh
[1.401s] -- Up-to-date symlink: /home/intern1/ros2_ws/install/om_msgs/share/om_msgs/environment/pythonpath.dsv
[1.401s] -- Up-to-date symlink: /home/intern1/ros2_ws/install/om_msgs/lib/python3.12/site-packages/om_msgs-2.0.1-py3.12.egg-info/PKG-INFO
[1.401s] -- Up-to-date symlink: /home/intern1/ros2_ws/install/om_msgs/lib/python3.12/site-packages/om_msgs-2.0.1-py3.12.egg-info/SOURCES.txt
[1.401s] -- Up-to-date symlink: /home/intern1/ros2_ws/install/om_msgs/lib/python3.12/site-packages/om_msgs-2.0.1-py3.12.egg-info/dependency_links.txt
[1.401s] -- Up-to-date symlink: /home/intern1/ros2_ws/install/om_msgs/lib/python3.12/site-packages/om_msgs-2.0.1-py3.12.egg-info/top_level.txt
[1.403s] -- Up-to-date symlink: /home/intern1/ros2_ws/install/om_msgs/lib/python3.12/site-packages/om_msgs/__init__.py
[1.404s] -- Up-to-date symlink: /home/intern1/ros2_ws/install/om_msgs/lib/python3.12/site-packages/om_msgs/_om_msgs_s.ep.rosidl_typesupport_c.c
[1.404s] -- Up-to-date symlink: /home/intern1/ros2_ws/install/om_msgs/lib/python3.12/site-packages/om_msgs/_om_msgs_s.ep.rosidl_typesupport_fastrtps_c.c
[1.405s] -- Up-to-date symlink: /home/intern1/ros2_ws/install/om_msgs/lib/python3.12/site-packages/om_msgs/_om_msgs_s.ep.rosidl_typesupport_introspection_c.c
[1.405s] -- Up-to-date symlink: /home/intern1/ros2_ws/install/om_msgs/lib/python3.12/site-packages/om_msgs/msg/__init__.py
[1.405s] -- Up-to-date symlink: /home/intern1/ros2_ws/install/om_msgs/lib/python3.12/site-packages/om_msgs/msg/_query.py
[1.407s] -- Up-to-date symlink: /home/intern1/ros2_ws/install/om_msgs/lib/python3.12/site-packages/om_msgs/msg/_query_s.c
[1.407s] -- Up-to-date symlink: /home/intern1/ros2_ws/install/om_msgs/lib/python3.12/site-packages/om_msgs/msg/_response.py
[1.407s] -- Up-to-date symlink: /home/intern1/ros2_ws/install/om_msgs/lib/python3.12/site-packages/om_msgs/msg/_response_s.c
[1.407s] -- Up-to-date symlink: /home/intern1/ros2_ws/install/om_msgs/lib/python3.12/site-packages/om_msgs/msg/_state.py
[1.407s] -- Up-to-date symlink: /home/intern1/ros2_ws/install/om_msgs/lib/python3.12/site-packages/om_msgs/msg/_state_s.c
[1.408s] -- Up-to-date symlink: /home/intern1/ros2_ws/install/om_msgs/lib/python3.12/site-packages/om_msgs/om_msgs_s__rosidl_typesupport_c.so
[1.408s] -- Up-to-date symlink: /home/intern1/ros2_ws/install/om_msgs/lib/python3.12/site-packages/om_msgs/om_msgs_s__rosidl_typesupport_fastrtps_c.so
[1.408s] -- Up-to-date symlink: /home/intern1/ros2_ws/install/om_msgs/lib/python3.12/site-packages/om_msgs/om_msgs_s__rosidl_typesupport_introspection_c.so
[1.408s] -- Up-to-date symlink: /home/intern1/ros2_ws/install/om_msgs/lib/python3.12/site-packages/om_msgs/om_msgs_s__rosidl_typesupport_fastrtps_c.so
[1.408s] -- Up-to-date symlink: /home/intern1/ros2_ws/install/om_msgs/lib/python3.12/site-packages/om_msgs/om_msgs_s__rosidl_typesupport_introspection_c.so
[1.409s] -- Up-to-date symlink: /home/intern1/ros2_ws/install/om_msgs/lib/python3.12/site-packages/om_msgs/om_msgs_s__rosidl_typesupport_c.so
[1.409s] -- Up-to-date symlink: /home/intern1/ros2_ws/install/om_msgs/share/om_msgs/msg/Query.idl
[1.409s] -- Up-to-date symlink: /home/intern1/ros2_ws/install/om_msgs/share/om_msgs/msg/Response.idl
[1.409s] -- Up-to-date symlink: /home/intern1/ros2_ws/install/om_msgs/share/om_msgs/msg/State.idl
[1.409s] -- Up-to-date symlink: /home/intern1/ros2_ws/install/om_msgs/share/om_msgs/msg/Query.msg
[1.410s] -- Up-to-date symlink: /home/intern1/ros2_ws/install/om_msgs/share/om_msgs/msg/Response.msg
[1.412s] -- Up-to-date symlink: /home/intern1/ros2_ws/install/om_msgs/share/om_msgs/msg/State.msg
[1.412s] -- Up-to-date symlink: /home/intern1/ros2_ws/install/om_msgs/share/ament_index/resource_index/package_run_dependencies/om_msgs
[1.412s] -- Up-to-date symlink: /home/intern1/ros2_ws/install/om_msgs/share/ament_index/resource_index/parent_prefix_path/om_msgs
[1.412s] -- Up-to-date symlink: /home/intern1/ros2_ws/install/om_msgs/share/om_msgs/environment/ament_prefix_path.sh
[1.412s] -- Up-to-date symlink: /home/intern1/ros2_ws/install/om_msgs/share/om_msgs/environment/ament_prefix_path.dsv
[1.413s] -- Up-to-date symlink: /home/intern1/ros2_ws/install/om_msgs/share/om_msgs/environment/path.sh
[1.413s] -- Up-to-date symlink: /home/intern1/ros2_ws/install/om_msgs/share/om_msgs/environment/path.dsv
[1.413s] -- Up-to-date symlink: /home/intern1/ros2_ws/install/om_msgs/share/om_msgs/local_setup.bash
[1.413s] -- Up-to-date symlink: /home/intern1/ros2_ws/install/om_msgs/share/om_msgs/local_setup.sh
[1.413s] -- Up-to-date symlink: /home/intern1/ros2_ws/install/om_msgs/share/om_msgs/local_setup.zsh
[1.413s] -- Up-to-date symlink: /home/intern1/ros2_ws/install/om_msgs/share/om_msgs/local_setup.dsv
[1.413s] -- Symlinking: /home/intern1/ros2_ws/install/om_msgs/share/om_msgs/package.dsv
[1.460s] -- Up-to-date symlink: /home/intern1/ros2_ws/install/om_msgs/share/ament_index/resource_index/packages/om_msgs
[1.460s] -- Up-to-date symlink: /home/intern1/ros2_ws/install/om_msgs/share/om_msgs/cmake/rosidl_cmake-extras.cmake
[1.461s] -- Up-to-date symlink: /home/intern1/ros2_ws/install/om_msgs/share/om_msgs/cmake/ament_cmake_export_include_directories-extras.cmake
[1.461s] -- Up-to-date symlink: /home/intern1/ros2_ws/install/om_msgs/share/om_msgs/cmake/ament_cmake_export_libraries-extras.cmake
[1.461s] -- Up-to-date symlink: /home/intern1/ros2_ws/install/om_msgs/share/om_msgs/cmake/ament_cmake_export_targets-extras.cmake
[1.461s] -- Up-to-date symlink: /home/intern1/ros2_ws/install/om_msgs/share/om_msgs/cmake/rosidl_cmake_export_typesupport_targets-extras.cmake
[1.461s] -- Up-to-date symlink: /home/intern1/ros2_ws/install/om_msgs/share/om_msgs/cmake/ament_cmake_export_dependencies-extras.cmake
[1.469s] -- Up-to-date symlink: /home/intern1/ros2_ws/install/om_msgs/share/om_msgs/cmake/rosidl_cmake_export_typesupport_libraries-extras.cmake
[1.469s] -- Up-to-date symlink: /home/intern1/ros2_ws/install/om_msgs/share/om_msgs/cmake/om_msgsConfig.cmake
[1.469s] -- Up-to-date symlink: /home/intern1/ros2_ws/install/om_msgs/share/om_msgs/cmake/om_msgsConfig-version.cmake
[1.469s] -- Up-to-date symlink: /home/intern1/ros2_ws/install/om_msgs/share/om_msgs/package.xml
[1.470s] -- Up-to-date: /home/intern1/ros2_ws/install/om_msgs/lib/libom_msgs__rosidl_generator_c.so
[1.475s] -- Up-to-date: /home/intern1/ros2_ws/install/om_msgs/lib/libom_msgs__rosidl_typesupport_fastrtps_c.so
[1.475s] -- Up-to-date: /home/intern1/ros2_ws/install/om_msgs/lib/libom_msgs__rosidl_typesupport_introspection_c.so
[1.475s] -- Up-to-date: /home/intern1/ros2_ws/install/om_msgs/lib/libom_msgs__rosidl_typesupport_c.so
[1.477s] -- Up-to-date: /home/intern1/ros2_ws/install/om_msgs/lib/libom_msgs__rosidl_typesupport_fastrtps_cpp.so
[1.477s] -- Up-to-date: /home/intern1/ros2_ws/install/om_msgs/lib/libom_msgs__rosidl_typesupport_introspection_cpp.so
[1.477s] -- Up-to-date: /home/intern1/ros2_ws/install/om_msgs/lib/libom_msgs__rosidl_typesupport_cpp.so
[1.589s] Listing '/home/intern1/ros2_ws/install/om_msgs/lib/python3.12/site-packages/om_msgs'...
[1.589s] Listing '/home/intern1/ros2_ws/install/om_msgs/lib/python3.12/site-packages/om_msgs/msg'...
[1.603s] -- Up-to-date: /home/intern1/ros2_ws/install/om_msgs/lib/libom_msgs__rosidl_generator_py.so
[1.604s] -- Up-to-date: /home/intern1/ros2_ws/install/om_msgs/share/om_msgs/cmake/export_om_msgs__rosidl_generator_cExport.cmake
[1.604s] -- Up-to-date: /home/intern1/ros2_ws/install/om_msgs/share/om_msgs/cmake/export_om_msgs__rosidl_generator_cExport-noconfig.cmake
[1.604s] -- Up-to-date: /home/intern1/ros2_ws/install/om_msgs/share/om_msgs/cmake/export_om_msgs__rosidl_typesupport_fastrtps_cExport.cmake
[1.604s] -- Up-to-date: /home/intern1/ros2_ws/install/om_msgs/share/om_msgs/cmake/export_om_msgs__rosidl_typesupport_fastrtps_cExport-noconfig.cmake
[1.605s] -- Up-to-date: /home/intern1/ros2_ws/install/om_msgs/share/om_msgs/cmake/om_msgs__rosidl_typesupport_introspection_cExport.cmake
[1.605s] -- Up-to-date: /home/intern1/ros2_ws/install/om_msgs/share/om_msgs/cmake/om_msgs__rosidl_typesupport_introspection_cExport-noconfig.cmake
[1.605s] -- Up-to-date: /home/intern1/ros2_ws/install/om_msgs/share/om_msgs/cmake/om_msgs__rosidl_typesupport_cExport.cmake
[1.606s] -- Up-to-date: /home/intern1/ros2_ws/install/om_msgs/share/om_msgs/cmake/om_msgs__rosidl_typesupport_cExport-noconfig.cmake
[1.606s] -- Up-to-date: /home/intern1/ros2_ws/install/om_msgs/share/om_msgs/cmake/export_om_msgs__rosidl_generator_cppExport.cmake
[1.606s] -- Up-to-date: /home/intern1/ros2_ws/install/om_msgs/share/om_msgs/cmake/export_om_msgs__rosidl_typesupport_fastrtps_cppExport.cmake
[1.606s] -- Up-to-date: /home/intern1/ros2_ws/install/om_msgs/share/om_msgs/cmake/export_om_msgs__rosidl_typesupport_fastrtps_cppExport-noconfig.cmake
[1.607s] -- Up-to-date: /home/intern1/ros2_ws/install/om_msgs/share/om_msgs/cmake/om_msgs__rosidl_typesupport_introspection_cppExport.cmake
[1.607s] -- Up-to-date: /home/intern1/ros2_ws/install/om_msgs/share/om_msgs/cmake/om_msgs__rosidl_typesupport_introspection_cppExport-noconfig.cmake
[1.607s] -- Up-to-date: /home/intern1/ros2_ws/install/om_msgs/share/om_msgs/cmake/om_msgs__rosidl_typesupport_cppExport.cmake
[1.607s] -- Up-to-date: /home/intern1/ros2_ws/install/om_msgs/share/om_msgs/cmake/om_msgs__rosidl_typesupport_cppExport-noconfig.cmake
[1.608s] -- Up-to-date: /home/intern1/ros2_ws/install/om_msgs/share/om_msgs/cmake/export_om_msgs__rosidl_generator_pyExport.cmake
[1.608s] -- Up-to-date: /home/intern1/ros2_ws/install/om_msgs/share/om_msgs/cmake/export_om_msgs__rosidl_generator_pyExport-noconfig.cmake
[1.812s] Invoked command in '/home/intern1/ros2_ws/build/om_msgs' returned '0': CMAKE_PREFIX_PATH=${CMAKE_PREFIX_PATH}:/home/intern1/ros2_ws/install/tb3_multi_robot:/home/intern1/ros2_ws/install/om_mvc01:/home/intern1/ros2_ws/install/om_modbus_master:/home/intern1/ros2_ws/install/launch_testing_examples:/home/intern1/ros2_ws/install/examples_rclpy_pointcloud_publisher:/home/intern1/ros2_ws/install/examples_rclpy_minimal_subscriber:/home/intern1/ros2_ws/install/examples_rclpy_minimal_service:/home/intern1/ros2_ws/install/examples_rclpy_minimal_publisher:/home/intern1/ros2_ws/install/examples_rclpy_minimal_client:/home/intern1/ros2_ws/install/examples_rclpy_minimal_action_server:/home/intern1/ros2_ws/install/examples_rclpy_minimal_action_client:/home/intern1/ros2_ws/install/examples_rclpy_guard_conditions:/home/intern1/ros2_ws/install/examples_rclpy_executors:/home/intern1/ros2_ws/install/education_material:/home/intern1/ros2_ws/install/camera_follow:/home/intern1/ros2_ws/install/amr_ws:/opt/ros/jazzy DEBUGINFOD_URLS=https://debuginfod.ubuntu.com /usr/bin/cmake --install /home/intern1/ros2_ws/build/om_msgs
