[3.632s] Invoking command in '/home/intern1/ros2_ws/src/amr_ws': DEBUGINFOD_URLS=https://debuginfod.ubuntu.com PYTHONPATH=/home/intern1/ros2_ws/build/amr_ws/prefix_override:/usr/lib/python3/dist-packages/colcon_core/task/python/colcon_distutils_commands:/home/intern1/ros2_ws/install/amr_ws/lib/python3.12/site-packages:${PYTHONPATH} /usr/bin/python3 -W ignore:setup.py install is deprecated -W ignore:easy_install command is deprecated setup.py egg_info --egg-base ../../build/amr_ws build --build-base /home/intern1/ros2_ws/build/amr_ws/build install --record /home/intern1/ros2_ws/build/amr_ws/install.log --single-version-externally-managed install_data
[4.187s] running egg_info
[4.187s] writing ../../build/amr_ws/amr_ws.egg-info/PKG-INFO
[4.187s] writing dependency_links to ../../build/amr_ws/amr_ws.egg-info/dependency_links.txt
[4.187s] writing entry points to ../../build/amr_ws/amr_ws.egg-info/entry_points.txt
[4.188s] writing requirements to ../../build/amr_ws/amr_ws.egg-info/requires.txt
[4.188s] writing top-level names to ../../build/amr_ws/amr_ws.egg-info/top_level.txt
[4.188s] reading manifest file '../../build/amr_ws/amr_ws.egg-info/SOURCES.txt'
[4.188s] adding license file 'LICENSE'
[4.188s] writing manifest file '../../build/amr_ws/amr_ws.egg-info/SOURCES.txt'
[4.188s] running build
[4.188s] running build_py
[4.201s] running install
[4.206s] running install_lib
[4.228s] running install_data
[4.229s] running install_egg_info
[4.265s] removing '/home/intern1/ros2_ws/install/amr_ws/lib/python3.12/site-packages/amr_ws-0.0.0-py3.12.egg-info' (and everything under it)
[4.266s] Copying ../../build/amr_ws/amr_ws.egg-info to /home/intern1/ros2_ws/install/amr_ws/lib/python3.12/site-packages/amr_ws-0.0.0-py3.12.egg-info
[4.268s] running install_scripts
[4.645s] Installing Automation_and_Lidar script to /home/intern1/ros2_ws/install/amr_ws/lib/amr_ws
[4.645s] Installing Automation_and_Lidar2 script to /home/intern1/ros2_ws/install/amr_ws/lib/amr_ws
[4.646s] Installing Demo_Automation script to /home/intern1/ros2_ws/install/amr_ws/lib/amr_ws
[4.648s] Installing baselink_laser_tf script to /home/intern1/ros2_ws/install/amr_ws/lib/amr_ws
[4.648s] Installing camera_follow script to /home/intern1/ros2_ws/install/amr_ws/lib/amr_ws
[4.648s] Installing compass script to /home/intern1/ros2_ws/install/amr_ws/lib/amr_ws
[4.648s] Installing joystick_to_motor script to /home/intern1/ros2_ws/install/amr_ws/lib/amr_ws
[4.648s] Installing keyboard_listener script to /home/intern1/ros2_ws/install/amr_ws/lib/amr_ws
[4.649s] Installing webcam_line_follow script to /home/intern1/ros2_ws/install/amr_ws/lib/amr_ws
[4.650s] writing list of installed files to '/home/intern1/ros2_ws/build/amr_ws/install.log'
[4.725s] Invoked command in '/home/intern1/ros2_ws/src/amr_ws' returned '0': DEBUGINFOD_URLS=https://debuginfod.ubuntu.com PYTHONPATH=/home/intern1/ros2_ws/build/amr_ws/prefix_override:/usr/lib/python3/dist-packages/colcon_core/task/python/colcon_distutils_commands:/home/intern1/ros2_ws/install/amr_ws/lib/python3.12/site-packages:${PYTHONPATH} /usr/bin/python3 -W ignore:setup.py install is deprecated -W ignore:easy_install command is deprecated setup.py egg_info --egg-base ../../build/amr_ws build --build-base /home/intern1/ros2_ws/build/amr_ws/build install --record /home/intern1/ros2_ws/build/amr_ws/install.log --single-version-externally-managed install_data
