[0.047s] Invoking command in '/home/intern1/ros2_ws/build/turtlesim': CMAKE_PREFIX_PATH=${CMAKE_PREFIX_PATH}:/home/intern1/ros2_ws/install/launch_testing_examples:/home/intern1/ros2_ws/install/examples_rclpy_pointcloud_publisher:/home/intern1/ros2_ws/install/examples_rclpy_minimal_subscriber:/home/intern1/ros2_ws/install/examples_rclpy_minimal_service:/home/intern1/ros2_ws/install/examples_rclpy_minimal_publisher:/home/intern1/ros2_ws/install/examples_rclpy_minimal_client:/home/intern1/ros2_ws/install/examples_rclpy_minimal_action_server:/home/intern1/ros2_ws/install/examples_rclpy_minimal_action_client:/home/intern1/ros2_ws/install/examples_rclpy_guard_conditions:/home/intern1/ros2_ws/install/examples_rclpy_executors:/home/intern1/ros2_ws/install/amr_ws:/opt/ros/jazzy DEBUGINFOD_URLS=https://debuginfod.ubuntu.com /usr/bin/cmake --build /home/intern1/ros2_ws/build/turtlesim -- -j14 -l14
[0.156s] [  0%] Built target turtlesim__rosidl_generator_type_description
[0.179s] [  0%] Built target ament_cmake_python_copy_turtlesim
[0.221s] [  1%] Built target turtlesim__cpp
[0.235s] [ 24%] Built target turtlesim__rosidl_generator_c
[0.340s] [ 32%] Built target turtlesim__rosidl_typesupport_introspection_cpp
[0.347s] [ 41%] Built target turtlesim__rosidl_typesupport_cpp
[0.347s] [ 50%] Built target turtlesim__rosidl_typesupport_c
[0.372s] [ 59%] Built target turtlesim__rosidl_typesupport_introspection_c
[0.374s] [ 67%] Built target turtlesim__rosidl_typesupport_fastrtps_c
[0.388s] [ 76%] Built target turtlesim__rosidl_typesupport_fastrtps_cpp
[0.423s] [ 78%] Built target turtle_teleop_key
[0.462s] [ 79%] Built target draw_square
[0.466s] [ 81%] Built target mimic
[0.470s] [ 86%] Built target turtlesim_node
[0.470s] [ 86%] Built target turtlesim
[0.509s] [ 86%] Built target turtlesim__py
[0.558s] [ 94%] Built target turtlesim__rosidl_generator_py
[0.631s] running egg_info
[0.639s] [ 96%] Built target turtlesim_s__rosidl_typesupport_fastrtps_c
[0.646s] [ 98%] Built target turtlesim_s__rosidl_typesupport_c
[0.652s] [100%] Built target turtlesim_s__rosidl_typesupport_introspection_c
[0.673s] writing turtlesim.egg-info/PKG-INFO
[0.675s] writing dependency_links to turtlesim.egg-info/dependency_links.txt
[0.675s] writing top-level names to turtlesim.egg-info/top_level.txt
[0.780s] reading manifest file 'turtlesim.egg-info/SOURCES.txt'
[0.781s] writing manifest file 'turtlesim.egg-info/SOURCES.txt'
[0.842s] [100%] Built target ament_cmake_python_build_turtlesim_egg
