[2.311s] Invoking command in '/home/intern1/ros2_ws/src/tb3_multi_robot': DEBUGINFOD_URLS=https://debuginfod.ubuntu.com PYTHONPATH=/home/intern1/ros2_ws/build/tb3_multi_robot/prefix_override:/usr/lib/python3/dist-packages/colcon_core/task/python/colcon_distutils_commands:/home/intern1/ros2_ws/install/tb3_multi_robot/lib/python3.12/site-packages:${PYTHONPATH} /usr/bin/python3 -W ignore:setup.py install is deprecated -W ignore:easy_install command is deprecated setup.py egg_info --egg-base ../../build/tb3_multi_robot build --build-base /home/intern1/ros2_ws/build/tb3_multi_robot/build install --record /home/intern1/ros2_ws/build/tb3_multi_robot/install.log --single-version-externally-managed install_data
[8.331s] running egg_info
[8.331s] creating ../../build/tb3_multi_robot/tb3_multi_robot.egg-info
[8.331s] writing ../../build/tb3_multi_robot/tb3_multi_robot.egg-info/PKG-INFO
[8.331s] writing dependency_links to ../../build/tb3_multi_robot/tb3_multi_robot.egg-info/dependency_links.txt
[8.331s] writing entry points to ../../build/tb3_multi_robot/tb3_multi_robot.egg-info/entry_points.txt
[8.331s] writing requirements to ../../build/tb3_multi_robot/tb3_multi_robot.egg-info/requires.txt
[8.331s] writing top-level names to ../../build/tb3_multi_robot/tb3_multi_robot.egg-info/top_level.txt
[8.332s] writing manifest file '../../build/tb3_multi_robot/tb3_multi_robot.egg-info/SOURCES.txt'
[8.332s] reading manifest file '../../build/tb3_multi_robot/tb3_multi_robot.egg-info/SOURCES.txt'
[8.332s] writing manifest file '../../build/tb3_multi_robot/tb3_multi_robot.egg-info/SOURCES.txt'
[8.332s] running build
[8.332s] running build_py
[8.332s] creating /home/intern1/ros2_ws/build/tb3_multi_robot/build
[8.332s] creating /home/intern1/ros2_ws/build/tb3_multi_robot/build/lib
[8.332s] creating /home/intern1/ros2_ws/build/tb3_multi_robot/build/lib/multi_robot_scripts
[8.333s] copying ./multi_robot_scripts/turtlebot3_drive.py -> /home/intern1/ros2_ws/build/tb3_multi_robot/build/lib/multi_robot_scripts
[8.333s] copying ./multi_robot_scripts/utils.py -> /home/intern1/ros2_ws/build/tb3_multi_robot/build/lib/multi_robot_scripts
[8.333s] copying ./multi_robot_scripts/__init__.py -> /home/intern1/ros2_ws/build/tb3_multi_robot/build/lib/multi_robot_scripts
[8.333s] running install
[8.333s] running install_lib
[8.333s] creating /home/intern1/ros2_ws/install/tb3_multi_robot/lib/python3.12/site-packages/multi_robot_scripts
[8.333s] copying /home/intern1/ros2_ws/build/tb3_multi_robot/build/lib/multi_robot_scripts/turtlebot3_drive.py -> /home/intern1/ros2_ws/install/tb3_multi_robot/lib/python3.12/site-packages/multi_robot_scripts
[8.334s] copying /home/intern1/ros2_ws/build/tb3_multi_robot/build/lib/multi_robot_scripts/utils.py -> /home/intern1/ros2_ws/install/tb3_multi_robot/lib/python3.12/site-packages/multi_robot_scripts
[8.334s] copying /home/intern1/ros2_ws/build/tb3_multi_robot/build/lib/multi_robot_scripts/__init__.py -> /home/intern1/ros2_ws/install/tb3_multi_robot/lib/python3.12/site-packages/multi_robot_scripts
[8.334s] byte-compiling /home/intern1/ros2_ws/install/tb3_multi_robot/lib/python3.12/site-packages/multi_robot_scripts/turtlebot3_drive.py to turtlebot3_drive.cpython-312.pyc
[8.334s] byte-compiling /home/intern1/ros2_ws/install/tb3_multi_robot/lib/python3.12/site-packages/multi_robot_scripts/utils.py to utils.cpython-312.pyc
[8.334s] byte-compiling /home/intern1/ros2_ws/install/tb3_multi_robot/lib/python3.12/site-packages/multi_robot_scripts/__init__.py to __init__.cpython-312.pyc
[8.334s] running install_data
[8.334s] copying package.xml -> /home/intern1/ros2_ws/install/tb3_multi_robot/share/tb3_multi_robot
[8.334s] creating /home/intern1/ros2_ws/install/tb3_multi_robot/share/ament_index
[8.334s] creating /home/intern1/ros2_ws/install/tb3_multi_robot/share/ament_index/resource_index
[8.334s] creating /home/intern1/ros2_ws/install/tb3_multi_robot/share/ament_index/resource_index/packages
[8.335s] copying resource/tb3_multi_robot -> /home/intern1/ros2_ws/install/tb3_multi_robot/share/ament_index/resource_index/packages
[8.335s] creating /home/intern1/ros2_ws/install/tb3_multi_robot/share/tb3_multi_robot/launch
[8.335s] copying launch/tb3_world.launch.py -> /home/intern1/ros2_ws/install/tb3_multi_robot/share/tb3_multi_robot/launch
[8.335s] copying launch/tb3_nav2.launch.py -> /home/intern1/ros2_ws/install/tb3_multi_robot/share/tb3_multi_robot/launch
[8.335s] copying launch/drive.launch.py -> /home/intern1/ros2_ws/install/tb3_multi_robot/share/tb3_multi_robot/launch
[8.335s] creating /home/intern1/ros2_ws/install/tb3_multi_robot/share/tb3_multi_robot/launch/nav2_bringup
[8.335s] creating /home/intern1/ros2_ws/install/tb3_multi_robot/share/tb3_multi_robot/params
[8.335s] copying params/waffle_bridge.yaml -> /home/intern1/ros2_ws/install/tb3_multi_robot/share/tb3_multi_robot/params
[8.336s] copying params/burger_cam_bridge.yaml -> /home/intern1/ros2_ws/install/tb3_multi_robot/share/tb3_multi_robot/params
[8.336s] copying params/waffle_pi.yaml -> /home/intern1/ros2_ws/install/tb3_multi_robot/share/tb3_multi_robot/params
[8.336s] copying params/waffle_pi_bridge.yaml -> /home/intern1/ros2_ws/install/tb3_multi_robot/share/tb3_multi_robot/params
[8.336s] copying params/burger_bridge.yaml -> /home/intern1/ros2_ws/install/tb3_multi_robot/share/tb3_multi_robot/params
[8.336s] copying params/burger_nav2_params.yaml -> /home/intern1/ros2_ws/install/tb3_multi_robot/share/tb3_multi_robot/params
[8.337s] copying params/burger_cam_nav2_params.yaml -> /home/intern1/ros2_ws/install/tb3_multi_robot/share/tb3_multi_robot/params
[8.337s] copying params/waffle_nav2_params.yaml -> /home/intern1/ros2_ws/install/tb3_multi_robot/share/tb3_multi_robot/params
[8.338s] creating /home/intern1/ros2_ws/install/tb3_multi_robot/share/tb3_multi_robot/rviz
[8.339s] copying rviz/tb3_navigation2.rviz -> /home/intern1/ros2_ws/install/tb3_multi_robot/share/tb3_multi_robot/rviz
[8.341s] creating /home/intern1/ros2_ws/install/tb3_multi_robot/share/tb3_multi_robot/worlds
[8.342s] copying worlds/tb3_world.world -> /home/intern1/ros2_ws/install/tb3_multi_robot/share/tb3_multi_robot/worlds
[8.342s] creating /home/intern1/ros2_ws/install/tb3_multi_robot/share/tb3_multi_robot/models
[8.345s] creating /home/intern1/ros2_ws/install/tb3_multi_robot/share/tb3_multi_robot/models/turtlebot3_burger
[8.346s] copying models/turtlebot3_burger/model-1_4.sdf -> /home/intern1/ros2_ws/install/tb3_multi_robot/share/tb3_multi_robot/models/turtlebot3_burger
[8.348s] copying models/turtlebot3_burger/model.config -> /home/intern1/ros2_ws/install/tb3_multi_robot/share/tb3_multi_robot/models/turtlebot3_burger
[8.348s] copying models/turtlebot3_burger/model.sdf -> /home/intern1/ros2_ws/install/tb3_multi_robot/share/tb3_multi_robot/models/turtlebot3_burger
[8.349s] creating /home/intern1/ros2_ws/install/tb3_multi_robot/share/tb3_multi_robot/models/turtlebot3_waffle
[8.349s] copying models/turtlebot3_waffle/model-1_4.sdf -> /home/intern1/ros2_ws/install/tb3_multi_robot/share/tb3_multi_robot/models/turtlebot3_waffle
[8.349s] copying models/turtlebot3_waffle/model.config -> /home/intern1/ros2_ws/install/tb3_multi_robot/share/tb3_multi_robot/models/turtlebot3_waffle
[8.349s] copying models/turtlebot3_waffle/model.sdf -> /home/intern1/ros2_ws/install/tb3_multi_robot/share/tb3_multi_robot/models/turtlebot3_waffle
[8.349s] creating /home/intern1/ros2_ws/install/tb3_multi_robot/share/tb3_multi_robot/models/turtlebot3_waffle_pi
[8.350s] creating /home/intern1/ros2_ws/install/tb3_multi_robot/share/tb3_multi_robot/config
[8.350s] copying config/robots.yaml -> /home/intern1/ros2_ws/install/tb3_multi_robot/share/tb3_multi_robot/config
[8.350s] creating /home/intern1/ros2_ws/install/tb3_multi_robot/share/tb3_multi_robot/urdf
[8.350s] copying urdf/turtlebot3_burger_cam.urdf -> /home/intern1/ros2_ws/install/tb3_multi_robot/share/tb3_multi_robot/urdf
[8.350s] copying urdf/turtlebot3_burger.urdf -> /home/intern1/ros2_ws/install/tb3_multi_robot/share/tb3_multi_robot/urdf
[8.350s] copying urdf/turtlebot3_waffle.urdf -> /home/intern1/ros2_ws/install/tb3_multi_robot/share/tb3_multi_robot/urdf
[8.351s] copying urdf/turtlebot3_waffle_pi.urdf -> /home/intern1/ros2_ws/install/tb3_multi_robot/share/tb3_multi_robot/urdf
[8.353s] copying urdf/common_properties.urdf -> /home/intern1/ros2_ws/install/tb3_multi_robot/share/tb3_multi_robot/urdf
[8.355s] creating /home/intern1/ros2_ws/install/tb3_multi_robot/share/tb3_multi_robot/map
[8.355s] copying map/map.pgm -> /home/intern1/ros2_ws/install/tb3_multi_robot/share/tb3_multi_robot/map
[8.356s] copying map/map.yaml -> /home/intern1/ros2_ws/install/tb3_multi_robot/share/tb3_multi_robot/map
[8.356s] running install_egg_info
[8.356s] Copying ../../build/tb3_multi_robot/tb3_multi_robot.egg-info to /home/intern1/ros2_ws/install/tb3_multi_robot/lib/python3.12/site-packages/tb3_multi_robot-1.0.0-py3.12.egg-info
[8.357s] running install_scripts
[8.357s] Installing turtlebot3_drive script to /home/intern1/ros2_ws/install/tb3_multi_robot/bin
[8.358s] writing list of installed files to '/home/intern1/ros2_ws/build/tb3_multi_robot/install.log'
[8.364s] Invoked command in '/home/intern1/ros2_ws/src/tb3_multi_robot' returned '0': DEBUGINFOD_URLS=https://debuginfod.ubuntu.com PYTHONPATH=/home/intern1/ros2_ws/build/tb3_multi_robot/prefix_override:/usr/lib/python3/dist-packages/colcon_core/task/python/colcon_distutils_commands:/home/intern1/ros2_ws/install/tb3_multi_robot/lib/python3.12/site-packages:${PYTHONPATH} /usr/bin/python3 -W ignore:setup.py install is deprecated -W ignore:easy_install command is deprecated setup.py egg_info --egg-base ../../build/tb3_multi_robot build --build-base /home/intern1/ros2_ws/build/tb3_multi_robot/build install --record /home/intern1/ros2_ws/build/tb3_multi_robot/install.log --single-version-externally-managed install_data
