[4.851s] Invoking command in '/home/intern1/ros2_ws/src/education_material': DEBUGINFOD_URLS=https://debuginfod.ubuntu.com PYTHONPATH=/home/intern1/ros2_ws/build/education_material/prefix_override:/usr/lib/python3/dist-packages/colcon_core/task/python/colcon_distutils_commands:/home/intern1/ros2_ws/install/education_material/lib/python3.12/site-packages:${PYTHONPATH} /usr/bin/python3 -W ignore:setup.py install is deprecated -W ignore:easy_install command is deprecated setup.py egg_info --egg-base ../../build/education_material build --build-base /home/intern1/ros2_ws/build/education_material/build install --record /home/intern1/ros2_ws/build/education_material/install.log --single-version-externally-managed install_data
[5.164s] running egg_info
[5.191s] writing ../../build/education_material/education_material.egg-info/PKG-INFO
[5.192s] writing dependency_links to ../../build/education_material/education_material.egg-info/dependency_links.txt
[5.192s] writing entry points to ../../build/education_material/education_material.egg-info/entry_points.txt
[5.192s] writing requirements to ../../build/education_material/education_material.egg-info/requires.txt
[5.192s] writing top-level names to ../../build/education_material/education_material.egg-info/top_level.txt
[5.252s] reading manifest file '../../build/education_material/education_material.egg-info/SOURCES.txt'
[5.252s] adding license file 'LICENSE'
[5.252s] writing manifest file '../../build/education_material/education_material.egg-info/SOURCES.txt'
[5.253s] running build
[5.253s] running build_py
[5.253s] running install
[5.262s] running install_lib
[5.298s] running install_data
[5.298s] running install_egg_info
[5.345s] removing '/home/intern1/ros2_ws/install/education_material/lib/python3.12/site-packages/education_material-0.0.0-py3.12.egg-info' (and everything under it)
[5.346s] Copying ../../build/education_material/education_material.egg-info to /home/intern1/ros2_ws/install/education_material/lib/python3.12/site-packages/education_material-0.0.0-py3.12.egg-info
[5.348s] running install_scripts
[5.597s] Installing evenodd_checker script to /home/intern1/ros2_ws/install/education_material/lib/education_material
[5.598s] Installing int_pub script to /home/intern1/ros2_ws/install/education_material/lib/education_material
[5.598s] Installing int_sub script to /home/intern1/ros2_ws/install/education_material/lib/education_material
[5.598s] Installing keypressed_calculator script to /home/intern1/ros2_ws/install/education_material/lib/education_material
[5.598s] Installing keypressed_talker script to /home/intern1/ros2_ws/install/education_material/lib/education_material
[5.598s] Installing keypressed_to_cmdvel script to /home/intern1/ros2_ws/install/education_material/lib/education_material
[5.598s] Installing string_pub script to /home/intern1/ros2_ws/install/education_material/lib/education_material
[5.599s] Installing string_sub script to /home/intern1/ros2_ws/install/education_material/lib/education_material
[5.599s] writing list of installed files to '/home/intern1/ros2_ws/build/education_material/install.log'
[5.844s] Invoked command in '/home/intern1/ros2_ws/src/education_material' returned '0': DEBUGINFOD_URLS=https://debuginfod.ubuntu.com PYTHONPATH=/home/intern1/ros2_ws/build/education_material/prefix_override:/usr/lib/python3/dist-packages/colcon_core/task/python/colcon_distutils_commands:/home/intern1/ros2_ws/install/education_material/lib/python3.12/site-packages:${PYTHONPATH} /usr/bin/python3 -W ignore:setup.py install is deprecated -W ignore:easy_install command is deprecated setup.py egg_info --egg-base ../../build/education_material build --build-base /home/intern1/ros2_ws/build/education_material/build install --record /home/intern1/ros2_ws/build/education_material/install.log --single-version-externally-managed install_data
