[2.244s] Invoking command in '/home/intern1/ros2_ws/build/camera_follow': DEBUGINFOD_URLS=https://debuginfod.ubuntu.com PYTHONPATH=/home/intern1/ros2_ws/build/camera_follow/prefix_override:/usr/lib/python3/dist-packages/colcon_core/task/python/colcon_distutils_commands:/home/intern1/ros2_ws/install/camera_follow/lib/python3.12/site-packages:${PYTHONPATH} /usr/bin/python3 -W ignore:setup.py install is deprecated -W ignore:easy_install command is deprecated setup.py develop --editable --build-directory /home/intern1/ros2_ws/build/camera_follow/build --no-deps symlink_data --force
[3.041s] running develop
[3.506s] running egg_info
[3.677s] writing camera_follow.egg-info/PKG-INFO
[3.677s] writing dependency_links to camera_follow.egg-info/dependency_links.txt
[3.677s] writing entry points to camera_follow.egg-info/entry_points.txt
[3.678s] writing requirements to camera_follow.egg-info/requires.txt
[3.678s] writing top-level names to camera_follow.egg-info/top_level.txt
[4.139s] reading manifest file 'camera_follow.egg-info/SOURCES.txt'
[4.158s] writing manifest file 'camera_follow.egg-info/SOURCES.txt'
[4.391s] running build_ext
[4.392s] Creating /home/intern1/ros2_ws/install/camera_follow/lib/python3.12/site-packages/camera-follow.egg-link (link to .)
[4.392s] Installing cam_line_follow script to /home/intern1/ros2_ws/install/camera_follow/lib/camera_follow
[4.399s] Installing cam_line_follow_d435if_nonshow script to /home/intern1/ros2_ws/install/camera_follow/lib/camera_follow
[4.399s] Installing cam_line_follow_stop script to /home/intern1/ros2_ws/install/camera_follow/lib/camera_follow
[4.400s] Installing cam_line_follow_stop_black script to /home/intern1/ros2_ws/install/camera_follow/lib/camera_follow
[4.400s] Installing cam_line_follow_stop_early script to /home/intern1/ros2_ws/install/camera_follow/lib/camera_follow
[4.400s] Installing cam_line_follow_stop_early_2line script to /home/intern1/ros2_ws/install/camera_follow/lib/camera_follow
[4.400s] Installing cam_line_follow_stop_edge script to /home/intern1/ros2_ws/install/camera_follow/lib/camera_follow
[4.400s] Installing cam_line_follow_stop_grayscale script to /home/intern1/ros2_ws/install/camera_follow/lib/camera_follow
[4.405s] Installing cam_line_search script to /home/intern1/ros2_ws/install/camera_follow/lib/camera_follow
[4.406s] Installing hand_eye_mrc01 script to /home/intern1/ros2_ws/install/camera_follow/lib/camera_follow
[4.406s] Installing hand_eye_petbottle script to /home/intern1/ros2_ws/install/camera_follow/lib/camera_follow
[4.407s] Installing image_sub script to /home/intern1/ros2_ws/install/camera_follow/lib/camera_follow
[4.409s] Installing webcam_line_follow script to /home/intern1/ros2_ws/install/camera_follow/lib/camera_follow
[4.409s] 
[4.409s] Installed /home/intern1/ros2_ws/build/camera_follow
[4.410s] running symlink_data
[4.411s] symbolically linking /home/intern1/ros2_ws/build/camera_follow/resource/camera_follow -> /home/intern1/ros2_ws/install/camera_follow/share/ament_index/resource_index/packages
[4.411s] symbolically linking /home/intern1/ros2_ws/build/camera_follow/package.xml -> /home/intern1/ros2_ws/install/camera_follow/share/camera_follow
[4.412s] symbolically linking /home/intern1/ros2_ws/build/camera_follow/config/mcm303_info.yaml -> /home/intern1/ros2_ws/install/camera_follow/share/camera_follow/config
[4.420s] symbolically linking /home/intern1/ros2_ws/build/camera_follow/launch/linetrace_launch.py -> /home/intern1/ros2_ws/install/camera_follow/share/camera_follow/launch
