[0.069s] Invoking command in '/home/intern1/ros2_ws/build/sam_bot_description': CMAKE_PREFIX_PATH=${CMAKE_PREFIX_PATH}:/home/intern1/ros2_ws/install/tb3_multi_robot:/home/intern1/ros2_ws/install/om_mvc01:/home/intern1/ros2_ws/install/launch_testing_examples:/home/intern1/ros2_ws/install/examples_rclpy_pointcloud_publisher:/home/intern1/ros2_ws/install/examples_rclpy_minimal_subscriber:/home/intern1/ros2_ws/install/examples_rclpy_minimal_service:/home/intern1/ros2_ws/install/examples_rclpy_minimal_publisher:/home/intern1/ros2_ws/install/examples_rclpy_minimal_client:/home/intern1/ros2_ws/install/examples_rclpy_minimal_action_server:/home/intern1/ros2_ws/install/examples_rclpy_minimal_action_client:/home/intern1/ros2_ws/install/examples_rclpy_guard_conditions:/home/intern1/ros2_ws/install/examples_rclpy_executors:/home/intern1/ros2_ws/install/education_material:/home/intern1/ros2_ws/install/camera_follow:/home/intern1/ros2_ws/install/amr_ws:/opt/ros/jazzy DEBUGINFOD_URLS=https://debuginfod.ubuntu.com /usr/bin/cmake /home/intern1/ros2_ws/src/sam_bot_description -DAMENT_CMAKE_SYMLINK_INSTALL=1 -DCMAKE_INSTALL_PREFIX=/home/intern1/ros2_ws/install/sam_bot_description
[0.894s] -- Found ament_cmake: 2.5.5 (/opt/ros/jazzy/share/ament_cmake/cmake)
[0.895s] -- Override CMake install command with custom implementation using symlinks instead of copying resources
[0.904s] -- Found ament_lint_auto: 0.17.4 (/opt/ros/jazzy/share/ament_lint_auto/cmake)
[1.479s] -- Added test 'flake8' to check Python code syntax and style conventions
[1.479s] -- Configured 'flake8' exclude dirs and/or files: 
[1.482s] -- Added test 'lint_cmake' to check CMake code style
[1.485s] -- Added test 'pep257' to check Python code against some of the docstring style conventions in PEP 257
[1.490s] -- Added test 'xmllint' to check XML markup files
[1.493s] -- Configuring done (1.4s)
[1.500s] -- Generating done (0.0s)
[1.503s] -- Build files have been written to: /home/intern1/ros2_ws/build/sam_bot_description
[1.516s] Invoked command in '/home/intern1/ros2_ws/build/sam_bot_description' returned '0': CMAKE_PREFIX_PATH=${CMAKE_PREFIX_PATH}:/home/intern1/ros2_ws/install/tb3_multi_robot:/home/intern1/ros2_ws/install/om_mvc01:/home/intern1/ros2_ws/install/launch_testing_examples:/home/intern1/ros2_ws/install/examples_rclpy_pointcloud_publisher:/home/intern1/ros2_ws/install/examples_rclpy_minimal_subscriber:/home/intern1/ros2_ws/install/examples_rclpy_minimal_service:/home/intern1/ros2_ws/install/examples_rclpy_minimal_publisher:/home/intern1/ros2_ws/install/examples_rclpy_minimal_client:/home/intern1/ros2_ws/install/examples_rclpy_minimal_action_server:/home/intern1/ros2_ws/install/examples_rclpy_minimal_action_client:/home/intern1/ros2_ws/install/examples_rclpy_guard_conditions:/home/intern1/ros2_ws/install/examples_rclpy_executors:/home/intern1/ros2_ws/install/education_material:/home/intern1/ros2_ws/install/camera_follow:/home/intern1/ros2_ws/install/amr_ws:/opt/ros/jazzy DEBUGINFOD_URLS=https://debuginfod.ubuntu.com /usr/bin/cmake /home/intern1/ros2_ws/src/sam_bot_description -DAMENT_CMAKE_SYMLINK_INSTALL=1 -DCMAKE_INSTALL_PREFIX=/home/intern1/ros2_ws/install/sam_bot_description
[1.519s] Invoking command in '/home/intern1/ros2_ws/build/sam_bot_description': CMAKE_PREFIX_PATH=${CMAKE_PREFIX_PATH}:/home/intern1/ros2_ws/install/tb3_multi_robot:/home/intern1/ros2_ws/install/om_mvc01:/home/intern1/ros2_ws/install/launch_testing_examples:/home/intern1/ros2_ws/install/examples_rclpy_pointcloud_publisher:/home/intern1/ros2_ws/install/examples_rclpy_minimal_subscriber:/home/intern1/ros2_ws/install/examples_rclpy_minimal_service:/home/intern1/ros2_ws/install/examples_rclpy_minimal_publisher:/home/intern1/ros2_ws/install/examples_rclpy_minimal_client:/home/intern1/ros2_ws/install/examples_rclpy_minimal_action_server:/home/intern1/ros2_ws/install/examples_rclpy_minimal_action_client:/home/intern1/ros2_ws/install/examples_rclpy_guard_conditions:/home/intern1/ros2_ws/install/examples_rclpy_executors:/home/intern1/ros2_ws/install/education_material:/home/intern1/ros2_ws/install/camera_follow:/home/intern1/ros2_ws/install/amr_ws:/opt/ros/jazzy DEBUGINFOD_URLS=https://debuginfod.ubuntu.com /usr/bin/cmake --build /home/intern1/ros2_ws/build/sam_bot_description -- -j14 -l14
[2.371s] Invoked command in '/home/intern1/ros2_ws/build/sam_bot_description' returned '0': CMAKE_PREFIX_PATH=${CMAKE_PREFIX_PATH}:/home/intern1/ros2_ws/install/tb3_multi_robot:/home/intern1/ros2_ws/install/om_mvc01:/home/intern1/ros2_ws/install/launch_testing_examples:/home/intern1/ros2_ws/install/examples_rclpy_pointcloud_publisher:/home/intern1/ros2_ws/install/examples_rclpy_minimal_subscriber:/home/intern1/ros2_ws/install/examples_rclpy_minimal_service:/home/intern1/ros2_ws/install/examples_rclpy_minimal_publisher:/home/intern1/ros2_ws/install/examples_rclpy_minimal_client:/home/intern1/ros2_ws/install/examples_rclpy_minimal_action_server:/home/intern1/ros2_ws/install/examples_rclpy_minimal_action_client:/home/intern1/ros2_ws/install/examples_rclpy_guard_conditions:/home/intern1/ros2_ws/install/examples_rclpy_executors:/home/intern1/ros2_ws/install/education_material:/home/intern1/ros2_ws/install/camera_follow:/home/intern1/ros2_ws/install/amr_ws:/opt/ros/jazzy DEBUGINFOD_URLS=https://debuginfod.ubuntu.com /usr/bin/cmake --build /home/intern1/ros2_ws/build/sam_bot_description -- -j14 -l14
[2.372s] Invoking command in '/home/intern1/ros2_ws/build/sam_bot_description': CMAKE_PREFIX_PATH=${CMAKE_PREFIX_PATH}:/home/intern1/ros2_ws/install/tb3_multi_robot:/home/intern1/ros2_ws/install/om_mvc01:/home/intern1/ros2_ws/install/launch_testing_examples:/home/intern1/ros2_ws/install/examples_rclpy_pointcloud_publisher:/home/intern1/ros2_ws/install/examples_rclpy_minimal_subscriber:/home/intern1/ros2_ws/install/examples_rclpy_minimal_service:/home/intern1/ros2_ws/install/examples_rclpy_minimal_publisher:/home/intern1/ros2_ws/install/examples_rclpy_minimal_client:/home/intern1/ros2_ws/install/examples_rclpy_minimal_action_server:/home/intern1/ros2_ws/install/examples_rclpy_minimal_action_client:/home/intern1/ros2_ws/install/examples_rclpy_guard_conditions:/home/intern1/ros2_ws/install/examples_rclpy_executors:/home/intern1/ros2_ws/install/education_material:/home/intern1/ros2_ws/install/camera_follow:/home/intern1/ros2_ws/install/amr_ws:/opt/ros/jazzy DEBUGINFOD_URLS=https://debuginfod.ubuntu.com /usr/bin/cmake --install /home/intern1/ros2_ws/build/sam_bot_description
[2.490s] -- Install configuration: ""
[2.490s] -- Execute custom install script
[2.490s] -- Symlinking: /home/intern1/ros2_ws/install/sam_bot_description/share/sam_bot_description/src/description/sam_bot_description.urdf.xacro
[2.490s] -- Up-to-date symlink: /home/intern1/ros2_ws/install/sam_bot_description/share/sam_bot_description/src/description/sam_bot_description.urdf.xacro
[2.490s] -- Symlinking: /home/intern1/ros2_ws/install/sam_bot_description/share/sam_bot_description/launch/display.launch.py
[2.491s] -- Symlinking: /home/intern1/ros2_ws/install/sam_bot_description/share/sam_bot_description/rviz/build/.built_by
[2.491s] -- Symlinking: /home/intern1/ros2_ws/install/sam_bot_description/share/sam_bot_description/rviz/build/COLCON_IGNORE
[2.491s] -- Symlinking: /home/intern1/ros2_ws/install/sam_bot_description/share/sam_bot_description/rviz/config.rviz
[2.491s] -- Symlinking: /home/intern1/ros2_ws/install/sam_bot_description/share/sam_bot_description/rviz/install/.colcon_install_layout
[2.494s] [33mCMake Warning (dev) at ament_cmake_symlink_install/ament_cmake_symlink_install.cmake:67 (file):
[2.495s]   Policy CMP0009 is not set: FILE GLOB_RECURSE calls should not follow
[2.495s]   symlinks by default.  Run "cmake --help-policy CMP0009" for policy details.
[2.495s]   Use the cmake_policy command to set the policy and suppress this warning.
[2.496s] Call Stack (most recent call first):
[2.496s]   ament_cmake_symlink_install/ament_cmake_symlink_install.cmake:322 (ament_cmake_symlink_install_directory)
[2.496s]   cmake_install.cmake:46 (include)
[2.496s] This warning is for project developers.  Use -Wno-dev to suppress it.
[2.502s] [0m
[2.514s] -- Symlinking: /home/intern1/ros2_ws/install/sam_bot_description/share/sam_bot_description/rviz/install/COLCON_IGNORE
[2.530s] -- Symlinking: /home/intern1/ros2_ws/install/sam_bot_description/share/sam_bot_description/rviz/install/_local_setup_util_ps1.py
[2.546s] -- Symlinking: /home/intern1/ros2_ws/install/sam_bot_description/share/sam_bot_description/rviz/install/_local_setup_util_sh.py
[2.566s] -- Symlinking: /home/intern1/ros2_ws/install/sam_bot_description/share/sam_bot_description/rviz/install/local_setup.bash
[2.616s] -- Symlinking: /home/intern1/ros2_ws/install/sam_bot_description/share/sam_bot_description/rviz/install/local_setup.ps1
[2.659s] -- Symlinking: /home/intern1/ros2_ws/install/sam_bot_description/share/sam_bot_description/rviz/install/local_setup.sh
[2.684s] -- Symlinking: /home/intern1/ros2_ws/install/sam_bot_description/share/sam_bot_description/rviz/install/local_setup.zsh
[2.701s] -- Symlinking: /home/intern1/ros2_ws/install/sam_bot_description/share/sam_bot_description/rviz/install/setup.bash
[2.712s] -- Symlinking: /home/intern1/ros2_ws/install/sam_bot_description/share/sam_bot_description/rviz/install/setup.ps1
[2.731s] -- Symlinking: /home/intern1/ros2_ws/install/sam_bot_description/share/sam_bot_description/rviz/install/setup.sh
[2.746s] -- Symlinking: /home/intern1/ros2_ws/install/sam_bot_description/share/sam_bot_description/rviz/install/setup.zsh
[2.763s] -- Symlinking: /home/intern1/ros2_ws/install/sam_bot_description/share/sam_bot_description/rviz/log/COLCON_IGNORE
[2.786s] -- Symlinking: /home/intern1/ros2_ws/install/sam_bot_description/share/sam_bot_description/rviz/log/build_2026-01-20_17-05-03/events.log
[2.812s] -- Symlinking: /home/intern1/ros2_ws/install/sam_bot_description/share/sam_bot_description/rviz/log/build_2026-01-20_17-05-03/logger_all.log
[2.832s] -- Up-to-date symlink: /home/intern1/ros2_ws/install/sam_bot_description/share/sam_bot_description/rviz/log/latest/events.log
[2.832s] -- Up-to-date symlink: /home/intern1/ros2_ws/install/sam_bot_description/share/sam_bot_description/rviz/log/latest/logger_all.log
[2.832s] -- Up-to-date symlink: /home/intern1/ros2_ws/install/sam_bot_description/share/sam_bot_description/rviz/log/latest_build/events.log
[2.832s] -- Up-to-date symlink: /home/intern1/ros2_ws/install/sam_bot_description/share/sam_bot_description/rviz/log/latest_build/logger_all.log
[2.832s] -- Symlinking: /home/intern1/ros2_ws/install/sam_bot_description/share/ament_index/resource_index/package_run_dependencies/sam_bot_description
[2.854s] -- Symlinking: /home/intern1/ros2_ws/install/sam_bot_description/share/ament_index/resource_index/parent_prefix_path/sam_bot_description
[2.876s] -- Symlinking: /home/intern1/ros2_ws/install/sam_bot_description/share/sam_bot_description/environment/ament_prefix_path.sh
[2.897s] -- Symlinking: /home/intern1/ros2_ws/install/sam_bot_description/share/sam_bot_description/environment/ament_prefix_path.dsv
[2.921s] -- Symlinking: /home/intern1/ros2_ws/install/sam_bot_description/share/sam_bot_description/environment/path.sh
[2.945s] -- Symlinking: /home/intern1/ros2_ws/install/sam_bot_description/share/sam_bot_description/environment/path.dsv
[2.971s] -- Symlinking: /home/intern1/ros2_ws/install/sam_bot_description/share/sam_bot_description/local_setup.bash
[2.997s] -- Symlinking: /home/intern1/ros2_ws/install/sam_bot_description/share/sam_bot_description/local_setup.sh
[3.016s] -- Symlinking: /home/intern1/ros2_ws/install/sam_bot_description/share/sam_bot_description/local_setup.zsh
[3.056s] -- Symlinking: /home/intern1/ros2_ws/install/sam_bot_description/share/sam_bot_description/local_setup.dsv
[3.075s] -- Symlinking: /home/intern1/ros2_ws/install/sam_bot_description/share/sam_bot_description/package.dsv
[3.092s] -- Symlinking: /home/intern1/ros2_ws/install/sam_bot_description/share/ament_index/resource_index/packages/sam_bot_description
[3.112s] -- Symlinking: /home/intern1/ros2_ws/install/sam_bot_description/share/sam_bot_description/cmake/sam_bot_descriptionConfig.cmake
[3.129s] -- Symlinking: /home/intern1/ros2_ws/install/sam_bot_description/share/sam_bot_description/cmake/sam_bot_descriptionConfig-version.cmake
[3.166s] -- Symlinking: /home/intern1/ros2_ws/install/sam_bot_description/share/sam_bot_description/package.xml
[3.211s] Invoked command in '/home/intern1/ros2_ws/build/sam_bot_description' returned '0': CMAKE_PREFIX_PATH=${CMAKE_PREFIX_PATH}:/home/intern1/ros2_ws/install/tb3_multi_robot:/home/intern1/ros2_ws/install/om_mvc01:/home/intern1/ros2_ws/install/launch_testing_examples:/home/intern1/ros2_ws/install/examples_rclpy_pointcloud_publisher:/home/intern1/ros2_ws/install/examples_rclpy_minimal_subscriber:/home/intern1/ros2_ws/install/examples_rclpy_minimal_service:/home/intern1/ros2_ws/install/examples_rclpy_minimal_publisher:/home/intern1/ros2_ws/install/examples_rclpy_minimal_client:/home/intern1/ros2_ws/install/examples_rclpy_minimal_action_server:/home/intern1/ros2_ws/install/examples_rclpy_minimal_action_client:/home/intern1/ros2_ws/install/examples_rclpy_guard_conditions:/home/intern1/ros2_ws/install/examples_rclpy_executors:/home/intern1/ros2_ws/install/education_material:/home/intern1/ros2_ws/install/camera_follow:/home/intern1/ros2_ws/install/amr_ws:/opt/ros/jazzy DEBUGINFOD_URLS=https://debuginfod.ubuntu.com /usr/bin/cmake --install /home/intern1/ros2_ws/build/sam_bot_description
