[0.028s] Invoking command in '/home/intern1/ros2_ws/build/sam_bot_description': CMAKE_PREFIX_PATH=${CMAKE_PREFIX_PATH}:/opt/ros/jazzy DEBUGINFOD_URLS=https://debuginfod.ubuntu.com /usr/bin/cmake /home/intern1/ros2_ws/src/sam_bot_description -DCMAKE_INSTALL_PREFIX=/home/intern1/ros2_ws/install/sam_bot_description
[2.332s] -- The C compiler identification is GNU 13.3.0
[2.333s] -- The CXX compiler identification is GNU 13.3.0
[2.333s] -- Detecting C compiler ABI info
[2.333s] -- Detecting C compiler ABI info - done
[2.333s] -- Check for working C compiler: /usr/bin/cc - skipped
[2.333s] -- Detecting C compile features
[2.333s] -- Detecting C compile features - done
[2.333s] -- Detecting CXX compiler ABI info
[2.333s] -- Detecting CXX compiler ABI info - done
[2.333s] -- Check for working CXX compiler: /usr/bin/c++ - skipped
[2.334s] -- Detecting CXX compile features
[2.334s] -- Detecting CXX compile features - done
[2.334s] -- Found ament_cmake: 2.5.6 (/opt/ros/jazzy/share/ament_cmake/cmake)
[2.334s] -- Found Python3: /usr/bin/python3 (found version "3.12.3") found components: Interpreter 
[2.334s] -- Found ament_lint_auto: 0.17.5 (/opt/ros/jazzy/share/ament_lint_auto/cmake)
[2.404s] -- Added test 'flake8' to check Python code syntax and style conventions
[2.404s] -- Configured 'flake8' exclude dirs and/or files: 
[2.405s] -- Added test 'lint_cmake' to check CMake code style
[2.407s] -- Added test 'pep257' to check Python code against some of the docstring style conventions in PEP 257
[2.410s] -- Added test 'xmllint' to check XML markup files
[2.412s] -- Configuring done (2.4s)
[2.416s] -- Generating done (0.0s)
[2.419s] -- Build files have been written to: /home/intern1/ros2_ws/build/sam_bot_description
[2.432s] Invoked command in '/home/intern1/ros2_ws/build/sam_bot_description' returned '0': CMAKE_PREFIX_PATH=${CMAKE_PREFIX_PATH}:/opt/ros/jazzy DEBUGINFOD_URLS=https://debuginfod.ubuntu.com /usr/bin/cmake /home/intern1/ros2_ws/src/sam_bot_description -DCMAKE_INSTALL_PREFIX=/home/intern1/ros2_ws/install/sam_bot_description
[2.433s] Invoking command in '/home/intern1/ros2_ws/build/sam_bot_description': CMAKE_PREFIX_PATH=${CMAKE_PREFIX_PATH}:/opt/ros/jazzy DEBUGINFOD_URLS=https://debuginfod.ubuntu.com /usr/bin/cmake --build /home/intern1/ros2_ws/build/sam_bot_description -- -j14 -l14
[3.701s] Invoked command in '/home/intern1/ros2_ws/build/sam_bot_description' returned '0': CMAKE_PREFIX_PATH=${CMAKE_PREFIX_PATH}:/opt/ros/jazzy DEBUGINFOD_URLS=https://debuginfod.ubuntu.com /usr/bin/cmake --build /home/intern1/ros2_ws/build/sam_bot_description -- -j14 -l14
[3.701s] Invoking command in '/home/intern1/ros2_ws/build/sam_bot_description': CMAKE_PREFIX_PATH=${CMAKE_PREFIX_PATH}:/opt/ros/jazzy DEBUGINFOD_URLS=https://debuginfod.ubuntu.com /usr/bin/cmake --install /home/intern1/ros2_ws/build/sam_bot_description
[3.753s] -- Install configuration: ""
[3.754s] -- Installing: /home/intern1/ros2_ws/install/sam_bot_description/share/sam_bot_description/src/description
[3.754s] -- Installing: /home/intern1/ros2_ws/install/sam_bot_description/share/sam_bot_description/src/description/sam_bot_description.urdf.xacro
[3.754s] -- Up-to-date: /home/intern1/ros2_ws/install/sam_bot_description/share/sam_bot_description/src
[3.754s] -- Up-to-date: /home/intern1/ros2_ws/install/sam_bot_description/share/sam_bot_description/src/description
[3.754s] -- Up-to-date: /home/intern1/ros2_ws/install/sam_bot_description/share/sam_bot_description/src/description/sam_bot_description.urdf.xacro
[3.754s] -- Installing: /home/intern1/ros2_ws/install/sam_bot_description/share/sam_bot_description/launch
[3.754s] -- Installing: /home/intern1/ros2_ws/install/sam_bot_description/share/sam_bot_description/launch/display.launch.py
[3.754s] -- Installing: /home/intern1/ros2_ws/install/sam_bot_description/share/sam_bot_description/rviz
[3.755s] -- Installing: /home/intern1/ros2_ws/install/sam_bot_description/share/sam_bot_description/rviz/log
[3.755s] -- Installing: /home/intern1/ros2_ws/install/sam_bot_description/share/sam_bot_description/rviz/log/latest_build
[3.760s] -- Installing: /home/intern1/ros2_ws/install/sam_bot_description/share/sam_bot_description/rviz/log/latest
[3.760s] -- Installing: /home/intern1/ros2_ws/install/sam_bot_description/share/sam_bot_description/rviz/log/build_2026-01-20_17-05-03
[3.760s] -- Installing: /home/intern1/ros2_ws/install/sam_bot_description/share/sam_bot_description/rviz/log/build_2026-01-20_17-05-03/events.log
[3.760s] -- Installing: /home/intern1/ros2_ws/install/sam_bot_description/share/sam_bot_description/rviz/log/build_2026-01-20_17-05-03/logger_all.log
[3.761s] -- Installing: /home/intern1/ros2_ws/install/sam_bot_description/share/sam_bot_description/rviz/log/COLCON_IGNORE
[3.761s] -- Installing: /home/intern1/ros2_ws/install/sam_bot_description/share/sam_bot_description/rviz/build
[3.761s] -- Installing: /home/intern1/ros2_ws/install/sam_bot_description/share/sam_bot_description/rviz/build/.built_by
[3.761s] -- Installing: /home/intern1/ros2_ws/install/sam_bot_description/share/sam_bot_description/rviz/build/COLCON_IGNORE
[3.761s] -- Installing: /home/intern1/ros2_ws/install/sam_bot_description/share/sam_bot_description/rviz/install
[3.762s] -- Installing: /home/intern1/ros2_ws/install/sam_bot_description/share/sam_bot_description/rviz/install/local_setup.bash
[3.762s] -- Installing: /home/intern1/ros2_ws/install/sam_bot_description/share/sam_bot_description/rviz/install/local_setup.sh
[3.762s] -- Installing: /home/intern1/ros2_ws/install/sam_bot_description/share/sam_bot_description/rviz/install/_local_setup_util_sh.py
[3.762s] -- Installing: /home/intern1/ros2_ws/install/sam_bot_description/share/sam_bot_description/rviz/install/.colcon_install_layout
[3.766s] -- Installing: /home/intern1/ros2_ws/install/sam_bot_description/share/sam_bot_description/rviz/install/local_setup.zsh
[3.766s] -- Installing: /home/intern1/ros2_ws/install/sam_bot_description/share/sam_bot_description/rviz/install/setup.ps1
[3.766s] -- Installing: /home/intern1/ros2_ws/install/sam_bot_description/share/sam_bot_description/rviz/install/setup.zsh
[3.767s] -- Installing: /home/intern1/ros2_ws/install/sam_bot_description/share/sam_bot_description/rviz/install/_local_setup_util_ps1.py
[3.767s] -- Installing: /home/intern1/ros2_ws/install/sam_bot_description/share/sam_bot_description/rviz/install/local_setup.ps1
[3.767s] -- Installing: /home/intern1/ros2_ws/install/sam_bot_description/share/sam_bot_description/rviz/install/setup.sh
[3.767s] -- Installing: /home/intern1/ros2_ws/install/sam_bot_description/share/sam_bot_description/rviz/install/setup.bash
[3.767s] -- Installing: /home/intern1/ros2_ws/install/sam_bot_description/share/sam_bot_description/rviz/install/COLCON_IGNORE
[3.767s] -- Installing: /home/intern1/ros2_ws/install/sam_bot_description/share/sam_bot_description/rviz/config.rviz
[3.767s] -- Installing: /home/intern1/ros2_ws/install/sam_bot_description/share/ament_index/resource_index/package_run_dependencies/sam_bot_description
[3.767s] -- Installing: /home/intern1/ros2_ws/install/sam_bot_description/share/ament_index/resource_index/parent_prefix_path/sam_bot_description
[3.767s] -- Installing: /home/intern1/ros2_ws/install/sam_bot_description/share/sam_bot_description/environment/ament_prefix_path.sh
[3.767s] -- Installing: /home/intern1/ros2_ws/install/sam_bot_description/share/sam_bot_description/environment/ament_prefix_path.dsv
[3.767s] -- Installing: /home/intern1/ros2_ws/install/sam_bot_description/share/sam_bot_description/environment/path.sh
[3.767s] -- Installing: /home/intern1/ros2_ws/install/sam_bot_description/share/sam_bot_description/environment/path.dsv
[3.768s] -- Installing: /home/intern1/ros2_ws/install/sam_bot_description/share/sam_bot_description/local_setup.bash
[3.768s] -- Installing: /home/intern1/ros2_ws/install/sam_bot_description/share/sam_bot_description/local_setup.sh
[3.768s] -- Installing: /home/intern1/ros2_ws/install/sam_bot_description/share/sam_bot_description/local_setup.zsh
[3.768s] -- Installing: /home/intern1/ros2_ws/install/sam_bot_description/share/sam_bot_description/local_setup.dsv
[3.768s] -- Installing: /home/intern1/ros2_ws/install/sam_bot_description/share/sam_bot_description/package.dsv
[3.768s] -- Installing: /home/intern1/ros2_ws/install/sam_bot_description/share/ament_index/resource_index/packages/sam_bot_description
[3.768s] -- Installing: /home/intern1/ros2_ws/install/sam_bot_description/share/sam_bot_description/cmake/sam_bot_descriptionConfig.cmake
[3.768s] -- Installing: /home/intern1/ros2_ws/install/sam_bot_description/share/sam_bot_description/cmake/sam_bot_descriptionConfig-version.cmake
[3.768s] -- Installing: /home/intern1/ros2_ws/install/sam_bot_description/share/sam_bot_description/package.xml
[3.813s] Invoked command in '/home/intern1/ros2_ws/build/sam_bot_description' returned '0': CMAKE_PREFIX_PATH=${CMAKE_PREFIX_PATH}:/opt/ros/jazzy DEBUGINFOD_URLS=https://debuginfod.ubuntu.com /usr/bin/cmake --install /home/intern1/ros2_ws/build/sam_bot_description
