[5.519s] Invoking command in '/home/intern1/ros2_ws/src/examples/rclpy/topics/minimal_subscriber': DEBUGINFOD_URLS=https://debuginfod.ubuntu.com PYTHONPATH=/home/intern1/ros2_ws/build/examples_rclpy_minimal_subscriber/prefix_override:/usr/lib/python3/dist-packages/colcon_core/task/python/colcon_distutils_commands:/home/intern1/ros2_ws/install/examples_rclpy_minimal_subscriber/lib/python3.12/site-packages:${PYTHONPATH} /usr/bin/python3 -W ignore:setup.py install is deprecated -W ignore:easy_install command is deprecated setup.py egg_info --egg-base ../../../../../build/examples_rclpy_minimal_subscriber build --build-base /home/intern1/ros2_ws/build/examples_rclpy_minimal_subscriber/build install --record /home/intern1/ros2_ws/build/examples_rclpy_minimal_subscriber/install.log --single-version-externally-managed install_data
[6.350s] running egg_info
[6.385s] writing ../../../../../build/examples_rclpy_minimal_subscriber/examples_rclpy_minimal_subscriber.egg-info/PKG-INFO
[6.388s] writing dependency_links to ../../../../../build/examples_rclpy_minimal_subscriber/examples_rclpy_minimal_subscriber.egg-info/dependency_links.txt
[6.388s] writing entry points to ../../../../../build/examples_rclpy_minimal_subscriber/examples_rclpy_minimal_subscriber.egg-info/entry_points.txt
[6.388s] writing requirements to ../../../../../build/examples_rclpy_minimal_subscriber/examples_rclpy_minimal_subscriber.egg-info/requires.txt
[6.388s] writing top-level names to ../../../../../build/examples_rclpy_minimal_subscriber/examples_rclpy_minimal_subscriber.egg-info/top_level.txt
[6.463s] reading manifest file '../../../../../build/examples_rclpy_minimal_subscriber/examples_rclpy_minimal_subscriber.egg-info/SOURCES.txt'
[6.464s] writing manifest file '../../../../../build/examples_rclpy_minimal_subscriber/examples_rclpy_minimal_subscriber.egg-info/SOURCES.txt'
[6.465s] running build
[6.465s] running build_py
[6.465s] running install
[6.476s] running install_lib
[6.515s] running install_data
[6.516s] running install_egg_info
[6.574s] removing '/home/intern1/ros2_ws/install/examples_rclpy_minimal_subscriber/lib/python3.12/site-packages/examples_rclpy_minimal_subscriber-0.19.7-py3.12.egg-info' (and everything under it)
[6.576s] Copying ../../../../../build/examples_rclpy_minimal_subscriber/examples_rclpy_minimal_subscriber.egg-info to /home/intern1/ros2_ws/install/examples_rclpy_minimal_subscriber/lib/python3.12/site-packages/examples_rclpy_minimal_subscriber-0.19.7-py3.12.egg-info
[6.577s] running install_scripts
[7.002s] Installing subscriber_lambda script to /home/intern1/ros2_ws/install/examples_rclpy_minimal_subscriber/lib/examples_rclpy_minimal_subscriber
[7.002s] Installing subscriber_member_function script to /home/intern1/ros2_ws/install/examples_rclpy_minimal_subscriber/lib/examples_rclpy_minimal_subscriber
[7.003s] Installing subscriber_old_school script to /home/intern1/ros2_ws/install/examples_rclpy_minimal_subscriber/lib/examples_rclpy_minimal_subscriber
[7.003s] writing list of installed files to '/home/intern1/ros2_ws/build/examples_rclpy_minimal_subscriber/install.log'
[7.072s] Invoked command in '/home/intern1/ros2_ws/src/examples/rclpy/topics/minimal_subscriber' returned '0': DEBUGINFOD_URLS=https://debuginfod.ubuntu.com PYTHONPATH=/home/intern1/ros2_ws/build/examples_rclpy_minimal_subscriber/prefix_override:/usr/lib/python3/dist-packages/colcon_core/task/python/colcon_distutils_commands:/home/intern1/ros2_ws/install/examples_rclpy_minimal_subscriber/lib/python3.12/site-packages:${PYTHONPATH} /usr/bin/python3 -W ignore:setup.py install is deprecated -W ignore:easy_install command is deprecated setup.py egg_info --egg-base ../../../../../build/examples_rclpy_minimal_subscriber build --build-base /home/intern1/ros2_ws/build/examples_rclpy_minimal_subscriber/build install --record /home/intern1/ros2_ws/build/examples_rclpy_minimal_subscriber/install.log --single-version-externally-managed install_data
