[4.979s] Invoking command in '/home/intern1/ros2_ws/src/amr_ws': DEBUGINFOD_URLS=https://debuginfod.ubuntu.com PYTHONPATH=/home/intern1/ros2_ws/build/amr_ws/prefix_override:/usr/lib/python3/dist-packages/colcon_core/task/python/colcon_distutils_commands:/home/intern1/ros2_ws/install/amr_ws/lib/python3.12/site-packages:${PYTHONPATH} /usr/bin/python3 -W ignore:setup.py install is deprecated -W ignore:easy_install command is deprecated setup.py egg_info --egg-base ../../build/amr_ws build --build-base /home/intern1/ros2_ws/build/amr_ws/build install --record /home/intern1/ros2_ws/build/amr_ws/install.log --single-version-externally-managed install_data
[5.731s] running egg_info
[5.775s] writing ../../build/amr_ws/amr_ws.egg-info/PKG-INFO
[5.775s] writing dependency_links to ../../build/amr_ws/amr_ws.egg-info/dependency_links.txt
[5.776s] writing entry points to ../../build/amr_ws/amr_ws.egg-info/entry_points.txt
[5.777s] writing requirements to ../../build/amr_ws/amr_ws.egg-info/requires.txt
[5.779s] writing top-level names to ../../build/amr_ws/amr_ws.egg-info/top_level.txt
[5.871s] reading manifest file '../../build/amr_ws/amr_ws.egg-info/SOURCES.txt'
[5.871s] adding license file 'LICENSE'
[5.871s] writing manifest file '../../build/amr_ws/amr_ws.egg-info/SOURCES.txt'
[5.871s] running build
[5.872s] running build_py
[5.872s] copying amr_ws/webcam_line_follow.py -> /home/intern1/ros2_ws/build/amr_ws/build/lib/amr_ws
[5.872s] running install
[5.883s] running install_lib
[5.926s] copying /home/intern1/ros2_ws/build/amr_ws/build/lib/amr_ws/webcam_line_follow.py -> /home/intern1/ros2_ws/install/amr_ws/lib/python3.12/site-packages/amr_ws
[5.928s] byte-compiling /home/intern1/ros2_ws/install/amr_ws/lib/python3.12/site-packages/amr_ws/webcam_line_follow.py to webcam_line_follow.cpython-312.pyc
[5.948s] running install_data
[5.949s] running install_egg_info
[5.994s] removing '/home/intern1/ros2_ws/install/amr_ws/lib/python3.12/site-packages/amr_ws-0.0.0-py3.12.egg-info' (and everything under it)
[5.995s] Copying ../../build/amr_ws/amr_ws.egg-info to /home/intern1/ros2_ws/install/amr_ws/lib/python3.12/site-packages/amr_ws-0.0.0-py3.12.egg-info
[6.005s] running install_scripts
[6.273s] Installing Automation_and_Lidar script to /home/intern1/ros2_ws/install/amr_ws/lib/amr_ws
[6.273s] Installing Automation_and_Lidar2 script to /home/intern1/ros2_ws/install/amr_ws/lib/amr_ws
[6.273s] Installing Demo_Automation script to /home/intern1/ros2_ws/install/amr_ws/lib/amr_ws
[6.273s] Installing agv_audio_node script to /home/intern1/ros2_ws/install/amr_ws/lib/amr_ws
[6.273s] Installing agv_shutdown_node script to /home/intern1/ros2_ws/install/amr_ws/lib/amr_ws
[6.274s] Installing baselink_laser_tf script to /home/intern1/ros2_ws/install/amr_ws/lib/amr_ws
[6.274s] Installing camera_follow script to /home/intern1/ros2_ws/install/amr_ws/lib/amr_ws
[6.275s] Installing cmdvelsmoothed_to_cmdvel script to /home/intern1/ros2_ws/install/amr_ws/lib/amr_ws
[6.275s] Installing compass script to /home/intern1/ros2_ws/install/amr_ws/lib/amr_ws
[6.279s] Installing hsv_probe_node script to /home/intern1/ros2_ws/install/amr_ws/lib/amr_ws
[6.279s] Installing joystick_to_motor script to /home/intern1/ros2_ws/install/amr_ws/lib/amr_ws
[6.279s] Installing keyboard_listener script to /home/intern1/ros2_ws/install/amr_ws/lib/amr_ws
[6.279s] Installing localization_node script to /home/intern1/ros2_ws/install/amr_ws/lib/amr_ws
[6.279s] Installing orchestrator_node script to /home/intern1/ros2_ws/install/amr_ws/lib/amr_ws
[6.279s] Installing path_logger script to /home/intern1/ros2_ws/install/amr_ws/lib/amr_ws
[6.280s] Installing path_publisher script to /home/intern1/ros2_ws/install/amr_ws/lib/amr_ws
[6.280s] Installing pose_persistence_node script to /home/intern1/ros2_ws/install/amr_ws/lib/amr_ws
[6.280s] Installing rack_websocket_server script to /home/intern1/ros2_ws/install/amr_ws/lib/amr_ws
[6.280s] Installing return_home_node script to /home/intern1/ros2_ws/install/amr_ws/lib/amr_ws
[6.280s] Installing webcam_line_follow script to /home/intern1/ros2_ws/install/amr_ws/lib/amr_ws
[6.280s] writing list of installed files to '/home/intern1/ros2_ws/build/amr_ws/install.log'
[6.660s] Invoked command in '/home/intern1/ros2_ws/src/amr_ws' returned '0': DEBUGINFOD_URLS=https://debuginfod.ubuntu.com PYTHONPATH=/home/intern1/ros2_ws/build/amr_ws/prefix_override:/usr/lib/python3/dist-packages/colcon_core/task/python/colcon_distutils_commands:/home/intern1/ros2_ws/install/amr_ws/lib/python3.12/site-packages:${PYTHONPATH} /usr/bin/python3 -W ignore:setup.py install is deprecated -W ignore:easy_install command is deprecated setup.py egg_info --egg-base ../../build/amr_ws build --build-base /home/intern1/ros2_ws/build/amr_ws/build install --record /home/intern1/ros2_ws/build/amr_ws/install.log --single-version-externally-managed install_data
