[4.902s] Invoking command in '/home/intern1/ros2_ws/src/examples/rclpy/services/minimal_client': DEBUGINFOD_URLS=https://debuginfod.ubuntu.com PYTHONPATH=/home/intern1/ros2_ws/build/examples_rclpy_minimal_client/prefix_override:/usr/lib/python3/dist-packages/colcon_core/task/python/colcon_distutils_commands:/home/intern1/ros2_ws/install/examples_rclpy_minimal_client/lib/python3.12/site-packages:${PYTHONPATH} /usr/bin/python3 -W ignore:setup.py install is deprecated -W ignore:easy_install command is deprecated setup.py egg_info --egg-base ../../../../../build/examples_rclpy_minimal_client build --build-base /home/intern1/ros2_ws/build/examples_rclpy_minimal_client/build install --record /home/intern1/ros2_ws/build/examples_rclpy_minimal_client/install.log --single-version-externally-managed install_data
[5.505s] running egg_info
[5.529s] writing ../../../../../build/examples_rclpy_minimal_client/examples_rclpy_minimal_client.egg-info/PKG-INFO
[5.529s] writing dependency_links to ../../../../../build/examples_rclpy_minimal_client/examples_rclpy_minimal_client.egg-info/dependency_links.txt
[5.529s] writing entry points to ../../../../../build/examples_rclpy_minimal_client/examples_rclpy_minimal_client.egg-info/entry_points.txt
[5.530s] writing requirements to ../../../../../build/examples_rclpy_minimal_client/examples_rclpy_minimal_client.egg-info/requires.txt
[5.530s] writing top-level names to ../../../../../build/examples_rclpy_minimal_client/examples_rclpy_minimal_client.egg-info/top_level.txt
[5.624s] reading manifest file '../../../../../build/examples_rclpy_minimal_client/examples_rclpy_minimal_client.egg-info/SOURCES.txt'
[5.628s] writing manifest file '../../../../../build/examples_rclpy_minimal_client/examples_rclpy_minimal_client.egg-info/SOURCES.txt'
[5.630s] running build
[5.630s] running build_py
[5.630s] running install
[5.639s] running install_lib
[5.670s] running install_data
[5.670s] running install_egg_info
[5.705s] removing '/home/intern1/ros2_ws/install/examples_rclpy_minimal_client/lib/python3.12/site-packages/examples_rclpy_minimal_client-0.19.7-py3.12.egg-info' (and everything under it)
[5.705s] Copying ../../../../../build/examples_rclpy_minimal_client/examples_rclpy_minimal_client.egg-info to /home/intern1/ros2_ws/install/examples_rclpy_minimal_client/lib/python3.12/site-packages/examples_rclpy_minimal_client-0.19.7-py3.12.egg-info
[5.706s] running install_scripts
[5.930s] Installing client script to /home/intern1/ros2_ws/install/examples_rclpy_minimal_client/lib/examples_rclpy_minimal_client
[5.931s] Installing client_async script to /home/intern1/ros2_ws/install/examples_rclpy_minimal_client/lib/examples_rclpy_minimal_client
[5.933s] Installing client_async_callback script to /home/intern1/ros2_ws/install/examples_rclpy_minimal_client/lib/examples_rclpy_minimal_client
[5.935s] Installing client_async_member_function script to /home/intern1/ros2_ws/install/examples_rclpy_minimal_client/lib/examples_rclpy_minimal_client
[5.937s] writing list of installed files to '/home/intern1/ros2_ws/build/examples_rclpy_minimal_client/install.log'
[6.009s] Invoked command in '/home/intern1/ros2_ws/src/examples/rclpy/services/minimal_client' returned '0': DEBUGINFOD_URLS=https://debuginfod.ubuntu.com PYTHONPATH=/home/intern1/ros2_ws/build/examples_rclpy_minimal_client/prefix_override:/usr/lib/python3/dist-packages/colcon_core/task/python/colcon_distutils_commands:/home/intern1/ros2_ws/install/examples_rclpy_minimal_client/lib/python3.12/site-packages:${PYTHONPATH} /usr/bin/python3 -W ignore:setup.py install is deprecated -W ignore:easy_install command is deprecated setup.py egg_info --egg-base ../../../../../build/examples_rclpy_minimal_client build --build-base /home/intern1/ros2_ws/build/examples_rclpy_minimal_client/build install --record /home/intern1/ros2_ws/build/examples_rclpy_minimal_client/install.log --single-version-externally-managed install_data
