[1.521s] Invoking command in '/home/intern1/ros2_ws/src/education_material': DEBUGINFOD_URLS=https://debuginfod.ubuntu.com PYTHONPATH=/home/intern1/ros2_ws/build/education_material/prefix_override:/usr/lib/python3/dist-packages/colcon_core/task/python/colcon_distutils_commands:/home/intern1/ros2_ws/install/education_material/lib/python3.12/site-packages:${PYTHONPATH} /usr/bin/python3 -W ignore:setup.py install is deprecated -W ignore:easy_install command is deprecated setup.py egg_info --egg-base ../../build/education_material build --build-base /home/intern1/ros2_ws/build/education_material/build install --record /home/intern1/ros2_ws/build/education_material/install.log --single-version-externally-managed install_data
[1.935s] running egg_info
[1.937s] writing ../../build/education_material/education_material.egg-info/PKG-INFO
[1.937s] writing dependency_links to ../../build/education_material/education_material.egg-info/dependency_links.txt
[1.937s] writing entry points to ../../build/education_material/education_material.egg-info/entry_points.txt
[1.937s] writing requirements to ../../build/education_material/education_material.egg-info/requires.txt
[1.937s] writing top-level names to ../../build/education_material/education_material.egg-info/top_level.txt
[1.937s] reading manifest file '../../build/education_material/education_material.egg-info/SOURCES.txt'
[1.937s] adding license file 'LICENSE'
[1.937s] writing manifest file '../../build/education_material/education_material.egg-info/SOURCES.txt'
[1.937s] running build
[1.937s] running build_py
[1.938s] running install
[1.938s] running install_lib
[1.938s] running install_data
[1.938s] running install_egg_info
[1.938s] removing '/home/intern1/ros2_ws/install/education_material/lib/python3.12/site-packages/education_material-0.0.0-py3.12.egg-info' (and everything under it)
[1.938s] Copying ../../build/education_material/education_material.egg-info to /home/intern1/ros2_ws/install/education_material/lib/python3.12/site-packages/education_material-0.0.0-py3.12.egg-info
[1.938s] running install_scripts
[1.938s] Installing evenodd_checker script to /home/intern1/ros2_ws/install/education_material/lib/education_material
[1.938s] Installing int_pub script to /home/intern1/ros2_ws/install/education_material/lib/education_material
[1.939s] Installing int_sub script to /home/intern1/ros2_ws/install/education_material/lib/education_material
[1.939s] Installing keypressed_calculator script to /home/intern1/ros2_ws/install/education_material/lib/education_material
[1.939s] Installing keypressed_talker script to /home/intern1/ros2_ws/install/education_material/lib/education_material
[1.939s] Installing string_pub script to /home/intern1/ros2_ws/install/education_material/lib/education_material
[1.939s] Installing string_sub script to /home/intern1/ros2_ws/install/education_material/lib/education_material
[1.939s] writing list of installed files to '/home/intern1/ros2_ws/build/education_material/install.log'
[2.828s] Invoked command in '/home/intern1/ros2_ws/src/education_material' returned '0': DEBUGINFOD_URLS=https://debuginfod.ubuntu.com PYTHONPATH=/home/intern1/ros2_ws/build/education_material/prefix_override:/usr/lib/python3/dist-packages/colcon_core/task/python/colcon_distutils_commands:/home/intern1/ros2_ws/install/education_material/lib/python3.12/site-packages:${PYTHONPATH} /usr/bin/python3 -W ignore:setup.py install is deprecated -W ignore:easy_install command is deprecated setup.py egg_info --egg-base ../../build/education_material build --build-base /home/intern1/ros2_ws/build/education_material/build install --record /home/intern1/ros2_ws/build/education_material/install.log --single-version-externally-managed install_data
