[4.137s] Invoking command in '/home/intern1/ros2_ws/src/examples/rclpy/topics/minimal_publisher': DEBUGINFOD_URLS=https://debuginfod.ubuntu.com PYTHONPATH=/home/intern1/ros2_ws/build/examples_rclpy_minimal_publisher/prefix_override:/usr/lib/python3/dist-packages/colcon_core/task/python/colcon_distutils_commands:/home/intern1/ros2_ws/install/examples_rclpy_minimal_publisher/lib/python3.12/site-packages:${PYTHONPATH} /usr/bin/python3 -W ignore:setup.py install is deprecated -W ignore:easy_install command is deprecated setup.py egg_info --egg-base ../../../../../build/examples_rclpy_minimal_publisher build --build-base /home/intern1/ros2_ws/build/examples_rclpy_minimal_publisher/build install --record /home/intern1/ros2_ws/build/examples_rclpy_minimal_publisher/install.log --single-version-externally-managed install_data
[4.616s] running egg_info
[4.644s] writing ../../../../../build/examples_rclpy_minimal_publisher/examples_rclpy_minimal_publisher.egg-info/PKG-INFO
[4.644s] writing dependency_links to ../../../../../build/examples_rclpy_minimal_publisher/examples_rclpy_minimal_publisher.egg-info/dependency_links.txt
[4.644s] writing entry points to ../../../../../build/examples_rclpy_minimal_publisher/examples_rclpy_minimal_publisher.egg-info/entry_points.txt
[4.644s] writing requirements to ../../../../../build/examples_rclpy_minimal_publisher/examples_rclpy_minimal_publisher.egg-info/requires.txt
[4.644s] writing top-level names to ../../../../../build/examples_rclpy_minimal_publisher/examples_rclpy_minimal_publisher.egg-info/top_level.txt
[4.701s] reading manifest file '../../../../../build/examples_rclpy_minimal_publisher/examples_rclpy_minimal_publisher.egg-info/SOURCES.txt'
[4.702s] writing manifest file '../../../../../build/examples_rclpy_minimal_publisher/examples_rclpy_minimal_publisher.egg-info/SOURCES.txt'
[4.702s] running build
[4.703s] running build_py
[4.703s] running install
[4.711s] running install_lib
[4.742s] running install_data
[4.742s] running install_egg_info
[4.773s] removing '/home/intern1/ros2_ws/install/examples_rclpy_minimal_publisher/lib/python3.12/site-packages/examples_rclpy_minimal_publisher-0.19.7-py3.12.egg-info' (and everything under it)
[4.773s] Copying ../../../../../build/examples_rclpy_minimal_publisher/examples_rclpy_minimal_publisher.egg-info to /home/intern1/ros2_ws/install/examples_rclpy_minimal_publisher/lib/python3.12/site-packages/examples_rclpy_minimal_publisher-0.19.7-py3.12.egg-info
[4.775s] running install_scripts
[4.977s] Installing publisher_local_function script to /home/intern1/ros2_ws/install/examples_rclpy_minimal_publisher/lib/examples_rclpy_minimal_publisher
[4.978s] Installing publisher_member_function script to /home/intern1/ros2_ws/install/examples_rclpy_minimal_publisher/lib/examples_rclpy_minimal_publisher
[4.978s] Installing publisher_member_function_with_wait_for_all_acked script to /home/intern1/ros2_ws/install/examples_rclpy_minimal_publisher/lib/examples_rclpy_minimal_publisher
[4.978s] Installing publisher_old_school script to /home/intern1/ros2_ws/install/examples_rclpy_minimal_publisher/lib/examples_rclpy_minimal_publisher
[4.978s] writing list of installed files to '/home/intern1/ros2_ws/build/examples_rclpy_minimal_publisher/install.log'
[5.039s] Invoked command in '/home/intern1/ros2_ws/src/examples/rclpy/topics/minimal_publisher' returned '0': DEBUGINFOD_URLS=https://debuginfod.ubuntu.com PYTHONPATH=/home/intern1/ros2_ws/build/examples_rclpy_minimal_publisher/prefix_override:/usr/lib/python3/dist-packages/colcon_core/task/python/colcon_distutils_commands:/home/intern1/ros2_ws/install/examples_rclpy_minimal_publisher/lib/python3.12/site-packages:${PYTHONPATH} /usr/bin/python3 -W ignore:setup.py install is deprecated -W ignore:easy_install command is deprecated setup.py egg_info --egg-base ../../../../../build/examples_rclpy_minimal_publisher build --build-base /home/intern1/ros2_ws/build/examples_rclpy_minimal_publisher/build install --record /home/intern1/ros2_ws/build/examples_rclpy_minimal_publisher/install.log --single-version-externally-managed install_data
