[4.426s] Invoking command in '/home/intern1/ros2_ws/src/education_material': DEBUGINFOD_URLS=https://debuginfod.ubuntu.com PYTHONPATH=/home/intern1/ros2_ws/build/education_material/prefix_override:/usr/lib/python3/dist-packages/colcon_core/task/python/colcon_distutils_commands:/home/intern1/ros2_ws/install/education_material/lib/python3.12/site-packages:${PYTHONPATH} /usr/bin/python3 -W ignore:setup.py install is deprecated -W ignore:easy_install command is deprecated setup.py egg_info --egg-base ../../build/education_material build --build-base /home/intern1/ros2_ws/build/education_material/build install --record /home/intern1/ros2_ws/build/education_material/install.log --single-version-externally-managed install_data
[4.815s] running egg_info
[4.828s] writing ../../build/education_material/education_material.egg-info/PKG-INFO
[4.829s] writing dependency_links to ../../build/education_material/education_material.egg-info/dependency_links.txt
[4.829s] writing entry points to ../../build/education_material/education_material.egg-info/entry_points.txt
[4.829s] writing requirements to ../../build/education_material/education_material.egg-info/requires.txt
[4.829s] writing top-level names to ../../build/education_material/education_material.egg-info/top_level.txt
[4.901s] reading manifest file '../../build/education_material/education_material.egg-info/SOURCES.txt'
[4.906s] adding license file 'LICENSE'
[4.906s] writing manifest file '../../build/education_material/education_material.egg-info/SOURCES.txt'
[4.906s] running build
[4.909s] running build_py
[4.912s] running install
[4.913s] running install_lib
[4.958s] running install_data
[4.959s] running install_egg_info
[5.000s] removing '/home/intern1/ros2_ws/install/education_material/lib/python3.12/site-packages/education_material-0.0.0-py3.12.egg-info' (and everything under it)
[5.001s] Copying ../../build/education_material/education_material.egg-info to /home/intern1/ros2_ws/install/education_material/lib/python3.12/site-packages/education_material-0.0.0-py3.12.egg-info
[5.002s] running install_scripts
[5.274s] Installing evenodd_checker script to /home/intern1/ros2_ws/install/education_material/lib/education_material
[5.274s] Installing int_pub script to /home/intern1/ros2_ws/install/education_material/lib/education_material
[5.274s] Installing int_sub script to /home/intern1/ros2_ws/install/education_material/lib/education_material
[5.275s] Installing keypressed_calculator script to /home/intern1/ros2_ws/install/education_material/lib/education_material
[5.275s] Installing keypressed_talker script to /home/intern1/ros2_ws/install/education_material/lib/education_material
[5.275s] Installing keypressed_to_cmdvel script to /home/intern1/ros2_ws/install/education_material/lib/education_material
[5.275s] Installing string_pub script to /home/intern1/ros2_ws/install/education_material/lib/education_material
[5.276s] Installing string_sub script to /home/intern1/ros2_ws/install/education_material/lib/education_material
[5.277s] writing list of installed files to '/home/intern1/ros2_ws/build/education_material/install.log'
[6.006s] Invoked command in '/home/intern1/ros2_ws/src/education_material' returned '0': DEBUGINFOD_URLS=https://debuginfod.ubuntu.com PYTHONPATH=/home/intern1/ros2_ws/build/education_material/prefix_override:/usr/lib/python3/dist-packages/colcon_core/task/python/colcon_distutils_commands:/home/intern1/ros2_ws/install/education_material/lib/python3.12/site-packages:${PYTHONPATH} /usr/bin/python3 -W ignore:setup.py install is deprecated -W ignore:easy_install command is deprecated setup.py egg_info --egg-base ../../build/education_material build --build-base /home/intern1/ros2_ws/build/education_material/build install --record /home/intern1/ros2_ws/build/education_material/install.log --single-version-externally-managed install_data
