[3.406s] Invoking command in '/home/intern1/ros2_ws/build/education_material': DEBUGINFOD_URLS=https://debuginfod.ubuntu.com PYTHONPATH=/home/intern1/ros2_ws/build/education_material/prefix_override:/usr/lib/python3/dist-packages/colcon_core/task/python/colcon_distutils_commands:/home/intern1/ros2_ws/install/education_material/lib/python3.12/site-packages:${PYTHONPATH} /usr/bin/python3 -W ignore:setup.py install is deprecated -W ignore:easy_install command is deprecated setup.py develop --editable --build-directory /home/intern1/ros2_ws/build/education_material/build --no-deps symlink_data
[4.064s] running develop
[4.391s] running egg_info
[4.421s] writing education_material.egg-info/PKG-INFO
[4.421s] writing dependency_links to education_material.egg-info/dependency_links.txt
[4.422s] writing entry points to education_material.egg-info/entry_points.txt
[4.422s] writing requirements to education_material.egg-info/requires.txt
[4.423s] writing top-level names to education_material.egg-info/top_level.txt
[4.498s] reading manifest file 'education_material.egg-info/SOURCES.txt'
[4.499s] writing manifest file 'education_material.egg-info/SOURCES.txt'
[4.523s] running build_ext
[4.523s] Creating /home/intern1/ros2_ws/install/education_material/lib/python3.12/site-packages/education-material.egg-link (link to .)
[4.524s] Installing evenodd_checker script to /home/intern1/ros2_ws/install/education_material/lib/education_material
[4.527s] Installing int_pub script to /home/intern1/ros2_ws/install/education_material/lib/education_material
[4.528s] Installing int_sub script to /home/intern1/ros2_ws/install/education_material/lib/education_material
[4.528s] Installing keypressed_calculator script to /home/intern1/ros2_ws/install/education_material/lib/education_material
[4.528s] Installing keypressed_talker script to /home/intern1/ros2_ws/install/education_material/lib/education_material
[4.528s] Installing keypressed_to_cmdvel script to /home/intern1/ros2_ws/install/education_material/lib/education_material
[4.528s] Installing string_pub script to /home/intern1/ros2_ws/install/education_material/lib/education_material
[4.528s] Installing string_sub script to /home/intern1/ros2_ws/install/education_material/lib/education_material
[4.528s] 
[4.528s] Installed /home/intern1/ros2_ws/build/education_material
[4.529s] running symlink_data
[5.797s] Invoked command in '/home/intern1/ros2_ws/build/education_material' returned '0': DEBUGINFOD_URLS=https://debuginfod.ubuntu.com PYTHONPATH=/home/intern1/ros2_ws/build/education_material/prefix_override:/usr/lib/python3/dist-packages/colcon_core/task/python/colcon_distutils_commands:/home/intern1/ros2_ws/install/education_material/lib/python3.12/site-packages:${PYTHONPATH} /usr/bin/python3 -W ignore:setup.py install is deprecated -W ignore:easy_install command is deprecated setup.py develop --editable --build-directory /home/intern1/ros2_ws/build/education_material/build --no-deps symlink_data
