[4.339s] Invoking command in '/home/intern1/ros2_ws/src/amr_ws': DEBUGINFOD_URLS=https://debuginfod.ubuntu.com PYTHONPATH=/home/intern1/ros2_ws/build/amr_ws/prefix_override:/usr/lib/python3/dist-packages/colcon_core/task/python/colcon_distutils_commands:/home/intern1/ros2_ws/install/amr_ws/lib/python3.12/site-packages:${PYTHONPATH} /usr/bin/python3 -W ignore:setup.py install is deprecated -W ignore:easy_install command is deprecated setup.py egg_info --egg-base ../../build/amr_ws build --build-base /home/intern1/ros2_ws/build/amr_ws/build install --record /home/intern1/ros2_ws/build/amr_ws/install.log --single-version-externally-managed install_data
[4.962s] running egg_info
[5.003s] writing ../../build/amr_ws/amr_ws.egg-info/PKG-INFO
[5.005s] writing dependency_links to ../../build/amr_ws/amr_ws.egg-info/dependency_links.txt
[5.006s] writing entry points to ../../build/amr_ws/amr_ws.egg-info/entry_points.txt
[5.006s] writing requirements to ../../build/amr_ws/amr_ws.egg-info/requires.txt
[5.007s] writing top-level names to ../../build/amr_ws/amr_ws.egg-info/top_level.txt
[5.095s] reading manifest file '../../build/amr_ws/amr_ws.egg-info/SOURCES.txt'
[5.096s] adding license file 'LICENSE'
[5.097s] writing manifest file '../../build/amr_ws/amr_ws.egg-info/SOURCES.txt'
[5.097s] running build
[5.097s] running build_py
[5.097s] copying amr_ws/Automation_and_Lidar.py -> /home/intern1/ros2_ws/build/amr_ws/build/lib/amr_ws
[5.098s] running install
[5.109s] running install_lib
[5.153s] copying /home/intern1/ros2_ws/build/amr_ws/build/lib/amr_ws/Automation_and_Lidar.py -> /home/intern1/ros2_ws/install/amr_ws/lib/python3.12/site-packages/amr_ws
[5.156s] byte-compiling /home/intern1/ros2_ws/install/amr_ws/lib/python3.12/site-packages/amr_ws/Automation_and_Lidar.py to Automation_and_Lidar.cpython-312.pyc
[5.162s] running install_data
[5.162s] running install_egg_info
[5.210s] removing '/home/intern1/ros2_ws/install/amr_ws/lib/python3.12/site-packages/amr_ws-0.0.0-py3.12.egg-info' (and everything under it)
[5.212s] Copying ../../build/amr_ws/amr_ws.egg-info to /home/intern1/ros2_ws/install/amr_ws/lib/python3.12/site-packages/amr_ws-0.0.0-py3.12.egg-info
[5.218s] running install_scripts
[5.505s] Installing Automation_and_Lidar script to /home/intern1/ros2_ws/install/amr_ws/lib/amr_ws
[5.505s] Installing Demo_Automation script to /home/intern1/ros2_ws/install/amr_ws/lib/amr_ws
[5.506s] Installing baselink_laser_tf script to /home/intern1/ros2_ws/install/amr_ws/lib/amr_ws
[5.508s] Installing compass script to /home/intern1/ros2_ws/install/amr_ws/lib/amr_ws
[5.508s] Installing joystick_to_motor script to /home/intern1/ros2_ws/install/amr_ws/lib/amr_ws
[5.508s] Installing keyboard_listener script to /home/intern1/ros2_ws/install/amr_ws/lib/amr_ws
[5.508s] writing list of installed files to '/home/intern1/ros2_ws/build/amr_ws/install.log'
[5.584s] Invoked command in '/home/intern1/ros2_ws/src/amr_ws' returned '0': DEBUGINFOD_URLS=https://debuginfod.ubuntu.com PYTHONPATH=/home/intern1/ros2_ws/build/amr_ws/prefix_override:/usr/lib/python3/dist-packages/colcon_core/task/python/colcon_distutils_commands:/home/intern1/ros2_ws/install/amr_ws/lib/python3.12/site-packages:${PYTHONPATH} /usr/bin/python3 -W ignore:setup.py install is deprecated -W ignore:easy_install command is deprecated setup.py egg_info --egg-base ../../build/amr_ws build --build-base /home/intern1/ros2_ws/build/amr_ws/build install --record /home/intern1/ros2_ws/build/amr_ws/install.log --single-version-externally-managed install_data
