[3.810s] Invoking command in '/home/intern1/ros2_ws/src/education_material': DEBUGINFOD_URLS=https://debuginfod.ubuntu.com PYTHONPATH=/home/intern1/ros2_ws/build/education_material/prefix_override:/usr/lib/python3/dist-packages/colcon_core/task/python/colcon_distutils_commands:/home/intern1/ros2_ws/install/education_material/lib/python3.12/site-packages:${PYTHONPATH} /usr/bin/python3 -W ignore:setup.py install is deprecated -W ignore:easy_install command is deprecated setup.py egg_info --egg-base ../../build/education_material build --build-base /home/intern1/ros2_ws/build/education_material/build install --record /home/intern1/ros2_ws/build/education_material/install.log --single-version-externally-managed install_data
[5.317s] running egg_info
[5.317s] writing ../../build/education_material/education_material.egg-info/PKG-INFO
[5.318s] writing dependency_links to ../../build/education_material/education_material.egg-info/dependency_links.txt
[5.318s] writing entry points to ../../build/education_material/education_material.egg-info/entry_points.txt
[5.318s] writing requirements to ../../build/education_material/education_material.egg-info/requires.txt
[5.319s] writing top-level names to ../../build/education_material/education_material.egg-info/top_level.txt
[5.319s] reading manifest file '../../build/education_material/education_material.egg-info/SOURCES.txt'
[5.320s] adding license file 'LICENSE'
[5.320s] writing manifest file '../../build/education_material/education_material.egg-info/SOURCES.txt'
[5.320s] running build
[5.321s] running build_py
[5.322s] running install
[5.323s] running install_lib
[5.323s] running install_data
[5.324s] running install_egg_info
[5.324s] removing '/home/intern1/ros2_ws/install/education_material/lib/python3.12/site-packages/education_material-0.0.0-py3.12.egg-info' (and everything under it)
[5.325s] Copying ../../build/education_material/education_material.egg-info to /home/intern1/ros2_ws/install/education_material/lib/python3.12/site-packages/education_material-0.0.0-py3.12.egg-info
[5.326s] running install_scripts
[5.326s] Installing evenodd_checker script to /home/intern1/ros2_ws/install/education_material/lib/education_material
[5.327s] Installing int_pub script to /home/intern1/ros2_ws/install/education_material/lib/education_material
[5.330s] Installing int_sub script to /home/intern1/ros2_ws/install/education_material/lib/education_material
[5.330s] Installing keypressed_calculator script to /home/intern1/ros2_ws/install/education_material/lib/education_material
[5.331s] Installing keypressed_talker script to /home/intern1/ros2_ws/install/education_material/lib/education_material
[5.332s] Installing keypressed_to_cmdvel script to /home/intern1/ros2_ws/install/education_material/lib/education_material
[5.332s] Installing string_pub script to /home/intern1/ros2_ws/install/education_material/lib/education_material
[5.333s] Installing string_sub script to /home/intern1/ros2_ws/install/education_material/lib/education_material
[5.333s] writing list of installed files to '/home/intern1/ros2_ws/build/education_material/install.log'
[5.419s] Invoked command in '/home/intern1/ros2_ws/src/education_material' returned '0': DEBUGINFOD_URLS=https://debuginfod.ubuntu.com PYTHONPATH=/home/intern1/ros2_ws/build/education_material/prefix_override:/usr/lib/python3/dist-packages/colcon_core/task/python/colcon_distutils_commands:/home/intern1/ros2_ws/install/education_material/lib/python3.12/site-packages:${PYTHONPATH} /usr/bin/python3 -W ignore:setup.py install is deprecated -W ignore:easy_install command is deprecated setup.py egg_info --egg-base ../../build/education_material build --build-base /home/intern1/ros2_ws/build/education_material/build install --record /home/intern1/ros2_ws/build/education_material/install.log --single-version-externally-managed install_data
