[2.868s] Invoking command in '/home/intern1/ros2_ws/src/amr_ws': DEBUGINFOD_URLS=https://debuginfod.ubuntu.com PYTHONPATH=/home/intern1/ros2_ws/build/amr_ws/prefix_override:/usr/lib/python3/dist-packages/colcon_core/task/python/colcon_distutils_commands:/home/intern1/ros2_ws/install/amr_ws/lib/python3.12/site-packages:${PYTHONPATH} /usr/bin/python3 -W ignore:setup.py install is deprecated -W ignore:easy_install command is deprecated setup.py egg_info --egg-base ../../build/amr_ws build --build-base /home/intern1/ros2_ws/build/amr_ws/build install --record /home/intern1/ros2_ws/build/amr_ws/install.log --single-version-externally-managed install_data
[3.343s] running egg_info
[3.371s] writing ../../build/amr_ws/amr_ws.egg-info/PKG-INFO
[3.371s] writing dependency_links to ../../build/amr_ws/amr_ws.egg-info/dependency_links.txt
[3.371s] writing entry points to ../../build/amr_ws/amr_ws.egg-info/entry_points.txt
[3.371s] writing requirements to ../../build/amr_ws/amr_ws.egg-info/requires.txt
[3.372s] writing top-level names to ../../build/amr_ws/amr_ws.egg-info/top_level.txt
[3.427s] reading manifest file '../../build/amr_ws/amr_ws.egg-info/SOURCES.txt'
[3.428s] adding license file 'LICENSE'
[3.428s] writing manifest file '../../build/amr_ws/amr_ws.egg-info/SOURCES.txt'
[3.429s] running build
[3.429s] running build_py
[3.429s] copying amr_ws/webcam_line_follow.py -> /home/intern1/ros2_ws/build/amr_ws/build/lib/amr_ws
[3.430s] running install
[3.438s] running install_lib
[3.466s] copying /home/intern1/ros2_ws/build/amr_ws/build/lib/amr_ws/webcam_line_follow.py -> /home/intern1/ros2_ws/install/amr_ws/lib/python3.12/site-packages/amr_ws
[3.467s] byte-compiling /home/intern1/ros2_ws/install/amr_ws/lib/python3.12/site-packages/amr_ws/webcam_line_follow.py to webcam_line_follow.cpython-312.pyc
[3.469s] running install_data
[3.469s] running install_egg_info
[3.500s] removing '/home/intern1/ros2_ws/install/amr_ws/lib/python3.12/site-packages/amr_ws-0.0.0-py3.12.egg-info' (and everything under it)
[3.501s] Copying ../../build/amr_ws/amr_ws.egg-info to /home/intern1/ros2_ws/install/amr_ws/lib/python3.12/site-packages/amr_ws-0.0.0-py3.12.egg-info
[3.502s] running install_scripts
[3.696s] Installing Automation_and_Lidar script to /home/intern1/ros2_ws/install/amr_ws/lib/amr_ws
[3.696s] Installing Automation_and_Lidar2 script to /home/intern1/ros2_ws/install/amr_ws/lib/amr_ws
[3.697s] Installing Demo_Automation script to /home/intern1/ros2_ws/install/amr_ws/lib/amr_ws
[3.697s] Installing baselink_laser_tf script to /home/intern1/ros2_ws/install/amr_ws/lib/amr_ws
[3.697s] Installing camera_follow script to /home/intern1/ros2_ws/install/amr_ws/lib/amr_ws
[3.697s] Installing compass script to /home/intern1/ros2_ws/install/amr_ws/lib/amr_ws
[3.697s] Installing joystick_to_motor script to /home/intern1/ros2_ws/install/amr_ws/lib/amr_ws
[3.698s] Installing keyboard_listener script to /home/intern1/ros2_ws/install/amr_ws/lib/amr_ws
[3.698s] Installing webcam_line_follow script to /home/intern1/ros2_ws/install/amr_ws/lib/amr_ws
[3.698s] writing list of installed files to '/home/intern1/ros2_ws/build/amr_ws/install.log'
[4.633s] Invoked command in '/home/intern1/ros2_ws/src/amr_ws' returned '0': DEBUGINFOD_URLS=https://debuginfod.ubuntu.com PYTHONPATH=/home/intern1/ros2_ws/build/amr_ws/prefix_override:/usr/lib/python3/dist-packages/colcon_core/task/python/colcon_distutils_commands:/home/intern1/ros2_ws/install/amr_ws/lib/python3.12/site-packages:${PYTHONPATH} /usr/bin/python3 -W ignore:setup.py install is deprecated -W ignore:easy_install command is deprecated setup.py egg_info --egg-base ../../build/amr_ws build --build-base /home/intern1/ros2_ws/build/amr_ws/build install --record /home/intern1/ros2_ws/build/amr_ws/install.log --single-version-externally-managed install_data
