[0.682s] Invoking command in '/home/intern1/ros2_ws/build/examples_rclcpp_minimal_subscriber': CMAKE_PREFIX_PATH=${CMAKE_PREFIX_PATH}:/home/intern1/ros2_ws/install/launch_testing_examples:/home/intern1/ros2_ws/install/examples_rclpy_pointcloud_publisher:/home/intern1/ros2_ws/install/examples_rclpy_minimal_subscriber:/home/intern1/ros2_ws/install/examples_rclpy_minimal_service:/home/intern1/ros2_ws/install/examples_rclpy_minimal_publisher:/home/intern1/ros2_ws/install/examples_rclpy_minimal_client:/home/intern1/ros2_ws/install/examples_rclpy_minimal_action_server:/home/intern1/ros2_ws/install/examples_rclpy_minimal_action_client:/home/intern1/ros2_ws/install/examples_rclpy_guard_conditions:/home/intern1/ros2_ws/install/examples_rclpy_executors:/home/intern1/ros2_ws/install/camera_follow:/home/intern1/ros2_ws/install/amr_ws:/opt/ros/jazzy DEBUGINFOD_URLS=https://debuginfod.ubuntu.com /usr/bin/cmake --build /home/intern1/ros2_ws/build/examples_rclcpp_minimal_subscriber -- -j14 -l14
[0.877s] [ 16%] Built target wait_set_subscriber_library
[0.877s] [ 25%] Built target subscriber_member_function_with_topic_statistics
[0.916s] [ 33%] Built target subscriber_lambda
[0.924s] [ 41%] Built target subscriber_content_filtering
[0.924s] [ 50%] Built target subscriber_member_function_with_unique_network_flow_endpoints
[0.940s] [ 58%] Built target subscriber_not_composable
[0.947s] [ 66%] Built target subscriber_member_function
[0.950s] [ 75%] Built target time_triggered_wait_set_subscriber
[0.956s] [ 91%] Built target subscriber_member_function_with_type_adapter
[0.959s] [ 91%] Built target wait_set_subscriber
[0.977s] [100%] Built target static_wait_set_subscriber
[1.158s] Invoked command in '/home/intern1/ros2_ws/build/examples_rclcpp_minimal_subscriber' returned '0': CMAKE_PREFIX_PATH=${CMAKE_PREFIX_PATH}:/home/intern1/ros2_ws/install/launch_testing_examples:/home/intern1/ros2_ws/install/examples_rclpy_pointcloud_publisher:/home/intern1/ros2_ws/install/examples_rclpy_minimal_subscriber:/home/intern1/ros2_ws/install/examples_rclpy_minimal_service:/home/intern1/ros2_ws/install/examples_rclpy_minimal_publisher:/home/intern1/ros2_ws/install/examples_rclpy_minimal_client:/home/intern1/ros2_ws/install/examples_rclpy_minimal_action_server:/home/intern1/ros2_ws/install/examples_rclpy_minimal_action_client:/home/intern1/ros2_ws/install/examples_rclpy_guard_conditions:/home/intern1/ros2_ws/install/examples_rclpy_executors:/home/intern1/ros2_ws/install/camera_follow:/home/intern1/ros2_ws/install/amr_ws:/opt/ros/jazzy DEBUGINFOD_URLS=https://debuginfod.ubuntu.com /usr/bin/cmake --build /home/intern1/ros2_ws/build/examples_rclcpp_minimal_subscriber -- -j14 -l14
[1.159s] Invoking command in '/home/intern1/ros2_ws/build/examples_rclcpp_minimal_subscriber': CMAKE_PREFIX_PATH=${CMAKE_PREFIX_PATH}:/home/intern1/ros2_ws/install/launch_testing_examples:/home/intern1/ros2_ws/install/examples_rclpy_pointcloud_publisher:/home/intern1/ros2_ws/install/examples_rclpy_minimal_subscriber:/home/intern1/ros2_ws/install/examples_rclpy_minimal_service:/home/intern1/ros2_ws/install/examples_rclpy_minimal_publisher:/home/intern1/ros2_ws/install/examples_rclpy_minimal_client:/home/intern1/ros2_ws/install/examples_rclpy_minimal_action_server:/home/intern1/ros2_ws/install/examples_rclpy_minimal_action_client:/home/intern1/ros2_ws/install/examples_rclpy_guard_conditions:/home/intern1/ros2_ws/install/examples_rclpy_executors:/home/intern1/ros2_ws/install/camera_follow:/home/intern1/ros2_ws/install/amr_ws:/opt/ros/jazzy DEBUGINFOD_URLS=https://debuginfod.ubuntu.com /usr/bin/cmake --install /home/intern1/ros2_ws/build/examples_rclcpp_minimal_subscriber
[1.227s] -- Install configuration: ""
[1.228s] -- Up-to-date: /home/intern1/ros2_ws/install/examples_rclcpp_minimal_subscriber/lib/examples_rclcpp_minimal_subscriber/wait_set_subscriber
[1.228s] -- Up-to-date: /home/intern1/ros2_ws/install/examples_rclcpp_minimal_subscriber/lib/examples_rclcpp_minimal_subscriber/static_wait_set_subscriber
[1.229s] -- Up-to-date: /home/intern1/ros2_ws/install/examples_rclcpp_minimal_subscriber/lib/examples_rclcpp_minimal_subscriber/time_triggered_wait_set_subscriber
[1.229s] -- Up-to-date: /home/intern1/ros2_ws/install/examples_rclcpp_minimal_subscriber/lib/libwait_set_subscriber_library.so
[1.230s] -- Up-to-date: /home/intern1/ros2_ws/install/examples_rclcpp_minimal_subscriber/lib/examples_rclcpp_minimal_subscriber/subscriber_lambda
[1.230s] -- Up-to-date: /home/intern1/ros2_ws/install/examples_rclcpp_minimal_subscriber/lib/examples_rclcpp_minimal_subscriber/subscriber_member_function
[1.231s] -- Up-to-date: /home/intern1/ros2_ws/install/examples_rclcpp_minimal_subscriber/lib/examples_rclcpp_minimal_subscriber/subscriber_member_function_with_topic_statistics
[1.231s] -- Up-to-date: /home/intern1/ros2_ws/install/examples_rclcpp_minimal_subscriber/lib/examples_rclcpp_minimal_subscriber/subscriber_member_function_with_type_adapter
[1.232s] -- Up-to-date: /home/intern1/ros2_ws/install/examples_rclcpp_minimal_subscriber/lib/examples_rclcpp_minimal_subscriber/subscriber_member_function_with_unique_network_flow_endpoints
[1.232s] -- Up-to-date: /home/intern1/ros2_ws/install/examples_rclcpp_minimal_subscriber/lib/examples_rclcpp_minimal_subscriber/subscriber_not_composable
[1.233s] -- Up-to-date: /home/intern1/ros2_ws/install/examples_rclcpp_minimal_subscriber/lib/examples_rclcpp_minimal_subscriber/subscriber_content_filtering
[1.234s] -- Up-to-date: /home/intern1/ros2_ws/install/examples_rclcpp_minimal_subscriber/share/ament_index/resource_index/package_run_dependencies/examples_rclcpp_minimal_subscriber
[1.234s] -- Up-to-date: /home/intern1/ros2_ws/install/examples_rclcpp_minimal_subscriber/share/ament_index/resource_index/parent_prefix_path/examples_rclcpp_minimal_subscriber
[1.234s] -- Up-to-date: /home/intern1/ros2_ws/install/examples_rclcpp_minimal_subscriber/share/examples_rclcpp_minimal_subscriber/environment/ament_prefix_path.sh
[1.235s] -- Up-to-date: /home/intern1/ros2_ws/install/examples_rclcpp_minimal_subscriber/share/examples_rclcpp_minimal_subscriber/environment/ament_prefix_path.dsv
[1.235s] -- Up-to-date: /home/intern1/ros2_ws/install/examples_rclcpp_minimal_subscriber/share/examples_rclcpp_minimal_subscriber/environment/path.sh
[1.235s] -- Up-to-date: /home/intern1/ros2_ws/install/examples_rclcpp_minimal_subscriber/share/examples_rclcpp_minimal_subscriber/environment/path.dsv
[1.236s] -- Up-to-date: /home/intern1/ros2_ws/install/examples_rclcpp_minimal_subscriber/share/examples_rclcpp_minimal_subscriber/local_setup.bash
[1.236s] -- Up-to-date: /home/intern1/ros2_ws/install/examples_rclcpp_minimal_subscriber/share/examples_rclcpp_minimal_subscriber/local_setup.sh
[1.236s] -- Up-to-date: /home/intern1/ros2_ws/install/examples_rclcpp_minimal_subscriber/share/examples_rclcpp_minimal_subscriber/local_setup.zsh
[1.236s] -- Up-to-date: /home/intern1/ros2_ws/install/examples_rclcpp_minimal_subscriber/share/examples_rclcpp_minimal_subscriber/local_setup.dsv
[1.237s] -- Installing: /home/intern1/ros2_ws/install/examples_rclcpp_minimal_subscriber/share/examples_rclcpp_minimal_subscriber/package.dsv
[1.237s] -- Up-to-date: /home/intern1/ros2_ws/install/examples_rclcpp_minimal_subscriber/share/ament_index/resource_index/packages/examples_rclcpp_minimal_subscriber
[1.238s] -- Up-to-date: /home/intern1/ros2_ws/install/examples_rclcpp_minimal_subscriber/share/ament_index/resource_index/rclcpp_components/examples_rclcpp_minimal_subscriber
[1.238s] -- Up-to-date: /home/intern1/ros2_ws/install/examples_rclcpp_minimal_subscriber/share/examples_rclcpp_minimal_subscriber/cmake/examples_rclcpp_minimal_subscriberConfig.cmake
[1.239s] -- Up-to-date: /home/intern1/ros2_ws/install/examples_rclcpp_minimal_subscriber/share/examples_rclcpp_minimal_subscriber/cmake/examples_rclcpp_minimal_subscriberConfig-version.cmake
[1.239s] -- Up-to-date: /home/intern1/ros2_ws/install/examples_rclcpp_minimal_subscriber/share/examples_rclcpp_minimal_subscriber/package.xml
[1.867s] Invoked command in '/home/intern1/ros2_ws/build/examples_rclcpp_minimal_subscriber' returned '0': CMAKE_PREFIX_PATH=${CMAKE_PREFIX_PATH}:/home/intern1/ros2_ws/install/launch_testing_examples:/home/intern1/ros2_ws/install/examples_rclpy_pointcloud_publisher:/home/intern1/ros2_ws/install/examples_rclpy_minimal_subscriber:/home/intern1/ros2_ws/install/examples_rclpy_minimal_service:/home/intern1/ros2_ws/install/examples_rclpy_minimal_publisher:/home/intern1/ros2_ws/install/examples_rclpy_minimal_client:/home/intern1/ros2_ws/install/examples_rclpy_minimal_action_server:/home/intern1/ros2_ws/install/examples_rclpy_minimal_action_client:/home/intern1/ros2_ws/install/examples_rclpy_guard_conditions:/home/intern1/ros2_ws/install/examples_rclpy_executors:/home/intern1/ros2_ws/install/camera_follow:/home/intern1/ros2_ws/install/amr_ws:/opt/ros/jazzy DEBUGINFOD_URLS=https://debuginfod.ubuntu.com /usr/bin/cmake --install /home/intern1/ros2_ws/build/examples_rclcpp_minimal_subscriber
