/home/intern1/ros2_ws/install/education_material/lib/python3.12/site-packages/education_material/int_pub.py
/home/intern1/ros2_ws/install/education_material/lib/python3.12/site-packages/education_material/int_sub.py
/home/intern1/ros2_ws/install/education_material/lib/python3.12/site-packages/education_material/string_sub.py
/home/intern1/ros2_ws/install/education_material/lib/python3.12/site-packages/education_material/__init__.py
/home/intern1/ros2_ws/install/education_material/lib/python3.12/site-packages/education_material/string_pub.py
/home/intern1/ros2_ws/install/education_material/lib/python3.12/site-packages/education_material/keypressed_calculator.py
/home/intern1/ros2_ws/install/education_material/lib/python3.12/site-packages/education_material/evenodd_checker.py
/home/intern1/ros2_ws/install/education_material/lib/python3.12/site-packages/education_material/keypressed_talker.py
/home/intern1/ros2_ws/install/education_material/lib/python3.12/site-packages/education_material/keypressed_to_cmdvel.py
/home/intern1/ros2_ws/install/education_material/lib/python3.12/site-packages/education_material/__pycache__/int_pub.cpython-312.pyc
/home/intern1/ros2_ws/install/education_material/lib/python3.12/site-packages/education_material/__pycache__/int_sub.cpython-312.pyc
/home/intern1/ros2_ws/install/education_material/lib/python3.12/site-packages/education_material/__pycache__/string_sub.cpython-312.pyc
/home/intern1/ros2_ws/install/education_material/lib/python3.12/site-packages/education_material/__pycache__/__init__.cpython-312.pyc
/home/intern1/ros2_ws/install/education_material/lib/python3.12/site-packages/education_material/__pycache__/string_pub.cpython-312.pyc
/home/intern1/ros2_ws/install/education_material/lib/python3.12/site-packages/education_material/__pycache__/keypressed_calculator.cpython-312.pyc
/home/intern1/ros2_ws/install/education_material/lib/python3.12/site-packages/education_material/__pycache__/evenodd_checker.cpython-312.pyc
/home/intern1/ros2_ws/install/education_material/lib/python3.12/site-packages/education_material/__pycache__/keypressed_talker.cpython-312.pyc
/home/intern1/ros2_ws/install/education_material/lib/python3.12/site-packages/education_material/__pycache__/keypressed_to_cmdvel.cpython-312.pyc
/home/intern1/ros2_ws/install/education_material/share/ament_index/resource_index/packages/education_material
/home/intern1/ros2_ws/install/education_material/share/education_material/package.xml
/home/intern1/ros2_ws/install/education_material/lib/python3.12/site-packages/education_material-0.0.0-py3.12.egg-info/top_level.txt
/home/intern1/ros2_ws/install/education_material/lib/python3.12/site-packages/education_material-0.0.0-py3.12.egg-info/zip-safe
/home/intern1/ros2_ws/install/education_material/lib/python3.12/site-packages/education_material-0.0.0-py3.12.egg-info/entry_points.txt
/home/intern1/ros2_ws/install/education_material/lib/python3.12/site-packages/education_material-0.0.0-py3.12.egg-info/requires.txt
/home/intern1/ros2_ws/install/education_material/lib/python3.12/site-packages/education_material-0.0.0-py3.12.egg-info/PKG-INFO
/home/intern1/ros2_ws/install/education_material/lib/python3.12/site-packages/education_material-0.0.0-py3.12.egg-info/SOURCES.txt
/home/intern1/ros2_ws/install/education_material/lib/python3.12/site-packages/education_material-0.0.0-py3.12.egg-info/dependency_links.txt
/home/intern1/ros2_ws/install/education_material/lib/education_material/evenodd_checker
/home/intern1/ros2_ws/install/education_material/lib/education_material/int_pub
/home/intern1/ros2_ws/install/education_material/lib/education_material/int_sub
/home/intern1/ros2_ws/install/education_material/lib/education_material/keypressed_calculator
/home/intern1/ros2_ws/install/education_material/lib/education_material/keypressed_talker
/home/intern1/ros2_ws/install/education_material/lib/education_material/keypressed_to_cmdvel
/home/intern1/ros2_ws/install/education_material/lib/education_material/string_pub
/home/intern1/ros2_ws/install/education_material/lib/education_material/string_sub
