-- The C compiler identification is GNU 13.3.0
-- The CXX compiler identification is GNU 13.3.0
-- Detecting C compiler ABI info
-- Detecting C compiler ABI info - done
-- Check for working C compiler: /usr/bin/cc - skipped
-- Detecting C compile features
-- Detecting C compile features - done
-- Detecting CXX compiler ABI info
-- Detecting CXX compiler ABI info - done
-- Check for working CXX compiler: /usr/bin/c++ - skipped
-- Detecting CXX compile features
-- Detecting CXX compile features - done
-- Found ament_cmake: 2.5.6 (/opt/ros/jazzy/share/ament_cmake/cmake)
-- Found Python3: /usr/bin/python3 (found version "3.12.3") found components: Interpreter 
-- Found rclcpp: 28.1.18 (/opt/ros/jazzy/share/rclcpp/cmake)
-- Found rosidl_generator_c: 4.6.7 (/opt/ros/jazzy/share/rosidl_generator_c/cmake)
-- Found rosidl_generator_cpp: 4.6.7 (/opt/ros/jazzy/share/rosidl_generator_cpp/cmake)
-- Using all available rosidl_typesupport_c: rosidl_typesupport_fastrtps_c;rosidl_typesupport_introspection_c
-- Using all available rosidl_typesupport_cpp: rosidl_typesupport_fastrtps_cpp;rosidl_typesupport_introspection_cpp
-- Found rmw_implementation_cmake: 7.3.3 (/opt/ros/jazzy/share/rmw_implementation_cmake/cmake)
-- Found rmw_fastrtps_cpp: 8.4.3 (/opt/ros/jazzy/share/rmw_fastrtps_cpp/cmake)
-- Found OpenSSL: /usr/lib/x86_64-linux-gnu/libcrypto.so (found version "3.0.13")  
-- Found FastRTPS: /opt/ros/jazzy/include (Required is at least version "2.13") 
-- Using RMW implementation 'rmw_fastrtps_cpp' as default
-- Found PkgConfig: /usr/bin/pkg-config (found version "1.8.1") 
-- Checking for module 'cpp-httplib'
--   Found cpp-httplib, version 0.14.3
-- Found ament_lint_auto: 0.17.5 (/opt/ros/jazzy/share/ament_lint_auto/cmake)
-- Added test 'cppcheck' to perform static code analysis on C / C++ code
-- Configured cppcheck include dirs: 
-- Configured cppcheck exclude dirs and/or files: 
-- Added test 'cpplint' to check C / C++ code against the Google style
-- Configured cpplint exclude dirs and/or files: 
-- Added test 'flake8' to check Python code syntax and style conventions
-- Configured 'flake8' exclude dirs and/or files: 
-- Added test 'lint_cmake' to check CMake code style
-- Added test 'pep257' to check Python code against some of the docstring style conventions in PEP 257
-- Added test 'uncrustify' to check C / C++ code style
-- Configured uncrustify additional arguments: 
-- Added test 'xmllint' to check XML markup files
-- Configuring done (2.8s)
-- Generating done (0.0s)
-- Build files have been written to: /home/intern1/ros2_ws/build/system_webview
[ 50%] [32mBuilding CXX object CMakeFiles/http_server.dir/src/http_server.cpp.o[0m
[100%] [32m[1mLinking CXX executable http_server[0m
[100%] Built target http_server
-- Install configuration: ""
-- Installing: /home/intern1/ros2_ws/install/system_webview/lib/system_webview/http_server
-- Set non-toolchain portion of runtime path of "/home/intern1/ros2_ws/install/system_webview/lib/system_webview/http_server" to ""
-- Installing: /home/intern1/ros2_ws/install/system_webview/share/system_webview/web
-- Installing: /home/intern1/ros2_ws/install/system_webview/share/system_webview/web/404.html
-- Installing: /home/intern1/ros2_ws/install/system_webview/share/system_webview/web/index.txt
-- Installing: /home/intern1/ros2_ws/install/system_webview/share/system_webview/web/AMENT_IGNORE
-- Installing: /home/intern1/ros2_ws/install/system_webview/share/system_webview/web/index.html
-- Installing: /home/intern1/ros2_ws/install/system_webview/share/system_webview/web/_next
-- Installing: /home/intern1/ros2_ws/install/system_webview/share/system_webview/web/_next/static
-- Installing: /home/intern1/ros2_ws/install/system_webview/share/system_webview/web/_next/static/9zTH6-5GlVAaGD7PplLUP
-- Installing: /home/intern1/ros2_ws/install/system_webview/share/system_webview/web/_next/static/9zTH6-5GlVAaGD7PplLUP/_buildManifest.js
-- Installing: /home/intern1/ros2_ws/install/system_webview/share/system_webview/web/_next/static/9zTH6-5GlVAaGD7PplLUP/_ssgManifest.js
-- Installing: /home/intern1/ros2_ws/install/system_webview/share/system_webview/web/_next/static/chunks
-- Installing: /home/intern1/ros2_ws/install/system_webview/share/system_webview/web/_next/static/chunks/webpack-3844d017889aa547.js
-- Installing: /home/intern1/ros2_ws/install/system_webview/share/system_webview/web/_next/static/chunks/polyfills-42372ed130431b0a.js
-- Installing: /home/intern1/ros2_ws/install/system_webview/share/system_webview/web/_next/static/chunks/app
-- Installing: /home/intern1/ros2_ws/install/system_webview/share/system_webview/web/_next/static/chunks/app/page-c2651edd354d731d.js
-- Installing: /home/intern1/ros2_ws/install/system_webview/share/system_webview/web/_next/static/chunks/app/layout-9aaeffa134ffefaa.js
-- Installing: /home/intern1/ros2_ws/install/system_webview/share/system_webview/web/_next/static/chunks/app/_not-found
-- Installing: /home/intern1/ros2_ws/install/system_webview/share/system_webview/web/_next/static/chunks/app/_not-found/page-17f9ab33df37f960.js
-- Installing: /home/intern1/ros2_ws/install/system_webview/share/system_webview/web/_next/static/chunks/main-49fd204fc9037ea3.js
-- Installing: /home/intern1/ros2_ws/install/system_webview/share/system_webview/web/_next/static/chunks/framework-de98b93a850cfc71.js
-- Installing: /home/intern1/ros2_ws/install/system_webview/share/system_webview/web/_next/static/chunks/255-54d3085ce94738a4.js
-- Installing: /home/intern1/ros2_ws/install/system_webview/share/system_webview/web/_next/static/chunks/main-app-07ff11c3c85151c8.js
-- Installing: /home/intern1/ros2_ws/install/system_webview/share/system_webview/web/_next/static/chunks/304-9855fa5866af6bdf.js
-- Installing: /home/intern1/ros2_ws/install/system_webview/share/system_webview/web/_next/static/chunks/4bd1b696-c023c6e3521b1417.js
-- Installing: /home/intern1/ros2_ws/install/system_webview/share/system_webview/web/_next/static/chunks/pages
-- Installing: /home/intern1/ros2_ws/install/system_webview/share/system_webview/web/_next/static/chunks/pages/_app-7d307437aca18ad4.js
-- Installing: /home/intern1/ros2_ws/install/system_webview/share/system_webview/web/_next/static/chunks/pages/_error-cb2a52f75f2162e2.js
-- Installing: /home/intern1/ros2_ws/install/system_webview/share/system_webview/web/_next/static/css
-- Installing: /home/intern1/ros2_ws/install/system_webview/share/system_webview/web/_next/static/css/dee0aca0b984644c.css
-- Installing: /home/intern1/ros2_ws/install/system_webview/share/system_webview/launch
-- Installing: /home/intern1/ros2_ws/install/system_webview/share/system_webview/launch/main.launch.py
-- Installing: /home/intern1/ros2_ws/install/system_webview/share/ament_index/resource_index/package_run_dependencies/system_webview
-- Installing: /home/intern1/ros2_ws/install/system_webview/share/ament_index/resource_index/parent_prefix_path/system_webview
-- Installing: /home/intern1/ros2_ws/install/system_webview/share/system_webview/environment/ament_prefix_path.sh
-- Installing: /home/intern1/ros2_ws/install/system_webview/share/system_webview/environment/ament_prefix_path.dsv
-- Installing: /home/intern1/ros2_ws/install/system_webview/share/system_webview/environment/path.sh
-- Installing: /home/intern1/ros2_ws/install/system_webview/share/system_webview/environment/path.dsv
-- Installing: /home/intern1/ros2_ws/install/system_webview/share/system_webview/local_setup.bash
-- Installing: /home/intern1/ros2_ws/install/system_webview/share/system_webview/local_setup.sh
-- Installing: /home/intern1/ros2_ws/install/system_webview/share/system_webview/local_setup.zsh
-- Installing: /home/intern1/ros2_ws/install/system_webview/share/system_webview/local_setup.dsv
-- Installing: /home/intern1/ros2_ws/install/system_webview/share/system_webview/package.dsv
-- Installing: /home/intern1/ros2_ws/install/system_webview/share/ament_index/resource_index/packages/system_webview
-- Installing: /home/intern1/ros2_ws/install/system_webview/share/system_webview/cmake/system_webviewConfig.cmake
-- Installing: /home/intern1/ros2_ws/install/system_webview/share/system_webview/cmake/system_webviewConfig-version.cmake
-- Installing: /home/intern1/ros2_ws/install/system_webview/share/system_webview/package.xml
