[0.020s] Invoking command in '/home/intern1/ros2_ws/build/system_webview': CMAKE_PREFIX_PATH=${CMAKE_PREFIX_PATH}:/opt/ros/jazzy DEBUGINFOD_URLS=https://debuginfod.ubuntu.com /usr/bin/cmake /home/intern1/ros2_ws/src/ros2_system_webview -DCMAKE_INSTALL_PREFIX=/home/intern1/ros2_ws/install/system_webview
[0.936s] -- The C compiler identification is GNU 13.3.0
[0.936s] -- The CXX compiler identification is GNU 13.3.0
[0.936s] -- Detecting C compiler ABI info
[0.936s] -- Detecting C compiler ABI info - done
[0.936s] -- Check for working C compiler: /usr/bin/cc - skipped
[0.936s] -- Detecting C compile features
[0.937s] -- Detecting C compile features - done
[0.937s] -- Detecting CXX compiler ABI info
[0.937s] -- Detecting CXX compiler ABI info - done
[0.937s] -- Check for working CXX compiler: /usr/bin/c++ - skipped
[0.937s] -- Detecting CXX compile features
[0.937s] -- Detecting CXX compile features - done
[0.938s] -- Found ament_cmake: 2.5.6 (/opt/ros/jazzy/share/ament_cmake/cmake)
[1.138s] -- Found Python3: /usr/bin/python3 (found version "3.12.3") found components: Interpreter 
[1.387s] -- Found rclcpp: 28.1.18 (/opt/ros/jazzy/share/rclcpp/cmake)
[1.527s] -- Found rosidl_generator_c: 4.6.7 (/opt/ros/jazzy/share/rosidl_generator_c/cmake)
[1.572s] -- Found rosidl_generator_cpp: 4.6.7 (/opt/ros/jazzy/share/rosidl_generator_cpp/cmake)
[1.621s] -- Using all available rosidl_typesupport_c: rosidl_typesupport_fastrtps_c;rosidl_typesupport_introspection_c
[1.677s] -- Using all available rosidl_typesupport_cpp: rosidl_typesupport_fastrtps_cpp;rosidl_typesupport_introspection_cpp
[1.930s] -- Found rmw_implementation_cmake: 7.3.3 (/opt/ros/jazzy/share/rmw_implementation_cmake/cmake)
[1.942s] -- Found rmw_fastrtps_cpp: 8.4.3 (/opt/ros/jazzy/share/rmw_fastrtps_cpp/cmake)
[2.172s] -- Found OpenSSL: /usr/lib/x86_64-linux-gnu/libcrypto.so (found version "3.0.13")  
[2.241s] -- Found FastRTPS: /opt/ros/jazzy/include (Required is at least version "2.13") 
[2.292s] -- Using RMW implementation 'rmw_fastrtps_cpp' as default
[2.437s] -- Found PkgConfig: /usr/bin/pkg-config (found version "1.8.1") 
[2.439s] -- Checking for module 'cpp-httplib'
[2.485s] --   Found cpp-httplib, version 0.14.3
[2.584s] -- Found ament_lint_auto: 0.17.5 (/opt/ros/jazzy/share/ament_lint_auto/cmake)
[2.798s] -- Added test 'cppcheck' to perform static code analysis on C / C++ code
[2.798s] -- Configured cppcheck include dirs: 
[2.798s] -- Configured cppcheck exclude dirs and/or files: 
[2.805s] -- Added test 'cpplint' to check C / C++ code against the Google style
[2.805s] -- Configured cpplint exclude dirs and/or files: 
[2.808s] -- Added test 'flake8' to check Python code syntax and style conventions
[2.808s] -- Configured 'flake8' exclude dirs and/or files: 
[2.811s] -- Added test 'lint_cmake' to check CMake code style
[2.812s] -- Added test 'pep257' to check Python code against some of the docstring style conventions in PEP 257
[2.818s] -- Added test 'uncrustify' to check C / C++ code style
[2.819s] -- Configured uncrustify additional arguments: 
[2.825s] -- Added test 'xmllint' to check XML markup files
[2.828s] -- Configuring done (2.8s)
[2.839s] -- Generating done (0.0s)
[2.846s] -- Build files have been written to: /home/intern1/ros2_ws/build/system_webview
[2.862s] Invoked command in '/home/intern1/ros2_ws/build/system_webview' returned '0': CMAKE_PREFIX_PATH=${CMAKE_PREFIX_PATH}:/opt/ros/jazzy DEBUGINFOD_URLS=https://debuginfod.ubuntu.com /usr/bin/cmake /home/intern1/ros2_ws/src/ros2_system_webview -DCMAKE_INSTALL_PREFIX=/home/intern1/ros2_ws/install/system_webview
[2.864s] Invoking command in '/home/intern1/ros2_ws/build/system_webview': CMAKE_PREFIX_PATH=${CMAKE_PREFIX_PATH}:/opt/ros/jazzy DEBUGINFOD_URLS=https://debuginfod.ubuntu.com /usr/bin/cmake --build /home/intern1/ros2_ws/build/system_webview -- -j14 -l14
[2.976s] [ 50%] [32mBuilding CXX object CMakeFiles/http_server.dir/src/http_server.cpp.o[0m
[11.309s] [100%] [32m[1mLinking CXX executable http_server[0m
[11.541s] [100%] Built target http_server
[11.560s] Invoked command in '/home/intern1/ros2_ws/build/system_webview' returned '0': CMAKE_PREFIX_PATH=${CMAKE_PREFIX_PATH}:/opt/ros/jazzy DEBUGINFOD_URLS=https://debuginfod.ubuntu.com /usr/bin/cmake --build /home/intern1/ros2_ws/build/system_webview -- -j14 -l14
[11.562s] Invoking command in '/home/intern1/ros2_ws/build/system_webview': CMAKE_PREFIX_PATH=${CMAKE_PREFIX_PATH}:/opt/ros/jazzy DEBUGINFOD_URLS=https://debuginfod.ubuntu.com /usr/bin/cmake --install /home/intern1/ros2_ws/build/system_webview
[11.575s] -- Install configuration: ""
[11.576s] -- Installing: /home/intern1/ros2_ws/install/system_webview/lib/system_webview/http_server
[11.577s] -- Set non-toolchain portion of runtime path of "/home/intern1/ros2_ws/install/system_webview/lib/system_webview/http_server" to ""
[11.578s] -- Installing: /home/intern1/ros2_ws/install/system_webview/share/system_webview/web
[11.578s] -- Installing: /home/intern1/ros2_ws/install/system_webview/share/system_webview/web/404.html
[11.578s] -- Installing: /home/intern1/ros2_ws/install/system_webview/share/system_webview/web/index.txt
[11.579s] -- Installing: /home/intern1/ros2_ws/install/system_webview/share/system_webview/web/AMENT_IGNORE
[11.579s] -- Installing: /home/intern1/ros2_ws/install/system_webview/share/system_webview/web/index.html
[11.579s] -- Installing: /home/intern1/ros2_ws/install/system_webview/share/system_webview/web/_next
[11.579s] -- Installing: /home/intern1/ros2_ws/install/system_webview/share/system_webview/web/_next/static
[11.580s] -- Installing: /home/intern1/ros2_ws/install/system_webview/share/system_webview/web/_next/static/9zTH6-5GlVAaGD7PplLUP
[11.580s] -- Installing: /home/intern1/ros2_ws/install/system_webview/share/system_webview/web/_next/static/9zTH6-5GlVAaGD7PplLUP/_buildManifest.js
[11.580s] -- Installing: /home/intern1/ros2_ws/install/system_webview/share/system_webview/web/_next/static/9zTH6-5GlVAaGD7PplLUP/_ssgManifest.js
[11.581s] -- Installing: /home/intern1/ros2_ws/install/system_webview/share/system_webview/web/_next/static/chunks
[11.581s] -- Installing: /home/intern1/ros2_ws/install/system_webview/share/system_webview/web/_next/static/chunks/webpack-3844d017889aa547.js
[11.581s] -- Installing: /home/intern1/ros2_ws/install/system_webview/share/system_webview/web/_next/static/chunks/polyfills-42372ed130431b0a.js
[11.581s] -- Installing: /home/intern1/ros2_ws/install/system_webview/share/system_webview/web/_next/static/chunks/app
[11.582s] -- Installing: /home/intern1/ros2_ws/install/system_webview/share/system_webview/web/_next/static/chunks/app/page-c2651edd354d731d.js
[11.582s] -- Installing: /home/intern1/ros2_ws/install/system_webview/share/system_webview/web/_next/static/chunks/app/layout-9aaeffa134ffefaa.js
[11.582s] -- Installing: /home/intern1/ros2_ws/install/system_webview/share/system_webview/web/_next/static/chunks/app/_not-found
[11.582s] -- Installing: /home/intern1/ros2_ws/install/system_webview/share/system_webview/web/_next/static/chunks/app/_not-found/page-17f9ab33df37f960.js
[11.583s] -- Installing: /home/intern1/ros2_ws/install/system_webview/share/system_webview/web/_next/static/chunks/main-49fd204fc9037ea3.js
[11.583s] -- Installing: /home/intern1/ros2_ws/install/system_webview/share/system_webview/web/_next/static/chunks/framework-de98b93a850cfc71.js
[11.583s] -- Installing: /home/intern1/ros2_ws/install/system_webview/share/system_webview/web/_next/static/chunks/255-54d3085ce94738a4.js
[11.583s] -- Installing: /home/intern1/ros2_ws/install/system_webview/share/system_webview/web/_next/static/chunks/main-app-07ff11c3c85151c8.js
[11.584s] -- Installing: /home/intern1/ros2_ws/install/system_webview/share/system_webview/web/_next/static/chunks/304-9855fa5866af6bdf.js
[11.584s] -- Installing: /home/intern1/ros2_ws/install/system_webview/share/system_webview/web/_next/static/chunks/4bd1b696-c023c6e3521b1417.js
[11.584s] -- Installing: /home/intern1/ros2_ws/install/system_webview/share/system_webview/web/_next/static/chunks/pages
[11.585s] -- Installing: /home/intern1/ros2_ws/install/system_webview/share/system_webview/web/_next/static/chunks/pages/_app-7d307437aca18ad4.js
[11.585s] -- Installing: /home/intern1/ros2_ws/install/system_webview/share/system_webview/web/_next/static/chunks/pages/_error-cb2a52f75f2162e2.js
[11.585s] -- Installing: /home/intern1/ros2_ws/install/system_webview/share/system_webview/web/_next/static/css
[11.585s] -- Installing: /home/intern1/ros2_ws/install/system_webview/share/system_webview/web/_next/static/css/dee0aca0b984644c.css
[11.586s] -- Installing: /home/intern1/ros2_ws/install/system_webview/share/system_webview/launch
[11.586s] -- Installing: /home/intern1/ros2_ws/install/system_webview/share/system_webview/launch/main.launch.py
[11.587s] -- Installing: /home/intern1/ros2_ws/install/system_webview/share/ament_index/resource_index/package_run_dependencies/system_webview
[11.587s] -- Installing: /home/intern1/ros2_ws/install/system_webview/share/ament_index/resource_index/parent_prefix_path/system_webview
[11.587s] -- Installing: /home/intern1/ros2_ws/install/system_webview/share/system_webview/environment/ament_prefix_path.sh
[11.587s] -- Installing: /home/intern1/ros2_ws/install/system_webview/share/system_webview/environment/ament_prefix_path.dsv
[11.588s] -- Installing: /home/intern1/ros2_ws/install/system_webview/share/system_webview/environment/path.sh
[11.588s] -- Installing: /home/intern1/ros2_ws/install/system_webview/share/system_webview/environment/path.dsv
[11.588s] -- Installing: /home/intern1/ros2_ws/install/system_webview/share/system_webview/local_setup.bash
[11.588s] -- Installing: /home/intern1/ros2_ws/install/system_webview/share/system_webview/local_setup.sh
[11.588s] -- Installing: /home/intern1/ros2_ws/install/system_webview/share/system_webview/local_setup.zsh
[11.589s] -- Installing: /home/intern1/ros2_ws/install/system_webview/share/system_webview/local_setup.dsv
[11.589s] -- Installing: /home/intern1/ros2_ws/install/system_webview/share/system_webview/package.dsv
[11.589s] -- Installing: /home/intern1/ros2_ws/install/system_webview/share/ament_index/resource_index/packages/system_webview
[11.589s] -- Installing: /home/intern1/ros2_ws/install/system_webview/share/system_webview/cmake/system_webviewConfig.cmake
[11.589s] -- Installing: /home/intern1/ros2_ws/install/system_webview/share/system_webview/cmake/system_webviewConfig-version.cmake
[11.590s] -- Installing: /home/intern1/ros2_ws/install/system_webview/share/system_webview/package.xml
[11.592s] Invoked command in '/home/intern1/ros2_ws/build/system_webview' returned '0': CMAKE_PREFIX_PATH=${CMAKE_PREFIX_PATH}:/opt/ros/jazzy DEBUGINFOD_URLS=https://debuginfod.ubuntu.com /usr/bin/cmake --install /home/intern1/ros2_ws/build/system_webview
