[5.944s] Invoking command in '/home/intern1/ros2_ws/src/examples/rclpy/services/minimal_client': DEBUGINFOD_URLS=https://debuginfod.ubuntu.com PYTHONPATH=/home/intern1/ros2_ws/build/examples_rclpy_minimal_client/prefix_override:/usr/lib/python3/dist-packages/colcon_core/task/python/colcon_distutils_commands:/home/intern1/ros2_ws/install/examples_rclpy_minimal_client/lib/python3.12/site-packages:${PYTHONPATH} /usr/bin/python3 -W ignore:setup.py install is deprecated -W ignore:easy_install command is deprecated setup.py egg_info --egg-base ../../../../../build/examples_rclpy_minimal_client build --build-base /home/intern1/ros2_ws/build/examples_rclpy_minimal_client/build install --record /home/intern1/ros2_ws/build/examples_rclpy_minimal_client/install.log --single-version-externally-managed install_data
[6.770s] running egg_info
[6.872s] writing ../../../../../build/examples_rclpy_minimal_client/examples_rclpy_minimal_client.egg-info/PKG-INFO
[6.873s] writing dependency_links to ../../../../../build/examples_rclpy_minimal_client/examples_rclpy_minimal_client.egg-info/dependency_links.txt
[6.876s] writing entry points to ../../../../../build/examples_rclpy_minimal_client/examples_rclpy_minimal_client.egg-info/entry_points.txt
[6.876s] writing requirements to ../../../../../build/examples_rclpy_minimal_client/examples_rclpy_minimal_client.egg-info/requires.txt
[6.876s] writing top-level names to ../../../../../build/examples_rclpy_minimal_client/examples_rclpy_minimal_client.egg-info/top_level.txt
[7.060s] reading manifest file '../../../../../build/examples_rclpy_minimal_client/examples_rclpy_minimal_client.egg-info/SOURCES.txt'
[7.065s] writing manifest file '../../../../../build/examples_rclpy_minimal_client/examples_rclpy_minimal_client.egg-info/SOURCES.txt'
[7.081s] running build
[7.081s] running build_py
[7.081s] running install
[7.087s] running install_lib
[7.173s] running install_data
[7.173s] running install_egg_info
[7.225s] removing '/home/intern1/ros2_ws/install/examples_rclpy_minimal_client/lib/python3.12/site-packages/examples_rclpy_minimal_client-0.19.7-py3.12.egg-info' (and everything under it)
[7.226s] Copying ../../../../../build/examples_rclpy_minimal_client/examples_rclpy_minimal_client.egg-info to /home/intern1/ros2_ws/install/examples_rclpy_minimal_client/lib/python3.12/site-packages/examples_rclpy_minimal_client-0.19.7-py3.12.egg-info
[7.227s] running install_scripts
[7.577s] Installing client script to /home/intern1/ros2_ws/install/examples_rclpy_minimal_client/lib/examples_rclpy_minimal_client
[7.578s] Installing client_async script to /home/intern1/ros2_ws/install/examples_rclpy_minimal_client/lib/examples_rclpy_minimal_client
[7.578s] Installing client_async_callback script to /home/intern1/ros2_ws/install/examples_rclpy_minimal_client/lib/examples_rclpy_minimal_client
[7.578s] Installing client_async_member_function script to /home/intern1/ros2_ws/install/examples_rclpy_minimal_client/lib/examples_rclpy_minimal_client
[7.578s] writing list of installed files to '/home/intern1/ros2_ws/build/examples_rclpy_minimal_client/install.log'
