[0.036s] Invoking command in '/home/intern1/ros2_ws/build/system_webview': CMAKE_PREFIX_PATH=${CMAKE_PREFIX_PATH}:/home/intern1/ros2_ws/install/tb3_multi_robot:/home/intern1/ros2_ws/install/om_mvc01:/home/intern1/ros2_ws/install/launch_testing_examples:/home/intern1/ros2_ws/install/examples_rclpy_pointcloud_publisher:/home/intern1/ros2_ws/install/examples_rclpy_minimal_subscriber:/home/intern1/ros2_ws/install/examples_rclpy_minimal_service:/home/intern1/ros2_ws/install/examples_rclpy_minimal_publisher:/home/intern1/ros2_ws/install/examples_rclpy_minimal_client:/home/intern1/ros2_ws/install/examples_rclpy_minimal_action_server:/home/intern1/ros2_ws/install/examples_rclpy_minimal_action_client:/home/intern1/ros2_ws/install/examples_rclpy_guard_conditions:/home/intern1/ros2_ws/install/examples_rclpy_executors:/home/intern1/ros2_ws/install/examples_rclcpp_minimal_service:/home/intern1/ros2_ws/install/examples_rclcpp_async_client:/home/intern1/ros2_ws/install/education_material:/home/intern1/ros2_ws/install/camera_follow:/home/intern1/ros2_ws/install/amr_ws:/opt/ros/jazzy DEBUGINFOD_URLS=https://debuginfod.ubuntu.com /usr/bin/cmake /home/intern1/ros2_ws/src/ros2_system_webview -DCMAKE_INSTALL_PREFIX=/home/intern1/ros2_ws/install/system_webview
[0.261s] -- Found ament_cmake: 2.5.5 (/opt/ros/jazzy/share/ament_cmake/cmake)
[0.605s] -- Override CMake install command with custom implementation using symlinks instead of copying resources
[0.619s] -- Found rclcpp: 28.1.16 (/opt/ros/jazzy/share/rclcpp/cmake)
[0.689s] -- Found rosidl_generator_c: 4.6.7 (/opt/ros/jazzy/share/rosidl_generator_c/cmake)
[0.710s] -- Found rosidl_generator_cpp: 4.6.7 (/opt/ros/jazzy/share/rosidl_generator_cpp/cmake)
[0.740s] -- Using all available rosidl_typesupport_c: rosidl_typesupport_fastrtps_c;rosidl_typesupport_introspection_c
[0.768s] -- Using all available rosidl_typesupport_cpp: rosidl_typesupport_fastrtps_cpp;rosidl_typesupport_introspection_cpp
[0.873s] -- Found rmw_implementation_cmake: 7.3.3 (/opt/ros/jazzy/share/rmw_implementation_cmake/cmake)
[0.879s] -- Found rmw_fastrtps_cpp: 8.4.3 (/opt/ros/jazzy/share/rmw_fastrtps_cpp/cmake)
[1.058s] -- Using RMW implementation 'rmw_fastrtps_cpp' as default
[1.272s] -- Found ament_lint_auto: 0.17.4 (/opt/ros/jazzy/share/ament_lint_auto/cmake)
[1.481s] -- Added test 'cppcheck' to perform static code analysis on C / C++ code
[1.482s] -- Configured cppcheck include dirs: 
[1.482s] -- Configured cppcheck exclude dirs and/or files: 
[1.487s] -- Added test 'cpplint' to check C / C++ code against the Google style
[1.487s] -- Configured cpplint exclude dirs and/or files: 
[1.488s] -- Added test 'flake8' to check Python code syntax and style conventions
[1.488s] -- Configured 'flake8' exclude dirs and/or files: 
[1.490s] -- Added test 'lint_cmake' to check CMake code style
[1.492s] -- Added test 'pep257' to check Python code against some of the docstring style conventions in PEP 257
[1.497s] -- Added test 'uncrustify' to check C / C++ code style
[1.497s] -- Configured uncrustify additional arguments: 
[1.499s] -- Added test 'xmllint' to check XML markup files
[1.500s] -- Configuring done (1.4s)
[1.517s] -- Generating done (0.0s)
[1.520s] -- Build files have been written to: /home/intern1/ros2_ws/build/system_webview
[1.536s] Invoked command in '/home/intern1/ros2_ws/build/system_webview' returned '0': CMAKE_PREFIX_PATH=${CMAKE_PREFIX_PATH}:/home/intern1/ros2_ws/install/tb3_multi_robot:/home/intern1/ros2_ws/install/om_mvc01:/home/intern1/ros2_ws/install/launch_testing_examples:/home/intern1/ros2_ws/install/examples_rclpy_pointcloud_publisher:/home/intern1/ros2_ws/install/examples_rclpy_minimal_subscriber:/home/intern1/ros2_ws/install/examples_rclpy_minimal_service:/home/intern1/ros2_ws/install/examples_rclpy_minimal_publisher:/home/intern1/ros2_ws/install/examples_rclpy_minimal_client:/home/intern1/ros2_ws/install/examples_rclpy_minimal_action_server:/home/intern1/ros2_ws/install/examples_rclpy_minimal_action_client:/home/intern1/ros2_ws/install/examples_rclpy_guard_conditions:/home/intern1/ros2_ws/install/examples_rclpy_executors:/home/intern1/ros2_ws/install/examples_rclcpp_minimal_service:/home/intern1/ros2_ws/install/examples_rclcpp_async_client:/home/intern1/ros2_ws/install/education_material:/home/intern1/ros2_ws/install/camera_follow:/home/intern1/ros2_ws/install/amr_ws:/opt/ros/jazzy DEBUGINFOD_URLS=https://debuginfod.ubuntu.com /usr/bin/cmake /home/intern1/ros2_ws/src/ros2_system_webview -DCMAKE_INSTALL_PREFIX=/home/intern1/ros2_ws/install/system_webview
[1.538s] Invoking command in '/home/intern1/ros2_ws/build/system_webview': CMAKE_PREFIX_PATH=${CMAKE_PREFIX_PATH}:/home/intern1/ros2_ws/install/tb3_multi_robot:/home/intern1/ros2_ws/install/om_mvc01:/home/intern1/ros2_ws/install/launch_testing_examples:/home/intern1/ros2_ws/install/examples_rclpy_pointcloud_publisher:/home/intern1/ros2_ws/install/examples_rclpy_minimal_subscriber:/home/intern1/ros2_ws/install/examples_rclpy_minimal_service:/home/intern1/ros2_ws/install/examples_rclpy_minimal_publisher:/home/intern1/ros2_ws/install/examples_rclpy_minimal_client:/home/intern1/ros2_ws/install/examples_rclpy_minimal_action_server:/home/intern1/ros2_ws/install/examples_rclpy_minimal_action_client:/home/intern1/ros2_ws/install/examples_rclpy_guard_conditions:/home/intern1/ros2_ws/install/examples_rclpy_executors:/home/intern1/ros2_ws/install/examples_rclcpp_minimal_service:/home/intern1/ros2_ws/install/examples_rclcpp_async_client:/home/intern1/ros2_ws/install/education_material:/home/intern1/ros2_ws/install/camera_follow:/home/intern1/ros2_ws/install/amr_ws:/opt/ros/jazzy DEBUGINFOD_URLS=https://debuginfod.ubuntu.com /usr/bin/cmake --build /home/intern1/ros2_ws/build/system_webview -- -j14 -l14
[1.638s] [100%] Built target http_server
[1.657s] Invoked command in '/home/intern1/ros2_ws/build/system_webview' returned '0': CMAKE_PREFIX_PATH=${CMAKE_PREFIX_PATH}:/home/intern1/ros2_ws/install/tb3_multi_robot:/home/intern1/ros2_ws/install/om_mvc01:/home/intern1/ros2_ws/install/launch_testing_examples:/home/intern1/ros2_ws/install/examples_rclpy_pointcloud_publisher:/home/intern1/ros2_ws/install/examples_rclpy_minimal_subscriber:/home/intern1/ros2_ws/install/examples_rclpy_minimal_service:/home/intern1/ros2_ws/install/examples_rclpy_minimal_publisher:/home/intern1/ros2_ws/install/examples_rclpy_minimal_client:/home/intern1/ros2_ws/install/examples_rclpy_minimal_action_server:/home/intern1/ros2_ws/install/examples_rclpy_minimal_action_client:/home/intern1/ros2_ws/install/examples_rclpy_guard_conditions:/home/intern1/ros2_ws/install/examples_rclpy_executors:/home/intern1/ros2_ws/install/examples_rclcpp_minimal_service:/home/intern1/ros2_ws/install/examples_rclcpp_async_client:/home/intern1/ros2_ws/install/education_material:/home/intern1/ros2_ws/install/camera_follow:/home/intern1/ros2_ws/install/amr_ws:/opt/ros/jazzy DEBUGINFOD_URLS=https://debuginfod.ubuntu.com /usr/bin/cmake --build /home/intern1/ros2_ws/build/system_webview -- -j14 -l14
[1.658s] Invoking command in '/home/intern1/ros2_ws/build/system_webview': CMAKE_PREFIX_PATH=${CMAKE_PREFIX_PATH}:/home/intern1/ros2_ws/install/tb3_multi_robot:/home/intern1/ros2_ws/install/om_mvc01:/home/intern1/ros2_ws/install/launch_testing_examples:/home/intern1/ros2_ws/install/examples_rclpy_pointcloud_publisher:/home/intern1/ros2_ws/install/examples_rclpy_minimal_subscriber:/home/intern1/ros2_ws/install/examples_rclpy_minimal_service:/home/intern1/ros2_ws/install/examples_rclpy_minimal_publisher:/home/intern1/ros2_ws/install/examples_rclpy_minimal_client:/home/intern1/ros2_ws/install/examples_rclpy_minimal_action_server:/home/intern1/ros2_ws/install/examples_rclpy_minimal_action_client:/home/intern1/ros2_ws/install/examples_rclpy_guard_conditions:/home/intern1/ros2_ws/install/examples_rclpy_executors:/home/intern1/ros2_ws/install/examples_rclcpp_minimal_service:/home/intern1/ros2_ws/install/examples_rclcpp_async_client:/home/intern1/ros2_ws/install/education_material:/home/intern1/ros2_ws/install/camera_follow:/home/intern1/ros2_ws/install/amr_ws:/opt/ros/jazzy DEBUGINFOD_URLS=https://debuginfod.ubuntu.com /usr/bin/cmake --install /home/intern1/ros2_ws/build/system_webview
[1.669s] -- Install configuration: ""
[1.670s] -- Execute custom install script
[1.671s] -- Up-to-date symlink: /home/intern1/ros2_ws/install/system_webview/lib/system_webview/http_server
[1.672s] -- Up-to-date symlink: /home/intern1/ros2_ws/install/system_webview/share/system_webview/web/404.html
[1.672s] -- Up-to-date symlink: /home/intern1/ros2_ws/install/system_webview/share/system_webview/web/AMENT_IGNORE
[1.673s] -- Up-to-date symlink: /home/intern1/ros2_ws/install/system_webview/share/system_webview/web/_next/static/9zTH6-5GlVAaGD7PplLUP/_buildManifest.js
[1.673s] -- Up-to-date symlink: /home/intern1/ros2_ws/install/system_webview/share/system_webview/web/_next/static/9zTH6-5GlVAaGD7PplLUP/_ssgManifest.js
[1.674s] -- Up-to-date symlink: /home/intern1/ros2_ws/install/system_webview/share/system_webview/web/_next/static/chunks/255-54d3085ce94738a4.js
[1.674s] -- Up-to-date symlink: /home/intern1/ros2_ws/install/system_webview/share/system_webview/web/_next/static/chunks/304-9855fa5866af6bdf.js
[1.674s] -- Up-to-date symlink: /home/intern1/ros2_ws/install/system_webview/share/system_webview/web/_next/static/chunks/4bd1b696-c023c6e3521b1417.js
[1.675s] -- Up-to-date symlink: /home/intern1/ros2_ws/install/system_webview/share/system_webview/web/_next/static/chunks/app/_not-found/page-17f9ab33df37f960.js
[1.675s] -- Up-to-date symlink: /home/intern1/ros2_ws/install/system_webview/share/system_webview/web/_next/static/chunks/app/layout-9aaeffa134ffefaa.js
[1.675s] -- Up-to-date symlink: /home/intern1/ros2_ws/install/system_webview/share/system_webview/web/_next/static/chunks/app/page-c2651edd354d731d.js
[1.676s] -- Up-to-date symlink: /home/intern1/ros2_ws/install/system_webview/share/system_webview/web/_next/static/chunks/framework-de98b93a850cfc71.js
[1.676s] -- Up-to-date symlink: /home/intern1/ros2_ws/install/system_webview/share/system_webview/web/_next/static/chunks/main-49fd204fc9037ea3.js
[1.676s] -- Up-to-date symlink: /home/intern1/ros2_ws/install/system_webview/share/system_webview/web/_next/static/chunks/main-app-07ff11c3c85151c8.js
[1.677s] -- Up-to-date symlink: /home/intern1/ros2_ws/install/system_webview/share/system_webview/web/_next/static/chunks/pages/_app-7d307437aca18ad4.js
[1.677s] -- Up-to-date symlink: /home/intern1/ros2_ws/install/system_webview/share/system_webview/web/_next/static/chunks/pages/_error-cb2a52f75f2162e2.js
[1.677s] -- Up-to-date symlink: /home/intern1/ros2_ws/install/system_webview/share/system_webview/web/_next/static/chunks/polyfills-42372ed130431b0a.js
[1.678s] -- Up-to-date symlink: /home/intern1/ros2_ws/install/system_webview/share/system_webview/web/_next/static/chunks/webpack-3844d017889aa547.js
[1.678s] -- Up-to-date symlink: /home/intern1/ros2_ws/install/system_webview/share/system_webview/web/_next/static/css/dee0aca0b984644c.css
[1.678s] -- Up-to-date symlink: /home/intern1/ros2_ws/install/system_webview/share/system_webview/web/index.html
[1.679s] -- Up-to-date symlink: /home/intern1/ros2_ws/install/system_webview/share/system_webview/web/index.txt
[1.679s] -- Up-to-date symlink: /home/intern1/ros2_ws/install/system_webview/share/system_webview/launch/main.launch.py
[1.680s] -- Up-to-date symlink: /home/intern1/ros2_ws/install/system_webview/share/ament_index/resource_index/package_run_dependencies/system_webview
[1.680s] -- Up-to-date symlink: /home/intern1/ros2_ws/install/system_webview/share/ament_index/resource_index/parent_prefix_path/system_webview
[1.681s] -- Up-to-date symlink: /home/intern1/ros2_ws/install/system_webview/share/system_webview/environment/ament_prefix_path.sh
[1.681s] -- Up-to-date symlink: /home/intern1/ros2_ws/install/system_webview/share/system_webview/environment/ament_prefix_path.dsv
[1.682s] -- Up-to-date symlink: /home/intern1/ros2_ws/install/system_webview/share/system_webview/environment/path.sh
[1.682s] -- Up-to-date symlink: /home/intern1/ros2_ws/install/system_webview/share/system_webview/environment/path.dsv
[1.682s] -- Up-to-date symlink: /home/intern1/ros2_ws/install/system_webview/share/system_webview/local_setup.bash
[1.683s] -- Up-to-date symlink: /home/intern1/ros2_ws/install/system_webview/share/system_webview/local_setup.sh
[1.683s] -- Up-to-date symlink: /home/intern1/ros2_ws/install/system_webview/share/system_webview/local_setup.zsh
[1.684s] -- Up-to-date symlink: /home/intern1/ros2_ws/install/system_webview/share/system_webview/local_setup.dsv
[1.684s] -- Symlinking: /home/intern1/ros2_ws/install/system_webview/share/system_webview/package.dsv
[1.699s] -- Up-to-date symlink: /home/intern1/ros2_ws/install/system_webview/share/ament_index/resource_index/packages/system_webview
[1.699s] -- Up-to-date symlink: /home/intern1/ros2_ws/install/system_webview/share/system_webview/cmake/system_webviewConfig.cmake
[1.700s] -- Up-to-date symlink: /home/intern1/ros2_ws/install/system_webview/share/system_webview/cmake/system_webviewConfig-version.cmake
[1.700s] -- Up-to-date symlink: /home/intern1/ros2_ws/install/system_webview/share/system_webview/package.xml
[1.705s] Invoked command in '/home/intern1/ros2_ws/build/system_webview' returned '0': CMAKE_PREFIX_PATH=${CMAKE_PREFIX_PATH}:/home/intern1/ros2_ws/install/tb3_multi_robot:/home/intern1/ros2_ws/install/om_mvc01:/home/intern1/ros2_ws/install/launch_testing_examples:/home/intern1/ros2_ws/install/examples_rclpy_pointcloud_publisher:/home/intern1/ros2_ws/install/examples_rclpy_minimal_subscriber:/home/intern1/ros2_ws/install/examples_rclpy_minimal_service:/home/intern1/ros2_ws/install/examples_rclpy_minimal_publisher:/home/intern1/ros2_ws/install/examples_rclpy_minimal_client:/home/intern1/ros2_ws/install/examples_rclpy_minimal_action_server:/home/intern1/ros2_ws/install/examples_rclpy_minimal_action_client:/home/intern1/ros2_ws/install/examples_rclpy_guard_conditions:/home/intern1/ros2_ws/install/examples_rclpy_executors:/home/intern1/ros2_ws/install/examples_rclcpp_minimal_service:/home/intern1/ros2_ws/install/examples_rclcpp_async_client:/home/intern1/ros2_ws/install/education_material:/home/intern1/ros2_ws/install/camera_follow:/home/intern1/ros2_ws/install/amr_ws:/opt/ros/jazzy DEBUGINFOD_URLS=https://debuginfod.ubuntu.com /usr/bin/cmake --install /home/intern1/ros2_ws/build/system_webview
