[3.334s] Invoking command in '/home/intern1/ros2_ws/src/amr_ws': DEBUGINFOD_URLS=https://debuginfod.ubuntu.com PYTHONPATH=/home/intern1/ros2_ws/build/amr_ws/prefix_override:/usr/lib/python3/dist-packages/colcon_core/task/python/colcon_distutils_commands:/home/intern1/ros2_ws/install/amr_ws/lib/python3.12/site-packages:${PYTHONPATH} /usr/bin/python3 -W ignore:setup.py install is deprecated -W ignore:easy_install command is deprecated setup.py egg_info --egg-base ../../build/amr_ws build --build-base /home/intern1/ros2_ws/build/amr_ws/build install --record /home/intern1/ros2_ws/build/amr_ws/install.log --single-version-externally-managed install_data
[5.914s] running egg_info
[5.914s] creating ../../build/amr_ws/amr_ws.egg-info
[5.914s] writing ../../build/amr_ws/amr_ws.egg-info/PKG-INFO
[5.914s] writing dependency_links to ../../build/amr_ws/amr_ws.egg-info/dependency_links.txt
[5.915s] writing entry points to ../../build/amr_ws/amr_ws.egg-info/entry_points.txt
[5.915s] writing requirements to ../../build/amr_ws/amr_ws.egg-info/requires.txt
[5.915s] writing top-level names to ../../build/amr_ws/amr_ws.egg-info/top_level.txt
[5.915s] writing manifest file '../../build/amr_ws/amr_ws.egg-info/SOURCES.txt'
[5.915s] reading manifest file '../../build/amr_ws/amr_ws.egg-info/SOURCES.txt'
[5.915s] adding license file 'LICENSE'
[5.915s] writing manifest file '../../build/amr_ws/amr_ws.egg-info/SOURCES.txt'
[5.915s] running build
[5.916s] running build_py
[5.916s] creating /home/intern1/ros2_ws/build/amr_ws/build
[5.916s] creating /home/intern1/ros2_ws/build/amr_ws/build/lib
[5.916s] creating /home/intern1/ros2_ws/build/amr_ws/build/lib/amr_ws
[5.916s] copying amr_ws/Automation_and_Lidar2.py -> /home/intern1/ros2_ws/build/amr_ws/build/lib/amr_ws
[5.916s] copying amr_ws/path_logger.py -> /home/intern1/ros2_ws/build/amr_ws/build/lib/amr_ws
[5.916s] copying amr_ws/cmdvelsmoothed_to_cmdvel.py -> /home/intern1/ros2_ws/build/amr_ws/build/lib/amr_ws
[5.916s] copying amr_ws/Demo_Automation.py -> /home/intern1/ros2_ws/build/amr_ws/build/lib/amr_ws
[5.917s] copying amr_ws/camera_follow.py -> /home/intern1/ros2_ws/build/amr_ws/build/lib/amr_ws
[5.917s] copying amr_ws/keyboard_listener.py -> /home/intern1/ros2_ws/build/amr_ws/build/lib/amr_ws
[5.917s] copying amr_ws/compass.py -> /home/intern1/ros2_ws/build/amr_ws/build/lib/amr_ws
[5.917s] copying amr_ws/Automation_and_Lidar.py -> /home/intern1/ros2_ws/build/amr_ws/build/lib/amr_ws
[5.917s] copying amr_ws/baselink_laser_tf.py -> /home/intern1/ros2_ws/build/amr_ws/build/lib/amr_ws
[5.917s] copying amr_ws/agv_audio_node.py -> /home/intern1/ros2_ws/build/amr_ws/build/lib/amr_ws
[5.917s] copying amr_ws/localization_node.py -> /home/intern1/ros2_ws/build/amr_ws/build/lib/amr_ws
[5.917s] copying amr_ws/joystick_to_motor.py -> /home/intern1/ros2_ws/build/amr_ws/build/lib/amr_ws
[5.917s] copying amr_ws/__init__.py -> /home/intern1/ros2_ws/build/amr_ws/build/lib/amr_ws
[5.917s] copying amr_ws/orchestrator_node.py -> /home/intern1/ros2_ws/build/amr_ws/build/lib/amr_ws
[5.918s] copying amr_ws/hsv_probe_node.py -> /home/intern1/ros2_ws/build/amr_ws/build/lib/amr_ws
[5.918s] copying amr_ws/pose_persistence_node.py -> /home/intern1/ros2_ws/build/amr_ws/build/lib/amr_ws
[5.918s] copying amr_ws/rack_websocket_server.py -> /home/intern1/ros2_ws/build/amr_ws/build/lib/amr_ws
[5.918s] copying amr_ws/return_home_node.py -> /home/intern1/ros2_ws/build/amr_ws/build/lib/amr_ws
[5.918s] copying amr_ws/webcam_line_follow.py -> /home/intern1/ros2_ws/build/amr_ws/build/lib/amr_ws
[5.918s] copying amr_ws/path_publisher.py -> /home/intern1/ros2_ws/build/amr_ws/build/lib/amr_ws
[5.918s] running install
[5.918s] running install_lib
[5.918s] creating /home/intern1/ros2_ws/install/amr_ws/lib/python3.12/site-packages/amr_ws
[5.918s] copying /home/intern1/ros2_ws/build/amr_ws/build/lib/amr_ws/Automation_and_Lidar2.py -> /home/intern1/ros2_ws/install/amr_ws/lib/python3.12/site-packages/amr_ws
[5.920s] copying /home/intern1/ros2_ws/build/amr_ws/build/lib/amr_ws/path_logger.py -> /home/intern1/ros2_ws/install/amr_ws/lib/python3.12/site-packages/amr_ws
[5.921s] copying /home/intern1/ros2_ws/build/amr_ws/build/lib/amr_ws/cmdvelsmoothed_to_cmdvel.py -> /home/intern1/ros2_ws/install/amr_ws/lib/python3.12/site-packages/amr_ws
[5.921s] copying /home/intern1/ros2_ws/build/amr_ws/build/lib/amr_ws/Demo_Automation.py -> /home/intern1/ros2_ws/install/amr_ws/lib/python3.12/site-packages/amr_ws
[5.921s] copying /home/intern1/ros2_ws/build/amr_ws/build/lib/amr_ws/camera_follow.py -> /home/intern1/ros2_ws/install/amr_ws/lib/python3.12/site-packages/amr_ws
[5.921s] copying /home/intern1/ros2_ws/build/amr_ws/build/lib/amr_ws/keyboard_listener.py -> /home/intern1/ros2_ws/install/amr_ws/lib/python3.12/site-packages/amr_ws
[5.921s] copying /home/intern1/ros2_ws/build/amr_ws/build/lib/amr_ws/compass.py -> /home/intern1/ros2_ws/install/amr_ws/lib/python3.12/site-packages/amr_ws
[5.921s] copying /home/intern1/ros2_ws/build/amr_ws/build/lib/amr_ws/Automation_and_Lidar.py -> /home/intern1/ros2_ws/install/amr_ws/lib/python3.12/site-packages/amr_ws
[5.922s] copying /home/intern1/ros2_ws/build/amr_ws/build/lib/amr_ws/baselink_laser_tf.py -> /home/intern1/ros2_ws/install/amr_ws/lib/python3.12/site-packages/amr_ws
[5.922s] copying /home/intern1/ros2_ws/build/amr_ws/build/lib/amr_ws/agv_audio_node.py -> /home/intern1/ros2_ws/install/amr_ws/lib/python3.12/site-packages/amr_ws
[5.922s] copying /home/intern1/ros2_ws/build/amr_ws/build/lib/amr_ws/localization_node.py -> /home/intern1/ros2_ws/install/amr_ws/lib/python3.12/site-packages/amr_ws
[5.922s] copying /home/intern1/ros2_ws/build/amr_ws/build/lib/amr_ws/joystick_to_motor.py -> /home/intern1/ros2_ws/install/amr_ws/lib/python3.12/site-packages/amr_ws
[5.922s] copying /home/intern1/ros2_ws/build/amr_ws/build/lib/amr_ws/__init__.py -> /home/intern1/ros2_ws/install/amr_ws/lib/python3.12/site-packages/amr_ws
[5.923s] copying /home/intern1/ros2_ws/build/amr_ws/build/lib/amr_ws/orchestrator_node.py -> /home/intern1/ros2_ws/install/amr_ws/lib/python3.12/site-packages/amr_ws
[5.923s] copying /home/intern1/ros2_ws/build/amr_ws/build/lib/amr_ws/hsv_probe_node.py -> /home/intern1/ros2_ws/install/amr_ws/lib/python3.12/site-packages/amr_ws
[5.923s] copying /home/intern1/ros2_ws/build/amr_ws/build/lib/amr_ws/pose_persistence_node.py -> /home/intern1/ros2_ws/install/amr_ws/lib/python3.12/site-packages/amr_ws
[5.923s] copying /home/intern1/ros2_ws/build/amr_ws/build/lib/amr_ws/rack_websocket_server.py -> /home/intern1/ros2_ws/install/amr_ws/lib/python3.12/site-packages/amr_ws
[5.924s] copying /home/intern1/ros2_ws/build/amr_ws/build/lib/amr_ws/return_home_node.py -> /home/intern1/ros2_ws/install/amr_ws/lib/python3.12/site-packages/amr_ws
[5.924s] copying /home/intern1/ros2_ws/build/amr_ws/build/lib/amr_ws/webcam_line_follow.py -> /home/intern1/ros2_ws/install/amr_ws/lib/python3.12/site-packages/amr_ws
[5.924s] copying /home/intern1/ros2_ws/build/amr_ws/build/lib/amr_ws/path_publisher.py -> /home/intern1/ros2_ws/install/amr_ws/lib/python3.12/site-packages/amr_ws
[5.924s] byte-compiling /home/intern1/ros2_ws/install/amr_ws/lib/python3.12/site-packages/amr_ws/Automation_and_Lidar2.py to Automation_and_Lidar2.cpython-312.pyc
[5.924s] byte-compiling /home/intern1/ros2_ws/install/amr_ws/lib/python3.12/site-packages/amr_ws/path_logger.py to path_logger.cpython-312.pyc
[5.924s] byte-compiling /home/intern1/ros2_ws/install/amr_ws/lib/python3.12/site-packages/amr_ws/cmdvelsmoothed_to_cmdvel.py to cmdvelsmoothed_to_cmdvel.cpython-312.pyc
[5.924s] byte-compiling /home/intern1/ros2_ws/install/amr_ws/lib/python3.12/site-packages/amr_ws/Demo_Automation.py to Demo_Automation.cpython-312.pyc
[5.925s] byte-compiling /home/intern1/ros2_ws/install/amr_ws/lib/python3.12/site-packages/amr_ws/camera_follow.py to camera_follow.cpython-312.pyc
[5.925s] byte-compiling /home/intern1/ros2_ws/install/amr_ws/lib/python3.12/site-packages/amr_ws/keyboard_listener.py to keyboard_listener.cpython-312.pyc
[5.931s] byte-compiling /home/intern1/ros2_ws/install/amr_ws/lib/python3.12/site-packages/amr_ws/compass.py to compass.cpython-312.pyc
[5.933s] byte-compiling /home/intern1/ros2_ws/install/amr_ws/lib/python3.12/site-packages/amr_ws/Automation_and_Lidar.py to Automation_and_Lidar.cpython-312.pyc
[5.933s] byte-compiling /home/intern1/ros2_ws/install/amr_ws/lib/python3.12/site-packages/amr_ws/baselink_laser_tf.py to baselink_laser_tf.cpython-312.pyc
[5.933s] byte-compiling /home/intern1/ros2_ws/install/amr_ws/lib/python3.12/site-packages/amr_ws/agv_audio_node.py to agv_audio_node.cpython-312.pyc
[5.933s] byte-compiling /home/intern1/ros2_ws/install/amr_ws/lib/python3.12/site-packages/amr_ws/localization_node.py to localization_node.cpython-312.pyc
[5.934s] byte-compiling /home/intern1/ros2_ws/install/amr_ws/lib/python3.12/site-packages/amr_ws/joystick_to_motor.py to joystick_to_motor.cpython-312.pyc
[5.934s] byte-compiling /home/intern1/ros2_ws/install/amr_ws/lib/python3.12/site-packages/amr_ws/__init__.py to __init__.cpython-312.pyc
[5.934s] byte-compiling /home/intern1/ros2_ws/install/amr_ws/lib/python3.12/site-packages/amr_ws/orchestrator_node.py to orchestrator_node.cpython-312.pyc
[5.934s] byte-compiling /home/intern1/ros2_ws/install/amr_ws/lib/python3.12/site-packages/amr_ws/hsv_probe_node.py to hsv_probe_node.cpython-312.pyc
[5.936s] byte-compiling /home/intern1/ros2_ws/install/amr_ws/lib/python3.12/site-packages/amr_ws/pose_persistence_node.py to pose_persistence_node.cpython-312.pyc
[5.937s] byte-compiling /home/intern1/ros2_ws/install/amr_ws/lib/python3.12/site-packages/amr_ws/rack_websocket_server.py to rack_websocket_server.cpython-312.pyc
[5.938s] byte-compiling /home/intern1/ros2_ws/install/amr_ws/lib/python3.12/site-packages/amr_ws/return_home_node.py to return_home_node.cpython-312.pyc
[5.938s] byte-compiling /home/intern1/ros2_ws/install/amr_ws/lib/python3.12/site-packages/amr_ws/webcam_line_follow.py to webcam_line_follow.cpython-312.pyc
[5.938s] byte-compiling /home/intern1/ros2_ws/install/amr_ws/lib/python3.12/site-packages/amr_ws/path_publisher.py to path_publisher.cpython-312.pyc
[5.938s] running install_data
[5.938s] creating /home/intern1/ros2_ws/install/amr_ws/share/ament_index
[5.939s] creating /home/intern1/ros2_ws/install/amr_ws/share/ament_index/resource_index
[5.939s] creating /home/intern1/ros2_ws/install/amr_ws/share/ament_index/resource_index/packages
[5.939s] copying resource/amr_ws -> /home/intern1/ros2_ws/install/amr_ws/share/ament_index/resource_index/packages
[5.939s] copying package.xml -> /home/intern1/ros2_ws/install/amr_ws/share/amr_ws
[5.939s] creating /home/intern1/ros2_ws/install/amr_ws/share/amr_ws/launch
[5.939s] copying launch/slam_toolbox_launch.py -> /home/intern1/ros2_ws/install/amr_ws/share/amr_ws/launch
[5.940s] creating /home/intern1/ros2_ws/install/amr_ws/share/amr_ws/params
[5.940s] copying params/slam_param.yaml -> /home/intern1/ros2_ws/install/amr_ws/share/amr_ws/params
[5.940s] creating /home/intern1/ros2_ws/install/amr_ws/share/amr_ws/waypoints
[5.940s] copying waypoints/waypoints.yaml -> /home/intern1/ros2_ws/install/amr_ws/share/amr_ws/waypoints
[5.941s] creating /home/intern1/ros2_ws/install/amr_ws/share/amr_ws/nav2_params
[5.941s] copying nav2_params/twist_mux.yaml -> /home/intern1/ros2_ws/install/amr_ws/share/amr_ws/nav2_params
[5.941s] running install_egg_info
[5.941s] Copying ../../build/amr_ws/amr_ws.egg-info to /home/intern1/ros2_ws/install/amr_ws/lib/python3.12/site-packages/amr_ws-0.0.0-py3.12.egg-info
[5.941s] running install_scripts
[5.941s] Installing Automation_and_Lidar script to /home/intern1/ros2_ws/install/amr_ws/lib/amr_ws
[5.941s] Installing Automation_and_Lidar2 script to /home/intern1/ros2_ws/install/amr_ws/lib/amr_ws
[5.942s] Installing Demo_Automation script to /home/intern1/ros2_ws/install/amr_ws/lib/amr_ws
[5.943s] Installing agv_audio_node script to /home/intern1/ros2_ws/install/amr_ws/lib/amr_ws
[5.947s] Installing baselink_laser_tf script to /home/intern1/ros2_ws/install/amr_ws/lib/amr_ws
[5.948s] Installing camera_follow script to /home/intern1/ros2_ws/install/amr_ws/lib/amr_ws
[5.948s] Installing cmdvelsmoothed_to_cmdvel script to /home/intern1/ros2_ws/install/amr_ws/lib/amr_ws
[5.948s] Installing compass script to /home/intern1/ros2_ws/install/amr_ws/lib/amr_ws
[5.948s] Installing hsv_probe_node script to /home/intern1/ros2_ws/install/amr_ws/lib/amr_ws
[5.948s] Installing joystick_to_motor script to /home/intern1/ros2_ws/install/amr_ws/lib/amr_ws
[5.948s] Installing keyboard_listener script to /home/intern1/ros2_ws/install/amr_ws/lib/amr_ws
[5.948s] Installing localization_node script to /home/intern1/ros2_ws/install/amr_ws/lib/amr_ws
[5.948s] Installing orchestrator_node script to /home/intern1/ros2_ws/install/amr_ws/lib/amr_ws
[5.949s] Installing path_logger script to /home/intern1/ros2_ws/install/amr_ws/lib/amr_ws
[5.949s] Installing path_publisher script to /home/intern1/ros2_ws/install/amr_ws/lib/amr_ws
[5.949s] Installing pose_persistence_node script to /home/intern1/ros2_ws/install/amr_ws/lib/amr_ws
[5.949s] Installing rack_websocket_server script to /home/intern1/ros2_ws/install/amr_ws/lib/amr_ws
[5.949s] Installing return_home_node script to /home/intern1/ros2_ws/install/amr_ws/lib/amr_ws
[5.949s] Installing webcam_line_follow script to /home/intern1/ros2_ws/install/amr_ws/lib/amr_ws
[5.949s] writing list of installed files to '/home/intern1/ros2_ws/build/amr_ws/install.log'
[6.003s] Invoked command in '/home/intern1/ros2_ws/src/amr_ws' returned '0': DEBUGINFOD_URLS=https://debuginfod.ubuntu.com PYTHONPATH=/home/intern1/ros2_ws/build/amr_ws/prefix_override:/usr/lib/python3/dist-packages/colcon_core/task/python/colcon_distutils_commands:/home/intern1/ros2_ws/install/amr_ws/lib/python3.12/site-packages:${PYTHONPATH} /usr/bin/python3 -W ignore:setup.py install is deprecated -W ignore:easy_install command is deprecated setup.py egg_info --egg-base ../../build/amr_ws build --build-base /home/intern1/ros2_ws/build/amr_ws/build install --record /home/intern1/ros2_ws/build/amr_ws/install.log --single-version-externally-managed install_data
