[0.178s] Invoking command in '/home/intern1/ros2_ws/build/examples_rclcpp_minimal_timer': CMAKE_PREFIX_PATH=${CMAKE_PREFIX_PATH}:/opt/ros/jazzy DEBUGINFOD_URLS=https://debuginfod.ubuntu.com /usr/bin/cmake /home/intern1/ros2_ws/src/examples/rclcpp/timers/minimal_timer -DCMAKE_INSTALL_PREFIX=/home/intern1/ros2_ws/install/examples_rclcpp_minimal_timer
[1.791s] -- The C compiler identification is GNU 13.3.0
[1.791s] -- The CXX compiler identification is GNU 13.3.0
[1.791s] -- Detecting C compiler ABI info
[1.791s] -- Detecting C compiler ABI info - done
[1.792s] -- Check for working C compiler: /usr/bin/cc - skipped
[1.792s] -- Detecting C compile features
[1.792s] -- Detecting C compile features - done
[1.792s] -- Detecting CXX compiler ABI info
[1.792s] -- Detecting CXX compiler ABI info - done
[1.792s] -- Check for working CXX compiler: /usr/bin/c++ - skipped
[1.792s] -- Detecting CXX compile features
[1.792s] -- Detecting CXX compile features - done
[1.792s] -- Found ament_cmake: 2.5.5 (/opt/ros/jazzy/share/ament_cmake/cmake)
[1.792s] -- Found Python3: /usr/bin/python3 (found version "3.12.3") found components: Interpreter 
[1.792s] -- Found rclcpp: 28.1.16 (/opt/ros/jazzy/share/rclcpp/cmake)
[1.792s] -- Found rosidl_generator_c: 4.6.7 (/opt/ros/jazzy/share/rosidl_generator_c/cmake)
[1.792s] -- Found rosidl_generator_cpp: 4.6.7 (/opt/ros/jazzy/share/rosidl_generator_cpp/cmake)
[1.792s] -- Using all available rosidl_typesupport_c: rosidl_typesupport_fastrtps_c;rosidl_typesupport_introspection_c
[1.793s] -- Using all available rosidl_typesupport_cpp: rosidl_typesupport_fastrtps_cpp;rosidl_typesupport_introspection_cpp
[1.793s] -- Found rmw_implementation_cmake: 7.3.3 (/opt/ros/jazzy/share/rmw_implementation_cmake/cmake)
[1.793s] -- Found rmw_fastrtps_cpp: 8.4.3 (/opt/ros/jazzy/share/rmw_fastrtps_cpp/cmake)
[1.793s] -- Found OpenSSL: /usr/lib/x86_64-linux-gnu/libcrypto.so (found version "3.0.13")  
[1.793s] -- Found FastRTPS: /opt/ros/jazzy/include (Required is at least version "2.13") 
[1.793s] -- Using RMW implementation 'rmw_fastrtps_cpp' as default
[1.793s] -- Found ament_lint_auto: 0.17.4 (/opt/ros/jazzy/share/ament_lint_auto/cmake)
[1.793s] -- Added test 'copyright' to check source files copyright and LICENSE
[1.793s] -- Added test 'cppcheck' to perform static code analysis on C / C++ code
[1.793s] -- Configured cppcheck include dirs: 
[1.793s] -- Configured cppcheck exclude dirs and/or files: 
[1.793s] -- Added test 'cpplint' to check C / C++ code against the Google style
[1.793s] -- Configured cpplint exclude dirs and/or files: 
[1.793s] -- Added test 'lint_cmake' to check CMake code style
[1.793s] -- Added test 'uncrustify' to check C / C++ code style
[1.793s] -- Configured uncrustify additional arguments: 
[1.793s] -- Added test 'xmllint' to check XML markup files
[1.793s] -- Configuring done (1.5s)
[1.793s] -- Generating done (0.0s)
[1.793s] -- Build files have been written to: /home/intern1/ros2_ws/build/examples_rclcpp_minimal_timer
[1.802s] Invoked command in '/home/intern1/ros2_ws/build/examples_rclcpp_minimal_timer' returned '0': CMAKE_PREFIX_PATH=${CMAKE_PREFIX_PATH}:/opt/ros/jazzy DEBUGINFOD_URLS=https://debuginfod.ubuntu.com /usr/bin/cmake /home/intern1/ros2_ws/src/examples/rclcpp/timers/minimal_timer -DCMAKE_INSTALL_PREFIX=/home/intern1/ros2_ws/install/examples_rclcpp_minimal_timer
[1.803s] Invoking command in '/home/intern1/ros2_ws/build/examples_rclcpp_minimal_timer': CMAKE_PREFIX_PATH=${CMAKE_PREFIX_PATH}:/opt/ros/jazzy DEBUGINFOD_URLS=https://debuginfod.ubuntu.com /usr/bin/cmake --build /home/intern1/ros2_ws/build/examples_rclcpp_minimal_timer -- -j14 -l14
[1.883s] [ 25%] [32mBuilding CXX object CMakeFiles/timer_lambda.dir/lambda.cpp.o[0m
[5.951s] [ 50%] [32m[1mLinking CXX executable timer_lambda[0m
[6.270s] [ 50%] Built target timer_lambda
[6.311s] [ 75%] [32mBuilding CXX object CMakeFiles/timer_member_function.dir/member_function.cpp.o[0m
[9.009s] [100%] [32m[1mLinking CXX executable timer_member_function[0m
[9.164s] [100%] Built target timer_member_function
[9.179s] Invoked command in '/home/intern1/ros2_ws/build/examples_rclcpp_minimal_timer' returned '0': CMAKE_PREFIX_PATH=${CMAKE_PREFIX_PATH}:/opt/ros/jazzy DEBUGINFOD_URLS=https://debuginfod.ubuntu.com /usr/bin/cmake --build /home/intern1/ros2_ws/build/examples_rclcpp_minimal_timer -- -j14 -l14
[9.192s] Invoking command in '/home/intern1/ros2_ws/build/examples_rclcpp_minimal_timer': CMAKE_PREFIX_PATH=${CMAKE_PREFIX_PATH}:/opt/ros/jazzy DEBUGINFOD_URLS=https://debuginfod.ubuntu.com /usr/bin/cmake --install /home/intern1/ros2_ws/build/examples_rclcpp_minimal_timer
[9.193s] -- Install configuration: ""
[9.197s] -- Installing: /home/intern1/ros2_ws/install/examples_rclcpp_minimal_timer/lib/examples_rclcpp_minimal_timer/timer_lambda
[9.197s] -- Set non-toolchain portion of runtime path of "/home/intern1/ros2_ws/install/examples_rclcpp_minimal_timer/lib/examples_rclcpp_minimal_timer/timer_lambda" to ""
[9.197s] -- Installing: /home/intern1/ros2_ws/install/examples_rclcpp_minimal_timer/lib/examples_rclcpp_minimal_timer/timer_member_function
[9.197s] -- Set non-toolchain portion of runtime path of "/home/intern1/ros2_ws/install/examples_rclcpp_minimal_timer/lib/examples_rclcpp_minimal_timer/timer_member_function" to ""
[9.197s] -- Installing: /home/intern1/ros2_ws/install/examples_rclcpp_minimal_timer/share/ament_index/resource_index/package_run_dependencies/examples_rclcpp_minimal_timer
[9.197s] -- Installing: /home/intern1/ros2_ws/install/examples_rclcpp_minimal_timer/share/ament_index/resource_index/parent_prefix_path/examples_rclcpp_minimal_timer
[9.197s] -- Installing: /home/intern1/ros2_ws/install/examples_rclcpp_minimal_timer/share/examples_rclcpp_minimal_timer/environment/ament_prefix_path.sh
[9.197s] -- Installing: /home/intern1/ros2_ws/install/examples_rclcpp_minimal_timer/share/examples_rclcpp_minimal_timer/environment/ament_prefix_path.dsv
[9.197s] -- Installing: /home/intern1/ros2_ws/install/examples_rclcpp_minimal_timer/share/examples_rclcpp_minimal_timer/environment/path.sh
[9.197s] -- Installing: /home/intern1/ros2_ws/install/examples_rclcpp_minimal_timer/share/examples_rclcpp_minimal_timer/environment/path.dsv
[9.198s] -- Installing: /home/intern1/ros2_ws/install/examples_rclcpp_minimal_timer/share/examples_rclcpp_minimal_timer/local_setup.bash
[9.198s] -- Installing: /home/intern1/ros2_ws/install/examples_rclcpp_minimal_timer/share/examples_rclcpp_minimal_timer/local_setup.sh
[9.198s] -- Installing: /home/intern1/ros2_ws/install/examples_rclcpp_minimal_timer/share/examples_rclcpp_minimal_timer/local_setup.zsh
[9.198s] -- Installing: /home/intern1/ros2_ws/install/examples_rclcpp_minimal_timer/share/examples_rclcpp_minimal_timer/local_setup.dsv
[9.198s] -- Installing: /home/intern1/ros2_ws/install/examples_rclcpp_minimal_timer/share/examples_rclcpp_minimal_timer/package.dsv
[9.198s] -- Installing: /home/intern1/ros2_ws/install/examples_rclcpp_minimal_timer/share/ament_index/resource_index/packages/examples_rclcpp_minimal_timer
[9.198s] -- Installing: /home/intern1/ros2_ws/install/examples_rclcpp_minimal_timer/share/examples_rclcpp_minimal_timer/cmake/examples_rclcpp_minimal_timerConfig.cmake
[9.198s] -- Installing: /home/intern1/ros2_ws/install/examples_rclcpp_minimal_timer/share/examples_rclcpp_minimal_timer/cmake/examples_rclcpp_minimal_timerConfig-version.cmake
[9.198s] -- Installing: /home/intern1/ros2_ws/install/examples_rclcpp_minimal_timer/share/examples_rclcpp_minimal_timer/package.xml
[9.278s] Invoked command in '/home/intern1/ros2_ws/build/examples_rclcpp_minimal_timer' returned '0': CMAKE_PREFIX_PATH=${CMAKE_PREFIX_PATH}:/opt/ros/jazzy DEBUGINFOD_URLS=https://debuginfod.ubuntu.com /usr/bin/cmake --install /home/intern1/ros2_ws/build/examples_rclcpp_minimal_timer
