[1.559s] Invoking command in '/home/intern1/ros2_ws/om_mvc01': DEBUGINFOD_URLS=https://debuginfod.ubuntu.com PYTHONPATH=/home/intern1/ros2_ws/build/om_mvc01/prefix_override:/usr/lib/python3/dist-packages/colcon_core/task/python/colcon_distutils_commands:/home/intern1/ros2_ws/install/om_mvc01/lib/python3.12/site-packages:${PYTHONPATH} /usr/bin/python3 -W ignore:setup.py install is deprecated -W ignore:easy_install command is deprecated setup.py egg_info --egg-base ../build/om_mvc01 build --build-base /home/intern1/ros2_ws/build/om_mvc01/build install --record /home/intern1/ros2_ws/build/om_mvc01/install.log --single-version-externally-managed install_data
[1.841s] running egg_info
[1.859s] writing ../build/om_mvc01/om_mvc01.egg-info/PKG-INFO
[1.867s] writing dependency_links to ../build/om_mvc01/om_mvc01.egg-info/dependency_links.txt
[1.867s] writing entry points to ../build/om_mvc01/om_mvc01.egg-info/entry_points.txt
[1.868s] writing requirements to ../build/om_mvc01/om_mvc01.egg-info/requires.txt
[1.868s] writing top-level names to ../build/om_mvc01/om_mvc01.egg-info/top_level.txt
[1.908s] reading manifest file '../build/om_mvc01/om_mvc01.egg-info/SOURCES.txt'
[1.913s] writing manifest file '../build/om_mvc01/om_mvc01.egg-info/SOURCES.txt'
[1.913s] running build
[1.914s] running build_py
[1.915s] running install
[1.920s] running install_lib
[1.944s] running install_data
[1.945s] running install_egg_info
[1.966s] removing '/home/intern1/ros2_ws/install/om_mvc01/lib/python3.12/site-packages/om_mvc01-0.0.0-py3.12.egg-info' (and everything under it)
[1.967s] Copying ../build/om_mvc01/om_mvc01.egg-info to /home/intern1/ros2_ws/install/om_mvc01/lib/python3.12/site-packages/om_mvc01-0.0.0-py3.12.egg-info
[1.967s] running install_scripts
[2.114s] Installing om_mvc01_node script to /home/intern1/ros2_ws/install/om_mvc01/lib/om_mvc01
[2.120s] Installing om_mvc01_node2 script to /home/intern1/ros2_ws/install/om_mvc01/lib/om_mvc01
[2.120s] Installing om_mvc01_node3 script to /home/intern1/ros2_ws/install/om_mvc01/lib/om_mvc01
[2.121s] writing list of installed files to '/home/intern1/ros2_ws/build/om_mvc01/install.log'
[2.159s] Invoked command in '/home/intern1/ros2_ws/om_mvc01' returned '0': DEBUGINFOD_URLS=https://debuginfod.ubuntu.com PYTHONPATH=/home/intern1/ros2_ws/build/om_mvc01/prefix_override:/usr/lib/python3/dist-packages/colcon_core/task/python/colcon_distutils_commands:/home/intern1/ros2_ws/install/om_mvc01/lib/python3.12/site-packages:${PYTHONPATH} /usr/bin/python3 -W ignore:setup.py install is deprecated -W ignore:easy_install command is deprecated setup.py egg_info --egg-base ../build/om_mvc01 build --build-base /home/intern1/ros2_ws/build/om_mvc01/build install --record /home/intern1/ros2_ws/build/om_mvc01/install.log --single-version-externally-managed install_data
