-- Found ament_cmake: 2.5.5 (/opt/ros/jazzy/share/ament_cmake/cmake)
-- Found rclcpp: 28.1.16 (/opt/ros/jazzy/share/rclcpp/cmake)
-- Found rosidl_generator_c: 4.6.7 (/opt/ros/jazzy/share/rosidl_generator_c/cmake)
-- Found rosidl_generator_cpp: 4.6.7 (/opt/ros/jazzy/share/rosidl_generator_cpp/cmake)
-- Using all available rosidl_typesupport_c: rosidl_typesupport_fastrtps_c;rosidl_typesupport_introspection_c
-- Using all available rosidl_typesupport_cpp: rosidl_typesupport_fastrtps_cpp;rosidl_typesupport_introspection_cpp
-- Found rmw_implementation_cmake: 7.3.3 (/opt/ros/jazzy/share/rmw_implementation_cmake/cmake)
-- Found rmw_fastrtps_cpp: 8.4.3 (/opt/ros/jazzy/share/rmw_fastrtps_cpp/cmake)
-- Using RMW implementation 'rmw_fastrtps_cpp' as default
-- Found std_msgs: 5.3.6 (/opt/ros/jazzy/share/std_msgs/cmake)
-- Found om_msgs: 2.0.1 (/home/intern1/ros2_ws/install/om_msgs/share/om_msgs/cmake)
-- Found ament_lint_auto: 0.17.4 (/opt/ros/jazzy/share/ament_lint_auto/cmake)
-- Added test 'cppcheck' to perform static code analysis on C / C++ code
-- Configured cppcheck include dirs: /home/intern1/ros2_ws/om_modbus_master/om_modbus_master/include
-- Configured cppcheck exclude dirs and/or files: 
-- Added test 'flake8' to check Python code syntax and style conventions
-- Configured 'flake8' exclude dirs and/or files: 
-- Added test 'lint_cmake' to check CMake code style
-- Added test 'pep257' to check Python code against some of the docstring style conventions in PEP 257
-- Added test 'uncrustify' to check C / C++ code style
-- Configured uncrustify additional arguments: 
-- Added test 'xmllint' to check XML markup files
-- Configuring done (1.3s)
-- Generating done (0.0s)
-- Build files have been written to: /home/intern1/ros2_ws/build/om_modbus_master
[ 25%] [32mBuilding CXX object CMakeFiles/om_modbusRTU_node.dir/src/om_broadcast.cpp.o[0m
[ 25%] [32mBuilding CXX object CMakeFiles/om_modbusRTU_node.dir/src/om_ros_message.cpp.o[0m
[ 37%] [32mBuilding CXX object CMakeFiles/om_modbusRTU_node.dir/src/om_base.cpp.o[0m
[ 50%] [32mBuilding CXX object CMakeFiles/om_modbusRTU_node.dir/src/om_node.cpp.o[0m
[ 62%] [32mBuilding CXX object CMakeFiles/om_modbusRTU_node.dir/src/om_second_gen.cpp.o[0m
[ 75%] [32m[1mLinking CXX executable om_modbusRTU_node[0m
[100%] Built target om_modbusRTU_node
