[2.573s] Invoking command in '/home/intern1/ros2_ws/src/amr_ws': DEBUGINFOD_URLS=https://debuginfod.ubuntu.com PYTHONPATH=/home/intern1/ros2_ws/build/amr_ws/prefix_override:/usr/lib/python3/dist-packages/colcon_core/task/python/colcon_distutils_commands:/home/intern1/ros2_ws/install/amr_ws/lib/python3.12/site-packages:${PYTHONPATH} /usr/bin/python3 -W ignore:setup.py install is deprecated -W ignore:easy_install command is deprecated setup.py egg_info --egg-base ../../build/amr_ws build --build-base /home/intern1/ros2_ws/build/amr_ws/build install --record /home/intern1/ros2_ws/build/amr_ws/install.log --single-version-externally-managed install_data
[2.907s] running egg_info
[2.925s] writing ../../build/amr_ws/amr_ws.egg-info/PKG-INFO
[2.926s] writing dependency_links to ../../build/amr_ws/amr_ws.egg-info/dependency_links.txt
[2.926s] writing entry points to ../../build/amr_ws/amr_ws.egg-info/entry_points.txt
[2.926s] writing requirements to ../../build/amr_ws/amr_ws.egg-info/requires.txt
[2.926s] writing top-level names to ../../build/amr_ws/amr_ws.egg-info/top_level.txt
[2.969s] reading manifest file '../../build/amr_ws/amr_ws.egg-info/SOURCES.txt'
[2.970s] adding license file 'LICENSE'
[2.970s] writing manifest file '../../build/amr_ws/amr_ws.egg-info/SOURCES.txt'
[2.970s] running build
[2.970s] running build_py
[2.971s] running install
[2.977s] running install_lib
[2.999s] running install_data
[2.999s] running install_egg_info
[3.022s] removing '/home/intern1/ros2_ws/install/amr_ws/lib/python3.12/site-packages/amr_ws-0.0.0-py3.12.egg-info' (and everything under it)
[3.022s] Copying ../../build/amr_ws/amr_ws.egg-info to /home/intern1/ros2_ws/install/amr_ws/lib/python3.12/site-packages/amr_ws-0.0.0-py3.12.egg-info
[3.025s] running install_scripts
[3.206s] Installing Automation_and_Lidar script to /home/intern1/ros2_ws/install/amr_ws/lib/amr_ws
[3.206s] Installing Automation_and_Lidar2 script to /home/intern1/ros2_ws/install/amr_ws/lib/amr_ws
[3.206s] Installing Demo_Automation script to /home/intern1/ros2_ws/install/amr_ws/lib/amr_ws
[3.206s] Installing baselink_laser_tf script to /home/intern1/ros2_ws/install/amr_ws/lib/amr_ws
[3.206s] Installing camera_follow script to /home/intern1/ros2_ws/install/amr_ws/lib/amr_ws
[3.206s] Installing compass script to /home/intern1/ros2_ws/install/amr_ws/lib/amr_ws
[3.207s] Installing joystick_to_motor script to /home/intern1/ros2_ws/install/amr_ws/lib/amr_ws
[3.207s] Installing keyboard_listener script to /home/intern1/ros2_ws/install/amr_ws/lib/amr_ws
[3.207s] Installing webcam_line_follow script to /home/intern1/ros2_ws/install/amr_ws/lib/amr_ws
[3.207s] writing list of installed files to '/home/intern1/ros2_ws/build/amr_ws/install.log'
[3.498s] Invoked command in '/home/intern1/ros2_ws/src/amr_ws' returned '0': DEBUGINFOD_URLS=https://debuginfod.ubuntu.com PYTHONPATH=/home/intern1/ros2_ws/build/amr_ws/prefix_override:/usr/lib/python3/dist-packages/colcon_core/task/python/colcon_distutils_commands:/home/intern1/ros2_ws/install/amr_ws/lib/python3.12/site-packages:${PYTHONPATH} /usr/bin/python3 -W ignore:setup.py install is deprecated -W ignore:easy_install command is deprecated setup.py egg_info --egg-base ../../build/amr_ws build --build-base /home/intern1/ros2_ws/build/amr_ws/build install --record /home/intern1/ros2_ws/build/amr_ws/install.log --single-version-externally-managed install_data
