[0.579s] Invoking command in '/home/intern1/ros2_ws/build/turtlesim': CMAKE_PREFIX_PATH=${CMAKE_PREFIX_PATH}:/home/intern1/ros2_ws/install/tb3_multi_robot:/home/intern1/ros2_ws/install/launch_testing_examples:/home/intern1/ros2_ws/install/examples_rclpy_pointcloud_publisher:/home/intern1/ros2_ws/install/examples_rclpy_minimal_subscriber:/home/intern1/ros2_ws/install/examples_rclpy_minimal_service:/home/intern1/ros2_ws/install/examples_rclpy_minimal_publisher:/home/intern1/ros2_ws/install/examples_rclpy_minimal_client:/home/intern1/ros2_ws/install/examples_rclpy_minimal_action_server:/home/intern1/ros2_ws/install/examples_rclpy_minimal_action_client:/home/intern1/ros2_ws/install/examples_rclpy_guard_conditions:/home/intern1/ros2_ws/install/examples_rclpy_executors:/home/intern1/ros2_ws/install/education_material:/home/intern1/ros2_ws/install/camera_follow:/home/intern1/ros2_ws/install/amr_ws:/opt/ros/jazzy DEBUGINFOD_URLS=https://debuginfod.ubuntu.com /usr/bin/cmake --build /home/intern1/ros2_ws/build/turtlesim -- -j14 -l14
[0.723s] [  0%] Built target turtlesim__rosidl_generator_type_description
[0.771s] [  0%] Built target ament_cmake_python_copy_turtlesim
[0.809s] [  1%] Built target turtlesim__cpp
[0.838s] [ 24%] Built target turtlesim__rosidl_generator_c
[1.007s] [ 33%] Built target turtlesim__rosidl_typesupport_cpp
[1.049s] [ 41%] Built target turtlesim__rosidl_typesupport_introspection_cpp
[1.063s] [ 50%] Built target turtlesim__rosidl_typesupport_introspection_c
[1.107s] [ 59%] Built target turtlesim__rosidl_typesupport_c
[1.127s] [ 67%] Built target turtlesim__rosidl_typesupport_fastrtps_c
[1.127s] [ 76%] Built target turtlesim__rosidl_typesupport_fastrtps_cpp
[1.172s] [ 78%] Built target turtle_teleop_key
[1.173s] [ 80%] Built target mimic
[1.182s] [ 81%] Built target draw_square
[1.197s] [ 86%] Built target turtlesim_node
[1.200s] [ 86%] Built target turtlesim
[1.244s] [ 86%] Built target turtlesim__py
[1.308s] [ 94%] Built target turtlesim__rosidl_generator_py
[1.356s] [ 96%] Built target turtlesim_s__rosidl_typesupport_c
[1.360s] [ 98%] Built target turtlesim_s__rosidl_typesupport_fastrtps_c
[1.384s] [100%] Built target turtlesim_s__rosidl_typesupport_introspection_c
[1.419s] running egg_info
[1.456s] writing turtlesim.egg-info/PKG-INFO
[1.456s] writing dependency_links to turtlesim.egg-info/dependency_links.txt
[1.456s] writing top-level names to turtlesim.egg-info/top_level.txt
[1.557s] reading manifest file 'turtlesim.egg-info/SOURCES.txt'
[1.559s] writing manifest file 'turtlesim.egg-info/SOURCES.txt'
[1.614s] [100%] Built target ament_cmake_python_build_turtlesim_egg
[1.651s] Invoked command in '/home/intern1/ros2_ws/build/turtlesim' returned '0': CMAKE_PREFIX_PATH=${CMAKE_PREFIX_PATH}:/home/intern1/ros2_ws/install/tb3_multi_robot:/home/intern1/ros2_ws/install/launch_testing_examples:/home/intern1/ros2_ws/install/examples_rclpy_pointcloud_publisher:/home/intern1/ros2_ws/install/examples_rclpy_minimal_subscriber:/home/intern1/ros2_ws/install/examples_rclpy_minimal_service:/home/intern1/ros2_ws/install/examples_rclpy_minimal_publisher:/home/intern1/ros2_ws/install/examples_rclpy_minimal_client:/home/intern1/ros2_ws/install/examples_rclpy_minimal_action_server:/home/intern1/ros2_ws/install/examples_rclpy_minimal_action_client:/home/intern1/ros2_ws/install/examples_rclpy_guard_conditions:/home/intern1/ros2_ws/install/examples_rclpy_executors:/home/intern1/ros2_ws/install/education_material:/home/intern1/ros2_ws/install/camera_follow:/home/intern1/ros2_ws/install/amr_ws:/opt/ros/jazzy DEBUGINFOD_URLS=https://debuginfod.ubuntu.com /usr/bin/cmake --build /home/intern1/ros2_ws/build/turtlesim -- -j14 -l14
[1.655s] Invoking command in '/home/intern1/ros2_ws/build/turtlesim': CMAKE_PREFIX_PATH=${CMAKE_PREFIX_PATH}:/home/intern1/ros2_ws/install/tb3_multi_robot:/home/intern1/ros2_ws/install/launch_testing_examples:/home/intern1/ros2_ws/install/examples_rclpy_pointcloud_publisher:/home/intern1/ros2_ws/install/examples_rclpy_minimal_subscriber:/home/intern1/ros2_ws/install/examples_rclpy_minimal_service:/home/intern1/ros2_ws/install/examples_rclpy_minimal_publisher:/home/intern1/ros2_ws/install/examples_rclpy_minimal_client:/home/intern1/ros2_ws/install/examples_rclpy_minimal_action_server:/home/intern1/ros2_ws/install/examples_rclpy_minimal_action_client:/home/intern1/ros2_ws/install/examples_rclpy_guard_conditions:/home/intern1/ros2_ws/install/examples_rclpy_executors:/home/intern1/ros2_ws/install/education_material:/home/intern1/ros2_ws/install/camera_follow:/home/intern1/ros2_ws/install/amr_ws:/opt/ros/jazzy DEBUGINFOD_URLS=https://debuginfod.ubuntu.com /usr/bin/cmake --install /home/intern1/ros2_ws/build/turtlesim
[1.691s] -- Install configuration: ""
[1.691s] -- Up-to-date: /home/intern1/ros2_ws/install/turtlesim/share/ament_index/resource_index/rosidl_interfaces/turtlesim
[1.691s] -- Up-to-date: /home/intern1/ros2_ws/install/turtlesim/share/turtlesim/action/RotateAbsolute.json
[1.692s] -- Up-to-date: /home/intern1/ros2_ws/install/turtlesim/share/turtlesim/msg/Color.json
[1.692s] -- Up-to-date: /home/intern1/ros2_ws/install/turtlesim/share/turtlesim/msg/Pose.json
[1.692s] -- Up-to-date: /home/intern1/ros2_ws/install/turtlesim/share/turtlesim/srv/Kill.json
[1.692s] -- Up-to-date: /home/intern1/ros2_ws/install/turtlesim/share/turtlesim/srv/SetPen.json
[1.692s] -- Up-to-date: /home/intern1/ros2_ws/install/turtlesim/share/turtlesim/srv/Spawn.json
[1.693s] -- Up-to-date: /home/intern1/ros2_ws/install/turtlesim/share/turtlesim/srv/TeleportAbsolute.json
[1.693s] -- Up-to-date: /home/intern1/ros2_ws/install/turtlesim/share/turtlesim/srv/TeleportRelative.json
[1.693s] -- Up-to-date: /home/intern1/ros2_ws/install/turtlesim/include/turtlesim/turtlesim
[1.693s] -- Up-to-date: /home/intern1/ros2_ws/install/turtlesim/include/turtlesim/turtlesim/srv
[1.693s] -- Up-to-date: /home/intern1/ros2_ws/install/turtlesim/include/turtlesim/turtlesim/srv/set_pen.h
[1.694s] -- Up-to-date: /home/intern1/ros2_ws/install/turtlesim/include/turtlesim/turtlesim/srv/kill.h
[1.694s] -- Up-to-date: /home/intern1/ros2_ws/install/turtlesim/include/turtlesim/turtlesim/srv/detail
[1.694s] -- Up-to-date: /home/intern1/ros2_ws/install/turtlesim/include/turtlesim/turtlesim/srv/detail/teleport_absolute__functions.c
[1.694s] -- Installing: /home/intern1/ros2_ws/install/turtlesim/include/turtlesim/turtlesim/srv/detail/teleport_absolute__type_support.c
[1.694s] -- Up-to-date: /home/intern1/ros2_ws/install/turtlesim/include/turtlesim/turtlesim/srv/detail/spawn__type_support.h
[1.694s] -- Up-to-date: /home/intern1/ros2_ws/install/turtlesim/include/turtlesim/turtlesim/srv/detail/teleport_relative__functions.h
[1.695s] -- Up-to-date: /home/intern1/ros2_ws/install/turtlesim/include/turtlesim/turtlesim/srv/detail/kill__type_support.h
[1.695s] -- Up-to-date: /home/intern1/ros2_ws/install/turtlesim/include/turtlesim/turtlesim/srv/detail/spawn__struct.h
[1.696s] -- Up-to-date: /home/intern1/ros2_ws/install/turtlesim/include/turtlesim/turtlesim/srv/detail/set_pen__functions.c
[1.696s] -- Up-to-date: /home/intern1/ros2_ws/install/turtlesim/include/turtlesim/turtlesim/srv/detail/spawn__functions.h
[1.696s] -- Installing: /home/intern1/ros2_ws/install/turtlesim/include/turtlesim/turtlesim/srv/detail/set_pen__type_support.c
[1.696s] -- Up-to-date: /home/intern1/ros2_ws/install/turtlesim/include/turtlesim/turtlesim/srv/detail/spawn__functions.c
[1.697s] -- Up-to-date: /home/intern1/ros2_ws/install/turtlesim/include/turtlesim/turtlesim/srv/detail/set_pen__type_support.h
[1.697s] -- Up-to-date: /home/intern1/ros2_ws/install/turtlesim/include/turtlesim/turtlesim/srv/detail/teleport_relative__functions.c
[1.697s] -- Installing: /home/intern1/ros2_ws/install/turtlesim/include/turtlesim/turtlesim/srv/detail/teleport_relative__type_support.c
[1.697s] -- Up-to-date: /home/intern1/ros2_ws/install/turtlesim/include/turtlesim/turtlesim/srv/detail/teleport_relative__struct.h
[1.697s] -- Up-to-date: /home/intern1/ros2_ws/install/turtlesim/include/turtlesim/turtlesim/srv/detail/kill__struct.h
[1.698s] -- Installing: /home/intern1/ros2_ws/install/turtlesim/include/turtlesim/turtlesim/srv/detail/kill__type_support.c
[1.698s] -- Up-to-date: /home/intern1/ros2_ws/install/turtlesim/include/turtlesim/turtlesim/srv/detail/kill__functions.h
[1.698s] -- Up-to-date: /home/intern1/ros2_ws/install/turtlesim/include/turtlesim/turtlesim/srv/detail/teleport_relative__description.c
[1.699s] -- Up-to-date: /home/intern1/ros2_ws/install/turtlesim/include/turtlesim/turtlesim/srv/detail/spawn__description.c
[1.699s] -- Up-to-date: /home/intern1/ros2_ws/install/turtlesim/include/turtlesim/turtlesim/srv/detail/teleport_absolute__struct.h
[1.699s] -- Up-to-date: /home/intern1/ros2_ws/install/turtlesim/include/turtlesim/turtlesim/srv/detail/set_pen__description.c
[1.699s] -- Up-to-date: /home/intern1/ros2_ws/install/turtlesim/include/turtlesim/turtlesim/srv/detail/kill__functions.c
[1.700s] -- Up-to-date: /home/intern1/ros2_ws/install/turtlesim/include/turtlesim/turtlesim/srv/detail/kill__description.c
[1.700s] -- Up-to-date: /home/intern1/ros2_ws/install/turtlesim/include/turtlesim/turtlesim/srv/detail/teleport_absolute__description.c
[1.700s] -- Up-to-date: /home/intern1/ros2_ws/install/turtlesim/include/turtlesim/turtlesim/srv/detail/teleport_absolute__type_support.h
[1.700s] -- Up-to-date: /home/intern1/ros2_ws/install/turtlesim/include/turtlesim/turtlesim/srv/detail/set_pen__functions.h
[1.700s] -- Installing: /home/intern1/ros2_ws/install/turtlesim/include/turtlesim/turtlesim/srv/detail/spawn__type_support.c
[1.700s] -- Up-to-date: /home/intern1/ros2_ws/install/turtlesim/include/turtlesim/turtlesim/srv/detail/teleport_absolute__functions.h
[1.701s] -- Up-to-date: /home/intern1/ros2_ws/install/turtlesim/include/turtlesim/turtlesim/srv/detail/teleport_relative__type_support.h
[1.701s] -- Up-to-date: /home/intern1/ros2_ws/install/turtlesim/include/turtlesim/turtlesim/srv/detail/set_pen__struct.h
[1.701s] -- Up-to-date: /home/intern1/ros2_ws/install/turtlesim/include/turtlesim/turtlesim/srv/teleport_absolute.h
[1.701s] -- Up-to-date: /home/intern1/ros2_ws/install/turtlesim/include/turtlesim/turtlesim/srv/teleport_relative.h
[1.702s] -- Up-to-date: /home/intern1/ros2_ws/install/turtlesim/include/turtlesim/turtlesim/srv/spawn.h
[1.702s] -- Up-to-date: /home/intern1/ros2_ws/install/turtlesim/include/turtlesim/turtlesim/msg
[1.702s] -- Up-to-date: /home/intern1/ros2_ws/install/turtlesim/include/turtlesim/turtlesim/msg/detail
[1.702s] -- Up-to-date: /home/intern1/ros2_ws/install/turtlesim/include/turtlesim/turtlesim/msg/detail/pose__functions.h
[1.702s] -- Up-to-date: /home/intern1/ros2_ws/install/turtlesim/include/turtlesim/turtlesim/msg/detail/color__type_support.h
[1.703s] -- Up-to-date: /home/intern1/ros2_ws/install/turtlesim/include/turtlesim/turtlesim/msg/detail/color__struct.h
[1.703s] -- Up-to-date: /home/intern1/ros2_ws/install/turtlesim/include/turtlesim/turtlesim/msg/detail/pose__functions.c
[1.703s] -- Up-to-date: /home/intern1/ros2_ws/install/turtlesim/include/turtlesim/turtlesim/msg/detail/pose__type_support.h
[1.703s] -- Up-to-date: /home/intern1/ros2_ws/install/turtlesim/include/turtlesim/turtlesim/msg/detail/color__functions.c
[1.703s] -- Installing: /home/intern1/ros2_ws/install/turtlesim/include/turtlesim/turtlesim/msg/detail/color__type_support.c
[1.703s] -- Installing: /home/intern1/ros2_ws/install/turtlesim/include/turtlesim/turtlesim/msg/detail/pose__type_support.c
[1.704s] -- Up-to-date: /home/intern1/ros2_ws/install/turtlesim/include/turtlesim/turtlesim/msg/detail/color__description.c
[1.704s] -- Up-to-date: /home/intern1/ros2_ws/install/turtlesim/include/turtlesim/turtlesim/msg/detail/color__functions.h
[1.704s] -- Up-to-date: /home/intern1/ros2_ws/install/turtlesim/include/turtlesim/turtlesim/msg/detail/pose__description.c
[1.704s] -- Up-to-date: /home/intern1/ros2_ws/install/turtlesim/include/turtlesim/turtlesim/msg/detail/pose__struct.h
[1.704s] -- Up-to-date: /home/intern1/ros2_ws/install/turtlesim/include/turtlesim/turtlesim/msg/color.h
[1.705s] -- Up-to-date: /home/intern1/ros2_ws/install/turtlesim/include/turtlesim/turtlesim/msg/pose.h
[1.705s] -- Up-to-date: /home/intern1/ros2_ws/install/turtlesim/include/turtlesim/turtlesim/msg/rosidl_generator_c__visibility_control.h
[1.705s] -- Up-to-date: /home/intern1/ros2_ws/install/turtlesim/include/turtlesim/turtlesim/action
[1.706s] -- Up-to-date: /home/intern1/ros2_ws/install/turtlesim/include/turtlesim/turtlesim/action/detail
[1.706s] -- Up-to-date: /home/intern1/ros2_ws/install/turtlesim/include/turtlesim/turtlesim/action/detail/rotate_absolute__struct.h
[1.706s] -- Up-to-date: /home/intern1/ros2_ws/install/turtlesim/include/turtlesim/turtlesim/action/detail/rotate_absolute__functions.h
[1.706s] -- Installing: /home/intern1/ros2_ws/install/turtlesim/include/turtlesim/turtlesim/action/detail/rotate_absolute__type_support.c
[1.706s] -- Up-to-date: /home/intern1/ros2_ws/install/turtlesim/include/turtlesim/turtlesim/action/detail/rotate_absolute__functions.c
[1.706s] -- Up-to-date: /home/intern1/ros2_ws/install/turtlesim/include/turtlesim/turtlesim/action/detail/rotate_absolute__type_support.h
[1.707s] -- Up-to-date: /home/intern1/ros2_ws/install/turtlesim/include/turtlesim/turtlesim/action/detail/rotate_absolute__description.c
[1.707s] -- Up-to-date: /home/intern1/ros2_ws/install/turtlesim/include/turtlesim/turtlesim/action/rotate_absolute.h
[1.707s] -- Up-to-date: /home/intern1/ros2_ws/install/turtlesim/share/turtlesim/environment/library_path.sh
[1.707s] -- Up-to-date: /home/intern1/ros2_ws/install/turtlesim/share/turtlesim/environment/library_path.dsv
[1.707s] -- Up-to-date: /home/intern1/ros2_ws/install/turtlesim/lib/libturtlesim__rosidl_generator_c.so
[1.708s] -- Up-to-date: /home/intern1/ros2_ws/install/turtlesim/include/turtlesim/turtlesim
[1.708s] -- Up-to-date: /home/intern1/ros2_ws/install/turtlesim/include/turtlesim/turtlesim/srv
[1.709s] -- Up-to-date: /home/intern1/ros2_ws/install/turtlesim/include/turtlesim/turtlesim/srv/detail
[1.712s] -- Up-to-date: /home/intern1/ros2_ws/install/turtlesim/include/turtlesim/turtlesim/srv/detail/kill__rosidl_typesupport_fastrtps_c.h
[1.712s] -- Up-to-date: /home/intern1/ros2_ws/install/turtlesim/include/turtlesim/turtlesim/srv/detail/spawn__rosidl_typesupport_fastrtps_c.h
[1.712s] -- Up-to-date: /home/intern1/ros2_ws/install/turtlesim/include/turtlesim/turtlesim/srv/detail/teleport_absolute__rosidl_typesupport_fastrtps_c.h
[1.712s] -- Up-to-date: /home/intern1/ros2_ws/install/turtlesim/include/turtlesim/turtlesim/srv/detail/set_pen__rosidl_typesupport_fastrtps_c.h
[1.713s] -- Up-to-date: /home/intern1/ros2_ws/install/turtlesim/include/turtlesim/turtlesim/srv/detail/teleport_relative__rosidl_typesupport_fastrtps_c.h
[1.713s] -- Up-to-date: /home/intern1/ros2_ws/install/turtlesim/include/turtlesim/turtlesim/msg
[1.713s] -- Up-to-date: /home/intern1/ros2_ws/install/turtlesim/include/turtlesim/turtlesim/msg/detail
[1.713s] -- Up-to-date: /home/intern1/ros2_ws/install/turtlesim/include/turtlesim/turtlesim/msg/detail/pose__rosidl_typesupport_fastrtps_c.h
[1.713s] -- Up-to-date: /home/intern1/ros2_ws/install/turtlesim/include/turtlesim/turtlesim/msg/detail/color__rosidl_typesupport_fastrtps_c.h
[1.717s] -- Up-to-date: /home/intern1/ros2_ws/install/turtlesim/include/turtlesim/turtlesim/msg/rosidl_typesupport_fastrtps_c__visibility_control.h
[1.717s] -- Up-to-date: /home/intern1/ros2_ws/install/turtlesim/include/turtlesim/turtlesim/action
[1.717s] -- Up-to-date: /home/intern1/ros2_ws/install/turtlesim/include/turtlesim/turtlesim/action/detail
[1.718s] -- Up-to-date: /home/intern1/ros2_ws/install/turtlesim/include/turtlesim/turtlesim/action/detail/rotate_absolute__rosidl_typesupport_fastrtps_c.h
[1.719s] -- Up-to-date: /home/intern1/ros2_ws/install/turtlesim/lib/libturtlesim__rosidl_typesupport_fastrtps_c.so
[1.719s] -- Up-to-date: /home/intern1/ros2_ws/install/turtlesim/include/turtlesim/turtlesim
[1.719s] -- Up-to-date: /home/intern1/ros2_ws/install/turtlesim/include/turtlesim/turtlesim/srv
[1.719s] -- Up-to-date: /home/intern1/ros2_ws/install/turtlesim/include/turtlesim/turtlesim/srv/teleport_relative.hpp
[1.720s] -- Up-to-date: /home/intern1/ros2_ws/install/turtlesim/include/turtlesim/turtlesim/srv/kill.hpp
[1.720s] -- Up-to-date: /home/intern1/ros2_ws/install/turtlesim/include/turtlesim/turtlesim/srv/teleport_absolute.hpp
[1.720s] -- Up-to-date: /home/intern1/ros2_ws/install/turtlesim/include/turtlesim/turtlesim/srv/detail
[1.720s] -- Up-to-date: /home/intern1/ros2_ws/install/turtlesim/include/turtlesim/turtlesim/srv/detail/kill__struct.hpp
[1.721s] -- Up-to-date: /home/intern1/ros2_ws/install/turtlesim/include/turtlesim/turtlesim/srv/detail/set_pen__builder.hpp
[1.721s] -- Up-to-date: /home/intern1/ros2_ws/install/turtlesim/include/turtlesim/turtlesim/srv/detail/teleport_relative__traits.hpp
[1.722s] -- Up-to-date: /home/intern1/ros2_ws/install/turtlesim/include/turtlesim/turtlesim/srv/detail/teleport_relative__struct.hpp
[1.722s] -- Up-to-date: /home/intern1/ros2_ws/install/turtlesim/include/turtlesim/turtlesim/srv/detail/set_pen__struct.hpp
[1.722s] -- Up-to-date: /home/intern1/ros2_ws/install/turtlesim/include/turtlesim/turtlesim/srv/detail/teleport_relative__type_support.hpp
[1.723s] -- Up-to-date: /home/intern1/ros2_ws/install/turtlesim/include/turtlesim/turtlesim/srv/detail/teleport_absolute__traits.hpp
[1.723s] -- Up-to-date: /home/intern1/ros2_ws/install/turtlesim/include/turtlesim/turtlesim/srv/detail/kill__traits.hpp
[1.723s] -- Up-to-date: /home/intern1/ros2_ws/install/turtlesim/include/turtlesim/turtlesim/srv/detail/kill__builder.hpp
[1.723s] -- Up-to-date: /home/intern1/ros2_ws/install/turtlesim/include/turtlesim/turtlesim/srv/detail/spawn__type_support.hpp
[1.724s] -- Up-to-date: /home/intern1/ros2_ws/install/turtlesim/include/turtlesim/turtlesim/srv/detail/spawn__struct.hpp
[1.724s] -- Up-to-date: /home/intern1/ros2_ws/install/turtlesim/include/turtlesim/turtlesim/srv/detail/set_pen__traits.hpp
[1.724s] -- Up-to-date: /home/intern1/ros2_ws/install/turtlesim/include/turtlesim/turtlesim/srv/detail/teleport_absolute__type_support.hpp
[1.724s] -- Up-to-date: /home/intern1/ros2_ws/install/turtlesim/include/turtlesim/turtlesim/srv/detail/spawn__builder.hpp
[1.726s] -- Up-to-date: /home/intern1/ros2_ws/install/turtlesim/include/turtlesim/turtlesim/srv/detail/set_pen__type_support.hpp
[1.726s] -- Up-to-date: /home/intern1/ros2_ws/install/turtlesim/include/turtlesim/turtlesim/srv/detail/teleport_absolute__builder.hpp
[1.726s] -- Up-to-date: /home/intern1/ros2_ws/install/turtlesim/include/turtlesim/turtlesim/srv/detail/kill__type_support.hpp
[1.727s] -- Up-to-date: /home/intern1/ros2_ws/install/turtlesim/include/turtlesim/turtlesim/srv/detail/teleport_relative__builder.hpp
[1.727s] -- Up-to-date: /home/intern1/ros2_ws/install/turtlesim/include/turtlesim/turtlesim/srv/detail/spawn__traits.hpp
[1.727s] -- Up-to-date: /home/intern1/ros2_ws/install/turtlesim/include/turtlesim/turtlesim/srv/detail/teleport_absolute__struct.hpp
[1.727s] -- Up-to-date: /home/intern1/ros2_ws/install/turtlesim/include/turtlesim/turtlesim/srv/set_pen.hpp
[1.727s] -- Up-to-date: /home/intern1/ros2_ws/install/turtlesim/include/turtlesim/turtlesim/srv/spawn.hpp
[1.727s] -- Up-to-date: /home/intern1/ros2_ws/install/turtlesim/include/turtlesim/turtlesim/msg
[1.728s] -- Up-to-date: /home/intern1/ros2_ws/install/turtlesim/include/turtlesim/turtlesim/msg/detail
[1.728s] -- Up-to-date: /home/intern1/ros2_ws/install/turtlesim/include/turtlesim/turtlesim/msg/detail/pose__struct.hpp
[1.728s] -- Up-to-date: /home/intern1/ros2_ws/install/turtlesim/include/turtlesim/turtlesim/msg/detail/pose__builder.hpp
[1.728s] -- Up-to-date: /home/intern1/ros2_ws/install/turtlesim/include/turtlesim/turtlesim/msg/detail/pose__traits.hpp
[1.728s] -- Up-to-date: /home/intern1/ros2_ws/install/turtlesim/include/turtlesim/turtlesim/msg/detail/color__builder.hpp
[1.728s] -- Up-to-date: /home/intern1/ros2_ws/install/turtlesim/include/turtlesim/turtlesim/msg/detail/color__type_support.hpp
[1.729s] -- Up-to-date: /home/intern1/ros2_ws/install/turtlesim/include/turtlesim/turtlesim/msg/detail/pose__type_support.hpp
[1.729s] -- Up-to-date: /home/intern1/ros2_ws/install/turtlesim/include/turtlesim/turtlesim/msg/detail/color__struct.hpp
[1.729s] -- Up-to-date: /home/intern1/ros2_ws/install/turtlesim/include/turtlesim/turtlesim/msg/detail/color__traits.hpp
[1.729s] -- Up-to-date: /home/intern1/ros2_ws/install/turtlesim/include/turtlesim/turtlesim/msg/color.hpp
[1.729s] -- Up-to-date: /home/intern1/ros2_ws/install/turtlesim/include/turtlesim/turtlesim/msg/rosidl_generator_cpp__visibility_control.hpp
[1.733s] -- Up-to-date: /home/intern1/ros2_ws/install/turtlesim/include/turtlesim/turtlesim/msg/pose.hpp
[1.733s] -- Up-to-date: /home/intern1/ros2_ws/install/turtlesim/include/turtlesim/turtlesim/action
[1.734s] -- Up-to-date: /home/intern1/ros2_ws/install/turtlesim/include/turtlesim/turtlesim/action/detail
[1.734s] -- Up-to-date: /home/intern1/ros2_ws/install/turtlesim/include/turtlesim/turtlesim/action/detail/rotate_absolute__traits.hpp
[1.734s] -- Up-to-date: /home/intern1/ros2_ws/install/turtlesim/include/turtlesim/turtlesim/action/detail/rotate_absolute__builder.hpp
[1.734s] -- Up-to-date: /home/intern1/ros2_ws/install/turtlesim/include/turtlesim/turtlesim/action/detail/rotate_absolute__struct.hpp
[1.735s] -- Up-to-date: /home/intern1/ros2_ws/install/turtlesim/include/turtlesim/turtlesim/action/detail/rotate_absolute__type_support.hpp
[1.735s] -- Up-to-date: /home/intern1/ros2_ws/install/turtlesim/include/turtlesim/turtlesim/action/rotate_absolute.hpp
[1.735s] -- Up-to-date: /home/intern1/ros2_ws/install/turtlesim/include/turtlesim/turtlesim
[1.735s] -- Up-to-date: /home/intern1/ros2_ws/install/turtlesim/include/turtlesim/turtlesim/srv
[1.736s] -- Up-to-date: /home/intern1/ros2_ws/install/turtlesim/include/turtlesim/turtlesim/srv/detail
[1.736s] -- Up-to-date: /home/intern1/ros2_ws/install/turtlesim/include/turtlesim/turtlesim/srv/detail/set_pen__rosidl_typesupport_fastrtps_cpp.hpp
[1.736s] -- Up-to-date: /home/intern1/ros2_ws/install/turtlesim/include/turtlesim/turtlesim/srv/detail/dds_fastrtps
[1.736s] -- Up-to-date: /home/intern1/ros2_ws/install/turtlesim/include/turtlesim/turtlesim/srv/detail/teleport_relative__rosidl_typesupport_fastrtps_cpp.hpp
[1.737s] -- Up-to-date: /home/intern1/ros2_ws/install/turtlesim/include/turtlesim/turtlesim/srv/detail/kill__rosidl_typesupport_fastrtps_cpp.hpp
[1.737s] -- Up-to-date: /home/intern1/ros2_ws/install/turtlesim/include/turtlesim/turtlesim/srv/detail/teleport_absolute__rosidl_typesupport_fastrtps_cpp.hpp
[1.737s] -- Up-to-date: /home/intern1/ros2_ws/install/turtlesim/include/turtlesim/turtlesim/srv/detail/spawn__rosidl_typesupport_fastrtps_cpp.hpp
[1.737s] -- Up-to-date: /home/intern1/ros2_ws/install/turtlesim/include/turtlesim/turtlesim/msg
[1.737s] -- Up-to-date: /home/intern1/ros2_ws/install/turtlesim/include/turtlesim/turtlesim/msg/rosidl_typesupport_fastrtps_cpp__visibility_control.h
[1.738s] -- Up-to-date: /home/intern1/ros2_ws/install/turtlesim/include/turtlesim/turtlesim/msg/detail
[1.738s] -- Up-to-date: /home/intern1/ros2_ws/install/turtlesim/include/turtlesim/turtlesim/msg/detail/dds_fastrtps
[1.738s] -- Up-to-date: /home/intern1/ros2_ws/install/turtlesim/include/turtlesim/turtlesim/msg/detail/pose__rosidl_typesupport_fastrtps_cpp.hpp
[1.738s] -- Up-to-date: /home/intern1/ros2_ws/install/turtlesim/include/turtlesim/turtlesim/msg/detail/color__rosidl_typesupport_fastrtps_cpp.hpp
[1.738s] -- Up-to-date: /home/intern1/ros2_ws/install/turtlesim/include/turtlesim/turtlesim/action
[1.739s] -- Up-to-date: /home/intern1/ros2_ws/install/turtlesim/include/turtlesim/turtlesim/action/detail
[1.739s] -- Up-to-date: /home/intern1/ros2_ws/install/turtlesim/include/turtlesim/turtlesim/action/detail/dds_fastrtps
[1.739s] -- Up-to-date: /home/intern1/ros2_ws/install/turtlesim/include/turtlesim/turtlesim/action/detail/rotate_absolute__rosidl_typesupport_fastrtps_cpp.hpp
[1.739s] -- Up-to-date: /home/intern1/ros2_ws/install/turtlesim/lib/libturtlesim__rosidl_typesupport_fastrtps_cpp.so
[1.739s] -- Up-to-date: /home/intern1/ros2_ws/install/turtlesim/include/turtlesim/turtlesim
[1.740s] -- Up-to-date: /home/intern1/ros2_ws/install/turtlesim/include/turtlesim/turtlesim/srv
[1.740s] -- Up-to-date: /home/intern1/ros2_ws/install/turtlesim/include/turtlesim/turtlesim/srv/detail
[1.740s] -- Up-to-date: /home/intern1/ros2_ws/install/turtlesim/include/turtlesim/turtlesim/srv/detail/teleport_absolute__rosidl_typesupport_introspection_c.h
[1.740s] -- Installing: /home/intern1/ros2_ws/install/turtlesim/include/turtlesim/turtlesim/srv/detail/teleport_absolute__type_support.c
[1.740s] -- Installing: /home/intern1/ros2_ws/install/turtlesim/include/turtlesim/turtlesim/srv/detail/set_pen__type_support.c
[1.741s] -- Up-to-date: /home/intern1/ros2_ws/install/turtlesim/include/turtlesim/turtlesim/srv/detail/spawn__rosidl_typesupport_introspection_c.h
[1.741s] -- Installing: /home/intern1/ros2_ws/install/turtlesim/include/turtlesim/turtlesim/srv/detail/teleport_relative__type_support.c
[1.741s] -- Up-to-date: /home/intern1/ros2_ws/install/turtlesim/include/turtlesim/turtlesim/srv/detail/set_pen__rosidl_typesupport_introspection_c.h
[1.741s] -- Installing: /home/intern1/ros2_ws/install/turtlesim/include/turtlesim/turtlesim/srv/detail/kill__type_support.c
[1.741s] -- Up-to-date: /home/intern1/ros2_ws/install/turtlesim/include/turtlesim/turtlesim/srv/detail/kill__rosidl_typesupport_introspection_c.h
[1.742s] -- Installing: /home/intern1/ros2_ws/install/turtlesim/include/turtlesim/turtlesim/srv/detail/spawn__type_support.c
[1.742s] -- Up-to-date: /home/intern1/ros2_ws/install/turtlesim/include/turtlesim/turtlesim/srv/detail/teleport_relative__rosidl_typesupport_introspection_c.h
[1.742s] -- Up-to-date: /home/intern1/ros2_ws/install/turtlesim/include/turtlesim/turtlesim/msg
[1.743s] -- Up-to-date: /home/intern1/ros2_ws/install/turtlesim/include/turtlesim/turtlesim/msg/rosidl_typesupport_introspection_c__visibility_control.h
[1.743s] -- Up-to-date: /home/intern1/ros2_ws/install/turtlesim/include/turtlesim/turtlesim/msg/detail
[1.743s] -- Up-to-date: /home/intern1/ros2_ws/install/turtlesim/include/turtlesim/turtlesim/msg/detail/pose__rosidl_typesupport_introspection_c.h
[1.743s] -- Installing: /home/intern1/ros2_ws/install/turtlesim/include/turtlesim/turtlesim/msg/detail/color__type_support.c
[1.743s] -- Installing: /home/intern1/ros2_ws/install/turtlesim/include/turtlesim/turtlesim/msg/detail/pose__type_support.c
[1.743s] -- Up-to-date: /home/intern1/ros2_ws/install/turtlesim/include/turtlesim/turtlesim/msg/detail/color__rosidl_typesupport_introspection_c.h
[1.744s] -- Up-to-date: /home/intern1/ros2_ws/install/turtlesim/include/turtlesim/turtlesim/action
[1.744s] -- Up-to-date: /home/intern1/ros2_ws/install/turtlesim/include/turtlesim/turtlesim/action/detail
[1.744s] -- Up-to-date: /home/intern1/ros2_ws/install/turtlesim/include/turtlesim/turtlesim/action/detail/rotate_absolute__rosidl_typesupport_introspection_c.h
[1.744s] -- Installing: /home/intern1/ros2_ws/install/turtlesim/include/turtlesim/turtlesim/action/detail/rotate_absolute__type_support.c
[1.745s] -- Up-to-date: /home/intern1/ros2_ws/install/turtlesim/lib/libturtlesim__rosidl_typesupport_introspection_c.so
[1.745s] -- Up-to-date: /home/intern1/ros2_ws/install/turtlesim/lib/libturtlesim__rosidl_typesupport_c.so
[1.745s] -- Up-to-date: /home/intern1/ros2_ws/install/turtlesim/include/turtlesim/turtlesim
[1.745s] -- Up-to-date: /home/intern1/ros2_ws/install/turtlesim/include/turtlesim/turtlesim/srv
[1.745s] -- Up-to-date: /home/intern1/ros2_ws/install/turtlesim/include/turtlesim/turtlesim/srv/detail
[1.746s] -- Up-to-date: /home/intern1/ros2_ws/install/turtlesim/include/turtlesim/turtlesim/srv/detail/teleport_absolute__rosidl_typesupport_introspection_cpp.hpp
[1.746s] -- Up-to-date: /home/intern1/ros2_ws/install/turtlesim/include/turtlesim/turtlesim/srv/detail/kill__rosidl_typesupport_introspection_cpp.hpp
[1.746s] -- Up-to-date: /home/intern1/ros2_ws/install/turtlesim/include/turtlesim/turtlesim/srv/detail/spawn__type_support.cpp
[1.746s] -- Up-to-date: /home/intern1/ros2_ws/install/turtlesim/include/turtlesim/turtlesim/srv/detail/set_pen__rosidl_typesupport_introspection_cpp.hpp
[1.746s] -- Up-to-date: /home/intern1/ros2_ws/install/turtlesim/include/turtlesim/turtlesim/srv/detail/teleport_relative__rosidl_typesupport_introspection_cpp.hpp
[1.747s] -- Up-to-date: /home/intern1/ros2_ws/install/turtlesim/include/turtlesim/turtlesim/srv/detail/spawn__rosidl_typesupport_introspection_cpp.hpp
[1.747s] -- Up-to-date: /home/intern1/ros2_ws/install/turtlesim/include/turtlesim/turtlesim/srv/detail/teleport_absolute__type_support.cpp
[1.747s] -- Up-to-date: /home/intern1/ros2_ws/install/turtlesim/include/turtlesim/turtlesim/srv/detail/set_pen__type_support.cpp
[1.747s] -- Up-to-date: /home/intern1/ros2_ws/install/turtlesim/include/turtlesim/turtlesim/srv/detail/kill__type_support.cpp
[1.747s] -- Up-to-date: /home/intern1/ros2_ws/install/turtlesim/include/turtlesim/turtlesim/srv/detail/teleport_relative__type_support.cpp
[1.748s] -- Up-to-date: /home/intern1/ros2_ws/install/turtlesim/include/turtlesim/turtlesim/msg
[1.748s] -- Up-to-date: /home/intern1/ros2_ws/install/turtlesim/include/turtlesim/turtlesim/msg/detail
[1.748s] -- Up-to-date: /home/intern1/ros2_ws/install/turtlesim/include/turtlesim/turtlesim/msg/detail/pose__type_support.cpp
[1.748s] -- Up-to-date: /home/intern1/ros2_ws/install/turtlesim/include/turtlesim/turtlesim/msg/detail/color__type_support.cpp
[1.748s] -- Up-to-date: /home/intern1/ros2_ws/install/turtlesim/include/turtlesim/turtlesim/msg/detail/color__rosidl_typesupport_introspection_cpp.hpp
[1.749s] -- Up-to-date: /home/intern1/ros2_ws/install/turtlesim/include/turtlesim/turtlesim/msg/detail/pose__rosidl_typesupport_introspection_cpp.hpp
[1.749s] -- Up-to-date: /home/intern1/ros2_ws/install/turtlesim/include/turtlesim/turtlesim/action
[1.749s] -- Up-to-date: /home/intern1/ros2_ws/install/turtlesim/include/turtlesim/turtlesim/action/detail
[1.749s] -- Up-to-date: /home/intern1/ros2_ws/install/turtlesim/include/turtlesim/turtlesim/action/detail/rotate_absolute__rosidl_typesupport_introspection_cpp.hpp
[1.749s] -- Up-to-date: /home/intern1/ros2_ws/install/turtlesim/include/turtlesim/turtlesim/action/detail/rotate_absolute__type_support.cpp
[1.750s] -- Up-to-date: /home/intern1/ros2_ws/install/turtlesim/lib/libturtlesim__rosidl_typesupport_introspection_cpp.so
[1.750s] -- Up-to-date: /home/intern1/ros2_ws/install/turtlesim/lib/libturtlesim__rosidl_typesupport_cpp.so
[1.750s] -- Up-to-date: /home/intern1/ros2_ws/install/turtlesim/share/turtlesim/environment/pythonpath.sh
[1.750s] -- Up-to-date: /home/intern1/ros2_ws/install/turtlesim/share/turtlesim/environment/pythonpath.dsv
[1.750s] -- Up-to-date: /home/intern1/ros2_ws/install/turtlesim/lib/python3.12/site-packages/turtlesim-1.8.3-py3.12.egg-info
[1.750s] -- Installing: /home/intern1/ros2_ws/install/turtlesim/lib/python3.12/site-packages/turtlesim-1.8.3-py3.12.egg-info/top_level.txt
[1.751s] -- Installing: /home/intern1/ros2_ws/install/turtlesim/lib/python3.12/site-packages/turtlesim-1.8.3-py3.12.egg-info/PKG-INFO
[1.751s] -- Installing: /home/intern1/ros2_ws/install/turtlesim/lib/python3.12/site-packages/turtlesim-1.8.3-py3.12.egg-info/SOURCES.txt
[1.751s] -- Installing: /home/intern1/ros2_ws/install/turtlesim/lib/python3.12/site-packages/turtlesim-1.8.3-py3.12.egg-info/dependency_links.txt
[1.751s] -- Up-to-date: /home/intern1/ros2_ws/install/turtlesim/lib/python3.12/site-packages/turtlesim
[1.751s] -- Up-to-date: /home/intern1/ros2_ws/install/turtlesim/lib/python3.12/site-packages/turtlesim/srv
[1.752s] -- Up-to-date: /home/intern1/ros2_ws/install/turtlesim/lib/python3.12/site-packages/turtlesim/srv/_set_pen.py
[1.752s] -- Up-to-date: /home/intern1/ros2_ws/install/turtlesim/lib/python3.12/site-packages/turtlesim/srv/_teleport_absolute_s.c
[1.752s] -- Up-to-date: /home/intern1/ros2_ws/install/turtlesim/lib/python3.12/site-packages/turtlesim/srv/_set_pen_s.c
[1.752s] -- Up-to-date: /home/intern1/ros2_ws/install/turtlesim/lib/python3.12/site-packages/turtlesim/srv/_teleport_absolute.py
[1.752s] -- Up-to-date: /home/intern1/ros2_ws/install/turtlesim/lib/python3.12/site-packages/turtlesim/srv/_teleport_relative.py
[1.752s] -- Up-to-date: /home/intern1/ros2_ws/install/turtlesim/lib/python3.12/site-packages/turtlesim/srv/__init__.py
[1.753s] -- Up-to-date: /home/intern1/ros2_ws/install/turtlesim/lib/python3.12/site-packages/turtlesim/srv/_kill.py
[1.753s] -- Up-to-date: /home/intern1/ros2_ws/install/turtlesim/lib/python3.12/site-packages/turtlesim/srv/_kill_s.c
[1.753s] -- Up-to-date: /home/intern1/ros2_ws/install/turtlesim/lib/python3.12/site-packages/turtlesim/srv/_spawn_s.c
[1.753s] -- Up-to-date: /home/intern1/ros2_ws/install/turtlesim/lib/python3.12/site-packages/turtlesim/srv/_spawn.py
[1.753s] -- Up-to-date: /home/intern1/ros2_ws/install/turtlesim/lib/python3.12/site-packages/turtlesim/srv/_teleport_relative_s.c
[1.754s] -- Up-to-date: /home/intern1/ros2_ws/install/turtlesim/lib/python3.12/site-packages/turtlesim/_turtlesim_s.ep.rosidl_typesupport_fastrtps_c.c
[1.754s] -- Up-to-date: /home/intern1/ros2_ws/install/turtlesim/lib/python3.12/site-packages/turtlesim/msg
[1.754s] -- Up-to-date: /home/intern1/ros2_ws/install/turtlesim/lib/python3.12/site-packages/turtlesim/msg/_color_s.c
[1.754s] -- Up-to-date: /home/intern1/ros2_ws/install/turtlesim/lib/python3.12/site-packages/turtlesim/msg/_pose.py
[1.754s] -- Up-to-date: /home/intern1/ros2_ws/install/turtlesim/lib/python3.12/site-packages/turtlesim/msg/_pose_s.c
[1.754s] -- Up-to-date: /home/intern1/ros2_ws/install/turtlesim/lib/python3.12/site-packages/turtlesim/msg/__init__.py
[1.755s] -- Up-to-date: /home/intern1/ros2_ws/install/turtlesim/lib/python3.12/site-packages/turtlesim/msg/_color.py
[1.755s] -- Up-to-date: /home/intern1/ros2_ws/install/turtlesim/lib/python3.12/site-packages/turtlesim/turtlesim_s__rosidl_typesupport_introspection_c.so
[1.755s] -- Up-to-date: /home/intern1/ros2_ws/install/turtlesim/lib/python3.12/site-packages/turtlesim/_turtlesim_s.ep.rosidl_typesupport_c.c
[1.755s] -- Up-to-date: /home/intern1/ros2_ws/install/turtlesim/lib/python3.12/site-packages/turtlesim/action
[1.755s] -- Up-to-date: /home/intern1/ros2_ws/install/turtlesim/lib/python3.12/site-packages/turtlesim/action/_rotate_absolute.py
[1.756s] -- Up-to-date: /home/intern1/ros2_ws/install/turtlesim/lib/python3.12/site-packages/turtlesim/action/__init__.py
[1.756s] -- Up-to-date: /home/intern1/ros2_ws/install/turtlesim/lib/python3.12/site-packages/turtlesim/action/_rotate_absolute_s.c
[1.756s] -- Up-to-date: /home/intern1/ros2_ws/install/turtlesim/lib/python3.12/site-packages/turtlesim/turtlesim_s__rosidl_typesupport_fastrtps_c.so
[1.756s] -- Up-to-date: /home/intern1/ros2_ws/install/turtlesim/lib/python3.12/site-packages/turtlesim/_turtlesim_s.ep.rosidl_typesupport_introspection_c.c
[1.756s] -- Up-to-date: /home/intern1/ros2_ws/install/turtlesim/lib/python3.12/site-packages/turtlesim/__init__.py
[1.756s] -- Up-to-date: /home/intern1/ros2_ws/install/turtlesim/lib/python3.12/site-packages/turtlesim/turtlesim_s__rosidl_typesupport_c.so
[1.877s] Listing '/home/intern1/ros2_ws/install/turtlesim/lib/python3.12/site-packages/turtlesim'...
[1.877s] Listing '/home/intern1/ros2_ws/install/turtlesim/lib/python3.12/site-packages/turtlesim/action'...
[1.877s] Listing '/home/intern1/ros2_ws/install/turtlesim/lib/python3.12/site-packages/turtlesim/msg'...
[1.877s] Listing '/home/intern1/ros2_ws/install/turtlesim/lib/python3.12/site-packages/turtlesim/srv'...
[1.913s] -- Up-to-date: /home/intern1/ros2_ws/install/turtlesim/lib/python3.12/site-packages/turtlesim/turtlesim_s__rosidl_typesupport_fastrtps_c.so
[1.913s] -- Up-to-date: /home/intern1/ros2_ws/install/turtlesim/lib/python3.12/site-packages/turtlesim/turtlesim_s__rosidl_typesupport_introspection_c.so
[1.914s] -- Up-to-date: /home/intern1/ros2_ws/install/turtlesim/lib/python3.12/site-packages/turtlesim/turtlesim_s__rosidl_typesupport_c.so
[1.915s] -- Up-to-date: /home/intern1/ros2_ws/install/turtlesim/lib/libturtlesim__rosidl_generator_py.so
[1.915s] -- Up-to-date: /home/intern1/ros2_ws/install/turtlesim/share/turtlesim/action/RotateAbsolute.idl
[1.916s] -- Up-to-date: /home/intern1/ros2_ws/install/turtlesim/share/turtlesim/msg/Color.idl
[1.916s] -- Up-to-date: /home/intern1/ros2_ws/install/turtlesim/share/turtlesim/msg/Pose.idl
[1.916s] -- Up-to-date: /home/intern1/ros2_ws/install/turtlesim/share/turtlesim/srv/Kill.idl
[1.916s] -- Up-to-date: /home/intern1/ros2_ws/install/turtlesim/share/turtlesim/srv/SetPen.idl
[1.917s] -- Up-to-date: /home/intern1/ros2_ws/install/turtlesim/share/turtlesim/srv/Spawn.idl
[1.917s] -- Up-to-date: /home/intern1/ros2_ws/install/turtlesim/share/turtlesim/srv/TeleportAbsolute.idl
[1.917s] -- Up-to-date: /home/intern1/ros2_ws/install/turtlesim/share/turtlesim/srv/TeleportRelative.idl
[1.917s] -- Up-to-date: /home/intern1/ros2_ws/install/turtlesim/share/turtlesim/action/RotateAbsolute.action
[1.918s] -- Up-to-date: /home/intern1/ros2_ws/install/turtlesim/share/turtlesim/msg/Color.msg
[1.918s] -- Up-to-date: /home/intern1/ros2_ws/install/turtlesim/share/turtlesim/msg/Pose.msg
[1.919s] -- Up-to-date: /home/intern1/ros2_ws/install/turtlesim/share/turtlesim/srv/Kill.srv
[1.919s] -- Up-to-date: /home/intern1/ros2_ws/install/turtlesim/share/turtlesim/srv/SetPen.srv
[1.919s] -- Up-to-date: /home/intern1/ros2_ws/install/turtlesim/share/turtlesim/srv/Spawn.srv
[1.919s] -- Up-to-date: /home/intern1/ros2_ws/install/turtlesim/share/turtlesim/srv/TeleportAbsolute.srv
[1.920s] -- Up-to-date: /home/intern1/ros2_ws/install/turtlesim/share/turtlesim/srv/TeleportRelative.srv
[1.921s] -- Up-to-date: /home/intern1/ros2_ws/install/turtlesim/lib/turtlesim/turtlesim_node
[1.925s] -- Up-to-date: /home/intern1/ros2_ws/install/turtlesim/lib/turtlesim/turtle_teleop_key
[1.926s] -- Up-to-date: /home/intern1/ros2_ws/install/turtlesim/lib/turtlesim/draw_square
[1.926s] -- Up-to-date: /home/intern1/ros2_ws/install/turtlesim/lib/turtlesim/mimic
[1.927s] -- Up-to-date: /home/intern1/ros2_ws/install/turtlesim/share/turtlesim/images
[1.927s] -- Up-to-date: /home/intern1/ros2_ws/install/turtlesim/share/turtlesim/images/iron.png
[1.928s] -- Up-to-date: /home/intern1/ros2_ws/install/turtlesim/share/turtlesim/images/jazzy.png
[1.928s] -- Up-to-date: /home/intern1/ros2_ws/install/turtlesim/share/turtlesim/images/dashing.png
[1.929s] -- Up-to-date: /home/intern1/ros2_ws/install/turtlesim/share/turtlesim/images/galactic.png
[1.929s] -- Up-to-date: /home/intern1/ros2_ws/install/turtlesim/share/turtlesim/images/ardent.png
[1.929s] -- Up-to-date: /home/intern1/ros2_ws/install/turtlesim/share/turtlesim/images/eloquent.png
[1.932s] -- Up-to-date: /home/intern1/ros2_ws/install/turtlesim/share/turtlesim/images/crystal.png
[1.932s] -- Up-to-date: /home/intern1/ros2_ws/install/turtlesim/share/turtlesim/images/foxy.png
[1.932s] -- Up-to-date: /home/intern1/ros2_ws/install/turtlesim/share/turtlesim/images/rolling.png
[1.933s] -- Up-to-date: /home/intern1/ros2_ws/install/turtlesim/share/turtlesim/images/bouncy.png
[1.934s] -- Up-to-date: /home/intern1/ros2_ws/install/turtlesim/share/turtlesim/images/humble.png
[1.935s] -- Up-to-date: /home/intern1/ros2_ws/install/turtlesim/share/turtlesim/launch
[1.935s] -- Up-to-date: /home/intern1/ros2_ws/install/turtlesim/share/turtlesim/launch/multisim.launch.py
[1.935s] -- Up-to-date: /home/intern1/ros2_ws/install/turtlesim/share/ament_index/resource_index/package_run_dependencies/turtlesim
[1.935s] -- Up-to-date: /home/intern1/ros2_ws/install/turtlesim/share/ament_index/resource_index/parent_prefix_path/turtlesim
[1.935s] -- Up-to-date: /home/intern1/ros2_ws/install/turtlesim/share/turtlesim/environment/ament_prefix_path.sh
[1.935s] -- Up-to-date: /home/intern1/ros2_ws/install/turtlesim/share/turtlesim/environment/ament_prefix_path.dsv
[1.936s] -- Up-to-date: /home/intern1/ros2_ws/install/turtlesim/share/turtlesim/environment/path.sh
[1.936s] -- Up-to-date: /home/intern1/ros2_ws/install/turtlesim/share/turtlesim/environment/path.dsv
[1.936s] -- Up-to-date: /home/intern1/ros2_ws/install/turtlesim/share/turtlesim/local_setup.bash
[1.936s] -- Up-to-date: /home/intern1/ros2_ws/install/turtlesim/share/turtlesim/local_setup.sh
[1.936s] -- Up-to-date: /home/intern1/ros2_ws/install/turtlesim/share/turtlesim/local_setup.zsh
[1.936s] -- Up-to-date: /home/intern1/ros2_ws/install/turtlesim/share/turtlesim/local_setup.dsv
[1.937s] -- Installing: /home/intern1/ros2_ws/install/turtlesim/share/turtlesim/package.dsv
[1.937s] -- Up-to-date: /home/intern1/ros2_ws/install/turtlesim/share/ament_index/resource_index/packages/turtlesim
[1.938s] -- Up-to-date: /home/intern1/ros2_ws/install/turtlesim/share/turtlesim/cmake/export_turtlesim__rosidl_generator_cExport.cmake
[1.938s] -- Up-to-date: /home/intern1/ros2_ws/install/turtlesim/share/turtlesim/cmake/export_turtlesim__rosidl_generator_cExport-noconfig.cmake
[1.938s] -- Up-to-date: /home/intern1/ros2_ws/install/turtlesim/share/turtlesim/cmake/export_turtlesim__rosidl_typesupport_fastrtps_cExport.cmake
[1.938s] -- Up-to-date: /home/intern1/ros2_ws/install/turtlesim/share/turtlesim/cmake/export_turtlesim__rosidl_typesupport_fastrtps_cExport-noconfig.cmake
[1.938s] -- Up-to-date: /home/intern1/ros2_ws/install/turtlesim/share/turtlesim/cmake/export_turtlesim__rosidl_generator_cppExport.cmake
[1.939s] -- Up-to-date: /home/intern1/ros2_ws/install/turtlesim/share/turtlesim/cmake/export_turtlesim__rosidl_typesupport_fastrtps_cppExport.cmake
[1.939s] -- Up-to-date: /home/intern1/ros2_ws/install/turtlesim/share/turtlesim/cmake/export_turtlesim__rosidl_typesupport_fastrtps_cppExport-noconfig.cmake
[1.939s] -- Up-to-date: /home/intern1/ros2_ws/install/turtlesim/share/turtlesim/cmake/turtlesim__rosidl_typesupport_introspection_cExport.cmake
[1.940s] -- Up-to-date: /home/intern1/ros2_ws/install/turtlesim/share/turtlesim/cmake/turtlesim__rosidl_typesupport_introspection_cExport-noconfig.cmake
[1.941s] -- Up-to-date: /home/intern1/ros2_ws/install/turtlesim/share/turtlesim/cmake/turtlesim__rosidl_typesupport_cExport.cmake
[1.944s] -- Up-to-date: /home/intern1/ros2_ws/install/turtlesim/share/turtlesim/cmake/turtlesim__rosidl_typesupport_cExport-noconfig.cmake
[1.945s] -- Up-to-date: /home/intern1/ros2_ws/install/turtlesim/share/turtlesim/cmake/turtlesim__rosidl_typesupport_introspection_cppExport.cmake
[1.945s] -- Up-to-date: /home/intern1/ros2_ws/install/turtlesim/share/turtlesim/cmake/turtlesim__rosidl_typesupport_introspection_cppExport-noconfig.cmake
[1.945s] -- Up-to-date: /home/intern1/ros2_ws/install/turtlesim/share/turtlesim/cmake/turtlesim__rosidl_typesupport_cppExport.cmake
[1.946s] -- Up-to-date: /home/intern1/ros2_ws/install/turtlesim/share/turtlesim/cmake/turtlesim__rosidl_typesupport_cppExport-noconfig.cmake
[1.946s] -- Up-to-date: /home/intern1/ros2_ws/install/turtlesim/share/turtlesim/cmake/export_turtlesim__rosidl_generator_pyExport.cmake
[1.946s] -- Up-to-date: /home/intern1/ros2_ws/install/turtlesim/share/turtlesim/cmake/export_turtlesim__rosidl_generator_pyExport-noconfig.cmake
[1.946s] -- Up-to-date: /home/intern1/ros2_ws/install/turtlesim/share/turtlesim/cmake/rosidl_cmake-extras.cmake
[1.947s] -- Up-to-date: /home/intern1/ros2_ws/install/turtlesim/share/turtlesim/cmake/ament_cmake_export_dependencies-extras.cmake
[1.948s] -- Up-to-date: /home/intern1/ros2_ws/install/turtlesim/share/turtlesim/cmake/ament_cmake_export_include_directories-extras.cmake
[1.948s] -- Up-to-date: /home/intern1/ros2_ws/install/turtlesim/share/turtlesim/cmake/ament_cmake_export_libraries-extras.cmake
[1.949s] -- Up-to-date: /home/intern1/ros2_ws/install/turtlesim/share/turtlesim/cmake/ament_cmake_export_targets-extras.cmake
[1.949s] -- Up-to-date: /home/intern1/ros2_ws/install/turtlesim/share/turtlesim/cmake/rosidl_cmake_export_typesupport_targets-extras.cmake
[1.950s] -- Up-to-date: /home/intern1/ros2_ws/install/turtlesim/share/turtlesim/cmake/rosidl_cmake_export_typesupport_libraries-extras.cmake
[1.951s] -- Up-to-date: /home/intern1/ros2_ws/install/turtlesim/share/turtlesim/cmake/turtlesimConfig.cmake
[1.952s] -- Up-to-date: /home/intern1/ros2_ws/install/turtlesim/share/turtlesim/cmake/turtlesimConfig-version.cmake
[1.952s] -- Up-to-date: /home/intern1/ros2_ws/install/turtlesim/share/turtlesim/package.xml
[1.952s] Invoked command in '/home/intern1/ros2_ws/build/turtlesim' returned '0': CMAKE_PREFIX_PATH=${CMAKE_PREFIX_PATH}:/home/intern1/ros2_ws/install/tb3_multi_robot:/home/intern1/ros2_ws/install/launch_testing_examples:/home/intern1/ros2_ws/install/examples_rclpy_pointcloud_publisher:/home/intern1/ros2_ws/install/examples_rclpy_minimal_subscriber:/home/intern1/ros2_ws/install/examples_rclpy_minimal_service:/home/intern1/ros2_ws/install/examples_rclpy_minimal_publisher:/home/intern1/ros2_ws/install/examples_rclpy_minimal_client:/home/intern1/ros2_ws/install/examples_rclpy_minimal_action_server:/home/intern1/ros2_ws/install/examples_rclpy_minimal_action_client:/home/intern1/ros2_ws/install/examples_rclpy_guard_conditions:/home/intern1/ros2_ws/install/examples_rclpy_executors:/home/intern1/ros2_ws/install/education_material:/home/intern1/ros2_ws/install/camera_follow:/home/intern1/ros2_ws/install/amr_ws:/opt/ros/jazzy DEBUGINFOD_URLS=https://debuginfod.ubuntu.com /usr/bin/cmake --install /home/intern1/ros2_ws/build/turtlesim
