[3.359s] Invoking command in '/home/intern1/ros2_ws/src/education_material': DEBUGINFOD_URLS=https://debuginfod.ubuntu.com PYTHONPATH=/home/intern1/ros2_ws/build/education_material/prefix_override:/usr/lib/python3/dist-packages/colcon_core/task/python/colcon_distutils_commands:/home/intern1/ros2_ws/install/education_material/lib/python3.12/site-packages:${PYTHONPATH} /usr/bin/python3 -W ignore:setup.py install is deprecated -W ignore:easy_install command is deprecated setup.py egg_info --egg-base ../../build/education_material build --build-base /home/intern1/ros2_ws/build/education_material/build install --record /home/intern1/ros2_ws/build/education_material/install.log --single-version-externally-managed install_data
[5.922s] running egg_info
[5.923s] creating ../../build/education_material/education_material.egg-info
[5.923s] writing ../../build/education_material/education_material.egg-info/PKG-INFO
[5.923s] writing dependency_links to ../../build/education_material/education_material.egg-info/dependency_links.txt
[5.923s] writing entry points to ../../build/education_material/education_material.egg-info/entry_points.txt
[5.923s] writing requirements to ../../build/education_material/education_material.egg-info/requires.txt
[5.923s] writing top-level names to ../../build/education_material/education_material.egg-info/top_level.txt
[5.923s] writing manifest file '../../build/education_material/education_material.egg-info/SOURCES.txt'
[5.923s] reading manifest file '../../build/education_material/education_material.egg-info/SOURCES.txt'
[5.923s] adding license file 'LICENSE'
[5.924s] writing manifest file '../../build/education_material/education_material.egg-info/SOURCES.txt'
[5.924s] running build
[5.924s] running build_py
[5.924s] creating /home/intern1/ros2_ws/build/education_material/build
[5.924s] creating /home/intern1/ros2_ws/build/education_material/build/lib
[5.924s] creating /home/intern1/ros2_ws/build/education_material/build/lib/education_material
[5.924s] copying education_material/int_pub.py -> /home/intern1/ros2_ws/build/education_material/build/lib/education_material
[5.924s] copying education_material/int_sub.py -> /home/intern1/ros2_ws/build/education_material/build/lib/education_material
[5.924s] copying education_material/string_sub.py -> /home/intern1/ros2_ws/build/education_material/build/lib/education_material
[5.924s] copying education_material/__init__.py -> /home/intern1/ros2_ws/build/education_material/build/lib/education_material
[5.925s] copying education_material/string_pub.py -> /home/intern1/ros2_ws/build/education_material/build/lib/education_material
[5.925s] copying education_material/keypressed_calculator.py -> /home/intern1/ros2_ws/build/education_material/build/lib/education_material
[5.925s] copying education_material/evenodd_checker.py -> /home/intern1/ros2_ws/build/education_material/build/lib/education_material
[5.925s] copying education_material/keypressed_talker.py -> /home/intern1/ros2_ws/build/education_material/build/lib/education_material
[5.925s] copying education_material/keypressed_to_cmdvel.py -> /home/intern1/ros2_ws/build/education_material/build/lib/education_material
[5.925s] running install
[5.925s] running install_lib
[5.926s] creating /home/intern1/ros2_ws/install/education_material/lib/python3.12/site-packages/education_material
[5.926s] copying /home/intern1/ros2_ws/build/education_material/build/lib/education_material/int_pub.py -> /home/intern1/ros2_ws/install/education_material/lib/python3.12/site-packages/education_material
[5.926s] copying /home/intern1/ros2_ws/build/education_material/build/lib/education_material/int_sub.py -> /home/intern1/ros2_ws/install/education_material/lib/python3.12/site-packages/education_material
[5.926s] copying /home/intern1/ros2_ws/build/education_material/build/lib/education_material/string_sub.py -> /home/intern1/ros2_ws/install/education_material/lib/python3.12/site-packages/education_material
[5.926s] copying /home/intern1/ros2_ws/build/education_material/build/lib/education_material/__init__.py -> /home/intern1/ros2_ws/install/education_material/lib/python3.12/site-packages/education_material
[5.926s] copying /home/intern1/ros2_ws/build/education_material/build/lib/education_material/string_pub.py -> /home/intern1/ros2_ws/install/education_material/lib/python3.12/site-packages/education_material
[5.926s] copying /home/intern1/ros2_ws/build/education_material/build/lib/education_material/keypressed_calculator.py -> /home/intern1/ros2_ws/install/education_material/lib/python3.12/site-packages/education_material
[5.926s] copying /home/intern1/ros2_ws/build/education_material/build/lib/education_material/evenodd_checker.py -> /home/intern1/ros2_ws/install/education_material/lib/python3.12/site-packages/education_material
[5.926s] copying /home/intern1/ros2_ws/build/education_material/build/lib/education_material/keypressed_talker.py -> /home/intern1/ros2_ws/install/education_material/lib/python3.12/site-packages/education_material
[5.927s] copying /home/intern1/ros2_ws/build/education_material/build/lib/education_material/keypressed_to_cmdvel.py -> /home/intern1/ros2_ws/install/education_material/lib/python3.12/site-packages/education_material
[5.927s] byte-compiling /home/intern1/ros2_ws/install/education_material/lib/python3.12/site-packages/education_material/int_pub.py to int_pub.cpython-312.pyc
[5.927s] byte-compiling /home/intern1/ros2_ws/install/education_material/lib/python3.12/site-packages/education_material/int_sub.py to int_sub.cpython-312.pyc
[5.927s] byte-compiling /home/intern1/ros2_ws/install/education_material/lib/python3.12/site-packages/education_material/string_sub.py to string_sub.cpython-312.pyc
[5.928s] byte-compiling /home/intern1/ros2_ws/install/education_material/lib/python3.12/site-packages/education_material/__init__.py to __init__.cpython-312.pyc
[5.933s] byte-compiling /home/intern1/ros2_ws/install/education_material/lib/python3.12/site-packages/education_material/string_pub.py to string_pub.cpython-312.pyc
[5.933s] byte-compiling /home/intern1/ros2_ws/install/education_material/lib/python3.12/site-packages/education_material/keypressed_calculator.py to keypressed_calculator.cpython-312.pyc
[5.933s] byte-compiling /home/intern1/ros2_ws/install/education_material/lib/python3.12/site-packages/education_material/evenodd_checker.py to evenodd_checker.cpython-312.pyc
[5.934s] byte-compiling /home/intern1/ros2_ws/install/education_material/lib/python3.12/site-packages/education_material/keypressed_talker.py to keypressed_talker.cpython-312.pyc
[5.934s] byte-compiling /home/intern1/ros2_ws/install/education_material/lib/python3.12/site-packages/education_material/keypressed_to_cmdvel.py to keypressed_to_cmdvel.cpython-312.pyc
[5.934s] running install_data
[5.934s] creating /home/intern1/ros2_ws/install/education_material/share/ament_index
[5.938s] creating /home/intern1/ros2_ws/install/education_material/share/ament_index/resource_index
[5.938s] creating /home/intern1/ros2_ws/install/education_material/share/ament_index/resource_index/packages
[5.938s] copying resource/education_material -> /home/intern1/ros2_ws/install/education_material/share/ament_index/resource_index/packages
[5.943s] copying package.xml -> /home/intern1/ros2_ws/install/education_material/share/education_material
[5.943s] running install_egg_info
[5.943s] Copying ../../build/education_material/education_material.egg-info to /home/intern1/ros2_ws/install/education_material/lib/python3.12/site-packages/education_material-0.0.0-py3.12.egg-info
[5.944s] running install_scripts
[5.944s] Installing evenodd_checker script to /home/intern1/ros2_ws/install/education_material/lib/education_material
[5.945s] Installing int_pub script to /home/intern1/ros2_ws/install/education_material/lib/education_material
[5.945s] Installing int_sub script to /home/intern1/ros2_ws/install/education_material/lib/education_material
[5.946s] Installing keypressed_calculator script to /home/intern1/ros2_ws/install/education_material/lib/education_material
[5.946s] Installing keypressed_talker script to /home/intern1/ros2_ws/install/education_material/lib/education_material
[5.946s] Installing keypressed_to_cmdvel script to /home/intern1/ros2_ws/install/education_material/lib/education_material
[5.946s] Installing string_pub script to /home/intern1/ros2_ws/install/education_material/lib/education_material
[5.948s] Installing string_sub script to /home/intern1/ros2_ws/install/education_material/lib/education_material
[5.949s] writing list of installed files to '/home/intern1/ros2_ws/build/education_material/install.log'
[5.981s] Invoked command in '/home/intern1/ros2_ws/src/education_material' returned '0': DEBUGINFOD_URLS=https://debuginfod.ubuntu.com PYTHONPATH=/home/intern1/ros2_ws/build/education_material/prefix_override:/usr/lib/python3/dist-packages/colcon_core/task/python/colcon_distutils_commands:/home/intern1/ros2_ws/install/education_material/lib/python3.12/site-packages:${PYTHONPATH} /usr/bin/python3 -W ignore:setup.py install is deprecated -W ignore:easy_install command is deprecated setup.py egg_info --egg-base ../../build/education_material build --build-base /home/intern1/ros2_ws/build/education_material/build install --record /home/intern1/ros2_ws/build/education_material/install.log --single-version-externally-managed install_data
