[2.310s] Invoking command in '/home/intern1/ros2_ws/src/education_material': DEBUGINFOD_URLS=https://debuginfod.ubuntu.com PYTHONPATH=/home/intern1/ros2_ws/build/education_material/prefix_override:/usr/lib/python3/dist-packages/colcon_core/task/python/colcon_distutils_commands:/home/intern1/ros2_ws/install/education_material/lib/python3.12/site-packages:${PYTHONPATH} /usr/bin/python3 -W ignore:setup.py install is deprecated -W ignore:easy_install command is deprecated setup.py egg_info --egg-base ../../build/education_material build --build-base /home/intern1/ros2_ws/build/education_material/build install --record /home/intern1/ros2_ws/build/education_material/install.log --single-version-externally-managed install_data
[2.611s] running egg_info
[2.635s] writing ../../build/education_material/education_material.egg-info/PKG-INFO
[2.635s] writing dependency_links to ../../build/education_material/education_material.egg-info/dependency_links.txt
[2.635s] writing entry points to ../../build/education_material/education_material.egg-info/entry_points.txt
[2.635s] writing requirements to ../../build/education_material/education_material.egg-info/requires.txt
[2.635s] writing top-level names to ../../build/education_material/education_material.egg-info/top_level.txt
[2.676s] reading manifest file '../../build/education_material/education_material.egg-info/SOURCES.txt'
[2.676s] adding license file 'LICENSE'
[2.676s] writing manifest file '../../build/education_material/education_material.egg-info/SOURCES.txt'
[2.677s] running build
[2.677s] running build_py
[2.677s] copying education_material/keypressed_to_cmdvel.py -> /home/intern1/ros2_ws/build/education_material/build/lib/education_material
[2.678s] running install
[2.683s] running install_lib
[2.704s] copying /home/intern1/ros2_ws/build/education_material/build/lib/education_material/keypressed_to_cmdvel.py -> /home/intern1/ros2_ws/install/education_material/lib/python3.12/site-packages/education_material
[2.705s] byte-compiling /home/intern1/ros2_ws/install/education_material/lib/python3.12/site-packages/education_material/keypressed_to_cmdvel.py to keypressed_to_cmdvel.cpython-312.pyc
[2.707s] running install_data
[2.707s] running install_egg_info
[2.730s] removing '/home/intern1/ros2_ws/install/education_material/lib/python3.12/site-packages/education_material-0.0.0-py3.12.egg-info' (and everything under it)
[2.730s] Copying ../../build/education_material/education_material.egg-info to /home/intern1/ros2_ws/install/education_material/lib/python3.12/site-packages/education_material-0.0.0-py3.12.egg-info
[2.731s] running install_scripts
[2.879s] Installing evenodd_checker script to /home/intern1/ros2_ws/install/education_material/lib/education_material
[2.879s] Installing int_pub script to /home/intern1/ros2_ws/install/education_material/lib/education_material
[2.880s] Installing int_sub script to /home/intern1/ros2_ws/install/education_material/lib/education_material
[2.880s] Installing keypressed_calculator script to /home/intern1/ros2_ws/install/education_material/lib/education_material
[2.880s] Installing keypressed_talker script to /home/intern1/ros2_ws/install/education_material/lib/education_material
[2.880s] Installing keypressed_to_cmdvel script to /home/intern1/ros2_ws/install/education_material/lib/education_material
[2.881s] Installing string_pub script to /home/intern1/ros2_ws/install/education_material/lib/education_material
[2.881s] Installing string_sub script to /home/intern1/ros2_ws/install/education_material/lib/education_material
[2.881s] writing list of installed files to '/home/intern1/ros2_ws/build/education_material/install.log'
[3.526s] Invoked command in '/home/intern1/ros2_ws/src/education_material' returned '0': DEBUGINFOD_URLS=https://debuginfod.ubuntu.com PYTHONPATH=/home/intern1/ros2_ws/build/education_material/prefix_override:/usr/lib/python3/dist-packages/colcon_core/task/python/colcon_distutils_commands:/home/intern1/ros2_ws/install/education_material/lib/python3.12/site-packages:${PYTHONPATH} /usr/bin/python3 -W ignore:setup.py install is deprecated -W ignore:easy_install command is deprecated setup.py egg_info --egg-base ../../build/education_material build --build-base /home/intern1/ros2_ws/build/education_material/build install --record /home/intern1/ros2_ws/build/education_material/install.log --single-version-externally-managed install_data
