[2.681s] Invoking command in '/home/intern1/ros2_ws/src/amr_ws': DEBUGINFOD_URLS=https://debuginfod.ubuntu.com PYTHONPATH=/home/intern1/ros2_ws/build/amr_ws/prefix_override:/usr/lib/python3/dist-packages/colcon_core/task/python/colcon_distutils_commands:/home/intern1/ros2_ws/install/amr_ws/lib/python3.12/site-packages:${PYTHONPATH} /usr/bin/python3 -W ignore:setup.py install is deprecated -W ignore:easy_install command is deprecated setup.py egg_info --egg-base ../../build/amr_ws build --build-base /home/intern1/ros2_ws/build/amr_ws/build install --record /home/intern1/ros2_ws/build/amr_ws/install.log --single-version-externally-managed install_data
[2.974s] running egg_info
[2.996s] writing ../../build/amr_ws/amr_ws.egg-info/PKG-INFO
[2.997s] writing dependency_links to ../../build/amr_ws/amr_ws.egg-info/dependency_links.txt
[2.997s] writing entry points to ../../build/amr_ws/amr_ws.egg-info/entry_points.txt
[2.997s] writing requirements to ../../build/amr_ws/amr_ws.egg-info/requires.txt
[2.997s] writing top-level names to ../../build/amr_ws/amr_ws.egg-info/top_level.txt
[3.046s] reading manifest file '../../build/amr_ws/amr_ws.egg-info/SOURCES.txt'
[3.049s] adding license file 'LICENSE'
[3.049s] writing manifest file '../../build/amr_ws/amr_ws.egg-info/SOURCES.txt'
[3.049s] running build
[3.049s] running build_py
[3.050s] copying amr_ws/rack_websocket_server.py -> /home/intern1/ros2_ws/build/amr_ws/build/lib/amr_ws
[3.050s] copying amr_ws/webcam_line_follow.py -> /home/intern1/ros2_ws/build/amr_ws/build/lib/amr_ws
[3.051s] running install
[3.056s] running install_lib
[3.082s] copying /home/intern1/ros2_ws/build/amr_ws/build/lib/amr_ws/rack_websocket_server.py -> /home/intern1/ros2_ws/install/amr_ws/lib/python3.12/site-packages/amr_ws
[3.083s] copying /home/intern1/ros2_ws/build/amr_ws/build/lib/amr_ws/webcam_line_follow.py -> /home/intern1/ros2_ws/install/amr_ws/lib/python3.12/site-packages/amr_ws
[3.086s] byte-compiling /home/intern1/ros2_ws/install/amr_ws/lib/python3.12/site-packages/amr_ws/rack_websocket_server.py to rack_websocket_server.cpython-312.pyc
[3.088s] byte-compiling /home/intern1/ros2_ws/install/amr_ws/lib/python3.12/site-packages/amr_ws/webcam_line_follow.py to webcam_line_follow.cpython-312.pyc
[3.099s] running install_data
[3.104s] running install_egg_info
[3.131s] removing '/home/intern1/ros2_ws/install/amr_ws/lib/python3.12/site-packages/amr_ws-0.0.0-py3.12.egg-info' (and everything under it)
[3.131s] Copying ../../build/amr_ws/amr_ws.egg-info to /home/intern1/ros2_ws/install/amr_ws/lib/python3.12/site-packages/amr_ws-0.0.0-py3.12.egg-info
[3.134s] running install_scripts
[3.275s] Installing Automation_and_Lidar script to /home/intern1/ros2_ws/install/amr_ws/lib/amr_ws
[3.276s] Installing Automation_and_Lidar2 script to /home/intern1/ros2_ws/install/amr_ws/lib/amr_ws
[3.276s] Installing Demo_Automation script to /home/intern1/ros2_ws/install/amr_ws/lib/amr_ws
[3.279s] Installing agv_audio_node script to /home/intern1/ros2_ws/install/amr_ws/lib/amr_ws
[3.280s] Installing baselink_laser_tf script to /home/intern1/ros2_ws/install/amr_ws/lib/amr_ws
[3.280s] Installing camera_follow script to /home/intern1/ros2_ws/install/amr_ws/lib/amr_ws
[3.280s] Installing cmdvelsmoothed_to_cmdvel script to /home/intern1/ros2_ws/install/amr_ws/lib/amr_ws
[3.280s] Installing compass script to /home/intern1/ros2_ws/install/amr_ws/lib/amr_ws
[3.281s] Installing hsv_probe_node script to /home/intern1/ros2_ws/install/amr_ws/lib/amr_ws
[3.281s] Installing joystick_to_motor script to /home/intern1/ros2_ws/install/amr_ws/lib/amr_ws
[3.281s] Installing keyboard_listener script to /home/intern1/ros2_ws/install/amr_ws/lib/amr_ws
[3.281s] Installing localization_node script to /home/intern1/ros2_ws/install/amr_ws/lib/amr_ws
[3.281s] Installing orchestrator_node script to /home/intern1/ros2_ws/install/amr_ws/lib/amr_ws
[3.281s] Installing path_logger script to /home/intern1/ros2_ws/install/amr_ws/lib/amr_ws
[3.281s] Installing path_publisher script to /home/intern1/ros2_ws/install/amr_ws/lib/amr_ws
[3.281s] Installing pose_persistence_node script to /home/intern1/ros2_ws/install/amr_ws/lib/amr_ws
[3.281s] Installing rack_websocket_server script to /home/intern1/ros2_ws/install/amr_ws/lib/amr_ws
[3.281s] Installing return_home_node script to /home/intern1/ros2_ws/install/amr_ws/lib/amr_ws
[3.281s] Installing webcam_line_follow script to /home/intern1/ros2_ws/install/amr_ws/lib/amr_ws
[3.281s] writing list of installed files to '/home/intern1/ros2_ws/build/amr_ws/install.log'
[3.552s] Invoked command in '/home/intern1/ros2_ws/src/amr_ws' returned '0': DEBUGINFOD_URLS=https://debuginfod.ubuntu.com PYTHONPATH=/home/intern1/ros2_ws/build/amr_ws/prefix_override:/usr/lib/python3/dist-packages/colcon_core/task/python/colcon_distutils_commands:/home/intern1/ros2_ws/install/amr_ws/lib/python3.12/site-packages:${PYTHONPATH} /usr/bin/python3 -W ignore:setup.py install is deprecated -W ignore:easy_install command is deprecated setup.py egg_info --egg-base ../../build/amr_ws build --build-base /home/intern1/ros2_ws/build/amr_ws/build install --record /home/intern1/ros2_ws/build/amr_ws/install.log --single-version-externally-managed install_data
