[0.985s] Invoking command in '/home/intern1/ros2_ws/src/tb3_multi_robot': DEBUGINFOD_URLS=https://debuginfod.ubuntu.com PYTHONPATH=/home/intern1/ros2_ws/build/tb3_multi_robot/prefix_override:/usr/lib/python3/dist-packages/colcon_core/task/python/colcon_distutils_commands:/home/intern1/ros2_ws/install/tb3_multi_robot/lib/python3.12/site-packages:${PYTHONPATH} /usr/bin/python3 -W ignore:setup.py install is deprecated -W ignore:easy_install command is deprecated setup.py egg_info --egg-base ../../build/tb3_multi_robot build --build-base /home/intern1/ros2_ws/build/tb3_multi_robot/build install --record /home/intern1/ros2_ws/build/tb3_multi_robot/install.log --single-version-externally-managed install_data
[1.172s] running egg_info
[1.184s] writing ../../build/tb3_multi_robot/tb3_multi_robot.egg-info/PKG-INFO
[1.186s] writing dependency_links to ../../build/tb3_multi_robot/tb3_multi_robot.egg-info/dependency_links.txt
[1.186s] writing entry points to ../../build/tb3_multi_robot/tb3_multi_robot.egg-info/entry_points.txt
[1.186s] writing requirements to ../../build/tb3_multi_robot/tb3_multi_robot.egg-info/requires.txt
[1.187s] writing top-level names to ../../build/tb3_multi_robot/tb3_multi_robot.egg-info/top_level.txt
[1.211s] reading manifest file '../../build/tb3_multi_robot/tb3_multi_robot.egg-info/SOURCES.txt'
[1.212s] writing manifest file '../../build/tb3_multi_robot/tb3_multi_robot.egg-info/SOURCES.txt'
[1.212s] running build
[1.212s] running build_py
[1.213s] running install
[1.216s] running install_lib
[1.230s] running install_data
[1.231s] running install_egg_info
[1.245s] removing '/home/intern1/ros2_ws/install/tb3_multi_robot/lib/python3.12/site-packages/tb3_multi_robot-1.0.0-py3.12.egg-info' (and everything under it)
[1.245s] Copying ../../build/tb3_multi_robot/tb3_multi_robot.egg-info to /home/intern1/ros2_ws/install/tb3_multi_robot/lib/python3.12/site-packages/tb3_multi_robot-1.0.0-py3.12.egg-info
[1.246s] running install_scripts
[1.331s] Installing turtlebot3_drive script to /home/intern1/ros2_ws/install/tb3_multi_robot/bin
[1.331s] writing list of installed files to '/home/intern1/ros2_ws/build/tb3_multi_robot/install.log'
[1.359s] Invoked command in '/home/intern1/ros2_ws/src/tb3_multi_robot' returned '0': DEBUGINFOD_URLS=https://debuginfod.ubuntu.com PYTHONPATH=/home/intern1/ros2_ws/build/tb3_multi_robot/prefix_override:/usr/lib/python3/dist-packages/colcon_core/task/python/colcon_distutils_commands:/home/intern1/ros2_ws/install/tb3_multi_robot/lib/python3.12/site-packages:${PYTHONPATH} /usr/bin/python3 -W ignore:setup.py install is deprecated -W ignore:easy_install command is deprecated setup.py egg_info --egg-base ../../build/tb3_multi_robot build --build-base /home/intern1/ros2_ws/build/tb3_multi_robot/build install --record /home/intern1/ros2_ws/build/tb3_multi_robot/install.log --single-version-externally-managed install_data
