[2.278s] Invoking command in '/home/intern1/ros2_ws/build/rplidar_ros': CMAKE_PREFIX_PATH=${CMAKE_PREFIX_PATH}:/home/intern1/ros2_ws/install/launch_testing_examples:/home/intern1/ros2_ws/install/examples_rclpy_pointcloud_publisher:/home/intern1/ros2_ws/install/examples_rclpy_minimal_subscriber:/home/intern1/ros2_ws/install/examples_rclpy_minimal_service:/home/intern1/ros2_ws/install/examples_rclpy_minimal_publisher:/home/intern1/ros2_ws/install/examples_rclpy_minimal_client:/home/intern1/ros2_ws/install/examples_rclpy_minimal_action_server:/home/intern1/ros2_ws/install/examples_rclpy_minimal_action_client:/home/intern1/ros2_ws/install/examples_rclpy_guard_conditions:/home/intern1/ros2_ws/install/examples_rclpy_executors:/home/intern1/ros2_ws/install/camera_follow:/home/intern1/ros2_ws/install/amr_ws:/opt/ros/jazzy DEBUGINFOD_URLS=https://debuginfod.ubuntu.com /usr/bin/cmake --build /home/intern1/ros2_ws/build/rplidar_ros -- -j14 -l14
[2.486s] [ 47%] Built target rplidar_composition
[2.490s] [ 52%] Built target rplidar_client
[2.496s] [100%] Built target rplidar_node
[2.524s] Invoked command in '/home/intern1/ros2_ws/build/rplidar_ros' returned '0': CMAKE_PREFIX_PATH=${CMAKE_PREFIX_PATH}:/home/intern1/ros2_ws/install/launch_testing_examples:/home/intern1/ros2_ws/install/examples_rclpy_pointcloud_publisher:/home/intern1/ros2_ws/install/examples_rclpy_minimal_subscriber:/home/intern1/ros2_ws/install/examples_rclpy_minimal_service:/home/intern1/ros2_ws/install/examples_rclpy_minimal_publisher:/home/intern1/ros2_ws/install/examples_rclpy_minimal_client:/home/intern1/ros2_ws/install/examples_rclpy_minimal_action_server:/home/intern1/ros2_ws/install/examples_rclpy_minimal_action_client:/home/intern1/ros2_ws/install/examples_rclpy_guard_conditions:/home/intern1/ros2_ws/install/examples_rclpy_executors:/home/intern1/ros2_ws/install/camera_follow:/home/intern1/ros2_ws/install/amr_ws:/opt/ros/jazzy DEBUGINFOD_URLS=https://debuginfod.ubuntu.com /usr/bin/cmake --build /home/intern1/ros2_ws/build/rplidar_ros -- -j14 -l14
[2.532s] Invoking command in '/home/intern1/ros2_ws/build/rplidar_ros': CMAKE_PREFIX_PATH=${CMAKE_PREFIX_PATH}:/home/intern1/ros2_ws/install/launch_testing_examples:/home/intern1/ros2_ws/install/examples_rclpy_pointcloud_publisher:/home/intern1/ros2_ws/install/examples_rclpy_minimal_subscriber:/home/intern1/ros2_ws/install/examples_rclpy_minimal_service:/home/intern1/ros2_ws/install/examples_rclpy_minimal_publisher:/home/intern1/ros2_ws/install/examples_rclpy_minimal_client:/home/intern1/ros2_ws/install/examples_rclpy_minimal_action_server:/home/intern1/ros2_ws/install/examples_rclpy_minimal_action_client:/home/intern1/ros2_ws/install/examples_rclpy_guard_conditions:/home/intern1/ros2_ws/install/examples_rclpy_executors:/home/intern1/ros2_ws/install/camera_follow:/home/intern1/ros2_ws/install/amr_ws:/opt/ros/jazzy DEBUGINFOD_URLS=https://debuginfod.ubuntu.com /usr/bin/cmake --install /home/intern1/ros2_ws/build/rplidar_ros
[2.560s] -- Install configuration: ""
[2.561s] -- Up-to-date: /home/intern1/ros2_ws/install/rplidar_ros/share/rplidar_ros/launch
[2.562s] -- Up-to-date: /home/intern1/ros2_ws/install/rplidar_ros/share/rplidar_ros/launch/rplidar_a3_launch.py
[2.562s] -- Up-to-date: /home/intern1/ros2_ws/install/rplidar_ros/share/rplidar_ros/launch/view_rplidar_a3_launch.py
[2.562s] -- Up-to-date: /home/intern1/ros2_ws/install/rplidar_ros/share/rplidar_ros/launch/view_rplidar_s1_tcp_launch.py
[2.562s] -- Up-to-date: /home/intern1/ros2_ws/install/rplidar_ros/share/rplidar_ros/launch/view_rplidar_s2_launch.py
[2.562s] -- Up-to-date: /home/intern1/ros2_ws/install/rplidar_ros/share/rplidar_ros/launch/rplidar_s1_tcp_launch.py
[2.562s] -- Up-to-date: /home/intern1/ros2_ws/install/rplidar_ros/share/rplidar_ros/launch/rplidar_s3_launch.py
[2.563s] -- Up-to-date: /home/intern1/ros2_ws/install/rplidar_ros/share/rplidar_ros/launch/view_rplidar_c1_launch.py
[2.563s] -- Up-to-date: /home/intern1/ros2_ws/install/rplidar_ros/share/rplidar_ros/launch/rplidar_a2m7_launch.py
[2.563s] -- Up-to-date: /home/intern1/ros2_ws/install/rplidar_ros/share/rplidar_ros/launch/rplidar_t1_launch.py
[2.563s] -- Up-to-date: /home/intern1/ros2_ws/install/rplidar_ros/share/rplidar_ros/launch/view_rplidar_a1_launch.py
[2.563s] -- Up-to-date: /home/intern1/ros2_ws/install/rplidar_ros/share/rplidar_ros/launch/rplidar_c1_launch.py
[2.563s] -- Up-to-date: /home/intern1/ros2_ws/install/rplidar_ros/share/rplidar_ros/launch/view_rplidar_a2m7_launch.py
[2.563s] -- Up-to-date: /home/intern1/ros2_ws/install/rplidar_ros/share/rplidar_ros/launch/rplidar_s2e_launch.py
[2.564s] -- Up-to-date: /home/intern1/ros2_ws/install/rplidar_ros/share/rplidar_ros/launch/rplidar_s2_launch.py
[2.564s] -- Up-to-date: /home/intern1/ros2_ws/install/rplidar_ros/share/rplidar_ros/launch/view_rplidar_s3_launch.py
[2.564s] -- Up-to-date: /home/intern1/ros2_ws/install/rplidar_ros/share/rplidar_ros/launch/view_rplidar_s2e_launch.py
[2.564s] -- Up-to-date: /home/intern1/ros2_ws/install/rplidar_ros/share/rplidar_ros/launch/view_rplidar_a2m12_launch.py
[2.564s] -- Up-to-date: /home/intern1/ros2_ws/install/rplidar_ros/share/rplidar_ros/launch/view_rplidar_t1_launch.py
[2.564s] -- Up-to-date: /home/intern1/ros2_ws/install/rplidar_ros/share/rplidar_ros/launch/rplidar_a2m12_launch.py
[2.565s] -- Up-to-date: /home/intern1/ros2_ws/install/rplidar_ros/share/rplidar_ros/launch/view_rplidar_s1_launch.py
[2.565s] -- Up-to-date: /home/intern1/ros2_ws/install/rplidar_ros/share/rplidar_ros/launch/rplidar_s1_launch.py
[2.567s] -- Up-to-date: /home/intern1/ros2_ws/install/rplidar_ros/share/rplidar_ros/launch/rplidar_a2m8_launch.py
[2.567s] -- Up-to-date: /home/intern1/ros2_ws/install/rplidar_ros/share/rplidar_ros/launch/rplidar_a1_launch.py
[2.567s] -- Up-to-date: /home/intern1/ros2_ws/install/rplidar_ros/share/rplidar_ros/launch/view_rplidar_a2m8_launch.py
[2.567s] -- Up-to-date: /home/intern1/ros2_ws/install/rplidar_ros/share/rplidar_ros/rviz
[2.567s] -- Up-to-date: /home/intern1/ros2_ws/install/rplidar_ros/share/rplidar_ros/rviz/rplidar_ros.rviz
[2.568s] -- Up-to-date: /home/intern1/ros2_ws/install/rplidar_ros/lib/rplidar_ros/rplidar_node
[2.568s] -- Up-to-date: /home/intern1/ros2_ws/install/rplidar_ros/lib/rplidar_ros/rplidar_composition
[2.568s] -- Up-to-date: /home/intern1/ros2_ws/install/rplidar_ros/lib/rplidar_ros/rplidar_client
[2.568s] -- Up-to-date: /home/intern1/ros2_ws/install/rplidar_ros/share/ament_index/resource_index/package_run_dependencies/rplidar_ros
[2.568s] -- Up-to-date: /home/intern1/ros2_ws/install/rplidar_ros/share/ament_index/resource_index/parent_prefix_path/rplidar_ros
[2.568s] -- Up-to-date: /home/intern1/ros2_ws/install/rplidar_ros/share/rplidar_ros/environment/ament_prefix_path.sh
[2.568s] -- Up-to-date: /home/intern1/ros2_ws/install/rplidar_ros/share/rplidar_ros/environment/ament_prefix_path.dsv
[2.569s] -- Up-to-date: /home/intern1/ros2_ws/install/rplidar_ros/share/rplidar_ros/environment/path.sh
[2.569s] -- Up-to-date: /home/intern1/ros2_ws/install/rplidar_ros/share/rplidar_ros/environment/path.dsv
[2.569s] -- Up-to-date: /home/intern1/ros2_ws/install/rplidar_ros/share/rplidar_ros/local_setup.bash
[2.569s] -- Up-to-date: /home/intern1/ros2_ws/install/rplidar_ros/share/rplidar_ros/local_setup.sh
[2.569s] -- Up-to-date: /home/intern1/ros2_ws/install/rplidar_ros/share/rplidar_ros/local_setup.zsh
[2.569s] -- Up-to-date: /home/intern1/ros2_ws/install/rplidar_ros/share/rplidar_ros/local_setup.dsv
[2.570s] -- Installing: /home/intern1/ros2_ws/install/rplidar_ros/share/rplidar_ros/package.dsv
[2.570s] -- Up-to-date: /home/intern1/ros2_ws/install/rplidar_ros/share/ament_index/resource_index/packages/rplidar_ros
[2.570s] -- Up-to-date: /home/intern1/ros2_ws/install/rplidar_ros/share/rplidar_ros/cmake/ament_cmake_export_dependencies-extras.cmake
[2.573s] -- Up-to-date: /home/intern1/ros2_ws/install/rplidar_ros/share/rplidar_ros/cmake/ament_cmake_export_include_directories-extras.cmake
[2.573s] -- Up-to-date: /home/intern1/ros2_ws/install/rplidar_ros/share/rplidar_ros/cmake/rplidar_rosConfig.cmake
[2.574s] -- Up-to-date: /home/intern1/ros2_ws/install/rplidar_ros/share/rplidar_ros/cmake/rplidar_rosConfig-version.cmake
[2.574s] -- Up-to-date: /home/intern1/ros2_ws/install/rplidar_ros/share/rplidar_ros/package.xml
[2.602s] Invoked command in '/home/intern1/ros2_ws/build/rplidar_ros' returned '0': CMAKE_PREFIX_PATH=${CMAKE_PREFIX_PATH}:/home/intern1/ros2_ws/install/launch_testing_examples:/home/intern1/ros2_ws/install/examples_rclpy_pointcloud_publisher:/home/intern1/ros2_ws/install/examples_rclpy_minimal_subscriber:/home/intern1/ros2_ws/install/examples_rclpy_minimal_service:/home/intern1/ros2_ws/install/examples_rclpy_minimal_publisher:/home/intern1/ros2_ws/install/examples_rclpy_minimal_client:/home/intern1/ros2_ws/install/examples_rclpy_minimal_action_server:/home/intern1/ros2_ws/install/examples_rclpy_minimal_action_client:/home/intern1/ros2_ws/install/examples_rclpy_guard_conditions:/home/intern1/ros2_ws/install/examples_rclpy_executors:/home/intern1/ros2_ws/install/camera_follow:/home/intern1/ros2_ws/install/amr_ws:/opt/ros/jazzy DEBUGINFOD_URLS=https://debuginfod.ubuntu.com /usr/bin/cmake --install /home/intern1/ros2_ws/build/rplidar_ros
