[2.492s] Invoking command in '/home/intern1/ros2_ws/build/amr_ws': DEBUGINFOD_URLS=https://debuginfod.ubuntu.com PYTHONPATH=/home/intern1/ros2_ws/build/amr_ws/prefix_override:/usr/lib/python3/dist-packages/colcon_core/task/python/colcon_distutils_commands:/home/intern1/ros2_ws/install/amr_ws/lib/python3.12/site-packages:${PYTHONPATH} /usr/bin/python3 -W ignore:setup.py install is deprecated -W ignore:easy_install command is deprecated setup.py develop --uninstall --editable --build-directory /home/intern1/ros2_ws/build/amr_ws/build
[3.586s] running develop
[3.957s] Removing /home/intern1/ros2_ws/install/amr_ws/lib/python3.12/site-packages/amr-ws.egg-link (link to .)
[4.429s] Invoked command in '/home/intern1/ros2_ws/build/amr_ws' returned '0': DEBUGINFOD_URLS=https://debuginfod.ubuntu.com PYTHONPATH=/home/intern1/ros2_ws/build/amr_ws/prefix_override:/usr/lib/python3/dist-packages/colcon_core/task/python/colcon_distutils_commands:/home/intern1/ros2_ws/install/amr_ws/lib/python3.12/site-packages:${PYTHONPATH} /usr/bin/python3 -W ignore:setup.py install is deprecated -W ignore:easy_install command is deprecated setup.py develop --uninstall --editable --build-directory /home/intern1/ros2_ws/build/amr_ws/build
[4.430s] Invoking command in '/home/intern1/ros2_ws/src/amr_ws': DEBUGINFOD_URLS=https://debuginfod.ubuntu.com PYTHONPATH=/home/intern1/ros2_ws/build/amr_ws/prefix_override:/usr/lib/python3/dist-packages/colcon_core/task/python/colcon_distutils_commands:/home/intern1/ros2_ws/install/amr_ws/lib/python3.12/site-packages:${PYTHONPATH} /usr/bin/python3 -W ignore:setup.py install is deprecated -W ignore:easy_install command is deprecated setup.py egg_info --egg-base ../../build/amr_ws build --build-base /home/intern1/ros2_ws/build/amr_ws/build install --record /home/intern1/ros2_ws/build/amr_ws/install.log --single-version-externally-managed install_data --force
[4.845s] running egg_info
[4.876s] writing ../../build/amr_ws/amr_ws.egg-info/PKG-INFO
[4.877s] writing dependency_links to ../../build/amr_ws/amr_ws.egg-info/dependency_links.txt
[4.877s] writing entry points to ../../build/amr_ws/amr_ws.egg-info/entry_points.txt
[4.878s] writing requirements to ../../build/amr_ws/amr_ws.egg-info/requires.txt
[4.878s] writing top-level names to ../../build/amr_ws/amr_ws.egg-info/top_level.txt
[4.940s] reading manifest file '../../build/amr_ws/amr_ws.egg-info/SOURCES.txt'
[4.941s] adding license file 'LICENSE'
[4.942s] writing manifest file '../../build/amr_ws/amr_ws.egg-info/SOURCES.txt'
[4.942s] running build
[4.942s] running build_py
[4.942s] creating /home/intern1/ros2_ws/build/amr_ws/build
[4.942s] creating /home/intern1/ros2_ws/build/amr_ws/build/lib
[4.943s] creating /home/intern1/ros2_ws/build/amr_ws/build/lib/amr_ws
[4.943s] copying amr_ws/Automation_and_Lidar2.py -> /home/intern1/ros2_ws/build/amr_ws/build/lib/amr_ws
[4.943s] copying amr_ws/path_logger.py -> /home/intern1/ros2_ws/build/amr_ws/build/lib/amr_ws
[4.943s] copying amr_ws/cmdvelsmoothed_to_cmdvel.py -> /home/intern1/ros2_ws/build/amr_ws/build/lib/amr_ws
[4.943s] copying amr_ws/Demo_Automation.py -> /home/intern1/ros2_ws/build/amr_ws/build/lib/amr_ws
[4.943s] copying amr_ws/camera_follow.py -> /home/intern1/ros2_ws/build/amr_ws/build/lib/amr_ws
[4.943s] copying amr_ws/keyboard_listener.py -> /home/intern1/ros2_ws/build/amr_ws/build/lib/amr_ws
[4.943s] copying amr_ws/compass.py -> /home/intern1/ros2_ws/build/amr_ws/build/lib/amr_ws
[4.943s] copying amr_ws/Automation_and_Lidar.py -> /home/intern1/ros2_ws/build/amr_ws/build/lib/amr_ws
[4.943s] copying amr_ws/baselink_laser_tf.py -> /home/intern1/ros2_ws/build/amr_ws/build/lib/amr_ws
[4.944s] copying amr_ws/localization_node.py -> /home/intern1/ros2_ws/build/amr_ws/build/lib/amr_ws
[4.944s] copying amr_ws/joystick_to_motor.py -> /home/intern1/ros2_ws/build/amr_ws/build/lib/amr_ws
[4.944s] copying amr_ws/__init__.py -> /home/intern1/ros2_ws/build/amr_ws/build/lib/amr_ws
[4.944s] copying amr_ws/orchestrator_node.py -> /home/intern1/ros2_ws/build/amr_ws/build/lib/amr_ws
[4.944s] copying amr_ws/pose_persistence_node.py -> /home/intern1/ros2_ws/build/amr_ws/build/lib/amr_ws
[4.944s] copying amr_ws/return_home_node.py -> /home/intern1/ros2_ws/build/amr_ws/build/lib/amr_ws
[4.944s] copying amr_ws/webcam_line_follow.py -> /home/intern1/ros2_ws/build/amr_ws/build/lib/amr_ws
[4.944s] copying amr_ws/path_publisher.py -> /home/intern1/ros2_ws/build/amr_ws/build/lib/amr_ws
[4.945s] running install
[4.953s] running install_lib
[4.986s] creating /home/intern1/ros2_ws/install/amr_ws/lib/python3.12/site-packages/amr_ws
[4.986s] copying /home/intern1/ros2_ws/build/amr_ws/build/lib/amr_ws/Automation_and_Lidar2.py -> /home/intern1/ros2_ws/install/amr_ws/lib/python3.12/site-packages/amr_ws
[4.986s] copying /home/intern1/ros2_ws/build/amr_ws/build/lib/amr_ws/path_logger.py -> /home/intern1/ros2_ws/install/amr_ws/lib/python3.12/site-packages/amr_ws
[4.987s] copying /home/intern1/ros2_ws/build/amr_ws/build/lib/amr_ws/cmdvelsmoothed_to_cmdvel.py -> /home/intern1/ros2_ws/install/amr_ws/lib/python3.12/site-packages/amr_ws
[4.987s] copying /home/intern1/ros2_ws/build/amr_ws/build/lib/amr_ws/Demo_Automation.py -> /home/intern1/ros2_ws/install/amr_ws/lib/python3.12/site-packages/amr_ws
[4.987s] copying /home/intern1/ros2_ws/build/amr_ws/build/lib/amr_ws/camera_follow.py -> /home/intern1/ros2_ws/install/amr_ws/lib/python3.12/site-packages/amr_ws
[4.987s] copying /home/intern1/ros2_ws/build/amr_ws/build/lib/amr_ws/keyboard_listener.py -> /home/intern1/ros2_ws/install/amr_ws/lib/python3.12/site-packages/amr_ws
[4.987s] copying /home/intern1/ros2_ws/build/amr_ws/build/lib/amr_ws/compass.py -> /home/intern1/ros2_ws/install/amr_ws/lib/python3.12/site-packages/amr_ws
[4.988s] copying /home/intern1/ros2_ws/build/amr_ws/build/lib/amr_ws/Automation_and_Lidar.py -> /home/intern1/ros2_ws/install/amr_ws/lib/python3.12/site-packages/amr_ws
[4.988s] copying /home/intern1/ros2_ws/build/amr_ws/build/lib/amr_ws/baselink_laser_tf.py -> /home/intern1/ros2_ws/install/amr_ws/lib/python3.12/site-packages/amr_ws
[4.988s] copying /home/intern1/ros2_ws/build/amr_ws/build/lib/amr_ws/localization_node.py -> /home/intern1/ros2_ws/install/amr_ws/lib/python3.12/site-packages/amr_ws
[4.988s] copying /home/intern1/ros2_ws/build/amr_ws/build/lib/amr_ws/joystick_to_motor.py -> /home/intern1/ros2_ws/install/amr_ws/lib/python3.12/site-packages/amr_ws
[4.988s] copying /home/intern1/ros2_ws/build/amr_ws/build/lib/amr_ws/__init__.py -> /home/intern1/ros2_ws/install/amr_ws/lib/python3.12/site-packages/amr_ws
[4.988s] copying /home/intern1/ros2_ws/build/amr_ws/build/lib/amr_ws/orchestrator_node.py -> /home/intern1/ros2_ws/install/amr_ws/lib/python3.12/site-packages/amr_ws
[4.989s] copying /home/intern1/ros2_ws/build/amr_ws/build/lib/amr_ws/pose_persistence_node.py -> /home/intern1/ros2_ws/install/amr_ws/lib/python3.12/site-packages/amr_ws
[4.989s] copying /home/intern1/ros2_ws/build/amr_ws/build/lib/amr_ws/return_home_node.py -> /home/intern1/ros2_ws/install/amr_ws/lib/python3.12/site-packages/amr_ws
[4.989s] copying /home/intern1/ros2_ws/build/amr_ws/build/lib/amr_ws/webcam_line_follow.py -> /home/intern1/ros2_ws/install/amr_ws/lib/python3.12/site-packages/amr_ws
[4.989s] copying /home/intern1/ros2_ws/build/amr_ws/build/lib/amr_ws/path_publisher.py -> /home/intern1/ros2_ws/install/amr_ws/lib/python3.12/site-packages/amr_ws
[4.989s] byte-compiling /home/intern1/ros2_ws/install/amr_ws/lib/python3.12/site-packages/amr_ws/Automation_and_Lidar2.py to Automation_and_Lidar2.cpython-312.pyc
[4.991s] byte-compiling /home/intern1/ros2_ws/install/amr_ws/lib/python3.12/site-packages/amr_ws/path_logger.py to path_logger.cpython-312.pyc
[4.993s] byte-compiling /home/intern1/ros2_ws/install/amr_ws/lib/python3.12/site-packages/amr_ws/cmdvelsmoothed_to_cmdvel.py to cmdvelsmoothed_to_cmdvel.cpython-312.pyc
[4.994s] byte-compiling /home/intern1/ros2_ws/install/amr_ws/lib/python3.12/site-packages/amr_ws/Demo_Automation.py to Demo_Automation.cpython-312.pyc
[4.995s] byte-compiling /home/intern1/ros2_ws/install/amr_ws/lib/python3.12/site-packages/amr_ws/camera_follow.py to camera_follow.cpython-312.pyc
[4.997s] byte-compiling /home/intern1/ros2_ws/install/amr_ws/lib/python3.12/site-packages/amr_ws/keyboard_listener.py to keyboard_listener.cpython-312.pyc
[4.997s] byte-compiling /home/intern1/ros2_ws/install/amr_ws/lib/python3.12/site-packages/amr_ws/compass.py to compass.cpython-312.pyc
[4.998s] byte-compiling /home/intern1/ros2_ws/install/amr_ws/lib/python3.12/site-packages/amr_ws/Automation_and_Lidar.py to Automation_and_Lidar.cpython-312.pyc
[5.000s] byte-compiling /home/intern1/ros2_ws/install/amr_ws/lib/python3.12/site-packages/amr_ws/baselink_laser_tf.py to baselink_laser_tf.cpython-312.pyc
[5.001s] byte-compiling /home/intern1/ros2_ws/install/amr_ws/lib/python3.12/site-packages/amr_ws/localization_node.py to localization_node.cpython-312.pyc
[5.003s] byte-compiling /home/intern1/ros2_ws/install/amr_ws/lib/python3.12/site-packages/amr_ws/joystick_to_motor.py to joystick_to_motor.cpython-312.pyc
[5.004s] byte-compiling /home/intern1/ros2_ws/install/amr_ws/lib/python3.12/site-packages/amr_ws/__init__.py to __init__.cpython-312.pyc
[5.004s] byte-compiling /home/intern1/ros2_ws/install/amr_ws/lib/python3.12/site-packages/amr_ws/orchestrator_node.py to orchestrator_node.cpython-312.pyc
[5.012s] byte-compiling /home/intern1/ros2_ws/install/amr_ws/lib/python3.12/site-packages/amr_ws/pose_persistence_node.py to pose_persistence_node.cpython-312.pyc
[5.014s] byte-compiling /home/intern1/ros2_ws/install/amr_ws/lib/python3.12/site-packages/amr_ws/return_home_node.py to return_home_node.cpython-312.pyc
[5.015s] byte-compiling /home/intern1/ros2_ws/install/amr_ws/lib/python3.12/site-packages/amr_ws/webcam_line_follow.py to webcam_line_follow.cpython-312.pyc
[5.016s] byte-compiling /home/intern1/ros2_ws/install/amr_ws/lib/python3.12/site-packages/amr_ws/path_publisher.py to path_publisher.cpython-312.pyc
[5.017s] running install_data
[5.017s] copying resource/amr_ws -> /home/intern1/ros2_ws/install/amr_ws/share/ament_index/resource_index/packages
[5.017s] copying package.xml -> /home/intern1/ros2_ws/install/amr_ws/share/amr_ws
[5.018s] copying launch/slam_toolbox_launch.py -> /home/intern1/ros2_ws/install/amr_ws/share/amr_ws/launch
[5.018s] copying params/slam_param.yaml -> /home/intern1/ros2_ws/install/amr_ws/share/amr_ws/params
[5.018s] copying waypoints/waypoints.yaml -> /home/intern1/ros2_ws/install/amr_ws/share/amr_ws/waypoints
[5.018s] copying nav2_params/twist_mux.yaml -> /home/intern1/ros2_ws/install/amr_ws/share/amr_ws/nav2_params
[5.018s] running install_egg_info
[5.052s] Copying ../../build/amr_ws/amr_ws.egg-info to /home/intern1/ros2_ws/install/amr_ws/lib/python3.12/site-packages/amr_ws-0.0.0-py3.12.egg-info
[5.053s] running install_scripts
[5.264s] Installing Automation_and_Lidar script to /home/intern1/ros2_ws/install/amr_ws/lib/amr_ws
[5.265s] Installing Automation_and_Lidar2 script to /home/intern1/ros2_ws/install/amr_ws/lib/amr_ws
[5.265s] Installing Demo_Automation script to /home/intern1/ros2_ws/install/amr_ws/lib/amr_ws
[5.266s] Installing baselink_laser_tf script to /home/intern1/ros2_ws/install/amr_ws/lib/amr_ws
[5.266s] Installing camera_follow script to /home/intern1/ros2_ws/install/amr_ws/lib/amr_ws
[5.266s] Installing cmdvelsmoothed_to_cmdvel script to /home/intern1/ros2_ws/install/amr_ws/lib/amr_ws
[5.266s] Installing compass script to /home/intern1/ros2_ws/install/amr_ws/lib/amr_ws
[5.266s] Installing joystick_to_motor script to /home/intern1/ros2_ws/install/amr_ws/lib/amr_ws
[5.267s] Installing keyboard_listener script to /home/intern1/ros2_ws/install/amr_ws/lib/amr_ws
[5.267s] Installing localization_node script to /home/intern1/ros2_ws/install/amr_ws/lib/amr_ws
[5.267s] Installing orchestrator_node script to /home/intern1/ros2_ws/install/amr_ws/lib/amr_ws
[5.267s] Installing path_logger script to /home/intern1/ros2_ws/install/amr_ws/lib/amr_ws
[5.268s] Installing path_publisher script to /home/intern1/ros2_ws/install/amr_ws/lib/amr_ws
[5.268s] Installing pose_persistence_node script to /home/intern1/ros2_ws/install/amr_ws/lib/amr_ws
[5.268s] Installing return_home_node script to /home/intern1/ros2_ws/install/amr_ws/lib/amr_ws
[5.268s] Installing webcam_line_follow script to /home/intern1/ros2_ws/install/amr_ws/lib/amr_ws
[5.269s] writing list of installed files to '/home/intern1/ros2_ws/build/amr_ws/install.log'
[6.635s] Invoked command in '/home/intern1/ros2_ws/src/amr_ws' returned '0': DEBUGINFOD_URLS=https://debuginfod.ubuntu.com PYTHONPATH=/home/intern1/ros2_ws/build/amr_ws/prefix_override:/usr/lib/python3/dist-packages/colcon_core/task/python/colcon_distutils_commands:/home/intern1/ros2_ws/install/amr_ws/lib/python3.12/site-packages:${PYTHONPATH} /usr/bin/python3 -W ignore:setup.py install is deprecated -W ignore:easy_install command is deprecated setup.py egg_info --egg-base ../../build/amr_ws build --build-base /home/intern1/ros2_ws/build/amr_ws/build install --record /home/intern1/ros2_ws/build/amr_ws/install.log --single-version-externally-managed install_data --force
