[5.810s] Invoking command in '/home/intern1/ros2_ws/src/amr_ws': DEBUGINFOD_URLS=https://debuginfod.ubuntu.com PYTHONPATH=/home/intern1/ros2_ws/build/amr_ws/prefix_override:/usr/lib/python3/dist-packages/colcon_core/task/python/colcon_distutils_commands:/home/intern1/ros2_ws/install/amr_ws/lib/python3.12/site-packages:${PYTHONPATH} /usr/bin/python3 -W ignore:setup.py install is deprecated -W ignore:easy_install command is deprecated setup.py egg_info --egg-base ../../build/amr_ws build --build-base /home/intern1/ros2_ws/build/amr_ws/build install --record /home/intern1/ros2_ws/build/amr_ws/install.log --single-version-externally-managed install_data
[7.082s] running egg_info
[7.082s] writing ../../build/amr_ws/amr_ws.egg-info/PKG-INFO
[7.083s] writing dependency_links to ../../build/amr_ws/amr_ws.egg-info/dependency_links.txt
[7.085s] writing entry points to ../../build/amr_ws/amr_ws.egg-info/entry_points.txt
[7.086s] writing requirements to ../../build/amr_ws/amr_ws.egg-info/requires.txt
[7.086s] writing top-level names to ../../build/amr_ws/amr_ws.egg-info/top_level.txt
[7.087s] reading manifest file '../../build/amr_ws/amr_ws.egg-info/SOURCES.txt'
[7.087s] adding license file 'LICENSE'
[7.088s] writing manifest file '../../build/amr_ws/amr_ws.egg-info/SOURCES.txt'
[7.088s] running build
[7.088s] running build_py
[7.088s] copying amr_ws/path_logger.py -> /home/intern1/ros2_ws/build/amr_ws/build/lib/amr_ws
[7.089s] running install
[7.089s] running install_lib
[7.089s] copying /home/intern1/ros2_ws/build/amr_ws/build/lib/amr_ws/path_logger.py -> /home/intern1/ros2_ws/install/amr_ws/lib/python3.12/site-packages/amr_ws
[7.091s] byte-compiling /home/intern1/ros2_ws/install/amr_ws/lib/python3.12/site-packages/amr_ws/path_logger.py to path_logger.cpython-312.pyc
[7.091s] running install_data
[7.091s] running install_egg_info
[7.092s] removing '/home/intern1/ros2_ws/install/amr_ws/lib/python3.12/site-packages/amr_ws-0.0.0-py3.12.egg-info' (and everything under it)
[7.092s] Copying ../../build/amr_ws/amr_ws.egg-info to /home/intern1/ros2_ws/install/amr_ws/lib/python3.12/site-packages/amr_ws-0.0.0-py3.12.egg-info
[7.093s] running install_scripts
[7.094s] Installing Automation_and_Lidar script to /home/intern1/ros2_ws/install/amr_ws/lib/amr_ws
[7.094s] Installing Automation_and_Lidar2 script to /home/intern1/ros2_ws/install/amr_ws/lib/amr_ws
[7.094s] Installing Demo_Automation script to /home/intern1/ros2_ws/install/amr_ws/lib/amr_ws
[7.096s] Installing baselink_laser_tf script to /home/intern1/ros2_ws/install/amr_ws/lib/amr_ws
[7.096s] Installing camera_follow script to /home/intern1/ros2_ws/install/amr_ws/lib/amr_ws
[7.096s] Installing cmdvelsmoothed_to_cmdvel script to /home/intern1/ros2_ws/install/amr_ws/lib/amr_ws
[7.096s] Installing compass script to /home/intern1/ros2_ws/install/amr_ws/lib/amr_ws
[7.096s] Installing joystick_to_motor script to /home/intern1/ros2_ws/install/amr_ws/lib/amr_ws
[7.096s] Installing keyboard_listener script to /home/intern1/ros2_ws/install/amr_ws/lib/amr_ws
[7.097s] Installing path_logger script to /home/intern1/ros2_ws/install/amr_ws/lib/amr_ws
[7.097s] Installing path_publisher script to /home/intern1/ros2_ws/install/amr_ws/lib/amr_ws
[7.097s] Installing webcam_line_follow script to /home/intern1/ros2_ws/install/amr_ws/lib/amr_ws
[7.097s] writing list of installed files to '/home/intern1/ros2_ws/build/amr_ws/install.log'
[7.847s] Invoked command in '/home/intern1/ros2_ws/src/amr_ws' returned '0': DEBUGINFOD_URLS=https://debuginfod.ubuntu.com PYTHONPATH=/home/intern1/ros2_ws/build/amr_ws/prefix_override:/usr/lib/python3/dist-packages/colcon_core/task/python/colcon_distutils_commands:/home/intern1/ros2_ws/install/amr_ws/lib/python3.12/site-packages:${PYTHONPATH} /usr/bin/python3 -W ignore:setup.py install is deprecated -W ignore:easy_install command is deprecated setup.py egg_info --egg-base ../../build/amr_ws build --build-base /home/intern1/ros2_ws/build/amr_ws/build install --record /home/intern1/ros2_ws/build/amr_ws/install.log --single-version-externally-managed install_data
