[7.112s] Invoking command in '/home/intern1/ros2_ws/src/education_material': DEBUGINFOD_URLS=https://debuginfod.ubuntu.com PYTHONPATH=/home/intern1/ros2_ws/build/education_material/prefix_override:/usr/lib/python3/dist-packages/colcon_core/task/python/colcon_distutils_commands:/home/intern1/ros2_ws/install/education_material/lib/python3.12/site-packages:${PYTHONPATH} /usr/bin/python3 -W ignore:setup.py install is deprecated -W ignore:easy_install command is deprecated setup.py egg_info --egg-base ../../build/education_material build --build-base /home/intern1/ros2_ws/build/education_material/build install --record /home/intern1/ros2_ws/build/education_material/install.log --single-version-externally-managed install_data
[31.568s] running egg_info
[31.568s] writing ../../build/education_material/education_material.egg-info/PKG-INFO
[31.568s] writing dependency_links to ../../build/education_material/education_material.egg-info/dependency_links.txt
[31.569s] writing entry points to ../../build/education_material/education_material.egg-info/entry_points.txt
[31.569s] writing requirements to ../../build/education_material/education_material.egg-info/requires.txt
[31.572s] writing top-level names to ../../build/education_material/education_material.egg-info/top_level.txt
[31.572s] reading manifest file '../../build/education_material/education_material.egg-info/SOURCES.txt'
[31.572s] adding license file 'LICENSE'
[31.572s] writing manifest file '../../build/education_material/education_material.egg-info/SOURCES.txt'
[31.573s] running build
[31.573s] running build_py
[31.573s] running install
[31.573s] running install_lib
[31.573s] running install_data
[31.573s] running install_egg_info
[31.573s] removing '/home/intern1/ros2_ws/install/education_material/lib/python3.12/site-packages/education_material-0.0.0-py3.12.egg-info' (and everything under it)
[31.574s] Copying ../../build/education_material/education_material.egg-info to /home/intern1/ros2_ws/install/education_material/lib/python3.12/site-packages/education_material-0.0.0-py3.12.egg-info
[31.574s] running install_scripts
[31.574s] Installing evenodd_checker script to /home/intern1/ros2_ws/install/education_material/lib/education_material
[31.574s] Installing int_pub script to /home/intern1/ros2_ws/install/education_material/lib/education_material
[31.574s] Installing int_sub script to /home/intern1/ros2_ws/install/education_material/lib/education_material
[31.574s] Installing string_pub script to /home/intern1/ros2_ws/install/education_material/lib/education_material
[31.574s] Installing string_sub script to /home/intern1/ros2_ws/install/education_material/lib/education_material
[31.574s] writing list of installed files to '/home/intern1/ros2_ws/build/education_material/install.log'
[31.702s] Invoked command in '/home/intern1/ros2_ws/src/education_material' returned '0': DEBUGINFOD_URLS=https://debuginfod.ubuntu.com PYTHONPATH=/home/intern1/ros2_ws/build/education_material/prefix_override:/usr/lib/python3/dist-packages/colcon_core/task/python/colcon_distutils_commands:/home/intern1/ros2_ws/install/education_material/lib/python3.12/site-packages:${PYTHONPATH} /usr/bin/python3 -W ignore:setup.py install is deprecated -W ignore:easy_install command is deprecated setup.py egg_info --egg-base ../../build/education_material build --build-base /home/intern1/ros2_ws/build/education_material/build install --record /home/intern1/ros2_ws/build/education_material/install.log --single-version-externally-managed install_data
