[2.880s] Invoking command in '/home/intern1/ros2_ws/build/ros2_slam_auto_navigation': CMAKE_PREFIX_PATH=${CMAKE_PREFIX_PATH}:/home/intern1/ros2_ws/install/launch_testing_examples:/home/intern1/ros2_ws/install/examples_rclpy_pointcloud_publisher:/home/intern1/ros2_ws/install/examples_rclpy_minimal_subscriber:/home/intern1/ros2_ws/install/examples_rclpy_minimal_service:/home/intern1/ros2_ws/install/examples_rclpy_minimal_publisher:/home/intern1/ros2_ws/install/examples_rclpy_minimal_client:/home/intern1/ros2_ws/install/examples_rclpy_minimal_action_server:/home/intern1/ros2_ws/install/examples_rclpy_minimal_action_client:/home/intern1/ros2_ws/install/examples_rclpy_guard_conditions:/home/intern1/ros2_ws/install/examples_rclpy_executors:/home/intern1/ros2_ws/install/camera_follow:/home/intern1/ros2_ws/install/amr_ws:/opt/ros/jazzy DEBUGINFOD_URLS=https://debuginfod.ubuntu.com /usr/bin/cmake --build /home/intern1/ros2_ws/build/ros2_slam_auto_navigation -- -j14 -l14
[3.017s] Invoked command in '/home/intern1/ros2_ws/build/ros2_slam_auto_navigation' returned '0': CMAKE_PREFIX_PATH=${CMAKE_PREFIX_PATH}:/home/intern1/ros2_ws/install/launch_testing_examples:/home/intern1/ros2_ws/install/examples_rclpy_pointcloud_publisher:/home/intern1/ros2_ws/install/examples_rclpy_minimal_subscriber:/home/intern1/ros2_ws/install/examples_rclpy_minimal_service:/home/intern1/ros2_ws/install/examples_rclpy_minimal_publisher:/home/intern1/ros2_ws/install/examples_rclpy_minimal_client:/home/intern1/ros2_ws/install/examples_rclpy_minimal_action_server:/home/intern1/ros2_ws/install/examples_rclpy_minimal_action_client:/home/intern1/ros2_ws/install/examples_rclpy_guard_conditions:/home/intern1/ros2_ws/install/examples_rclpy_executors:/home/intern1/ros2_ws/install/camera_follow:/home/intern1/ros2_ws/install/amr_ws:/opt/ros/jazzy DEBUGINFOD_URLS=https://debuginfod.ubuntu.com /usr/bin/cmake --build /home/intern1/ros2_ws/build/ros2_slam_auto_navigation -- -j14 -l14
[3.021s] Invoking command in '/home/intern1/ros2_ws/build/ros2_slam_auto_navigation': CMAKE_PREFIX_PATH=${CMAKE_PREFIX_PATH}:/home/intern1/ros2_ws/install/launch_testing_examples:/home/intern1/ros2_ws/install/examples_rclpy_pointcloud_publisher:/home/intern1/ros2_ws/install/examples_rclpy_minimal_subscriber:/home/intern1/ros2_ws/install/examples_rclpy_minimal_service:/home/intern1/ros2_ws/install/examples_rclpy_minimal_publisher:/home/intern1/ros2_ws/install/examples_rclpy_minimal_client:/home/intern1/ros2_ws/install/examples_rclpy_minimal_action_server:/home/intern1/ros2_ws/install/examples_rclpy_minimal_action_client:/home/intern1/ros2_ws/install/examples_rclpy_guard_conditions:/home/intern1/ros2_ws/install/examples_rclpy_executors:/home/intern1/ros2_ws/install/camera_follow:/home/intern1/ros2_ws/install/amr_ws:/opt/ros/jazzy DEBUGINFOD_URLS=https://debuginfod.ubuntu.com /usr/bin/cmake --install /home/intern1/ros2_ws/build/ros2_slam_auto_navigation
[3.047s] -- Install configuration: ""
[3.047s] -- Up-to-date: /home/intern1/ros2_ws/install/ros2_slam_auto_navigation/share/ros2_slam_auto_navigation/config
[3.051s] -- Up-to-date: /home/intern1/ros2_ws/install/ros2_slam_auto_navigation/share/ros2_slam_auto_navigation/config/mapper_params_online_async.yaml
[3.051s] -- Up-to-date: /home/intern1/ros2_ws/install/ros2_slam_auto_navigation/share/ros2_slam_auto_navigation/config/my_controller.yaml
[3.051s] -- Up-to-date: /home/intern1/ros2_ws/install/ros2_slam_auto_navigation/share/ros2_slam_auto_navigation/config/twist_mux.yaml
[3.051s] -- Up-to-date: /home/intern1/ros2_ws/install/ros2_slam_auto_navigation/share/ros2_slam_auto_navigation/config/gazebo_params.yaml
[3.051s] -- Up-to-date: /home/intern1/ros2_ws/install/ros2_slam_auto_navigation/share/ros2_slam_auto_navigation/description
[3.052s] -- Up-to-date: /home/intern1/ros2_ws/install/ros2_slam_auto_navigation/share/ros2_slam_auto_navigation/description/inertial_macros.xacro
[3.052s] -- Up-to-date: /home/intern1/ros2_ws/install/ros2_slam_auto_navigation/share/ros2_slam_auto_navigation/description/robot.urdf.xacro
[3.052s] -- Up-to-date: /home/intern1/ros2_ws/install/ros2_slam_auto_navigation/share/ros2_slam_auto_navigation/description/depth_camera.xacro
[3.052s] -- Up-to-date: /home/intern1/ros2_ws/install/ros2_slam_auto_navigation/share/ros2_slam_auto_navigation/description/camera.xacro
[3.052s] -- Up-to-date: /home/intern1/ros2_ws/install/ros2_slam_auto_navigation/share/ros2_slam_auto_navigation/description/gazebo_control.xacro
[3.052s] -- Up-to-date: /home/intern1/ros2_ws/install/ros2_slam_auto_navigation/share/ros2_slam_auto_navigation/description/robot_base.xacro
[3.058s] -- Up-to-date: /home/intern1/ros2_ws/install/ros2_slam_auto_navigation/share/ros2_slam_auto_navigation/description/lidar.xacro
[3.059s] -- Up-to-date: /home/intern1/ros2_ws/install/ros2_slam_auto_navigation/share/ros2_slam_auto_navigation/description/ros2_control.xacro
[3.059s] -- Up-to-date: /home/intern1/ros2_ws/install/ros2_slam_auto_navigation/share/ros2_slam_auto_navigation/launch
[3.059s] -- Up-to-date: /home/intern1/ros2_ws/install/ros2_slam_auto_navigation/share/ros2_slam_auto_navigation/launch/rsp.launch.py
[3.059s] -- Up-to-date: /home/intern1/ros2_ws/install/ros2_slam_auto_navigation/share/ros2_slam_auto_navigation/launch/launch_sim.launch.py
[3.059s] -- Up-to-date: /home/intern1/ros2_ws/install/ros2_slam_auto_navigation/share/ros2_slam_auto_navigation/launch/slam_navigation.launch.py
[3.060s] -- Up-to-date: /home/intern1/ros2_ws/install/ros2_slam_auto_navigation/share/ros2_slam_auto_navigation/worlds
[3.060s] -- Up-to-date: /home/intern1/ros2_ws/install/ros2_slam_auto_navigation/share/ros2_slam_auto_navigation/worlds/simple.world
[3.060s] -- Up-to-date: /home/intern1/ros2_ws/install/ros2_slam_auto_navigation/share/ament_index/resource_index/package_run_dependencies/ros2_slam_auto_navigation
[3.060s] -- Up-to-date: /home/intern1/ros2_ws/install/ros2_slam_auto_navigation/share/ament_index/resource_index/parent_prefix_path/ros2_slam_auto_navigation
[3.060s] -- Up-to-date: /home/intern1/ros2_ws/install/ros2_slam_auto_navigation/share/ros2_slam_auto_navigation/environment/ament_prefix_path.sh
[3.060s] -- Up-to-date: /home/intern1/ros2_ws/install/ros2_slam_auto_navigation/share/ros2_slam_auto_navigation/environment/ament_prefix_path.dsv
[3.060s] -- Up-to-date: /home/intern1/ros2_ws/install/ros2_slam_auto_navigation/share/ros2_slam_auto_navigation/environment/path.sh
[3.061s] -- Up-to-date: /home/intern1/ros2_ws/install/ros2_slam_auto_navigation/share/ros2_slam_auto_navigation/environment/path.dsv
[3.061s] -- Up-to-date: /home/intern1/ros2_ws/install/ros2_slam_auto_navigation/share/ros2_slam_auto_navigation/local_setup.bash
[3.061s] -- Up-to-date: /home/intern1/ros2_ws/install/ros2_slam_auto_navigation/share/ros2_slam_auto_navigation/local_setup.sh
[3.061s] -- Up-to-date: /home/intern1/ros2_ws/install/ros2_slam_auto_navigation/share/ros2_slam_auto_navigation/local_setup.zsh
[3.061s] -- Up-to-date: /home/intern1/ros2_ws/install/ros2_slam_auto_navigation/share/ros2_slam_auto_navigation/local_setup.dsv
[3.061s] -- Installing: /home/intern1/ros2_ws/install/ros2_slam_auto_navigation/share/ros2_slam_auto_navigation/package.dsv
[3.061s] -- Up-to-date: /home/intern1/ros2_ws/install/ros2_slam_auto_navigation/share/ament_index/resource_index/packages/ros2_slam_auto_navigation
[3.066s] -- Up-to-date: /home/intern1/ros2_ws/install/ros2_slam_auto_navigation/share/ros2_slam_auto_navigation/cmake/ros2_slam_auto_navigationConfig.cmake
[3.066s] -- Up-to-date: /home/intern1/ros2_ws/install/ros2_slam_auto_navigation/share/ros2_slam_auto_navigation/cmake/ros2_slam_auto_navigationConfig-version.cmake
[3.066s] -- Up-to-date: /home/intern1/ros2_ws/install/ros2_slam_auto_navigation/share/ros2_slam_auto_navigation/package.xml
[3.071s] Invoked command in '/home/intern1/ros2_ws/build/ros2_slam_auto_navigation' returned '0': CMAKE_PREFIX_PATH=${CMAKE_PREFIX_PATH}:/home/intern1/ros2_ws/install/launch_testing_examples:/home/intern1/ros2_ws/install/examples_rclpy_pointcloud_publisher:/home/intern1/ros2_ws/install/examples_rclpy_minimal_subscriber:/home/intern1/ros2_ws/install/examples_rclpy_minimal_service:/home/intern1/ros2_ws/install/examples_rclpy_minimal_publisher:/home/intern1/ros2_ws/install/examples_rclpy_minimal_client:/home/intern1/ros2_ws/install/examples_rclpy_minimal_action_server:/home/intern1/ros2_ws/install/examples_rclpy_minimal_action_client:/home/intern1/ros2_ws/install/examples_rclpy_guard_conditions:/home/intern1/ros2_ws/install/examples_rclpy_executors:/home/intern1/ros2_ws/install/camera_follow:/home/intern1/ros2_ws/install/amr_ws:/opt/ros/jazzy DEBUGINFOD_URLS=https://debuginfod.ubuntu.com /usr/bin/cmake --install /home/intern1/ros2_ws/build/ros2_slam_auto_navigation
