[4.361s] Invoking command in '/home/intern1/ros2_ws/build/examples_rclpy_minimal_client': DEBUGINFOD_URLS=https://debuginfod.ubuntu.com PYTHONPATH=/home/intern1/ros2_ws/build/examples_rclpy_minimal_client/prefix_override:/usr/lib/python3/dist-packages/colcon_core/task/python/colcon_distutils_commands:/home/intern1/ros2_ws/install/examples_rclpy_minimal_client/lib/python3.12/site-packages:${PYTHONPATH} /usr/bin/python3 -W ignore:setup.py install is deprecated -W ignore:easy_install command is deprecated setup.py develop --uninstall --editable --build-directory /home/intern1/ros2_ws/build/examples_rclpy_minimal_client/build
[4.950s] running develop
[5.320s] Removing /home/intern1/ros2_ws/install/examples_rclpy_minimal_client/lib/python3.12/site-packages/examples-rclpy-minimal-client.egg-link (link to .)
[5.405s] Invoked command in '/home/intern1/ros2_ws/build/examples_rclpy_minimal_client' returned '0': DEBUGINFOD_URLS=https://debuginfod.ubuntu.com PYTHONPATH=/home/intern1/ros2_ws/build/examples_rclpy_minimal_client/prefix_override:/usr/lib/python3/dist-packages/colcon_core/task/python/colcon_distutils_commands:/home/intern1/ros2_ws/install/examples_rclpy_minimal_client/lib/python3.12/site-packages:${PYTHONPATH} /usr/bin/python3 -W ignore:setup.py install is deprecated -W ignore:easy_install command is deprecated setup.py develop --uninstall --editable --build-directory /home/intern1/ros2_ws/build/examples_rclpy_minimal_client/build
[5.406s] Invoking command in '/home/intern1/ros2_ws/src/examples/rclpy/services/minimal_client': DEBUGINFOD_URLS=https://debuginfod.ubuntu.com PYTHONPATH=/home/intern1/ros2_ws/build/examples_rclpy_minimal_client/prefix_override:/usr/lib/python3/dist-packages/colcon_core/task/python/colcon_distutils_commands:/home/intern1/ros2_ws/install/examples_rclpy_minimal_client/lib/python3.12/site-packages:${PYTHONPATH} /usr/bin/python3 -W ignore:setup.py install is deprecated -W ignore:easy_install command is deprecated setup.py egg_info --egg-base ../../../../../build/examples_rclpy_minimal_client build --build-base /home/intern1/ros2_ws/build/examples_rclpy_minimal_client/build install --record /home/intern1/ros2_ws/build/examples_rclpy_minimal_client/install.log --single-version-externally-managed install_data --force
[5.955s] running egg_info
[6.016s] writing ../../../../../build/examples_rclpy_minimal_client/examples_rclpy_minimal_client.egg-info/PKG-INFO
[6.016s] writing dependency_links to ../../../../../build/examples_rclpy_minimal_client/examples_rclpy_minimal_client.egg-info/dependency_links.txt
[6.016s] writing entry points to ../../../../../build/examples_rclpy_minimal_client/examples_rclpy_minimal_client.egg-info/entry_points.txt
[6.016s] writing requirements to ../../../../../build/examples_rclpy_minimal_client/examples_rclpy_minimal_client.egg-info/requires.txt
[6.016s] writing top-level names to ../../../../../build/examples_rclpy_minimal_client/examples_rclpy_minimal_client.egg-info/top_level.txt
[6.111s] reading manifest file '../../../../../build/examples_rclpy_minimal_client/examples_rclpy_minimal_client.egg-info/SOURCES.txt'
[6.113s] writing manifest file '../../../../../build/examples_rclpy_minimal_client/examples_rclpy_minimal_client.egg-info/SOURCES.txt'
[6.113s] running build
[6.113s] running build_py
[6.114s] running install
[6.125s] running install_lib
[6.164s] creating /home/intern1/ros2_ws/install/examples_rclpy_minimal_client/lib/python3.12/site-packages/examples_rclpy_minimal_client
[6.164s] copying /home/intern1/ros2_ws/build/examples_rclpy_minimal_client/build/lib/examples_rclpy_minimal_client/client_async.py -> /home/intern1/ros2_ws/install/examples_rclpy_minimal_client/lib/python3.12/site-packages/examples_rclpy_minimal_client
[6.166s] copying /home/intern1/ros2_ws/build/examples_rclpy_minimal_client/build/lib/examples_rclpy_minimal_client/client.py -> /home/intern1/ros2_ws/install/examples_rclpy_minimal_client/lib/python3.12/site-packages/examples_rclpy_minimal_client
[6.167s] copying /home/intern1/ros2_ws/build/examples_rclpy_minimal_client/build/lib/examples_rclpy_minimal_client/client_async_member_function.py -> /home/intern1/ros2_ws/install/examples_rclpy_minimal_client/lib/python3.12/site-packages/examples_rclpy_minimal_client
[6.168s] copying /home/intern1/ros2_ws/build/examples_rclpy_minimal_client/build/lib/examples_rclpy_minimal_client/client_async_callback.py -> /home/intern1/ros2_ws/install/examples_rclpy_minimal_client/lib/python3.12/site-packages/examples_rclpy_minimal_client
[6.170s] copying /home/intern1/ros2_ws/build/examples_rclpy_minimal_client/build/lib/examples_rclpy_minimal_client/__init__.py -> /home/intern1/ros2_ws/install/examples_rclpy_minimal_client/lib/python3.12/site-packages/examples_rclpy_minimal_client
[6.170s] byte-compiling /home/intern1/ros2_ws/install/examples_rclpy_minimal_client/lib/python3.12/site-packages/examples_rclpy_minimal_client/client_async.py to client_async.cpython-312.pyc
[6.171s] byte-compiling /home/intern1/ros2_ws/install/examples_rclpy_minimal_client/lib/python3.12/site-packages/examples_rclpy_minimal_client/client.py to client.cpython-312.pyc
[6.178s] byte-compiling /home/intern1/ros2_ws/install/examples_rclpy_minimal_client/lib/python3.12/site-packages/examples_rclpy_minimal_client/client_async_member_function.py to client_async_member_function.cpython-312.pyc
[6.179s] byte-compiling /home/intern1/ros2_ws/install/examples_rclpy_minimal_client/lib/python3.12/site-packages/examples_rclpy_minimal_client/client_async_callback.py to client_async_callback.cpython-312.pyc
[6.179s] byte-compiling /home/intern1/ros2_ws/install/examples_rclpy_minimal_client/lib/python3.12/site-packages/examples_rclpy_minimal_client/__init__.py to __init__.cpython-312.pyc
[6.179s] running install_data
[6.179s] copying resource/examples_rclpy_minimal_client -> /home/intern1/ros2_ws/install/examples_rclpy_minimal_client/share/ament_index/resource_index/packages
[6.179s] copying package.xml -> /home/intern1/ros2_ws/install/examples_rclpy_minimal_client/share/examples_rclpy_minimal_client
[6.179s] running install_egg_info
[6.229s] Copying ../../../../../build/examples_rclpy_minimal_client/examples_rclpy_minimal_client.egg-info to /home/intern1/ros2_ws/install/examples_rclpy_minimal_client/lib/python3.12/site-packages/examples_rclpy_minimal_client-0.19.7-py3.12.egg-info
[6.231s] running install_scripts
[6.461s] Installing client script to /home/intern1/ros2_ws/install/examples_rclpy_minimal_client/lib/examples_rclpy_minimal_client
[6.461s] Installing client_async script to /home/intern1/ros2_ws/install/examples_rclpy_minimal_client/lib/examples_rclpy_minimal_client
[6.461s] Installing client_async_callback script to /home/intern1/ros2_ws/install/examples_rclpy_minimal_client/lib/examples_rclpy_minimal_client
[6.461s] Installing client_async_member_function script to /home/intern1/ros2_ws/install/examples_rclpy_minimal_client/lib/examples_rclpy_minimal_client
[6.462s] writing list of installed files to '/home/intern1/ros2_ws/build/examples_rclpy_minimal_client/install.log'
[6.536s] Invoked command in '/home/intern1/ros2_ws/src/examples/rclpy/services/minimal_client' returned '0': DEBUGINFOD_URLS=https://debuginfod.ubuntu.com PYTHONPATH=/home/intern1/ros2_ws/build/examples_rclpy_minimal_client/prefix_override:/usr/lib/python3/dist-packages/colcon_core/task/python/colcon_distutils_commands:/home/intern1/ros2_ws/install/examples_rclpy_minimal_client/lib/python3.12/site-packages:${PYTHONPATH} /usr/bin/python3 -W ignore:setup.py install is deprecated -W ignore:easy_install command is deprecated setup.py egg_info --egg-base ../../../../../build/examples_rclpy_minimal_client build --build-base /home/intern1/ros2_ws/build/examples_rclpy_minimal_client/build install --record /home/intern1/ros2_ws/build/examples_rclpy_minimal_client/install.log --single-version-externally-managed install_data --force
