[2.300s] Invoking command in '/home/intern1/ros2_ws/src/amr_ws': DEBUGINFOD_URLS=https://debuginfod.ubuntu.com PYTHONPATH=/home/intern1/ros2_ws/build/amr_ws/prefix_override:/usr/lib/python3/dist-packages/colcon_core/task/python/colcon_distutils_commands:/home/intern1/ros2_ws/install/amr_ws/lib/python3.12/site-packages:${PYTHONPATH} /usr/bin/python3 -W ignore:setup.py install is deprecated -W ignore:easy_install command is deprecated setup.py egg_info --egg-base ../../build/amr_ws build --build-base /home/intern1/ros2_ws/build/amr_ws/build install --record /home/intern1/ros2_ws/build/amr_ws/install.log --single-version-externally-managed install_data
[2.587s] running egg_info
[2.604s] writing ../../build/amr_ws/amr_ws.egg-info/PKG-INFO
[2.605s] writing dependency_links to ../../build/amr_ws/amr_ws.egg-info/dependency_links.txt
[2.605s] writing entry points to ../../build/amr_ws/amr_ws.egg-info/entry_points.txt
[2.605s] writing requirements to ../../build/amr_ws/amr_ws.egg-info/requires.txt
[2.606s] writing top-level names to ../../build/amr_ws/amr_ws.egg-info/top_level.txt
[2.651s] reading manifest file '../../build/amr_ws/amr_ws.egg-info/SOURCES.txt'
[2.652s] adding license file 'LICENSE'
[2.653s] writing manifest file '../../build/amr_ws/amr_ws.egg-info/SOURCES.txt'
[2.653s] running build
[2.654s] running build_py
[2.654s] running install
[2.660s] running install_lib
[2.680s] running install_data
[2.682s] running install_egg_info
[2.701s] removing '/home/intern1/ros2_ws/install/amr_ws/lib/python3.12/site-packages/amr_ws-0.0.0-py3.12.egg-info' (and everything under it)
[2.703s] Copying ../../build/amr_ws/amr_ws.egg-info to /home/intern1/ros2_ws/install/amr_ws/lib/python3.12/site-packages/amr_ws-0.0.0-py3.12.egg-info
[2.706s] running install_scripts
[2.845s] Installing Automation_and_Lidar script to /home/intern1/ros2_ws/install/amr_ws/lib/amr_ws
[2.845s] Installing Demo_Automation script to /home/intern1/ros2_ws/install/amr_ws/lib/amr_ws
[2.846s] Installing baselink_laser_tf script to /home/intern1/ros2_ws/install/amr_ws/lib/amr_ws
[2.846s] Installing compass script to /home/intern1/ros2_ws/install/amr_ws/lib/amr_ws
[2.846s] Installing joystick_to_motor script to /home/intern1/ros2_ws/install/amr_ws/lib/amr_ws
[2.846s] Installing keyboard_listener script to /home/intern1/ros2_ws/install/amr_ws/lib/amr_ws
[2.846s] writing list of installed files to '/home/intern1/ros2_ws/build/amr_ws/install.log'
[2.914s] Invoked command in '/home/intern1/ros2_ws/src/amr_ws' returned '0': DEBUGINFOD_URLS=https://debuginfod.ubuntu.com PYTHONPATH=/home/intern1/ros2_ws/build/amr_ws/prefix_override:/usr/lib/python3/dist-packages/colcon_core/task/python/colcon_distutils_commands:/home/intern1/ros2_ws/install/amr_ws/lib/python3.12/site-packages:${PYTHONPATH} /usr/bin/python3 -W ignore:setup.py install is deprecated -W ignore:easy_install command is deprecated setup.py egg_info --egg-base ../../build/amr_ws build --build-base /home/intern1/ros2_ws/build/amr_ws/build install --record /home/intern1/ros2_ws/build/amr_ws/install.log --single-version-externally-managed install_data
