gmake[2]: *** No rule to make target '/opt/ros/jazzy/lib/libfastcdr.so.2.2.5', needed by 'subscriber_lambda'.  Stop.
gmake[1]: *** [CMakeFiles/Makefile2:157: CMakeFiles/subscriber_lambda.dir/all] Error 2
gmake[1]: *** Waiting for unfinished jobs....
gmake[2]: *** No rule to make target '/opt/ros/jazzy/lib/libfastcdr.so.2.2.5', needed by 'subscriber_member_function_with_unique_network_flow_endpoints'.  Stop.
gmake[2]: *** No rule to make target '/opt/ros/jazzy/lib/libfastcdr.so.2.2.5', needed by 'subscriber_not_composable'.  Stop.
gmake[1]: *** [CMakeFiles/Makefile2:261: CMakeFiles/subscriber_member_function_with_unique_network_flow_endpoints.dir/all] Error 2
gmake[1]: *** [CMakeFiles/Makefile2:287: CMakeFiles/subscriber_not_composable.dir/all] Error 2
gmake[2]: *** No rule to make target '/opt/ros/jazzy/lib/libfastcdr.so.2.2.5', needed by 'subscriber_member_function'.  Stop.
gmake[1]: *** [CMakeFiles/Makefile2:183: CMakeFiles/subscriber_member_function.dir/all] Error 2
gmake[2]: *** No rule to make target '/opt/ros/jazzy/lib/libfastcdr.so.2.2.5', needed by 'subscriber_member_function_with_type_adapter'.  Stop.
gmake[2]: *** No rule to make target '/opt/ros/jazzy/lib/libfastcdr.so.2.2.5', needed by 'subscriber_member_function_with_topic_statistics'.  Stop.
gmake[1]: *** [CMakeFiles/Makefile2:209: CMakeFiles/subscriber_member_function_with_topic_statistics.dir/all] Error 2
gmake[1]: *** [CMakeFiles/Makefile2:235: CMakeFiles/subscriber_member_function_with_type_adapter.dir/all] Error 2
gmake[2]: *** No rule to make target '/opt/ros/jazzy/lib/libfastcdr.so.2.2.5', needed by 'wait_set_subscriber'.  Stop.
gmake[2]: *** No rule to make target '/opt/ros/jazzy/lib/libfastcdr.so.2.2.5', needed by 'subscriber_content_filtering'.  Stop.
gmake[1]: *** [CMakeFiles/Makefile2:365: CMakeFiles/wait_set_subscriber.dir/all] Error 2
gmake[1]: *** [CMakeFiles/Makefile2:313: CMakeFiles/subscriber_content_filtering.dir/all] Error 2
gmake[2]: *** No rule to make target '/opt/ros/jazzy/lib/libfastcdr.so.2.2.5', needed by 'libwait_set_subscriber_library.so'.  Stop.
gmake[1]: *** [CMakeFiles/Makefile2:339: CMakeFiles/wait_set_subscriber_library.dir/all] Error 2
gmake[2]: *** No rule to make target '/opt/ros/jazzy/lib/libfastcdr.so.2.2.5', needed by 'static_wait_set_subscriber'.  Stop.
gmake[1]: *** [CMakeFiles/Makefile2:391: CMakeFiles/static_wait_set_subscriber.dir/all] Error 2
gmake[2]: *** No rule to make target '/opt/ros/jazzy/lib/libfastcdr.so.2.2.5', needed by 'time_triggered_wait_set_subscriber'.  Stop.
gmake[1]: *** [CMakeFiles/Makefile2:417: CMakeFiles/time_triggered_wait_set_subscriber.dir/all] Error 2
gmake: *** [Makefile:146: all] Error 2
