[0.052s] Invoking command in '/home/intern1/ros2_ws/build/sam_bot_description': CMAKE_PREFIX_PATH=${CMAKE_PREFIX_PATH}:/home/intern1/ros2_ws/install/launch_testing_examples:/home/intern1/ros2_ws/install/examples_rclpy_pointcloud_publisher:/home/intern1/ros2_ws/install/examples_rclpy_minimal_subscriber:/home/intern1/ros2_ws/install/examples_rclpy_minimal_service:/home/intern1/ros2_ws/install/examples_rclpy_minimal_publisher:/home/intern1/ros2_ws/install/examples_rclpy_minimal_client:/home/intern1/ros2_ws/install/examples_rclpy_minimal_action_server:/home/intern1/ros2_ws/install/examples_rclpy_minimal_action_client:/home/intern1/ros2_ws/install/examples_rclpy_guard_conditions:/home/intern1/ros2_ws/install/examples_rclpy_executors:/home/intern1/ros2_ws/install/camera_follow:/home/intern1/ros2_ws/install/amr_ws:/opt/ros/jazzy DEBUGINFOD_URLS=https://debuginfod.ubuntu.com /usr/bin/cmake --build /home/intern1/ros2_ws/build/sam_bot_description -- -j14 -l14
[0.238s] Invoked command in '/home/intern1/ros2_ws/build/sam_bot_description' returned '0': CMAKE_PREFIX_PATH=${CMAKE_PREFIX_PATH}:/home/intern1/ros2_ws/install/launch_testing_examples:/home/intern1/ros2_ws/install/examples_rclpy_pointcloud_publisher:/home/intern1/ros2_ws/install/examples_rclpy_minimal_subscriber:/home/intern1/ros2_ws/install/examples_rclpy_minimal_service:/home/intern1/ros2_ws/install/examples_rclpy_minimal_publisher:/home/intern1/ros2_ws/install/examples_rclpy_minimal_client:/home/intern1/ros2_ws/install/examples_rclpy_minimal_action_server:/home/intern1/ros2_ws/install/examples_rclpy_minimal_action_client:/home/intern1/ros2_ws/install/examples_rclpy_guard_conditions:/home/intern1/ros2_ws/install/examples_rclpy_executors:/home/intern1/ros2_ws/install/camera_follow:/home/intern1/ros2_ws/install/amr_ws:/opt/ros/jazzy DEBUGINFOD_URLS=https://debuginfod.ubuntu.com /usr/bin/cmake --build /home/intern1/ros2_ws/build/sam_bot_description -- -j14 -l14
[0.239s] Invoking command in '/home/intern1/ros2_ws/build/sam_bot_description': CMAKE_PREFIX_PATH=${CMAKE_PREFIX_PATH}:/home/intern1/ros2_ws/install/launch_testing_examples:/home/intern1/ros2_ws/install/examples_rclpy_pointcloud_publisher:/home/intern1/ros2_ws/install/examples_rclpy_minimal_subscriber:/home/intern1/ros2_ws/install/examples_rclpy_minimal_service:/home/intern1/ros2_ws/install/examples_rclpy_minimal_publisher:/home/intern1/ros2_ws/install/examples_rclpy_minimal_client:/home/intern1/ros2_ws/install/examples_rclpy_minimal_action_server:/home/intern1/ros2_ws/install/examples_rclpy_minimal_action_client:/home/intern1/ros2_ws/install/examples_rclpy_guard_conditions:/home/intern1/ros2_ws/install/examples_rclpy_executors:/home/intern1/ros2_ws/install/camera_follow:/home/intern1/ros2_ws/install/amr_ws:/opt/ros/jazzy DEBUGINFOD_URLS=https://debuginfod.ubuntu.com /usr/bin/cmake --install /home/intern1/ros2_ws/build/sam_bot_description
[0.261s] -- Install configuration: ""
[0.261s] -- Up-to-date: /home/intern1/ros2_ws/install/sam_bot_description/share/sam_bot_description/src/description
[0.262s] -- Up-to-date: /home/intern1/ros2_ws/install/sam_bot_description/share/sam_bot_description/src/description/sam_bot_description.urdf.xacro
[0.262s] -- Up-to-date: /home/intern1/ros2_ws/install/sam_bot_description/share/sam_bot_description/src
[0.262s] -- Up-to-date: /home/intern1/ros2_ws/install/sam_bot_description/share/sam_bot_description/src/description
[0.262s] -- Up-to-date: /home/intern1/ros2_ws/install/sam_bot_description/share/sam_bot_description/src/description/sam_bot_description.urdf.xacro
[0.265s] -- Up-to-date: /home/intern1/ros2_ws/install/sam_bot_description/share/sam_bot_description/launch
[0.265s] -- Up-to-date: /home/intern1/ros2_ws/install/sam_bot_description/share/sam_bot_description/launch/display.launch.py
[0.265s] -- Up-to-date: /home/intern1/ros2_ws/install/sam_bot_description/share/sam_bot_description/rviz
[0.266s] -- Up-to-date: /home/intern1/ros2_ws/install/sam_bot_description/share/sam_bot_description/rviz/log
[0.266s] -- Up-to-date: /home/intern1/ros2_ws/install/sam_bot_description/share/sam_bot_description/rviz/log/latest_build
[0.266s] -- Up-to-date: /home/intern1/ros2_ws/install/sam_bot_description/share/sam_bot_description/rviz/log/latest
[0.266s] -- Up-to-date: /home/intern1/ros2_ws/install/sam_bot_description/share/sam_bot_description/rviz/log/build_2026-01-20_17-05-03
[0.266s] -- Up-to-date: /home/intern1/ros2_ws/install/sam_bot_description/share/sam_bot_description/rviz/log/build_2026-01-20_17-05-03/events.log
[0.266s] -- Up-to-date: /home/intern1/ros2_ws/install/sam_bot_description/share/sam_bot_description/rviz/log/build_2026-01-20_17-05-03/logger_all.log
[0.266s] -- Up-to-date: /home/intern1/ros2_ws/install/sam_bot_description/share/sam_bot_description/rviz/log/COLCON_IGNORE
[0.266s] -- Up-to-date: /home/intern1/ros2_ws/install/sam_bot_description/share/sam_bot_description/rviz/build
[0.266s] -- Up-to-date: /home/intern1/ros2_ws/install/sam_bot_description/share/sam_bot_description/rviz/build/.built_by
[0.266s] -- Up-to-date: /home/intern1/ros2_ws/install/sam_bot_description/share/sam_bot_description/rviz/build/COLCON_IGNORE
[0.266s] -- Up-to-date: /home/intern1/ros2_ws/install/sam_bot_description/share/sam_bot_description/rviz/install
[0.267s] -- Up-to-date: /home/intern1/ros2_ws/install/sam_bot_description/share/sam_bot_description/rviz/install/local_setup.bash
[0.267s] -- Up-to-date: /home/intern1/ros2_ws/install/sam_bot_description/share/sam_bot_description/rviz/install/local_setup.sh
[0.267s] -- Up-to-date: /home/intern1/ros2_ws/install/sam_bot_description/share/sam_bot_description/rviz/install/_local_setup_util_sh.py
[0.267s] -- Up-to-date: /home/intern1/ros2_ws/install/sam_bot_description/share/sam_bot_description/rviz/install/.colcon_install_layout
[0.267s] -- Up-to-date: /home/intern1/ros2_ws/install/sam_bot_description/share/sam_bot_description/rviz/install/local_setup.zsh
[0.273s] -- Up-to-date: /home/intern1/ros2_ws/install/sam_bot_description/share/sam_bot_description/rviz/install/setup.ps1
[0.273s] -- Up-to-date: /home/intern1/ros2_ws/install/sam_bot_description/share/sam_bot_description/rviz/install/setup.zsh
[0.274s] -- Up-to-date: /home/intern1/ros2_ws/install/sam_bot_description/share/sam_bot_description/rviz/install/_local_setup_util_ps1.py
[0.274s] -- Up-to-date: /home/intern1/ros2_ws/install/sam_bot_description/share/sam_bot_description/rviz/install/local_setup.ps1
[0.274s] -- Up-to-date: /home/intern1/ros2_ws/install/sam_bot_description/share/sam_bot_description/rviz/install/setup.sh
[0.274s] -- Up-to-date: /home/intern1/ros2_ws/install/sam_bot_description/share/sam_bot_description/rviz/install/setup.bash
[0.274s] -- Up-to-date: /home/intern1/ros2_ws/install/sam_bot_description/share/sam_bot_description/rviz/install/COLCON_IGNORE
[0.274s] -- Up-to-date: /home/intern1/ros2_ws/install/sam_bot_description/share/sam_bot_description/rviz/config.rviz
[0.274s] -- Up-to-date: /home/intern1/ros2_ws/install/sam_bot_description/share/ament_index/resource_index/package_run_dependencies/sam_bot_description
[0.274s] -- Up-to-date: /home/intern1/ros2_ws/install/sam_bot_description/share/ament_index/resource_index/parent_prefix_path/sam_bot_description
[0.274s] -- Up-to-date: /home/intern1/ros2_ws/install/sam_bot_description/share/sam_bot_description/environment/ament_prefix_path.sh
[0.275s] -- Up-to-date: /home/intern1/ros2_ws/install/sam_bot_description/share/sam_bot_description/environment/ament_prefix_path.dsv
[0.275s] -- Up-to-date: /home/intern1/ros2_ws/install/sam_bot_description/share/sam_bot_description/environment/path.sh
[0.275s] -- Up-to-date: /home/intern1/ros2_ws/install/sam_bot_description/share/sam_bot_description/environment/path.dsv
[0.275s] -- Up-to-date: /home/intern1/ros2_ws/install/sam_bot_description/share/sam_bot_description/local_setup.bash
[0.275s] -- Up-to-date: /home/intern1/ros2_ws/install/sam_bot_description/share/sam_bot_description/local_setup.sh
[0.275s] -- Up-to-date: /home/intern1/ros2_ws/install/sam_bot_description/share/sam_bot_description/local_setup.zsh
[0.276s] -- Up-to-date: /home/intern1/ros2_ws/install/sam_bot_description/share/sam_bot_description/local_setup.dsv
[0.276s] -- Installing: /home/intern1/ros2_ws/install/sam_bot_description/share/sam_bot_description/package.dsv
[0.276s] -- Up-to-date: /home/intern1/ros2_ws/install/sam_bot_description/share/ament_index/resource_index/packages/sam_bot_description
[0.277s] -- Up-to-date: /home/intern1/ros2_ws/install/sam_bot_description/share/sam_bot_description/cmake/sam_bot_descriptionConfig.cmake
[0.277s] -- Up-to-date: /home/intern1/ros2_ws/install/sam_bot_description/share/sam_bot_description/cmake/sam_bot_descriptionConfig-version.cmake
[0.277s] -- Up-to-date: /home/intern1/ros2_ws/install/sam_bot_description/share/sam_bot_description/package.xml
[0.277s] Invoked command in '/home/intern1/ros2_ws/build/sam_bot_description' returned '0': CMAKE_PREFIX_PATH=${CMAKE_PREFIX_PATH}:/home/intern1/ros2_ws/install/launch_testing_examples:/home/intern1/ros2_ws/install/examples_rclpy_pointcloud_publisher:/home/intern1/ros2_ws/install/examples_rclpy_minimal_subscriber:/home/intern1/ros2_ws/install/examples_rclpy_minimal_service:/home/intern1/ros2_ws/install/examples_rclpy_minimal_publisher:/home/intern1/ros2_ws/install/examples_rclpy_minimal_client:/home/intern1/ros2_ws/install/examples_rclpy_minimal_action_server:/home/intern1/ros2_ws/install/examples_rclpy_minimal_action_client:/home/intern1/ros2_ws/install/examples_rclpy_guard_conditions:/home/intern1/ros2_ws/install/examples_rclpy_executors:/home/intern1/ros2_ws/install/camera_follow:/home/intern1/ros2_ws/install/amr_ws:/opt/ros/jazzy DEBUGINFOD_URLS=https://debuginfod.ubuntu.com /usr/bin/cmake --install /home/intern1/ros2_ws/build/sam_bot_description
