[0.442s] Invoking command in '/home/intern1/ros2_ws/build/turtlesim': CMAKE_PREFIX_PATH=${CMAKE_PREFIX_PATH}:/home/intern1/ros2_ws/install/tb3_multi_robot:/home/intern1/ros2_ws/install/launch_testing_examples:/home/intern1/ros2_ws/install/examples_rclpy_pointcloud_publisher:/home/intern1/ros2_ws/install/examples_rclpy_minimal_subscriber:/home/intern1/ros2_ws/install/examples_rclpy_minimal_service:/home/intern1/ros2_ws/install/examples_rclpy_minimal_publisher:/home/intern1/ros2_ws/install/examples_rclpy_minimal_client:/home/intern1/ros2_ws/install/examples_rclpy_minimal_action_server:/home/intern1/ros2_ws/install/examples_rclpy_minimal_action_client:/home/intern1/ros2_ws/install/examples_rclpy_guard_conditions:/home/intern1/ros2_ws/install/examples_rclpy_executors:/home/intern1/ros2_ws/install/education_material:/home/intern1/ros2_ws/install/camera_follow:/home/intern1/ros2_ws/install/amr_ws:/opt/ros/jazzy DEBUGINFOD_URLS=https://debuginfod.ubuntu.com /usr/bin/cmake --build /home/intern1/ros2_ws/build/turtlesim -- -j14 -l14
[0.656s] [  0%] Built target turtlesim__rosidl_generator_type_description
[0.684s] [  0%] Built target ament_cmake_python_copy_turtlesim
[0.772s] [ 23%] Built target turtlesim__rosidl_generator_c
[0.795s] [ 24%] Built target turtlesim__cpp
[0.957s] [ 33%] Built target turtlesim__rosidl_typesupport_introspection_c
[0.978s] [ 41%] Built target turtlesim__rosidl_typesupport_introspection_cpp
[1.015s] [ 50%] Built target turtlesim__rosidl_typesupport_c
[1.015s] [ 58%] Built target turtlesim__rosidl_typesupport_fastrtps_c
[1.016s] [ 67%] Built target turtlesim__rosidl_typesupport_fastrtps_cpp
[1.024s] [ 76%] Built target turtlesim__rosidl_typesupport_cpp
[1.148s] [ 78%] Built target mimic
[1.173s] [ 78%] Built target turtlesim
[1.177s] [ 79%] Built target draw_square
[1.186s] [ 81%] Built target turtle_teleop_key
[1.195s] [ 86%] Built target turtlesim_node
[1.246s] [ 86%] Built target turtlesim__py
[1.307s] [ 94%] Built target turtlesim__rosidl_generator_py
[1.364s] [ 96%] Built target turtlesim_s__rosidl_typesupport_c
[1.387s] [ 98%] Built target turtlesim_s__rosidl_typesupport_introspection_c
[1.408s] [100%] Built target turtlesim_s__rosidl_typesupport_fastrtps_c
[1.694s] running egg_info
[1.770s] writing turtlesim.egg-info/PKG-INFO
[1.772s] writing dependency_links to turtlesim.egg-info/dependency_links.txt
[1.772s] writing top-level names to turtlesim.egg-info/top_level.txt
[1.994s] reading manifest file 'turtlesim.egg-info/SOURCES.txt'
[1.996s] writing manifest file 'turtlesim.egg-info/SOURCES.txt'
[2.124s] [100%] Built target ament_cmake_python_build_turtlesim_egg
[2.172s] Invoked command in '/home/intern1/ros2_ws/build/turtlesim' returned '0': CMAKE_PREFIX_PATH=${CMAKE_PREFIX_PATH}:/home/intern1/ros2_ws/install/tb3_multi_robot:/home/intern1/ros2_ws/install/launch_testing_examples:/home/intern1/ros2_ws/install/examples_rclpy_pointcloud_publisher:/home/intern1/ros2_ws/install/examples_rclpy_minimal_subscriber:/home/intern1/ros2_ws/install/examples_rclpy_minimal_service:/home/intern1/ros2_ws/install/examples_rclpy_minimal_publisher:/home/intern1/ros2_ws/install/examples_rclpy_minimal_client:/home/intern1/ros2_ws/install/examples_rclpy_minimal_action_server:/home/intern1/ros2_ws/install/examples_rclpy_minimal_action_client:/home/intern1/ros2_ws/install/examples_rclpy_guard_conditions:/home/intern1/ros2_ws/install/examples_rclpy_executors:/home/intern1/ros2_ws/install/education_material:/home/intern1/ros2_ws/install/camera_follow:/home/intern1/ros2_ws/install/amr_ws:/opt/ros/jazzy DEBUGINFOD_URLS=https://debuginfod.ubuntu.com /usr/bin/cmake --build /home/intern1/ros2_ws/build/turtlesim -- -j14 -l14
[2.179s] Invoking command in '/home/intern1/ros2_ws/build/turtlesim': CMAKE_PREFIX_PATH=${CMAKE_PREFIX_PATH}:/home/intern1/ros2_ws/install/tb3_multi_robot:/home/intern1/ros2_ws/install/launch_testing_examples:/home/intern1/ros2_ws/install/examples_rclpy_pointcloud_publisher:/home/intern1/ros2_ws/install/examples_rclpy_minimal_subscriber:/home/intern1/ros2_ws/install/examples_rclpy_minimal_service:/home/intern1/ros2_ws/install/examples_rclpy_minimal_publisher:/home/intern1/ros2_ws/install/examples_rclpy_minimal_client:/home/intern1/ros2_ws/install/examples_rclpy_minimal_action_server:/home/intern1/ros2_ws/install/examples_rclpy_minimal_action_client:/home/intern1/ros2_ws/install/examples_rclpy_guard_conditions:/home/intern1/ros2_ws/install/examples_rclpy_executors:/home/intern1/ros2_ws/install/education_material:/home/intern1/ros2_ws/install/camera_follow:/home/intern1/ros2_ws/install/amr_ws:/opt/ros/jazzy DEBUGINFOD_URLS=https://debuginfod.ubuntu.com /usr/bin/cmake --install /home/intern1/ros2_ws/build/turtlesim
[2.578s] -- Install configuration: ""
[2.578s] -- Up-to-date: /home/intern1/ros2_ws/install/turtlesim/share/ament_index/resource_index/rosidl_interfaces/turtlesim
[2.578s] -- Up-to-date: /home/intern1/ros2_ws/install/turtlesim/share/turtlesim/action/RotateAbsolute.json
[2.578s] -- Up-to-date: /home/intern1/ros2_ws/install/turtlesim/share/turtlesim/msg/Color.json
[2.578s] -- Up-to-date: /home/intern1/ros2_ws/install/turtlesim/share/turtlesim/msg/Pose.json
[2.578s] -- Up-to-date: /home/intern1/ros2_ws/install/turtlesim/share/turtlesim/srv/Kill.json
[2.579s] -- Up-to-date: /home/intern1/ros2_ws/install/turtlesim/share/turtlesim/srv/SetPen.json
[2.579s] -- Up-to-date: /home/intern1/ros2_ws/install/turtlesim/share/turtlesim/srv/Spawn.json
[2.579s] -- Up-to-date: /home/intern1/ros2_ws/install/turtlesim/share/turtlesim/srv/TeleportAbsolute.json
[2.579s] -- Up-to-date: /home/intern1/ros2_ws/install/turtlesim/share/turtlesim/srv/TeleportRelative.json
[2.579s] -- Up-to-date: /home/intern1/ros2_ws/install/turtlesim/include/turtlesim/turtlesim
[2.580s] -- Up-to-date: /home/intern1/ros2_ws/install/turtlesim/include/turtlesim/turtlesim/srv
[2.580s] -- Up-to-date: /home/intern1/ros2_ws/install/turtlesim/include/turtlesim/turtlesim/srv/set_pen.h
[2.580s] -- Up-to-date: /home/intern1/ros2_ws/install/turtlesim/include/turtlesim/turtlesim/srv/kill.h
[2.580s] -- Up-to-date: /home/intern1/ros2_ws/install/turtlesim/include/turtlesim/turtlesim/srv/detail
[2.580s] -- Up-to-date: /home/intern1/ros2_ws/install/turtlesim/include/turtlesim/turtlesim/srv/detail/teleport_absolute__functions.c
[2.580s] -- Installing: /home/intern1/ros2_ws/install/turtlesim/include/turtlesim/turtlesim/srv/detail/teleport_absolute__type_support.c
[2.580s] -- Up-to-date: /home/intern1/ros2_ws/install/turtlesim/include/turtlesim/turtlesim/srv/detail/spawn__type_support.h
[2.581s] -- Up-to-date: /home/intern1/ros2_ws/install/turtlesim/include/turtlesim/turtlesim/srv/detail/teleport_relative__functions.h
[2.581s] -- Up-to-date: /home/intern1/ros2_ws/install/turtlesim/include/turtlesim/turtlesim/srv/detail/kill__type_support.h
[2.581s] -- Up-to-date: /home/intern1/ros2_ws/install/turtlesim/include/turtlesim/turtlesim/srv/detail/spawn__struct.h
[2.581s] -- Up-to-date: /home/intern1/ros2_ws/install/turtlesim/include/turtlesim/turtlesim/srv/detail/set_pen__functions.c
[2.582s] -- Up-to-date: /home/intern1/ros2_ws/install/turtlesim/include/turtlesim/turtlesim/srv/detail/spawn__functions.h
[2.582s] -- Installing: /home/intern1/ros2_ws/install/turtlesim/include/turtlesim/turtlesim/srv/detail/set_pen__type_support.c
[2.582s] -- Up-to-date: /home/intern1/ros2_ws/install/turtlesim/include/turtlesim/turtlesim/srv/detail/spawn__functions.c
[2.582s] -- Up-to-date: /home/intern1/ros2_ws/install/turtlesim/include/turtlesim/turtlesim/srv/detail/set_pen__type_support.h
[2.582s] -- Up-to-date: /home/intern1/ros2_ws/install/turtlesim/include/turtlesim/turtlesim/srv/detail/teleport_relative__functions.c
[2.582s] -- Installing: /home/intern1/ros2_ws/install/turtlesim/include/turtlesim/turtlesim/srv/detail/teleport_relative__type_support.c
[2.582s] -- Up-to-date: /home/intern1/ros2_ws/install/turtlesim/include/turtlesim/turtlesim/srv/detail/teleport_relative__struct.h
[2.582s] -- Up-to-date: /home/intern1/ros2_ws/install/turtlesim/include/turtlesim/turtlesim/srv/detail/kill__struct.h
[2.583s] -- Installing: /home/intern1/ros2_ws/install/turtlesim/include/turtlesim/turtlesim/srv/detail/kill__type_support.c
[2.583s] -- Up-to-date: /home/intern1/ros2_ws/install/turtlesim/include/turtlesim/turtlesim/srv/detail/kill__functions.h
[2.583s] -- Up-to-date: /home/intern1/ros2_ws/install/turtlesim/include/turtlesim/turtlesim/srv/detail/teleport_relative__description.c
[2.583s] -- Up-to-date: /home/intern1/ros2_ws/install/turtlesim/include/turtlesim/turtlesim/srv/detail/spawn__description.c
[2.583s] -- Up-to-date: /home/intern1/ros2_ws/install/turtlesim/include/turtlesim/turtlesim/srv/detail/teleport_absolute__struct.h
[2.583s] -- Up-to-date: /home/intern1/ros2_ws/install/turtlesim/include/turtlesim/turtlesim/srv/detail/set_pen__description.c
[2.583s] -- Up-to-date: /home/intern1/ros2_ws/install/turtlesim/include/turtlesim/turtlesim/srv/detail/kill__functions.c
[2.583s] -- Up-to-date: /home/intern1/ros2_ws/install/turtlesim/include/turtlesim/turtlesim/srv/detail/kill__description.c
[2.583s] -- Up-to-date: /home/intern1/ros2_ws/install/turtlesim/include/turtlesim/turtlesim/srv/detail/teleport_absolute__description.c
[2.583s] -- Up-to-date: /home/intern1/ros2_ws/install/turtlesim/include/turtlesim/turtlesim/srv/detail/teleport_absolute__type_support.h
[2.583s] -- Up-to-date: /home/intern1/ros2_ws/install/turtlesim/include/turtlesim/turtlesim/srv/detail/set_pen__functions.h
[2.584s] -- Installing: /home/intern1/ros2_ws/install/turtlesim/include/turtlesim/turtlesim/srv/detail/spawn__type_support.c
[2.584s] -- Up-to-date: /home/intern1/ros2_ws/install/turtlesim/include/turtlesim/turtlesim/srv/detail/teleport_absolute__functions.h
[2.584s] -- Up-to-date: /home/intern1/ros2_ws/install/turtlesim/include/turtlesim/turtlesim/srv/detail/teleport_relative__type_support.h
[2.584s] -- Up-to-date: /home/intern1/ros2_ws/install/turtlesim/include/turtlesim/turtlesim/srv/detail/set_pen__struct.h
[2.584s] -- Up-to-date: /home/intern1/ros2_ws/install/turtlesim/include/turtlesim/turtlesim/srv/teleport_absolute.h
[2.584s] -- Up-to-date: /home/intern1/ros2_ws/install/turtlesim/include/turtlesim/turtlesim/srv/teleport_relative.h
[2.584s] -- Up-to-date: /home/intern1/ros2_ws/install/turtlesim/include/turtlesim/turtlesim/srv/spawn.h
[2.584s] -- Up-to-date: /home/intern1/ros2_ws/install/turtlesim/include/turtlesim/turtlesim/msg
[2.584s] -- Up-to-date: /home/intern1/ros2_ws/install/turtlesim/include/turtlesim/turtlesim/msg/detail
[2.584s] -- Up-to-date: /home/intern1/ros2_ws/install/turtlesim/include/turtlesim/turtlesim/msg/detail/pose__functions.h
[2.584s] -- Up-to-date: /home/intern1/ros2_ws/install/turtlesim/include/turtlesim/turtlesim/msg/detail/color__type_support.h
[2.585s] -- Up-to-date: /home/intern1/ros2_ws/install/turtlesim/include/turtlesim/turtlesim/msg/detail/color__struct.h
[2.585s] -- Up-to-date: /home/intern1/ros2_ws/install/turtlesim/include/turtlesim/turtlesim/msg/detail/pose__functions.c
[2.585s] -- Up-to-date: /home/intern1/ros2_ws/install/turtlesim/include/turtlesim/turtlesim/msg/detail/pose__type_support.h
[2.585s] -- Up-to-date: /home/intern1/ros2_ws/install/turtlesim/include/turtlesim/turtlesim/msg/detail/color__functions.c
[2.585s] -- Installing: /home/intern1/ros2_ws/install/turtlesim/include/turtlesim/turtlesim/msg/detail/color__type_support.c
[2.585s] -- Installing: /home/intern1/ros2_ws/install/turtlesim/include/turtlesim/turtlesim/msg/detail/pose__type_support.c
[2.585s] -- Up-to-date: /home/intern1/ros2_ws/install/turtlesim/include/turtlesim/turtlesim/msg/detail/color__description.c
[2.585s] -- Up-to-date: /home/intern1/ros2_ws/install/turtlesim/include/turtlesim/turtlesim/msg/detail/color__functions.h
[2.585s] -- Up-to-date: /home/intern1/ros2_ws/install/turtlesim/include/turtlesim/turtlesim/msg/detail/pose__description.c
[2.585s] -- Up-to-date: /home/intern1/ros2_ws/install/turtlesim/include/turtlesim/turtlesim/msg/detail/pose__struct.h
[2.585s] -- Up-to-date: /home/intern1/ros2_ws/install/turtlesim/include/turtlesim/turtlesim/msg/color.h
[2.586s] -- Up-to-date: /home/intern1/ros2_ws/install/turtlesim/include/turtlesim/turtlesim/msg/pose.h
[2.586s] -- Up-to-date: /home/intern1/ros2_ws/install/turtlesim/include/turtlesim/turtlesim/msg/rosidl_generator_c__visibility_control.h
[2.586s] -- Up-to-date: /home/intern1/ros2_ws/install/turtlesim/include/turtlesim/turtlesim/action
[2.586s] -- Up-to-date: /home/intern1/ros2_ws/install/turtlesim/include/turtlesim/turtlesim/action/detail
[2.586s] -- Up-to-date: /home/intern1/ros2_ws/install/turtlesim/include/turtlesim/turtlesim/action/detail/rotate_absolute__struct.h
[2.586s] -- Up-to-date: /home/intern1/ros2_ws/install/turtlesim/include/turtlesim/turtlesim/action/detail/rotate_absolute__functions.h
[2.586s] -- Installing: /home/intern1/ros2_ws/install/turtlesim/include/turtlesim/turtlesim/action/detail/rotate_absolute__type_support.c
[2.586s] -- Up-to-date: /home/intern1/ros2_ws/install/turtlesim/include/turtlesim/turtlesim/action/detail/rotate_absolute__functions.c
[2.587s] -- Up-to-date: /home/intern1/ros2_ws/install/turtlesim/include/turtlesim/turtlesim/action/detail/rotate_absolute__type_support.h
[2.587s] -- Up-to-date: /home/intern1/ros2_ws/install/turtlesim/include/turtlesim/turtlesim/action/detail/rotate_absolute__description.c
[2.587s] -- Up-to-date: /home/intern1/ros2_ws/install/turtlesim/include/turtlesim/turtlesim/action/rotate_absolute.h
[2.587s] -- Up-to-date: /home/intern1/ros2_ws/install/turtlesim/share/turtlesim/environment/library_path.sh
[2.587s] -- Up-to-date: /home/intern1/ros2_ws/install/turtlesim/share/turtlesim/environment/library_path.dsv
[2.587s] -- Up-to-date: /home/intern1/ros2_ws/install/turtlesim/lib/libturtlesim__rosidl_generator_c.so
[2.587s] -- Up-to-date: /home/intern1/ros2_ws/install/turtlesim/include/turtlesim/turtlesim
[2.587s] -- Up-to-date: /home/intern1/ros2_ws/install/turtlesim/include/turtlesim/turtlesim/srv
[2.588s] -- Up-to-date: /home/intern1/ros2_ws/install/turtlesim/include/turtlesim/turtlesim/srv/detail
[2.588s] -- Up-to-date: /home/intern1/ros2_ws/install/turtlesim/include/turtlesim/turtlesim/srv/detail/kill__rosidl_typesupport_fastrtps_c.h
[2.588s] -- Up-to-date: /home/intern1/ros2_ws/install/turtlesim/include/turtlesim/turtlesim/srv/detail/spawn__rosidl_typesupport_fastrtps_c.h
[2.588s] -- Up-to-date: /home/intern1/ros2_ws/install/turtlesim/include/turtlesim/turtlesim/srv/detail/teleport_absolute__rosidl_typesupport_fastrtps_c.h
[2.588s] -- Up-to-date: /home/intern1/ros2_ws/install/turtlesim/include/turtlesim/turtlesim/srv/detail/set_pen__rosidl_typesupport_fastrtps_c.h
[2.588s] -- Up-to-date: /home/intern1/ros2_ws/install/turtlesim/include/turtlesim/turtlesim/srv/detail/teleport_relative__rosidl_typesupport_fastrtps_c.h
[2.588s] -- Up-to-date: /home/intern1/ros2_ws/install/turtlesim/include/turtlesim/turtlesim/msg
[2.588s] -- Up-to-date: /home/intern1/ros2_ws/install/turtlesim/include/turtlesim/turtlesim/msg/detail
[2.588s] -- Up-to-date: /home/intern1/ros2_ws/install/turtlesim/include/turtlesim/turtlesim/msg/detail/pose__rosidl_typesupport_fastrtps_c.h
[2.589s] -- Up-to-date: /home/intern1/ros2_ws/install/turtlesim/include/turtlesim/turtlesim/msg/detail/color__rosidl_typesupport_fastrtps_c.h
[2.589s] -- Up-to-date: /home/intern1/ros2_ws/install/turtlesim/include/turtlesim/turtlesim/msg/rosidl_typesupport_fastrtps_c__visibility_control.h
[2.589s] -- Up-to-date: /home/intern1/ros2_ws/install/turtlesim/include/turtlesim/turtlesim/action
[2.590s] -- Up-to-date: /home/intern1/ros2_ws/install/turtlesim/include/turtlesim/turtlesim/action/detail
[2.592s] -- Up-to-date: /home/intern1/ros2_ws/install/turtlesim/include/turtlesim/turtlesim/action/detail/rotate_absolute__rosidl_typesupport_fastrtps_c.h
[2.595s] -- Up-to-date: /home/intern1/ros2_ws/install/turtlesim/lib/libturtlesim__rosidl_typesupport_fastrtps_c.so
[2.596s] -- Up-to-date: /home/intern1/ros2_ws/install/turtlesim/include/turtlesim/turtlesim
[2.596s] -- Up-to-date: /home/intern1/ros2_ws/install/turtlesim/include/turtlesim/turtlesim/srv
[2.596s] -- Up-to-date: /home/intern1/ros2_ws/install/turtlesim/include/turtlesim/turtlesim/srv/teleport_relative.hpp
[2.596s] -- Up-to-date: /home/intern1/ros2_ws/install/turtlesim/include/turtlesim/turtlesim/srv/kill.hpp
[2.597s] -- Up-to-date: /home/intern1/ros2_ws/install/turtlesim/include/turtlesim/turtlesim/srv/teleport_absolute.hpp
[2.597s] -- Up-to-date: /home/intern1/ros2_ws/install/turtlesim/include/turtlesim/turtlesim/srv/detail
[2.597s] -- Up-to-date: /home/intern1/ros2_ws/install/turtlesim/include/turtlesim/turtlesim/srv/detail/kill__struct.hpp
[2.597s] -- Up-to-date: /home/intern1/ros2_ws/install/turtlesim/include/turtlesim/turtlesim/srv/detail/set_pen__builder.hpp
[2.597s] -- Up-to-date: /home/intern1/ros2_ws/install/turtlesim/include/turtlesim/turtlesim/srv/detail/teleport_relative__traits.hpp
[2.598s] -- Up-to-date: /home/intern1/ros2_ws/install/turtlesim/include/turtlesim/turtlesim/srv/detail/teleport_relative__struct.hpp
[2.598s] -- Up-to-date: /home/intern1/ros2_ws/install/turtlesim/include/turtlesim/turtlesim/srv/detail/set_pen__struct.hpp
[2.598s] -- Up-to-date: /home/intern1/ros2_ws/install/turtlesim/include/turtlesim/turtlesim/srv/detail/teleport_relative__type_support.hpp
[2.598s] -- Up-to-date: /home/intern1/ros2_ws/install/turtlesim/include/turtlesim/turtlesim/srv/detail/teleport_absolute__traits.hpp
[2.598s] -- Up-to-date: /home/intern1/ros2_ws/install/turtlesim/include/turtlesim/turtlesim/srv/detail/kill__traits.hpp
[2.599s] -- Up-to-date: /home/intern1/ros2_ws/install/turtlesim/include/turtlesim/turtlesim/srv/detail/kill__builder.hpp
[2.599s] -- Up-to-date: /home/intern1/ros2_ws/install/turtlesim/include/turtlesim/turtlesim/srv/detail/spawn__type_support.hpp
[2.603s] -- Up-to-date: /home/intern1/ros2_ws/install/turtlesim/include/turtlesim/turtlesim/srv/detail/spawn__struct.hpp
[2.604s] -- Up-to-date: /home/intern1/ros2_ws/install/turtlesim/include/turtlesim/turtlesim/srv/detail/set_pen__traits.hpp
[2.604s] -- Up-to-date: /home/intern1/ros2_ws/install/turtlesim/include/turtlesim/turtlesim/srv/detail/teleport_absolute__type_support.hpp
[2.604s] -- Up-to-date: /home/intern1/ros2_ws/install/turtlesim/include/turtlesim/turtlesim/srv/detail/spawn__builder.hpp
[2.605s] -- Up-to-date: /home/intern1/ros2_ws/install/turtlesim/include/turtlesim/turtlesim/srv/detail/set_pen__type_support.hpp
[2.605s] -- Up-to-date: /home/intern1/ros2_ws/install/turtlesim/include/turtlesim/turtlesim/srv/detail/teleport_absolute__builder.hpp
[2.605s] -- Up-to-date: /home/intern1/ros2_ws/install/turtlesim/include/turtlesim/turtlesim/srv/detail/kill__type_support.hpp
[2.605s] -- Up-to-date: /home/intern1/ros2_ws/install/turtlesim/include/turtlesim/turtlesim/srv/detail/teleport_relative__builder.hpp
[2.605s] -- Up-to-date: /home/intern1/ros2_ws/install/turtlesim/include/turtlesim/turtlesim/srv/detail/spawn__traits.hpp
[2.606s] -- Up-to-date: /home/intern1/ros2_ws/install/turtlesim/include/turtlesim/turtlesim/srv/detail/teleport_absolute__struct.hpp
[2.606s] -- Up-to-date: /home/intern1/ros2_ws/install/turtlesim/include/turtlesim/turtlesim/srv/set_pen.hpp
[2.608s] -- Up-to-date: /home/intern1/ros2_ws/install/turtlesim/include/turtlesim/turtlesim/srv/spawn.hpp
[2.608s] -- Up-to-date: /home/intern1/ros2_ws/install/turtlesim/include/turtlesim/turtlesim/msg
[2.609s] -- Up-to-date: /home/intern1/ros2_ws/install/turtlesim/include/turtlesim/turtlesim/msg/detail
[2.609s] -- Up-to-date: /home/intern1/ros2_ws/install/turtlesim/include/turtlesim/turtlesim/msg/detail/pose__struct.hpp
[2.609s] -- Up-to-date: /home/intern1/ros2_ws/install/turtlesim/include/turtlesim/turtlesim/msg/detail/pose__builder.hpp
[2.609s] -- Up-to-date: /home/intern1/ros2_ws/install/turtlesim/include/turtlesim/turtlesim/msg/detail/pose__traits.hpp
[2.609s] -- Up-to-date: /home/intern1/ros2_ws/install/turtlesim/include/turtlesim/turtlesim/msg/detail/color__builder.hpp
[2.609s] -- Up-to-date: /home/intern1/ros2_ws/install/turtlesim/include/turtlesim/turtlesim/msg/detail/color__type_support.hpp
[2.610s] -- Up-to-date: /home/intern1/ros2_ws/install/turtlesim/include/turtlesim/turtlesim/msg/detail/pose__type_support.hpp
[2.610s] -- Up-to-date: /home/intern1/ros2_ws/install/turtlesim/include/turtlesim/turtlesim/msg/detail/color__struct.hpp
[2.610s] -- Up-to-date: /home/intern1/ros2_ws/install/turtlesim/include/turtlesim/turtlesim/msg/detail/color__traits.hpp
[2.611s] -- Up-to-date: /home/intern1/ros2_ws/install/turtlesim/include/turtlesim/turtlesim/msg/color.hpp
[2.611s] -- Up-to-date: /home/intern1/ros2_ws/install/turtlesim/include/turtlesim/turtlesim/msg/rosidl_generator_cpp__visibility_control.hpp
[2.611s] -- Up-to-date: /home/intern1/ros2_ws/install/turtlesim/include/turtlesim/turtlesim/msg/pose.hpp
[2.611s] -- Up-to-date: /home/intern1/ros2_ws/install/turtlesim/include/turtlesim/turtlesim/action
[2.612s] -- Up-to-date: /home/intern1/ros2_ws/install/turtlesim/include/turtlesim/turtlesim/action/detail
[2.612s] -- Up-to-date: /home/intern1/ros2_ws/install/turtlesim/include/turtlesim/turtlesim/action/detail/rotate_absolute__traits.hpp
[2.612s] -- Up-to-date: /home/intern1/ros2_ws/install/turtlesim/include/turtlesim/turtlesim/action/detail/rotate_absolute__builder.hpp
[2.612s] -- Up-to-date: /home/intern1/ros2_ws/install/turtlesim/include/turtlesim/turtlesim/action/detail/rotate_absolute__struct.hpp
[2.612s] -- Up-to-date: /home/intern1/ros2_ws/install/turtlesim/include/turtlesim/turtlesim/action/detail/rotate_absolute__type_support.hpp
[2.612s] -- Up-to-date: /home/intern1/ros2_ws/install/turtlesim/include/turtlesim/turtlesim/action/rotate_absolute.hpp
[2.613s] -- Up-to-date: /home/intern1/ros2_ws/install/turtlesim/include/turtlesim/turtlesim
[2.613s] -- Up-to-date: /home/intern1/ros2_ws/install/turtlesim/include/turtlesim/turtlesim/srv
[2.613s] -- Up-to-date: /home/intern1/ros2_ws/install/turtlesim/include/turtlesim/turtlesim/srv/detail
[2.613s] -- Up-to-date: /home/intern1/ros2_ws/install/turtlesim/include/turtlesim/turtlesim/srv/detail/set_pen__rosidl_typesupport_fastrtps_cpp.hpp
[2.613s] -- Up-to-date: /home/intern1/ros2_ws/install/turtlesim/include/turtlesim/turtlesim/srv/detail/dds_fastrtps
[2.613s] -- Up-to-date: /home/intern1/ros2_ws/install/turtlesim/include/turtlesim/turtlesim/srv/detail/teleport_relative__rosidl_typesupport_fastrtps_cpp.hpp
[2.614s] -- Up-to-date: /home/intern1/ros2_ws/install/turtlesim/include/turtlesim/turtlesim/srv/detail/kill__rosidl_typesupport_fastrtps_cpp.hpp
[2.614s] -- Up-to-date: /home/intern1/ros2_ws/install/turtlesim/include/turtlesim/turtlesim/srv/detail/teleport_absolute__rosidl_typesupport_fastrtps_cpp.hpp
[2.614s] -- Up-to-date: /home/intern1/ros2_ws/install/turtlesim/include/turtlesim/turtlesim/srv/detail/spawn__rosidl_typesupport_fastrtps_cpp.hpp
[2.614s] -- Up-to-date: /home/intern1/ros2_ws/install/turtlesim/include/turtlesim/turtlesim/msg
[2.614s] -- Up-to-date: /home/intern1/ros2_ws/install/turtlesim/include/turtlesim/turtlesim/msg/rosidl_typesupport_fastrtps_cpp__visibility_control.h
[2.614s] -- Up-to-date: /home/intern1/ros2_ws/install/turtlesim/include/turtlesim/turtlesim/msg/detail
[2.614s] -- Up-to-date: /home/intern1/ros2_ws/install/turtlesim/include/turtlesim/turtlesim/msg/detail/dds_fastrtps
[2.614s] -- Up-to-date: /home/intern1/ros2_ws/install/turtlesim/include/turtlesim/turtlesim/msg/detail/pose__rosidl_typesupport_fastrtps_cpp.hpp
[2.615s] -- Up-to-date: /home/intern1/ros2_ws/install/turtlesim/include/turtlesim/turtlesim/msg/detail/color__rosidl_typesupport_fastrtps_cpp.hpp
[2.615s] -- Up-to-date: /home/intern1/ros2_ws/install/turtlesim/include/turtlesim/turtlesim/action
[2.615s] -- Up-to-date: /home/intern1/ros2_ws/install/turtlesim/include/turtlesim/turtlesim/action/detail
[2.615s] -- Up-to-date: /home/intern1/ros2_ws/install/turtlesim/include/turtlesim/turtlesim/action/detail/dds_fastrtps
[2.615s] -- Up-to-date: /home/intern1/ros2_ws/install/turtlesim/include/turtlesim/turtlesim/action/detail/rotate_absolute__rosidl_typesupport_fastrtps_cpp.hpp
[2.616s] -- Up-to-date: /home/intern1/ros2_ws/install/turtlesim/lib/libturtlesim__rosidl_typesupport_fastrtps_cpp.so
[2.616s] -- Up-to-date: /home/intern1/ros2_ws/install/turtlesim/include/turtlesim/turtlesim
[2.616s] -- Up-to-date: /home/intern1/ros2_ws/install/turtlesim/include/turtlesim/turtlesim/srv
[2.620s] -- Up-to-date: /home/intern1/ros2_ws/install/turtlesim/include/turtlesim/turtlesim/srv/detail
[2.620s] -- Up-to-date: /home/intern1/ros2_ws/install/turtlesim/include/turtlesim/turtlesim/srv/detail/teleport_absolute__rosidl_typesupport_introspection_c.h
[2.620s] -- Installing: /home/intern1/ros2_ws/install/turtlesim/include/turtlesim/turtlesim/srv/detail/teleport_absolute__type_support.c
[2.621s] -- Installing: /home/intern1/ros2_ws/install/turtlesim/include/turtlesim/turtlesim/srv/detail/set_pen__type_support.c
[2.621s] -- Up-to-date: /home/intern1/ros2_ws/install/turtlesim/include/turtlesim/turtlesim/srv/detail/spawn__rosidl_typesupport_introspection_c.h
[2.621s] -- Installing: /home/intern1/ros2_ws/install/turtlesim/include/turtlesim/turtlesim/srv/detail/teleport_relative__type_support.c
[2.622s] -- Up-to-date: /home/intern1/ros2_ws/install/turtlesim/include/turtlesim/turtlesim/srv/detail/set_pen__rosidl_typesupport_introspection_c.h
[2.623s] -- Installing: /home/intern1/ros2_ws/install/turtlesim/include/turtlesim/turtlesim/srv/detail/kill__type_support.c
[2.623s] -- Up-to-date: /home/intern1/ros2_ws/install/turtlesim/include/turtlesim/turtlesim/srv/detail/kill__rosidl_typesupport_introspection_c.h
[2.623s] -- Installing: /home/intern1/ros2_ws/install/turtlesim/include/turtlesim/turtlesim/srv/detail/spawn__type_support.c
[2.623s] -- Up-to-date: /home/intern1/ros2_ws/install/turtlesim/include/turtlesim/turtlesim/srv/detail/teleport_relative__rosidl_typesupport_introspection_c.h
[2.624s] -- Up-to-date: /home/intern1/ros2_ws/install/turtlesim/include/turtlesim/turtlesim/msg
[2.624s] -- Up-to-date: /home/intern1/ros2_ws/install/turtlesim/include/turtlesim/turtlesim/msg/rosidl_typesupport_introspection_c__visibility_control.h
[2.624s] -- Up-to-date: /home/intern1/ros2_ws/install/turtlesim/include/turtlesim/turtlesim/msg/detail
[2.625s] -- Up-to-date: /home/intern1/ros2_ws/install/turtlesim/include/turtlesim/turtlesim/msg/detail/pose__rosidl_typesupport_introspection_c.h
[2.625s] -- Installing: /home/intern1/ros2_ws/install/turtlesim/include/turtlesim/turtlesim/msg/detail/color__type_support.c
[2.626s] -- Installing: /home/intern1/ros2_ws/install/turtlesim/include/turtlesim/turtlesim/msg/detail/pose__type_support.c
[2.627s] -- Up-to-date: /home/intern1/ros2_ws/install/turtlesim/include/turtlesim/turtlesim/msg/detail/color__rosidl_typesupport_introspection_c.h
[2.628s] -- Up-to-date: /home/intern1/ros2_ws/install/turtlesim/include/turtlesim/turtlesim/action
[2.629s] -- Up-to-date: /home/intern1/ros2_ws/install/turtlesim/include/turtlesim/turtlesim/action/detail
[2.630s] -- Up-to-date: /home/intern1/ros2_ws/install/turtlesim/include/turtlesim/turtlesim/action/detail/rotate_absolute__rosidl_typesupport_introspection_c.h
[2.631s] -- Installing: /home/intern1/ros2_ws/install/turtlesim/include/turtlesim/turtlesim/action/detail/rotate_absolute__type_support.c
[2.632s] -- Up-to-date: /home/intern1/ros2_ws/install/turtlesim/lib/libturtlesim__rosidl_typesupport_introspection_c.so
[2.632s] -- Up-to-date: /home/intern1/ros2_ws/install/turtlesim/lib/libturtlesim__rosidl_typesupport_c.so
[2.632s] -- Up-to-date: /home/intern1/ros2_ws/install/turtlesim/include/turtlesim/turtlesim
[2.633s] -- Up-to-date: /home/intern1/ros2_ws/install/turtlesim/include/turtlesim/turtlesim/srv
[2.633s] -- Up-to-date: /home/intern1/ros2_ws/install/turtlesim/include/turtlesim/turtlesim/srv/detail
[2.634s] -- Up-to-date: /home/intern1/ros2_ws/install/turtlesim/include/turtlesim/turtlesim/srv/detail/teleport_absolute__rosidl_typesupport_introspection_cpp.hpp
[2.634s] -- Up-to-date: /home/intern1/ros2_ws/install/turtlesim/include/turtlesim/turtlesim/srv/detail/kill__rosidl_typesupport_introspection_cpp.hpp
[2.635s] -- Up-to-date: /home/intern1/ros2_ws/install/turtlesim/include/turtlesim/turtlesim/srv/detail/spawn__type_support.cpp
[2.635s] -- Up-to-date: /home/intern1/ros2_ws/install/turtlesim/include/turtlesim/turtlesim/srv/detail/set_pen__rosidl_typesupport_introspection_cpp.hpp
[2.636s] -- Up-to-date: /home/intern1/ros2_ws/install/turtlesim/include/turtlesim/turtlesim/srv/detail/teleport_relative__rosidl_typesupport_introspection_cpp.hpp
[2.637s] -- Up-to-date: /home/intern1/ros2_ws/install/turtlesim/include/turtlesim/turtlesim/srv/detail/spawn__rosidl_typesupport_introspection_cpp.hpp
[2.637s] -- Up-to-date: /home/intern1/ros2_ws/install/turtlesim/include/turtlesim/turtlesim/srv/detail/teleport_absolute__type_support.cpp
[2.638s] -- Up-to-date: /home/intern1/ros2_ws/install/turtlesim/include/turtlesim/turtlesim/srv/detail/set_pen__type_support.cpp
[2.638s] -- Up-to-date: /home/intern1/ros2_ws/install/turtlesim/include/turtlesim/turtlesim/srv/detail/kill__type_support.cpp
[2.639s] -- Up-to-date: /home/intern1/ros2_ws/install/turtlesim/include/turtlesim/turtlesim/srv/detail/teleport_relative__type_support.cpp
[2.640s] -- Up-to-date: /home/intern1/ros2_ws/install/turtlesim/include/turtlesim/turtlesim/msg
[2.640s] -- Up-to-date: /home/intern1/ros2_ws/install/turtlesim/include/turtlesim/turtlesim/msg/detail
[2.641s] -- Up-to-date: /home/intern1/ros2_ws/install/turtlesim/include/turtlesim/turtlesim/msg/detail/pose__type_support.cpp
[2.641s] -- Up-to-date: /home/intern1/ros2_ws/install/turtlesim/include/turtlesim/turtlesim/msg/detail/color__type_support.cpp
[2.641s] -- Up-to-date: /home/intern1/ros2_ws/install/turtlesim/include/turtlesim/turtlesim/msg/detail/color__rosidl_typesupport_introspection_cpp.hpp
[2.641s] -- Up-to-date: /home/intern1/ros2_ws/install/turtlesim/include/turtlesim/turtlesim/msg/detail/pose__rosidl_typesupport_introspection_cpp.hpp
[2.642s] -- Up-to-date: /home/intern1/ros2_ws/install/turtlesim/include/turtlesim/turtlesim/action
[2.642s] -- Up-to-date: /home/intern1/ros2_ws/install/turtlesim/include/turtlesim/turtlesim/action/detail
[2.642s] -- Up-to-date: /home/intern1/ros2_ws/install/turtlesim/include/turtlesim/turtlesim/action/detail/rotate_absolute__rosidl_typesupport_introspection_cpp.hpp
[2.642s] -- Up-to-date: /home/intern1/ros2_ws/install/turtlesim/include/turtlesim/turtlesim/action/detail/rotate_absolute__type_support.cpp
[2.642s] -- Up-to-date: /home/intern1/ros2_ws/install/turtlesim/lib/libturtlesim__rosidl_typesupport_introspection_cpp.so
[2.643s] -- Up-to-date: /home/intern1/ros2_ws/install/turtlesim/lib/libturtlesim__rosidl_typesupport_cpp.so
[2.643s] -- Up-to-date: /home/intern1/ros2_ws/install/turtlesim/share/turtlesim/environment/pythonpath.sh
[2.643s] -- Up-to-date: /home/intern1/ros2_ws/install/turtlesim/share/turtlesim/environment/pythonpath.dsv
[2.643s] -- Up-to-date: /home/intern1/ros2_ws/install/turtlesim/lib/python3.12/site-packages/turtlesim-1.8.3-py3.12.egg-info
[2.643s] -- Installing: /home/intern1/ros2_ws/install/turtlesim/lib/python3.12/site-packages/turtlesim-1.8.3-py3.12.egg-info/top_level.txt
[2.644s] -- Installing: /home/intern1/ros2_ws/install/turtlesim/lib/python3.12/site-packages/turtlesim-1.8.3-py3.12.egg-info/PKG-INFO
[2.644s] -- Installing: /home/intern1/ros2_ws/install/turtlesim/lib/python3.12/site-packages/turtlesim-1.8.3-py3.12.egg-info/SOURCES.txt
[2.644s] -- Installing: /home/intern1/ros2_ws/install/turtlesim/lib/python3.12/site-packages/turtlesim-1.8.3-py3.12.egg-info/dependency_links.txt
[2.645s] -- Up-to-date: /home/intern1/ros2_ws/install/turtlesim/lib/python3.12/site-packages/turtlesim
[2.645s] -- Up-to-date: /home/intern1/ros2_ws/install/turtlesim/lib/python3.12/site-packages/turtlesim/srv
[2.645s] -- Up-to-date: /home/intern1/ros2_ws/install/turtlesim/lib/python3.12/site-packages/turtlesim/srv/_set_pen.py
[2.645s] -- Up-to-date: /home/intern1/ros2_ws/install/turtlesim/lib/python3.12/site-packages/turtlesim/srv/_teleport_absolute_s.c
[2.645s] -- Up-to-date: /home/intern1/ros2_ws/install/turtlesim/lib/python3.12/site-packages/turtlesim/srv/_set_pen_s.c
[2.645s] -- Up-to-date: /home/intern1/ros2_ws/install/turtlesim/lib/python3.12/site-packages/turtlesim/srv/_teleport_absolute.py
[2.646s] -- Up-to-date: /home/intern1/ros2_ws/install/turtlesim/lib/python3.12/site-packages/turtlesim/srv/_teleport_relative.py
[2.646s] -- Up-to-date: /home/intern1/ros2_ws/install/turtlesim/lib/python3.12/site-packages/turtlesim/srv/__init__.py
[2.646s] -- Up-to-date: /home/intern1/ros2_ws/install/turtlesim/lib/python3.12/site-packages/turtlesim/srv/_kill.py
[2.646s] -- Up-to-date: /home/intern1/ros2_ws/install/turtlesim/lib/python3.12/site-packages/turtlesim/srv/_kill_s.c
[2.646s] -- Up-to-date: /home/intern1/ros2_ws/install/turtlesim/lib/python3.12/site-packages/turtlesim/srv/_spawn_s.c
[2.646s] -- Up-to-date: /home/intern1/ros2_ws/install/turtlesim/lib/python3.12/site-packages/turtlesim/srv/_spawn.py
[2.647s] -- Up-to-date: /home/intern1/ros2_ws/install/turtlesim/lib/python3.12/site-packages/turtlesim/srv/_teleport_relative_s.c
[2.647s] -- Up-to-date: /home/intern1/ros2_ws/install/turtlesim/lib/python3.12/site-packages/turtlesim/_turtlesim_s.ep.rosidl_typesupport_fastrtps_c.c
[2.647s] -- Up-to-date: /home/intern1/ros2_ws/install/turtlesim/lib/python3.12/site-packages/turtlesim/msg
[2.647s] -- Up-to-date: /home/intern1/ros2_ws/install/turtlesim/lib/python3.12/site-packages/turtlesim/msg/_color_s.c
[2.647s] -- Up-to-date: /home/intern1/ros2_ws/install/turtlesim/lib/python3.12/site-packages/turtlesim/msg/_pose.py
[2.647s] -- Up-to-date: /home/intern1/ros2_ws/install/turtlesim/lib/python3.12/site-packages/turtlesim/msg/_pose_s.c
[2.647s] -- Up-to-date: /home/intern1/ros2_ws/install/turtlesim/lib/python3.12/site-packages/turtlesim/msg/__init__.py
[2.648s] -- Up-to-date: /home/intern1/ros2_ws/install/turtlesim/lib/python3.12/site-packages/turtlesim/msg/_color.py
[2.648s] -- Up-to-date: /home/intern1/ros2_ws/install/turtlesim/lib/python3.12/site-packages/turtlesim/turtlesim_s__rosidl_typesupport_introspection_c.so
[2.648s] -- Up-to-date: /home/intern1/ros2_ws/install/turtlesim/lib/python3.12/site-packages/turtlesim/_turtlesim_s.ep.rosidl_typesupport_c.c
[2.648s] -- Up-to-date: /home/intern1/ros2_ws/install/turtlesim/lib/python3.12/site-packages/turtlesim/action
[2.648s] -- Up-to-date: /home/intern1/ros2_ws/install/turtlesim/lib/python3.12/site-packages/turtlesim/action/_rotate_absolute.py
[2.648s] -- Up-to-date: /home/intern1/ros2_ws/install/turtlesim/lib/python3.12/site-packages/turtlesim/action/__init__.py
[2.648s] -- Up-to-date: /home/intern1/ros2_ws/install/turtlesim/lib/python3.12/site-packages/turtlesim/action/_rotate_absolute_s.c
[2.648s] -- Up-to-date: /home/intern1/ros2_ws/install/turtlesim/lib/python3.12/site-packages/turtlesim/turtlesim_s__rosidl_typesupport_fastrtps_c.so
[2.649s] -- Up-to-date: /home/intern1/ros2_ws/install/turtlesim/lib/python3.12/site-packages/turtlesim/_turtlesim_s.ep.rosidl_typesupport_introspection_c.c
[2.649s] -- Up-to-date: /home/intern1/ros2_ws/install/turtlesim/lib/python3.12/site-packages/turtlesim/__init__.py
[2.649s] -- Up-to-date: /home/intern1/ros2_ws/install/turtlesim/lib/python3.12/site-packages/turtlesim/turtlesim_s__rosidl_typesupport_c.so
[2.703s] Listing '/home/intern1/ros2_ws/install/turtlesim/lib/python3.12/site-packages/turtlesim'...
[2.704s] Listing '/home/intern1/ros2_ws/install/turtlesim/lib/python3.12/site-packages/turtlesim/action'...
[2.705s] Listing '/home/intern1/ros2_ws/install/turtlesim/lib/python3.12/site-packages/turtlesim/msg'...
[2.705s] Listing '/home/intern1/ros2_ws/install/turtlesim/lib/python3.12/site-packages/turtlesim/srv'...
[2.720s] -- Up-to-date: /home/intern1/ros2_ws/install/turtlesim/lib/python3.12/site-packages/turtlesim/turtlesim_s__rosidl_typesupport_fastrtps_c.so
[2.721s] -- Up-to-date: /home/intern1/ros2_ws/install/turtlesim/lib/python3.12/site-packages/turtlesim/turtlesim_s__rosidl_typesupport_introspection_c.so
[2.722s] -- Up-to-date: /home/intern1/ros2_ws/install/turtlesim/lib/python3.12/site-packages/turtlesim/turtlesim_s__rosidl_typesupport_c.so
[2.725s] -- Up-to-date: /home/intern1/ros2_ws/install/turtlesim/lib/libturtlesim__rosidl_generator_py.so
[2.727s] -- Up-to-date: /home/intern1/ros2_ws/install/turtlesim/share/turtlesim/action/RotateAbsolute.idl
[2.727s] -- Up-to-date: /home/intern1/ros2_ws/install/turtlesim/share/turtlesim/msg/Color.idl
[2.727s] -- Up-to-date: /home/intern1/ros2_ws/install/turtlesim/share/turtlesim/msg/Pose.idl
[2.727s] -- Up-to-date: /home/intern1/ros2_ws/install/turtlesim/share/turtlesim/srv/Kill.idl
[2.728s] -- Up-to-date: /home/intern1/ros2_ws/install/turtlesim/share/turtlesim/srv/SetPen.idl
[2.728s] -- Up-to-date: /home/intern1/ros2_ws/install/turtlesim/share/turtlesim/srv/Spawn.idl
[2.729s] -- Up-to-date: /home/intern1/ros2_ws/install/turtlesim/share/turtlesim/srv/TeleportAbsolute.idl
[2.729s] -- Up-to-date: /home/intern1/ros2_ws/install/turtlesim/share/turtlesim/srv/TeleportRelative.idl
[2.730s] -- Up-to-date: /home/intern1/ros2_ws/install/turtlesim/share/turtlesim/action/RotateAbsolute.action
[2.732s] -- Up-to-date: /home/intern1/ros2_ws/install/turtlesim/share/turtlesim/msg/Color.msg
[2.733s] -- Up-to-date: /home/intern1/ros2_ws/install/turtlesim/share/turtlesim/msg/Pose.msg
[2.734s] -- Up-to-date: /home/intern1/ros2_ws/install/turtlesim/share/turtlesim/srv/Kill.srv
[2.734s] -- Up-to-date: /home/intern1/ros2_ws/install/turtlesim/share/turtlesim/srv/SetPen.srv
[2.734s] -- Up-to-date: /home/intern1/ros2_ws/install/turtlesim/share/turtlesim/srv/Spawn.srv
[2.734s] -- Up-to-date: /home/intern1/ros2_ws/install/turtlesim/share/turtlesim/srv/TeleportAbsolute.srv
[2.734s] -- Up-to-date: /home/intern1/ros2_ws/install/turtlesim/share/turtlesim/srv/TeleportRelative.srv
[2.735s] -- Up-to-date: /home/intern1/ros2_ws/install/turtlesim/lib/turtlesim/turtlesim_node
[2.735s] -- Up-to-date: /home/intern1/ros2_ws/install/turtlesim/lib/turtlesim/turtle_teleop_key
[2.735s] -- Up-to-date: /home/intern1/ros2_ws/install/turtlesim/lib/turtlesim/draw_square
[2.735s] -- Up-to-date: /home/intern1/ros2_ws/install/turtlesim/lib/turtlesim/mimic
[2.735s] -- Up-to-date: /home/intern1/ros2_ws/install/turtlesim/share/turtlesim/images
[2.735s] -- Up-to-date: /home/intern1/ros2_ws/install/turtlesim/share/turtlesim/images/iron.png
[2.736s] -- Up-to-date: /home/intern1/ros2_ws/install/turtlesim/share/turtlesim/images/jazzy.png
[2.736s] -- Up-to-date: /home/intern1/ros2_ws/install/turtlesim/share/turtlesim/images/dashing.png
[2.736s] -- Up-to-date: /home/intern1/ros2_ws/install/turtlesim/share/turtlesim/images/galactic.png
[2.736s] -- Up-to-date: /home/intern1/ros2_ws/install/turtlesim/share/turtlesim/images/ardent.png
[2.736s] -- Up-to-date: /home/intern1/ros2_ws/install/turtlesim/share/turtlesim/images/eloquent.png
[2.736s] -- Up-to-date: /home/intern1/ros2_ws/install/turtlesim/share/turtlesim/images/crystal.png
[2.736s] -- Up-to-date: /home/intern1/ros2_ws/install/turtlesim/share/turtlesim/images/foxy.png
[2.737s] -- Up-to-date: /home/intern1/ros2_ws/install/turtlesim/share/turtlesim/images/rolling.png
[2.737s] -- Up-to-date: /home/intern1/ros2_ws/install/turtlesim/share/turtlesim/images/bouncy.png
[2.737s] -- Up-to-date: /home/intern1/ros2_ws/install/turtlesim/share/turtlesim/images/humble.png
[2.737s] -- Up-to-date: /home/intern1/ros2_ws/install/turtlesim/share/turtlesim/launch
[2.737s] -- Up-to-date: /home/intern1/ros2_ws/install/turtlesim/share/turtlesim/launch/multisim.launch.py
[2.737s] -- Up-to-date: /home/intern1/ros2_ws/install/turtlesim/share/ament_index/resource_index/package_run_dependencies/turtlesim
[2.737s] -- Up-to-date: /home/intern1/ros2_ws/install/turtlesim/share/ament_index/resource_index/parent_prefix_path/turtlesim
[2.738s] -- Up-to-date: /home/intern1/ros2_ws/install/turtlesim/share/turtlesim/environment/ament_prefix_path.sh
[2.738s] -- Up-to-date: /home/intern1/ros2_ws/install/turtlesim/share/turtlesim/environment/ament_prefix_path.dsv
[2.738s] -- Up-to-date: /home/intern1/ros2_ws/install/turtlesim/share/turtlesim/environment/path.sh
[2.738s] -- Up-to-date: /home/intern1/ros2_ws/install/turtlesim/share/turtlesim/environment/path.dsv
[2.738s] -- Up-to-date: /home/intern1/ros2_ws/install/turtlesim/share/turtlesim/local_setup.bash
[2.738s] -- Up-to-date: /home/intern1/ros2_ws/install/turtlesim/share/turtlesim/local_setup.sh
[2.739s] -- Up-to-date: /home/intern1/ros2_ws/install/turtlesim/share/turtlesim/local_setup.zsh
[2.740s] -- Up-to-date: /home/intern1/ros2_ws/install/turtlesim/share/turtlesim/local_setup.dsv
[2.740s] -- Installing: /home/intern1/ros2_ws/install/turtlesim/share/turtlesim/package.dsv
[2.740s] -- Up-to-date: /home/intern1/ros2_ws/install/turtlesim/share/ament_index/resource_index/packages/turtlesim
[2.740s] -- Up-to-date: /home/intern1/ros2_ws/install/turtlesim/share/turtlesim/cmake/export_turtlesim__rosidl_generator_cExport.cmake
[2.740s] -- Up-to-date: /home/intern1/ros2_ws/install/turtlesim/share/turtlesim/cmake/export_turtlesim__rosidl_generator_cExport-noconfig.cmake
[2.741s] -- Up-to-date: /home/intern1/ros2_ws/install/turtlesim/share/turtlesim/cmake/export_turtlesim__rosidl_typesupport_fastrtps_cExport.cmake
[2.741s] -- Up-to-date: /home/intern1/ros2_ws/install/turtlesim/share/turtlesim/cmake/export_turtlesim__rosidl_typesupport_fastrtps_cExport-noconfig.cmake
[2.741s] -- Up-to-date: /home/intern1/ros2_ws/install/turtlesim/share/turtlesim/cmake/export_turtlesim__rosidl_generator_cppExport.cmake
[2.741s] -- Up-to-date: /home/intern1/ros2_ws/install/turtlesim/share/turtlesim/cmake/export_turtlesim__rosidl_typesupport_fastrtps_cppExport.cmake
[2.741s] -- Up-to-date: /home/intern1/ros2_ws/install/turtlesim/share/turtlesim/cmake/export_turtlesim__rosidl_typesupport_fastrtps_cppExport-noconfig.cmake
[2.742s] -- Up-to-date: /home/intern1/ros2_ws/install/turtlesim/share/turtlesim/cmake/turtlesim__rosidl_typesupport_introspection_cExport.cmake
[2.742s] -- Up-to-date: /home/intern1/ros2_ws/install/turtlesim/share/turtlesim/cmake/turtlesim__rosidl_typesupport_introspection_cExport-noconfig.cmake
[2.742s] -- Up-to-date: /home/intern1/ros2_ws/install/turtlesim/share/turtlesim/cmake/turtlesim__rosidl_typesupport_cExport.cmake
[2.742s] -- Up-to-date: /home/intern1/ros2_ws/install/turtlesim/share/turtlesim/cmake/turtlesim__rosidl_typesupport_cExport-noconfig.cmake
[2.742s] -- Up-to-date: /home/intern1/ros2_ws/install/turtlesim/share/turtlesim/cmake/turtlesim__rosidl_typesupport_introspection_cppExport.cmake
[2.743s] -- Up-to-date: /home/intern1/ros2_ws/install/turtlesim/share/turtlesim/cmake/turtlesim__rosidl_typesupport_introspection_cppExport-noconfig.cmake
[2.743s] -- Up-to-date: /home/intern1/ros2_ws/install/turtlesim/share/turtlesim/cmake/turtlesim__rosidl_typesupport_cppExport.cmake
[2.744s] -- Up-to-date: /home/intern1/ros2_ws/install/turtlesim/share/turtlesim/cmake/turtlesim__rosidl_typesupport_cppExport-noconfig.cmake
[2.744s] -- Up-to-date: /home/intern1/ros2_ws/install/turtlesim/share/turtlesim/cmake/export_turtlesim__rosidl_generator_pyExport.cmake
[2.744s] -- Up-to-date: /home/intern1/ros2_ws/install/turtlesim/share/turtlesim/cmake/export_turtlesim__rosidl_generator_pyExport-noconfig.cmake
[2.744s] -- Up-to-date: /home/intern1/ros2_ws/install/turtlesim/share/turtlesim/cmake/rosidl_cmake-extras.cmake
[2.744s] -- Up-to-date: /home/intern1/ros2_ws/install/turtlesim/share/turtlesim/cmake/ament_cmake_export_dependencies-extras.cmake
[2.745s] -- Up-to-date: /home/intern1/ros2_ws/install/turtlesim/share/turtlesim/cmake/ament_cmake_export_include_directories-extras.cmake
[2.745s] -- Up-to-date: /home/intern1/ros2_ws/install/turtlesim/share/turtlesim/cmake/ament_cmake_export_libraries-extras.cmake
[2.746s] -- Up-to-date: /home/intern1/ros2_ws/install/turtlesim/share/turtlesim/cmake/ament_cmake_export_targets-extras.cmake
[2.747s] -- Up-to-date: /home/intern1/ros2_ws/install/turtlesim/share/turtlesim/cmake/rosidl_cmake_export_typesupport_targets-extras.cmake
[2.747s] -- Up-to-date: /home/intern1/ros2_ws/install/turtlesim/share/turtlesim/cmake/rosidl_cmake_export_typesupport_libraries-extras.cmake
[2.748s] -- Up-to-date: /home/intern1/ros2_ws/install/turtlesim/share/turtlesim/cmake/turtlesimConfig.cmake
[2.748s] -- Up-to-date: /home/intern1/ros2_ws/install/turtlesim/share/turtlesim/cmake/turtlesimConfig-version.cmake
[2.748s] -- Up-to-date: /home/intern1/ros2_ws/install/turtlesim/share/turtlesim/package.xml
[2.761s] Invoked command in '/home/intern1/ros2_ws/build/turtlesim' returned '0': CMAKE_PREFIX_PATH=${CMAKE_PREFIX_PATH}:/home/intern1/ros2_ws/install/tb3_multi_robot:/home/intern1/ros2_ws/install/launch_testing_examples:/home/intern1/ros2_ws/install/examples_rclpy_pointcloud_publisher:/home/intern1/ros2_ws/install/examples_rclpy_minimal_subscriber:/home/intern1/ros2_ws/install/examples_rclpy_minimal_service:/home/intern1/ros2_ws/install/examples_rclpy_minimal_publisher:/home/intern1/ros2_ws/install/examples_rclpy_minimal_client:/home/intern1/ros2_ws/install/examples_rclpy_minimal_action_server:/home/intern1/ros2_ws/install/examples_rclpy_minimal_action_client:/home/intern1/ros2_ws/install/examples_rclpy_guard_conditions:/home/intern1/ros2_ws/install/examples_rclpy_executors:/home/intern1/ros2_ws/install/education_material:/home/intern1/ros2_ws/install/camera_follow:/home/intern1/ros2_ws/install/amr_ws:/opt/ros/jazzy DEBUGINFOD_URLS=https://debuginfod.ubuntu.com /usr/bin/cmake --install /home/intern1/ros2_ws/build/turtlesim
