[3.411s] Invoking command in '/home/intern1/ros2_ws/src/amr_ws': DEBUGINFOD_URLS=https://debuginfod.ubuntu.com PYTHONPATH=/home/intern1/ros2_ws/build/amr_ws/prefix_override:/usr/lib/python3/dist-packages/colcon_core/task/python/colcon_distutils_commands:/home/intern1/ros2_ws/install/amr_ws/lib/python3.12/site-packages:${PYTHONPATH} /usr/bin/python3 -W ignore:setup.py install is deprecated -W ignore:easy_install command is deprecated setup.py egg_info --egg-base ../../build/amr_ws build --build-base /home/intern1/ros2_ws/build/amr_ws/build install --record /home/intern1/ros2_ws/build/amr_ws/install.log --single-version-externally-managed install_data
[3.908s] running egg_info
[3.910s] writing ../../build/amr_ws/amr_ws.egg-info/PKG-INFO
[3.910s] writing dependency_links to ../../build/amr_ws/amr_ws.egg-info/dependency_links.txt
[3.910s] writing entry points to ../../build/amr_ws/amr_ws.egg-info/entry_points.txt
[3.911s] writing requirements to ../../build/amr_ws/amr_ws.egg-info/requires.txt
[3.911s] writing top-level names to ../../build/amr_ws/amr_ws.egg-info/top_level.txt
[3.960s] reading manifest file '../../build/amr_ws/amr_ws.egg-info/SOURCES.txt'
[3.961s] adding license file 'LICENSE'
[3.961s] writing manifest file '../../build/amr_ws/amr_ws.egg-info/SOURCES.txt'
[3.962s] running build
[3.962s] running build_py
[3.962s] copying amr_ws/webcam_line_follow.py -> /home/intern1/ros2_ws/build/amr_ws/build/lib/amr_ws
[3.963s] running install
[3.971s] running install_lib
[4.002s] copying /home/intern1/ros2_ws/build/amr_ws/build/lib/amr_ws/webcam_line_follow.py -> /home/intern1/ros2_ws/install/amr_ws/lib/python3.12/site-packages/amr_ws
[4.003s] byte-compiling /home/intern1/ros2_ws/install/amr_ws/lib/python3.12/site-packages/amr_ws/webcam_line_follow.py to webcam_line_follow.cpython-312.pyc
[4.004s] running install_data
[4.005s] running install_egg_info
[4.036s] removing '/home/intern1/ros2_ws/install/amr_ws/lib/python3.12/site-packages/amr_ws-0.0.0-py3.12.egg-info' (and everything under it)
[4.036s] Copying ../../build/amr_ws/amr_ws.egg-info to /home/intern1/ros2_ws/install/amr_ws/lib/python3.12/site-packages/amr_ws-0.0.0-py3.12.egg-info
[4.037s] running install_scripts
[4.239s] Installing Automation_and_Lidar script to /home/intern1/ros2_ws/install/amr_ws/lib/amr_ws
[4.239s] Installing Automation_and_Lidar2 script to /home/intern1/ros2_ws/install/amr_ws/lib/amr_ws
[4.239s] Installing Demo_Automation script to /home/intern1/ros2_ws/install/amr_ws/lib/amr_ws
[4.239s] Installing baselink_laser_tf script to /home/intern1/ros2_ws/install/amr_ws/lib/amr_ws
[4.240s] Installing camera_follow script to /home/intern1/ros2_ws/install/amr_ws/lib/amr_ws
[4.240s] Installing compass script to /home/intern1/ros2_ws/install/amr_ws/lib/amr_ws
[4.240s] Installing joystick_to_motor script to /home/intern1/ros2_ws/install/amr_ws/lib/amr_ws
[4.241s] Installing keyboard_listener script to /home/intern1/ros2_ws/install/amr_ws/lib/amr_ws
[4.241s] Installing webcam_line_follow script to /home/intern1/ros2_ws/install/amr_ws/lib/amr_ws
[4.241s] writing list of installed files to '/home/intern1/ros2_ws/build/amr_ws/install.log'
[4.877s] Invoked command in '/home/intern1/ros2_ws/src/amr_ws' returned '0': DEBUGINFOD_URLS=https://debuginfod.ubuntu.com PYTHONPATH=/home/intern1/ros2_ws/build/amr_ws/prefix_override:/usr/lib/python3/dist-packages/colcon_core/task/python/colcon_distutils_commands:/home/intern1/ros2_ws/install/amr_ws/lib/python3.12/site-packages:${PYTHONPATH} /usr/bin/python3 -W ignore:setup.py install is deprecated -W ignore:easy_install command is deprecated setup.py egg_info --egg-base ../../build/amr_ws build --build-base /home/intern1/ros2_ws/build/amr_ws/build install --record /home/intern1/ros2_ws/build/amr_ws/install.log --single-version-externally-managed install_data
