[5.654s] Invoking command in '/home/intern1/ros2_ws/build/examples_rclpy_minimal_action_server': DEBUGINFOD_URLS=https://debuginfod.ubuntu.com PYTHONPATH=/home/intern1/ros2_ws/build/examples_rclpy_minimal_action_server/prefix_override:/usr/lib/python3/dist-packages/colcon_core/task/python/colcon_distutils_commands:/home/intern1/ros2_ws/install/examples_rclpy_minimal_action_server/lib/python3.12/site-packages:${PYTHONPATH} /usr/bin/python3 -W ignore:setup.py install is deprecated -W ignore:easy_install command is deprecated setup.py develop --editable --build-directory /home/intern1/ros2_ws/build/examples_rclpy_minimal_action_server/build --no-deps symlink_data --force
[6.544s] running develop
[7.036s] running egg_info
[7.094s] writing examples_rclpy_minimal_action_server.egg-info/PKG-INFO
[7.094s] writing dependency_links to examples_rclpy_minimal_action_server.egg-info/dependency_links.txt
[7.095s] writing entry points to examples_rclpy_minimal_action_server.egg-info/entry_points.txt
[7.095s] writing requirements to examples_rclpy_minimal_action_server.egg-info/requires.txt
[7.095s] writing top-level names to examples_rclpy_minimal_action_server.egg-info/top_level.txt
[7.222s] reading manifest file 'examples_rclpy_minimal_action_server.egg-info/SOURCES.txt'
[7.222s] writing manifest file 'examples_rclpy_minimal_action_server.egg-info/SOURCES.txt'
[7.286s] running build_ext
[7.287s] Creating /home/intern1/ros2_ws/install/examples_rclpy_minimal_action_server/lib/python3.12/site-packages/examples-rclpy-minimal-action-server.egg-link (link to .)
[7.287s] Installing server script to /home/intern1/ros2_ws/install/examples_rclpy_minimal_action_server/lib/examples_rclpy_minimal_action_server
[7.287s] Installing server_defer script to /home/intern1/ros2_ws/install/examples_rclpy_minimal_action_server/lib/examples_rclpy_minimal_action_server
[7.287s] Installing server_not_composable script to /home/intern1/ros2_ws/install/examples_rclpy_minimal_action_server/lib/examples_rclpy_minimal_action_server
[7.288s] Installing server_queue_goals script to /home/intern1/ros2_ws/install/examples_rclpy_minimal_action_server/lib/examples_rclpy_minimal_action_server
[7.288s] Installing server_single_goal script to /home/intern1/ros2_ws/install/examples_rclpy_minimal_action_server/lib/examples_rclpy_minimal_action_server
[7.289s] 
[7.289s] Installed /home/intern1/ros2_ws/build/examples_rclpy_minimal_action_server
[7.292s] running symlink_data
[7.292s] symbolically linking /home/intern1/ros2_ws/build/examples_rclpy_minimal_action_server/resource/examples_rclpy_minimal_action_server -> /home/intern1/ros2_ws/install/examples_rclpy_minimal_action_server/share/ament_index/resource_index/packages
[7.292s] symbolically linking /home/intern1/ros2_ws/build/examples_rclpy_minimal_action_server/package.xml -> /home/intern1/ros2_ws/install/examples_rclpy_minimal_action_server/share/examples_rclpy_minimal_action_server
[7.398s] Invoked command in '/home/intern1/ros2_ws/build/examples_rclpy_minimal_action_server' returned '0': DEBUGINFOD_URLS=https://debuginfod.ubuntu.com PYTHONPATH=/home/intern1/ros2_ws/build/examples_rclpy_minimal_action_server/prefix_override:/usr/lib/python3/dist-packages/colcon_core/task/python/colcon_distutils_commands:/home/intern1/ros2_ws/install/examples_rclpy_minimal_action_server/lib/python3.12/site-packages:${PYTHONPATH} /usr/bin/python3 -W ignore:setup.py install is deprecated -W ignore:easy_install command is deprecated setup.py develop --editable --build-directory /home/intern1/ros2_ws/build/examples_rclpy_minimal_action_server/build --no-deps symlink_data --force
