[5.883s] Invoking command in '/home/intern1/ros2_ws/src/amr_ws': DEBUGINFOD_URLS=https://debuginfod.ubuntu.com PYTHONPATH=/home/intern1/ros2_ws/build/amr_ws/prefix_override:/usr/lib/python3/dist-packages/colcon_core/task/python/colcon_distutils_commands:/home/intern1/ros2_ws/install/amr_ws/lib/python3.12/site-packages:${PYTHONPATH} /usr/bin/python3 -W ignore:setup.py install is deprecated -W ignore:easy_install command is deprecated setup.py egg_info --egg-base ../../build/amr_ws build --build-base /home/intern1/ros2_ws/build/amr_ws/build install --record /home/intern1/ros2_ws/build/amr_ws/install.log --single-version-externally-managed install_data
[6.453s] running egg_info
[6.487s] writing ../../build/amr_ws/amr_ws.egg-info/PKG-INFO
[6.487s] writing dependency_links to ../../build/amr_ws/amr_ws.egg-info/dependency_links.txt
[6.487s] writing entry points to ../../build/amr_ws/amr_ws.egg-info/entry_points.txt
[6.487s] writing requirements to ../../build/amr_ws/amr_ws.egg-info/requires.txt
[6.487s] writing top-level names to ../../build/amr_ws/amr_ws.egg-info/top_level.txt
[6.557s] reading manifest file '../../build/amr_ws/amr_ws.egg-info/SOURCES.txt'
[6.558s] adding license file 'LICENSE'
[6.558s] writing manifest file '../../build/amr_ws/amr_ws.egg-info/SOURCES.txt'
[6.559s] running build
[6.559s] running build_py
[6.561s] running install
[6.574s] running install_lib
[6.611s] running install_data
[6.611s] running install_egg_info
[6.646s] removing '/home/intern1/ros2_ws/install/amr_ws/lib/python3.12/site-packages/amr_ws-0.0.0-py3.12.egg-info' (and everything under it)
[6.651s] Copying ../../build/amr_ws/amr_ws.egg-info to /home/intern1/ros2_ws/install/amr_ws/lib/python3.12/site-packages/amr_ws-0.0.0-py3.12.egg-info
[6.653s] running install_scripts
[7.046s] Installing Automation_and_Lidar script to /home/intern1/ros2_ws/install/amr_ws/lib/amr_ws
[7.047s] Installing Automation_and_Lidar2 script to /home/intern1/ros2_ws/install/amr_ws/lib/amr_ws
[7.047s] Installing Demo_Automation script to /home/intern1/ros2_ws/install/amr_ws/lib/amr_ws
[7.047s] Installing baselink_laser_tf script to /home/intern1/ros2_ws/install/amr_ws/lib/amr_ws
[7.048s] Installing camera_follow script to /home/intern1/ros2_ws/install/amr_ws/lib/amr_ws
[7.048s] Installing cmdvelsmoothed_to_cmdvel script to /home/intern1/ros2_ws/install/amr_ws/lib/amr_ws
[7.048s] Installing compass script to /home/intern1/ros2_ws/install/amr_ws/lib/amr_ws
[7.048s] Installing joystick_to_motor script to /home/intern1/ros2_ws/install/amr_ws/lib/amr_ws
[7.048s] Installing keyboard_listener script to /home/intern1/ros2_ws/install/amr_ws/lib/amr_ws
[7.048s] Installing webcam_line_follow script to /home/intern1/ros2_ws/install/amr_ws/lib/amr_ws
[7.049s] writing list of installed files to '/home/intern1/ros2_ws/build/amr_ws/install.log'
[7.115s] Invoked command in '/home/intern1/ros2_ws/src/amr_ws' returned '0': DEBUGINFOD_URLS=https://debuginfod.ubuntu.com PYTHONPATH=/home/intern1/ros2_ws/build/amr_ws/prefix_override:/usr/lib/python3/dist-packages/colcon_core/task/python/colcon_distutils_commands:/home/intern1/ros2_ws/install/amr_ws/lib/python3.12/site-packages:${PYTHONPATH} /usr/bin/python3 -W ignore:setup.py install is deprecated -W ignore:easy_install command is deprecated setup.py egg_info --egg-base ../../build/amr_ws build --build-base /home/intern1/ros2_ws/build/amr_ws/build install --record /home/intern1/ros2_ws/build/amr_ws/install.log --single-version-externally-managed install_data
