[3.904s] Invoking command in '/home/intern1/ros2_ws/src/examples/rclpy/services/minimal_service': DEBUGINFOD_URLS=https://debuginfod.ubuntu.com PYTHONPATH=/home/intern1/ros2_ws/build/examples_rclpy_minimal_service/prefix_override:/usr/lib/python3/dist-packages/colcon_core/task/python/colcon_distutils_commands:/home/intern1/ros2_ws/install/examples_rclpy_minimal_service/lib/python3.12/site-packages:${PYTHONPATH} /usr/bin/python3 -W ignore:setup.py install is deprecated -W ignore:easy_install command is deprecated setup.py egg_info --egg-base ../../../../../build/examples_rclpy_minimal_service build --build-base /home/intern1/ros2_ws/build/examples_rclpy_minimal_service/build install --record /home/intern1/ros2_ws/build/examples_rclpy_minimal_service/install.log --single-version-externally-managed install_data
[4.423s] running egg_info
[4.452s] writing ../../../../../build/examples_rclpy_minimal_service/examples_rclpy_minimal_service.egg-info/PKG-INFO
[4.453s] writing dependency_links to ../../../../../build/examples_rclpy_minimal_service/examples_rclpy_minimal_service.egg-info/dependency_links.txt
[4.453s] writing entry points to ../../../../../build/examples_rclpy_minimal_service/examples_rclpy_minimal_service.egg-info/entry_points.txt
[4.453s] writing requirements to ../../../../../build/examples_rclpy_minimal_service/examples_rclpy_minimal_service.egg-info/requires.txt
[4.454s] writing top-level names to ../../../../../build/examples_rclpy_minimal_service/examples_rclpy_minimal_service.egg-info/top_level.txt
[4.512s] reading manifest file '../../../../../build/examples_rclpy_minimal_service/examples_rclpy_minimal_service.egg-info/SOURCES.txt'
[4.514s] writing manifest file '../../../../../build/examples_rclpy_minimal_service/examples_rclpy_minimal_service.egg-info/SOURCES.txt'
[4.514s] running build
[4.515s] running build_py
[4.515s] running install
[4.523s] running install_lib
[4.555s] running install_data
[4.555s] running install_egg_info
[4.587s] removing '/home/intern1/ros2_ws/install/examples_rclpy_minimal_service/lib/python3.12/site-packages/examples_rclpy_minimal_service-0.19.7-py3.12.egg-info' (and everything under it)
[4.587s] Copying ../../../../../build/examples_rclpy_minimal_service/examples_rclpy_minimal_service.egg-info to /home/intern1/ros2_ws/install/examples_rclpy_minimal_service/lib/python3.12/site-packages/examples_rclpy_minimal_service-0.19.7-py3.12.egg-info
[4.588s] running install_scripts
[4.798s] Installing service script to /home/intern1/ros2_ws/install/examples_rclpy_minimal_service/lib/examples_rclpy_minimal_service
[4.799s] Installing service_member_function script to /home/intern1/ros2_ws/install/examples_rclpy_minimal_service/lib/examples_rclpy_minimal_service
[4.799s] writing list of installed files to '/home/intern1/ros2_ws/build/examples_rclpy_minimal_service/install.log'
[4.867s] Invoked command in '/home/intern1/ros2_ws/src/examples/rclpy/services/minimal_service' returned '0': DEBUGINFOD_URLS=https://debuginfod.ubuntu.com PYTHONPATH=/home/intern1/ros2_ws/build/examples_rclpy_minimal_service/prefix_override:/usr/lib/python3/dist-packages/colcon_core/task/python/colcon_distutils_commands:/home/intern1/ros2_ws/install/examples_rclpy_minimal_service/lib/python3.12/site-packages:${PYTHONPATH} /usr/bin/python3 -W ignore:setup.py install is deprecated -W ignore:easy_install command is deprecated setup.py egg_info --egg-base ../../../../../build/examples_rclpy_minimal_service build --build-base /home/intern1/ros2_ws/build/examples_rclpy_minimal_service/build install --record /home/intern1/ros2_ws/build/examples_rclpy_minimal_service/install.log --single-version-externally-managed install_data
