[0.012s] Invoking command in '/home/intern1/ros2_ws/build/ros2_slam_auto_navigation': CMAKE_PREFIX_PATH=${CMAKE_PREFIX_PATH}:/opt/ros/jazzy DEBUGINFOD_URLS=https://debuginfod.ubuntu.com /usr/bin/cmake /home/intern1/ros2_ws/src/ros2-slam-auto-navigation -DCMAKE_INSTALL_PREFIX=/home/intern1/ros2_ws/install/ros2_slam_auto_navigation
[0.650s] -- The C compiler identification is GNU 13.3.0
[0.650s] -- The CXX compiler identification is GNU 13.3.0
[0.651s] -- Detecting C compiler ABI info
[0.651s] -- Detecting C compiler ABI info - done
[0.651s] -- Check for working C compiler: /usr/bin/cc - skipped
[0.651s] -- Detecting C compile features
[0.651s] -- Detecting C compile features - done
[0.651s] -- Detecting CXX compiler ABI info
[0.651s] -- Detecting CXX compiler ABI info - done
[0.651s] -- Check for working CXX compiler: /usr/bin/c++ - skipped
[0.651s] -- Detecting CXX compile features
[0.652s] -- Detecting CXX compile features - done
[0.652s] -- Found ament_cmake: 2.5.5 (/opt/ros/jazzy/share/ament_cmake/cmake)
[0.812s] -- Found Python3: /usr/bin/python3 (found version "3.12.3") found components: Interpreter 
[0.971s] -- Found ament_lint_auto: 0.17.4 (/opt/ros/jazzy/share/ament_lint_auto/cmake)
[1.104s] -- Added test 'copyright' to check source files copyright and LICENSE
[1.109s] -- Added test 'flake8' to check Python code syntax and style conventions
[1.109s] -- Configured 'flake8' exclude dirs and/or files: 
[1.110s] -- Added test 'lint_cmake' to check CMake code style
[1.111s] -- Added test 'pep257' to check Python code against some of the docstring style conventions in PEP 257
[1.113s] -- Added test 'xmllint' to check XML markup files
[1.114s] -- Configuring done (1.1s)
[1.116s] -- Generating done (0.0s)
[1.117s] -- Build files have been written to: /home/intern1/ros2_ws/build/ros2_slam_auto_navigation
[1.122s] Invoked command in '/home/intern1/ros2_ws/build/ros2_slam_auto_navigation' returned '0': CMAKE_PREFIX_PATH=${CMAKE_PREFIX_PATH}:/opt/ros/jazzy DEBUGINFOD_URLS=https://debuginfod.ubuntu.com /usr/bin/cmake /home/intern1/ros2_ws/src/ros2-slam-auto-navigation -DCMAKE_INSTALL_PREFIX=/home/intern1/ros2_ws/install/ros2_slam_auto_navigation
[1.123s] Invoking command in '/home/intern1/ros2_ws/build/ros2_slam_auto_navigation': CMAKE_PREFIX_PATH=${CMAKE_PREFIX_PATH}:/opt/ros/jazzy DEBUGINFOD_URLS=https://debuginfod.ubuntu.com /usr/bin/cmake --build /home/intern1/ros2_ws/build/ros2_slam_auto_navigation -- -j14 -l14
[1.593s] Invoked command in '/home/intern1/ros2_ws/build/ros2_slam_auto_navigation' returned '0': CMAKE_PREFIX_PATH=${CMAKE_PREFIX_PATH}:/opt/ros/jazzy DEBUGINFOD_URLS=https://debuginfod.ubuntu.com /usr/bin/cmake --build /home/intern1/ros2_ws/build/ros2_slam_auto_navigation -- -j14 -l14
[1.594s] Invoking command in '/home/intern1/ros2_ws/build/ros2_slam_auto_navigation': CMAKE_PREFIX_PATH=${CMAKE_PREFIX_PATH}:/opt/ros/jazzy DEBUGINFOD_URLS=https://debuginfod.ubuntu.com /usr/bin/cmake --install /home/intern1/ros2_ws/build/ros2_slam_auto_navigation
[1.633s] -- Install configuration: ""
[1.634s] -- Installing: /home/intern1/ros2_ws/install/ros2_slam_auto_navigation/share/ros2_slam_auto_navigation/config
[1.634s] -- Installing: /home/intern1/ros2_ws/install/ros2_slam_auto_navigation/share/ros2_slam_auto_navigation/config/mapper_params_online_async.yaml
[1.634s] -- Installing: /home/intern1/ros2_ws/install/ros2_slam_auto_navigation/share/ros2_slam_auto_navigation/config/my_controller.yaml
[1.634s] -- Installing: /home/intern1/ros2_ws/install/ros2_slam_auto_navigation/share/ros2_slam_auto_navigation/config/twist_mux.yaml
[1.634s] -- Installing: /home/intern1/ros2_ws/install/ros2_slam_auto_navigation/share/ros2_slam_auto_navigation/config/gazebo_params.yaml
[1.634s] -- Installing: /home/intern1/ros2_ws/install/ros2_slam_auto_navigation/share/ros2_slam_auto_navigation/description
[1.634s] -- Installing: /home/intern1/ros2_ws/install/ros2_slam_auto_navigation/share/ros2_slam_auto_navigation/description/inertial_macros.xacro
[1.634s] -- Installing: /home/intern1/ros2_ws/install/ros2_slam_auto_navigation/share/ros2_slam_auto_navigation/description/robot.urdf.xacro
[1.634s] -- Installing: /home/intern1/ros2_ws/install/ros2_slam_auto_navigation/share/ros2_slam_auto_navigation/description/depth_camera.xacro
[1.634s] -- Installing: /home/intern1/ros2_ws/install/ros2_slam_auto_navigation/share/ros2_slam_auto_navigation/description/camera.xacro
[1.634s] -- Installing: /home/intern1/ros2_ws/install/ros2_slam_auto_navigation/share/ros2_slam_auto_navigation/description/gazebo_control.xacro
[1.634s] -- Installing: /home/intern1/ros2_ws/install/ros2_slam_auto_navigation/share/ros2_slam_auto_navigation/description/robot_base.xacro
[1.634s] -- Installing: /home/intern1/ros2_ws/install/ros2_slam_auto_navigation/share/ros2_slam_auto_navigation/description/lidar.xacro
[1.635s] -- Installing: /home/intern1/ros2_ws/install/ros2_slam_auto_navigation/share/ros2_slam_auto_navigation/description/ros2_control.xacro
[1.635s] -- Installing: /home/intern1/ros2_ws/install/ros2_slam_auto_navigation/share/ros2_slam_auto_navigation/launch
[1.635s] -- Installing: /home/intern1/ros2_ws/install/ros2_slam_auto_navigation/share/ros2_slam_auto_navigation/launch/rsp.launch.py
[1.635s] -- Installing: /home/intern1/ros2_ws/install/ros2_slam_auto_navigation/share/ros2_slam_auto_navigation/launch/launch_sim.launch.py
[1.635s] -- Installing: /home/intern1/ros2_ws/install/ros2_slam_auto_navigation/share/ros2_slam_auto_navigation/launch/slam_navigation.launch.py
[1.635s] -- Installing: /home/intern1/ros2_ws/install/ros2_slam_auto_navigation/share/ros2_slam_auto_navigation/worlds
[1.635s] -- Installing: /home/intern1/ros2_ws/install/ros2_slam_auto_navigation/share/ros2_slam_auto_navigation/worlds/simple.world
[1.635s] -- Installing: /home/intern1/ros2_ws/install/ros2_slam_auto_navigation/share/ament_index/resource_index/package_run_dependencies/ros2_slam_auto_navigation
[1.635s] -- Installing: /home/intern1/ros2_ws/install/ros2_slam_auto_navigation/share/ament_index/resource_index/parent_prefix_path/ros2_slam_auto_navigation
[1.636s] -- Installing: /home/intern1/ros2_ws/install/ros2_slam_auto_navigation/share/ros2_slam_auto_navigation/environment/ament_prefix_path.sh
[1.636s] -- Installing: /home/intern1/ros2_ws/install/ros2_slam_auto_navigation/share/ros2_slam_auto_navigation/environment/ament_prefix_path.dsv
[1.636s] -- Installing: /home/intern1/ros2_ws/install/ros2_slam_auto_navigation/share/ros2_slam_auto_navigation/environment/path.sh
[1.636s] -- Installing: /home/intern1/ros2_ws/install/ros2_slam_auto_navigation/share/ros2_slam_auto_navigation/environment/path.dsv
[1.636s] -- Installing: /home/intern1/ros2_ws/install/ros2_slam_auto_navigation/share/ros2_slam_auto_navigation/local_setup.bash
[1.636s] -- Installing: /home/intern1/ros2_ws/install/ros2_slam_auto_navigation/share/ros2_slam_auto_navigation/local_setup.sh
[1.636s] -- Installing: /home/intern1/ros2_ws/install/ros2_slam_auto_navigation/share/ros2_slam_auto_navigation/local_setup.zsh
[1.636s] -- Installing: /home/intern1/ros2_ws/install/ros2_slam_auto_navigation/share/ros2_slam_auto_navigation/local_setup.dsv
[1.636s] -- Installing: /home/intern1/ros2_ws/install/ros2_slam_auto_navigation/share/ros2_slam_auto_navigation/package.dsv
[1.636s] -- Installing: /home/intern1/ros2_ws/install/ros2_slam_auto_navigation/share/ament_index/resource_index/packages/ros2_slam_auto_navigation
[1.636s] -- Installing: /home/intern1/ros2_ws/install/ros2_slam_auto_navigation/share/ros2_slam_auto_navigation/cmake/ros2_slam_auto_navigationConfig.cmake
[1.636s] -- Installing: /home/intern1/ros2_ws/install/ros2_slam_auto_navigation/share/ros2_slam_auto_navigation/cmake/ros2_slam_auto_navigationConfig-version.cmake
[1.636s] -- Installing: /home/intern1/ros2_ws/install/ros2_slam_auto_navigation/share/ros2_slam_auto_navigation/package.xml
[1.638s] Invoked command in '/home/intern1/ros2_ws/build/ros2_slam_auto_navigation' returned '0': CMAKE_PREFIX_PATH=${CMAKE_PREFIX_PATH}:/opt/ros/jazzy DEBUGINFOD_URLS=https://debuginfod.ubuntu.com /usr/bin/cmake --install /home/intern1/ros2_ws/build/ros2_slam_auto_navigation
