[2.751s] Invoking command in '/home/intern1/ros2_ws/src/education_material': DEBUGINFOD_URLS=https://debuginfod.ubuntu.com PYTHONPATH=/home/intern1/ros2_ws/build/education_material/prefix_override:/usr/lib/python3/dist-packages/colcon_core/task/python/colcon_distutils_commands:/home/intern1/ros2_ws/install/education_material/lib/python3.12/site-packages:${PYTHONPATH} /usr/bin/python3 -W ignore:setup.py install is deprecated -W ignore:easy_install command is deprecated setup.py egg_info --egg-base ../../build/education_material build --build-base /home/intern1/ros2_ws/build/education_material/build install --record /home/intern1/ros2_ws/build/education_material/install.log --single-version-externally-managed install_data
[3.050s] running egg_info
[3.074s] writing ../../build/education_material/education_material.egg-info/PKG-INFO
[3.074s] writing dependency_links to ../../build/education_material/education_material.egg-info/dependency_links.txt
[3.074s] writing entry points to ../../build/education_material/education_material.egg-info/entry_points.txt
[3.074s] writing requirements to ../../build/education_material/education_material.egg-info/requires.txt
[3.074s] writing top-level names to ../../build/education_material/education_material.egg-info/top_level.txt
[3.120s] reading manifest file '../../build/education_material/education_material.egg-info/SOURCES.txt'
[3.121s] adding license file 'LICENSE'
[3.121s] writing manifest file '../../build/education_material/education_material.egg-info/SOURCES.txt'
[3.123s] running build
[3.123s] running build_py
[3.123s] running install
[3.129s] running install_lib
[3.153s] running install_data
[3.153s] running install_egg_info
[3.177s] removing '/home/intern1/ros2_ws/install/education_material/lib/python3.12/site-packages/education_material-0.0.0-py3.12.egg-info' (and everything under it)
[3.178s] Copying ../../build/education_material/education_material.egg-info to /home/intern1/ros2_ws/install/education_material/lib/python3.12/site-packages/education_material-0.0.0-py3.12.egg-info
[3.180s] running install_scripts
[3.337s] Installing evenodd_checker script to /home/intern1/ros2_ws/install/education_material/lib/education_material
[3.337s] Installing int_pub script to /home/intern1/ros2_ws/install/education_material/lib/education_material
[3.338s] Installing int_sub script to /home/intern1/ros2_ws/install/education_material/lib/education_material
[3.338s] Installing keypressed_calculator script to /home/intern1/ros2_ws/install/education_material/lib/education_material
[3.338s] Installing keypressed_talker script to /home/intern1/ros2_ws/install/education_material/lib/education_material
[3.339s] Installing keypressed_to_cmdvel script to /home/intern1/ros2_ws/install/education_material/lib/education_material
[3.339s] Installing string_pub script to /home/intern1/ros2_ws/install/education_material/lib/education_material
[3.339s] Installing string_sub script to /home/intern1/ros2_ws/install/education_material/lib/education_material
[3.340s] writing list of installed files to '/home/intern1/ros2_ws/build/education_material/install.log'
[3.599s] Invoked command in '/home/intern1/ros2_ws/src/education_material' returned '0': DEBUGINFOD_URLS=https://debuginfod.ubuntu.com PYTHONPATH=/home/intern1/ros2_ws/build/education_material/prefix_override:/usr/lib/python3/dist-packages/colcon_core/task/python/colcon_distutils_commands:/home/intern1/ros2_ws/install/education_material/lib/python3.12/site-packages:${PYTHONPATH} /usr/bin/python3 -W ignore:setup.py install is deprecated -W ignore:easy_install command is deprecated setup.py egg_info --egg-base ../../build/education_material build --build-base /home/intern1/ros2_ws/build/education_material/build install --record /home/intern1/ros2_ws/build/education_material/install.log --single-version-externally-managed install_data
