[1.090s] Invoking command in '/home/intern1/ros2_ws/src/amr_ws': DEBUGINFOD_URLS=https://debuginfod.ubuntu.com PYTHONPATH=/home/intern1/ros2_ws/build/amr_ws/prefix_override:/usr/lib/python3/dist-packages/colcon_core/task/python/colcon_distutils_commands:/home/intern1/ros2_ws/install/amr_ws/lib/python3.12/site-packages:${PYTHONPATH} /usr/bin/python3 -W ignore:setup.py install is deprecated -W ignore:easy_install command is deprecated setup.py egg_info --egg-base ../../build/amr_ws build --build-base /home/intern1/ros2_ws/build/amr_ws/build install --record /home/intern1/ros2_ws/build/amr_ws/install.log --single-version-externally-managed install_data
[1.418s] running egg_info
[1.439s] writing ../../build/amr_ws/amr_ws.egg-info/PKG-INFO
[1.439s] writing dependency_links to ../../build/amr_ws/amr_ws.egg-info/dependency_links.txt
[1.440s] writing entry points to ../../build/amr_ws/amr_ws.egg-info/entry_points.txt
[1.440s] writing requirements to ../../build/amr_ws/amr_ws.egg-info/requires.txt
[1.440s] writing top-level names to ../../build/amr_ws/amr_ws.egg-info/top_level.txt
[1.482s] reading manifest file '../../build/amr_ws/amr_ws.egg-info/SOURCES.txt'
[1.482s] adding license file 'LICENSE'
[1.483s] writing manifest file '../../build/amr_ws/amr_ws.egg-info/SOURCES.txt'
[1.483s] running build
[1.483s] running build_py
[1.483s] copying amr_ws/orchestrator_node.py -> /home/intern1/ros2_ws/build/amr_ws/build/lib/amr_ws
[1.484s] running install
[1.491s] running install_lib
[1.512s] copying /home/intern1/ros2_ws/build/amr_ws/build/lib/amr_ws/orchestrator_node.py -> /home/intern1/ros2_ws/install/amr_ws/lib/python3.12/site-packages/amr_ws
[1.513s] byte-compiling /home/intern1/ros2_ws/install/amr_ws/lib/python3.12/site-packages/amr_ws/orchestrator_node.py to orchestrator_node.cpython-312.pyc
[1.519s] running install_data
[1.519s] running install_egg_info
[1.542s] removing '/home/intern1/ros2_ws/install/amr_ws/lib/python3.12/site-packages/amr_ws-0.0.0-py3.12.egg-info' (and everything under it)
[1.542s] Copying ../../build/amr_ws/amr_ws.egg-info to /home/intern1/ros2_ws/install/amr_ws/lib/python3.12/site-packages/amr_ws-0.0.0-py3.12.egg-info
[1.542s] running install_scripts
[1.683s] Installing Automation_and_Lidar script to /home/intern1/ros2_ws/install/amr_ws/lib/amr_ws
[1.683s] Installing Automation_and_Lidar2 script to /home/intern1/ros2_ws/install/amr_ws/lib/amr_ws
[1.684s] Installing Demo_Automation script to /home/intern1/ros2_ws/install/amr_ws/lib/amr_ws
[1.684s] Installing baselink_laser_tf script to /home/intern1/ros2_ws/install/amr_ws/lib/amr_ws
[1.684s] Installing camera_follow script to /home/intern1/ros2_ws/install/amr_ws/lib/amr_ws
[1.684s] Installing cmdvelsmoothed_to_cmdvel script to /home/intern1/ros2_ws/install/amr_ws/lib/amr_ws
[1.685s] Installing compass script to /home/intern1/ros2_ws/install/amr_ws/lib/amr_ws
[1.685s] Installing joystick_to_motor script to /home/intern1/ros2_ws/install/amr_ws/lib/amr_ws
[1.685s] Installing keyboard_listener script to /home/intern1/ros2_ws/install/amr_ws/lib/amr_ws
[1.685s] Installing localization_node script to /home/intern1/ros2_ws/install/amr_ws/lib/amr_ws
[1.685s] Installing orchestrator_node script to /home/intern1/ros2_ws/install/amr_ws/lib/amr_ws
[1.686s] Installing path_logger script to /home/intern1/ros2_ws/install/amr_ws/lib/amr_ws
[1.686s] Installing path_publisher script to /home/intern1/ros2_ws/install/amr_ws/lib/amr_ws
[1.686s] Installing return_home_node script to /home/intern1/ros2_ws/install/amr_ws/lib/amr_ws
[1.686s] Installing webcam_line_follow script to /home/intern1/ros2_ws/install/amr_ws/lib/amr_ws
[1.686s] writing list of installed files to '/home/intern1/ros2_ws/build/amr_ws/install.log'
[1.729s] Invoked command in '/home/intern1/ros2_ws/src/amr_ws' returned '0': DEBUGINFOD_URLS=https://debuginfod.ubuntu.com PYTHONPATH=/home/intern1/ros2_ws/build/amr_ws/prefix_override:/usr/lib/python3/dist-packages/colcon_core/task/python/colcon_distutils_commands:/home/intern1/ros2_ws/install/amr_ws/lib/python3.12/site-packages:${PYTHONPATH} /usr/bin/python3 -W ignore:setup.py install is deprecated -W ignore:easy_install command is deprecated setup.py egg_info --egg-base ../../build/amr_ws build --build-base /home/intern1/ros2_ws/build/amr_ws/build install --record /home/intern1/ros2_ws/build/amr_ws/install.log --single-version-externally-managed install_data
