running develop
Removing /home/intern1/ros2_ws/install/amr_ws/lib/python3.12/site-packages/amr-ws.egg-link (link to .)
running egg_info
writing ../../build/amr_ws/amr_ws.egg-info/PKG-INFO
writing dependency_links to ../../build/amr_ws/amr_ws.egg-info/dependency_links.txt
writing entry points to ../../build/amr_ws/amr_ws.egg-info/entry_points.txt
writing requirements to ../../build/amr_ws/amr_ws.egg-info/requires.txt
writing top-level names to ../../build/amr_ws/amr_ws.egg-info/top_level.txt
reading manifest file '../../build/amr_ws/amr_ws.egg-info/SOURCES.txt'
adding license file 'LICENSE'
writing manifest file '../../build/amr_ws/amr_ws.egg-info/SOURCES.txt'
running build
running build_py
copying amr_ws/path_logger.py -> /home/intern1/ros2_ws/build/amr_ws/build/lib/amr_ws
copying amr_ws/orchestrator_node.py -> /home/intern1/ros2_ws/build/amr_ws/build/lib/amr_ws
running install
running install_lib
creating /home/intern1/ros2_ws/install/amr_ws/lib/python3.12/site-packages/amr_ws
copying /home/intern1/ros2_ws/build/amr_ws/build/lib/amr_ws/Automation_and_Lidar2.py -> /home/intern1/ros2_ws/install/amr_ws/lib/python3.12/site-packages/amr_ws
copying /home/intern1/ros2_ws/build/amr_ws/build/lib/amr_ws/mvc01_node.py -> /home/intern1/ros2_ws/install/amr_ws/lib/python3.12/site-packages/amr_ws
copying /home/intern1/ros2_ws/build/amr_ws/build/lib/amr_ws/path_logger.py -> /home/intern1/ros2_ws/install/amr_ws/lib/python3.12/site-packages/amr_ws
copying /home/intern1/ros2_ws/build/amr_ws/build/lib/amr_ws/cmdvelsmoothed_to_cmdvel.py -> /home/intern1/ros2_ws/install/amr_ws/lib/python3.12/site-packages/amr_ws
copying /home/intern1/ros2_ws/build/amr_ws/build/lib/amr_ws/Demo_Automation.py -> /home/intern1/ros2_ws/install/amr_ws/lib/python3.12/site-packages/amr_ws
copying /home/intern1/ros2_ws/build/amr_ws/build/lib/amr_ws/camera_follow.py -> /home/intern1/ros2_ws/install/amr_ws/lib/python3.12/site-packages/amr_ws
copying /home/intern1/ros2_ws/build/amr_ws/build/lib/amr_ws/keyboard_listener.py -> /home/intern1/ros2_ws/install/amr_ws/lib/python3.12/site-packages/amr_ws
copying /home/intern1/ros2_ws/build/amr_ws/build/lib/amr_ws/compass.py -> /home/intern1/ros2_ws/install/amr_ws/lib/python3.12/site-packages/amr_ws
copying /home/intern1/ros2_ws/build/amr_ws/build/lib/amr_ws/Automation_and_Lidar.py -> /home/intern1/ros2_ws/install/amr_ws/lib/python3.12/site-packages/amr_ws
copying /home/intern1/ros2_ws/build/amr_ws/build/lib/amr_ws/baselink_laser_tf.py -> /home/intern1/ros2_ws/install/amr_ws/lib/python3.12/site-packages/amr_ws
copying /home/intern1/ros2_ws/build/amr_ws/build/lib/amr_ws/localization_node.py -> /home/intern1/ros2_ws/install/amr_ws/lib/python3.12/site-packages/amr_ws
copying /home/intern1/ros2_ws/build/amr_ws/build/lib/amr_ws/joystick_to_motor.py -> /home/intern1/ros2_ws/install/amr_ws/lib/python3.12/site-packages/amr_ws
copying /home/intern1/ros2_ws/build/amr_ws/build/lib/amr_ws/__init__.py -> /home/intern1/ros2_ws/install/amr_ws/lib/python3.12/site-packages/amr_ws
copying /home/intern1/ros2_ws/build/amr_ws/build/lib/amr_ws/orchestrator_node.py -> /home/intern1/ros2_ws/install/amr_ws/lib/python3.12/site-packages/amr_ws
copying /home/intern1/ros2_ws/build/amr_ws/build/lib/amr_ws/return_home_node.py -> /home/intern1/ros2_ws/install/amr_ws/lib/python3.12/site-packages/amr_ws
copying /home/intern1/ros2_ws/build/amr_ws/build/lib/amr_ws/webcam_line_follow.py -> /home/intern1/ros2_ws/install/amr_ws/lib/python3.12/site-packages/amr_ws
copying /home/intern1/ros2_ws/build/amr_ws/build/lib/amr_ws/path_publisher.py -> /home/intern1/ros2_ws/install/amr_ws/lib/python3.12/site-packages/amr_ws
byte-compiling /home/intern1/ros2_ws/install/amr_ws/lib/python3.12/site-packages/amr_ws/Automation_and_Lidar2.py to Automation_and_Lidar2.cpython-312.pyc
byte-compiling /home/intern1/ros2_ws/install/amr_ws/lib/python3.12/site-packages/amr_ws/mvc01_node.py to mvc01_node.cpython-312.pyc
byte-compiling /home/intern1/ros2_ws/install/amr_ws/lib/python3.12/site-packages/amr_ws/path_logger.py to path_logger.cpython-312.pyc
byte-compiling /home/intern1/ros2_ws/install/amr_ws/lib/python3.12/site-packages/amr_ws/cmdvelsmoothed_to_cmdvel.py to cmdvelsmoothed_to_cmdvel.cpython-312.pyc
byte-compiling /home/intern1/ros2_ws/install/amr_ws/lib/python3.12/site-packages/amr_ws/Demo_Automation.py to Demo_Automation.cpython-312.pyc
byte-compiling /home/intern1/ros2_ws/install/amr_ws/lib/python3.12/site-packages/amr_ws/camera_follow.py to camera_follow.cpython-312.pyc
byte-compiling /home/intern1/ros2_ws/install/amr_ws/lib/python3.12/site-packages/amr_ws/keyboard_listener.py to keyboard_listener.cpython-312.pyc
byte-compiling /home/intern1/ros2_ws/install/amr_ws/lib/python3.12/site-packages/amr_ws/compass.py to compass.cpython-312.pyc
byte-compiling /home/intern1/ros2_ws/install/amr_ws/lib/python3.12/site-packages/amr_ws/Automation_and_Lidar.py to Automation_and_Lidar.cpython-312.pyc
byte-compiling /home/intern1/ros2_ws/install/amr_ws/lib/python3.12/site-packages/amr_ws/baselink_laser_tf.py to baselink_laser_tf.cpython-312.pyc
byte-compiling /home/intern1/ros2_ws/install/amr_ws/lib/python3.12/site-packages/amr_ws/localization_node.py to localization_node.cpython-312.pyc
byte-compiling /home/intern1/ros2_ws/install/amr_ws/lib/python3.12/site-packages/amr_ws/joystick_to_motor.py to joystick_to_motor.cpython-312.pyc
byte-compiling /home/intern1/ros2_ws/install/amr_ws/lib/python3.12/site-packages/amr_ws/__init__.py to __init__.cpython-312.pyc
byte-compiling /home/intern1/ros2_ws/install/amr_ws/lib/python3.12/site-packages/amr_ws/orchestrator_node.py to orchestrator_node.cpython-312.pyc
byte-compiling /home/intern1/ros2_ws/install/amr_ws/lib/python3.12/site-packages/amr_ws/return_home_node.py to return_home_node.cpython-312.pyc
byte-compiling /home/intern1/ros2_ws/install/amr_ws/lib/python3.12/site-packages/amr_ws/webcam_line_follow.py to webcam_line_follow.cpython-312.pyc
byte-compiling /home/intern1/ros2_ws/install/amr_ws/lib/python3.12/site-packages/amr_ws/path_publisher.py to path_publisher.cpython-312.pyc
running install_data
copying resource/amr_ws -> /home/intern1/ros2_ws/install/amr_ws/share/ament_index/resource_index/packages
copying package.xml -> /home/intern1/ros2_ws/install/amr_ws/share/amr_ws
copying launch/slam_toolbox_launch.py -> /home/intern1/ros2_ws/install/amr_ws/share/amr_ws/launch
copying params/slam_param.yaml -> /home/intern1/ros2_ws/install/amr_ws/share/amr_ws/params
copying waypoints/waypoints.yaml -> /home/intern1/ros2_ws/install/amr_ws/share/amr_ws/waypoints
running install_egg_info
Copying ../../build/amr_ws/amr_ws.egg-info to /home/intern1/ros2_ws/install/amr_ws/lib/python3.12/site-packages/amr_ws-0.0.0-py3.12.egg-info
running install_scripts
Installing Automation_and_Lidar script to /home/intern1/ros2_ws/install/amr_ws/lib/amr_ws
Installing Automation_and_Lidar2 script to /home/intern1/ros2_ws/install/amr_ws/lib/amr_ws
Installing Demo_Automation script to /home/intern1/ros2_ws/install/amr_ws/lib/amr_ws
Installing baselink_laser_tf script to /home/intern1/ros2_ws/install/amr_ws/lib/amr_ws
Installing camera_follow script to /home/intern1/ros2_ws/install/amr_ws/lib/amr_ws
Installing cmdvelsmoothed_to_cmdvel script to /home/intern1/ros2_ws/install/amr_ws/lib/amr_ws
Installing compass script to /home/intern1/ros2_ws/install/amr_ws/lib/amr_ws
Installing joystick_to_motor script to /home/intern1/ros2_ws/install/amr_ws/lib/amr_ws
Installing keyboard_listener script to /home/intern1/ros2_ws/install/amr_ws/lib/amr_ws
Installing localization_node script to /home/intern1/ros2_ws/install/amr_ws/lib/amr_ws
Installing orchestrator_node script to /home/intern1/ros2_ws/install/amr_ws/lib/amr_ws
Installing path_logger script to /home/intern1/ros2_ws/install/amr_ws/lib/amr_ws
Installing path_publisher script to /home/intern1/ros2_ws/install/amr_ws/lib/amr_ws
Installing return_home_node script to /home/intern1/ros2_ws/install/amr_ws/lib/amr_ws
Installing webcam_line_follow script to /home/intern1/ros2_ws/install/amr_ws/lib/amr_ws
writing list of installed files to '/home/intern1/ros2_ws/build/amr_ws/install.log'
