[0.047s] Invoking command in '/home/intern1/ros2_ws/build/ros2_slam_auto_navigation': CMAKE_PREFIX_PATH=${CMAKE_PREFIX_PATH}:/opt/ros/jazzy DEBUGINFOD_URLS=https://debuginfod.ubuntu.com /usr/bin/cmake /home/intern1/ros2_ws/src/ros2-slam-auto-navigation -DCMAKE_INSTALL_PREFIX=/home/intern1/ros2_ws/install/ros2_slam_auto_navigation
[0.239s] -- The C compiler identification is GNU 13.3.0
[0.435s] -- The CXX compiler identification is GNU 13.3.0
[0.521s] -- Detecting C compiler ABI info
[0.779s] -- Detecting C compiler ABI info - done
[0.805s] -- Check for working C compiler: /usr/bin/cc - skipped
[0.810s] -- Detecting C compile features
[0.811s] -- Detecting C compile features - done
[0.838s] -- Detecting CXX compiler ABI info
[1.125s] -- Detecting CXX compiler ABI info - done
[1.158s] -- Check for working CXX compiler: /usr/bin/c++ - skipped
[1.166s] -- Detecting CXX compile features
[1.166s] -- Detecting CXX compile features - done
[1.177s] -- Found ament_cmake: 2.5.6 (/opt/ros/jazzy/share/ament_cmake/cmake)
[1.721s] -- Found Python3: /usr/bin/python3 (found version "3.12.3") found components: Interpreter 
[2.102s] -- Found ament_lint_auto: 0.17.5 (/opt/ros/jazzy/share/ament_lint_auto/cmake)
[2.381s] -- Added test 'copyright' to check source files copyright and LICENSE
[2.394s] -- Added test 'flake8' to check Python code syntax and style conventions
[2.398s] -- Configured 'flake8' exclude dirs and/or files: 
[2.401s] -- Added test 'lint_cmake' to check CMake code style
[2.403s] -- Added test 'pep257' to check Python code against some of the docstring style conventions in PEP 257
[2.410s] -- Added test 'xmllint' to check XML markup files
[2.414s] -- Configuring done (2.4s)
[2.419s] -- Generating done (0.0s)
[2.424s] -- Build files have been written to: /home/intern1/ros2_ws/build/ros2_slam_auto_navigation
[2.439s] Invoked command in '/home/intern1/ros2_ws/build/ros2_slam_auto_navigation' returned '0': CMAKE_PREFIX_PATH=${CMAKE_PREFIX_PATH}:/opt/ros/jazzy DEBUGINFOD_URLS=https://debuginfod.ubuntu.com /usr/bin/cmake /home/intern1/ros2_ws/src/ros2-slam-auto-navigation -DCMAKE_INSTALL_PREFIX=/home/intern1/ros2_ws/install/ros2_slam_auto_navigation
[2.439s] Invoking command in '/home/intern1/ros2_ws/build/ros2_slam_auto_navigation': CMAKE_PREFIX_PATH=${CMAKE_PREFIX_PATH}:/opt/ros/jazzy DEBUGINFOD_URLS=https://debuginfod.ubuntu.com /usr/bin/cmake --build /home/intern1/ros2_ws/build/ros2_slam_auto_navigation -- -j14 -l14
[3.800s] Invoked command in '/home/intern1/ros2_ws/build/ros2_slam_auto_navigation' returned '0': CMAKE_PREFIX_PATH=${CMAKE_PREFIX_PATH}:/opt/ros/jazzy DEBUGINFOD_URLS=https://debuginfod.ubuntu.com /usr/bin/cmake --build /home/intern1/ros2_ws/build/ros2_slam_auto_navigation -- -j14 -l14
[3.801s] Invoking command in '/home/intern1/ros2_ws/build/ros2_slam_auto_navigation': CMAKE_PREFIX_PATH=${CMAKE_PREFIX_PATH}:/opt/ros/jazzy DEBUGINFOD_URLS=https://debuginfod.ubuntu.com /usr/bin/cmake --install /home/intern1/ros2_ws/build/ros2_slam_auto_navigation
[3.838s] -- Install configuration: ""
[3.839s] -- Installing: /home/intern1/ros2_ws/install/ros2_slam_auto_navigation/share/ros2_slam_auto_navigation/config
[3.842s] -- Installing: /home/intern1/ros2_ws/install/ros2_slam_auto_navigation/share/ros2_slam_auto_navigation/config/mapper_params_online_async.yaml
[3.843s] -- Installing: /home/intern1/ros2_ws/install/ros2_slam_auto_navigation/share/ros2_slam_auto_navigation/config/my_controller.yaml
[3.843s] -- Installing: /home/intern1/ros2_ws/install/ros2_slam_auto_navigation/share/ros2_slam_auto_navigation/config/twist_mux.yaml
[3.843s] -- Installing: /home/intern1/ros2_ws/install/ros2_slam_auto_navigation/share/ros2_slam_auto_navigation/config/gazebo_params.yaml
[3.843s] -- Installing: /home/intern1/ros2_ws/install/ros2_slam_auto_navigation/share/ros2_slam_auto_navigation/description
[3.844s] -- Installing: /home/intern1/ros2_ws/install/ros2_slam_auto_navigation/share/ros2_slam_auto_navigation/description/inertial_macros.xacro
[3.844s] -- Installing: /home/intern1/ros2_ws/install/ros2_slam_auto_navigation/share/ros2_slam_auto_navigation/description/robot.urdf.xacro
[3.844s] -- Installing: /home/intern1/ros2_ws/install/ros2_slam_auto_navigation/share/ros2_slam_auto_navigation/description/depth_camera.xacro
[3.844s] -- Installing: /home/intern1/ros2_ws/install/ros2_slam_auto_navigation/share/ros2_slam_auto_navigation/description/camera.xacro
[3.844s] -- Installing: /home/intern1/ros2_ws/install/ros2_slam_auto_navigation/share/ros2_slam_auto_navigation/description/gazebo_control.xacro
[3.845s] -- Installing: /home/intern1/ros2_ws/install/ros2_slam_auto_navigation/share/ros2_slam_auto_navigation/description/robot_base.xacro
[3.845s] -- Installing: /home/intern1/ros2_ws/install/ros2_slam_auto_navigation/share/ros2_slam_auto_navigation/description/lidar.xacro
[3.845s] -- Installing: /home/intern1/ros2_ws/install/ros2_slam_auto_navigation/share/ros2_slam_auto_navigation/description/ros2_control.xacro
[3.845s] -- Installing: /home/intern1/ros2_ws/install/ros2_slam_auto_navigation/share/ros2_slam_auto_navigation/launch
[3.847s] -- Installing: /home/intern1/ros2_ws/install/ros2_slam_auto_navigation/share/ros2_slam_auto_navigation/launch/rsp.launch.py
[3.849s] -- Installing: /home/intern1/ros2_ws/install/ros2_slam_auto_navigation/share/ros2_slam_auto_navigation/launch/launch_sim.launch.py
[3.849s] -- Installing: /home/intern1/ros2_ws/install/ros2_slam_auto_navigation/share/ros2_slam_auto_navigation/launch/slam_navigation.launch.py
[3.850s] -- Installing: /home/intern1/ros2_ws/install/ros2_slam_auto_navigation/share/ros2_slam_auto_navigation/worlds
[3.850s] -- Installing: /home/intern1/ros2_ws/install/ros2_slam_auto_navigation/share/ros2_slam_auto_navigation/worlds/simple.world
[3.850s] -- Installing: /home/intern1/ros2_ws/install/ros2_slam_auto_navigation/share/ament_index/resource_index/package_run_dependencies/ros2_slam_auto_navigation
[3.850s] -- Installing: /home/intern1/ros2_ws/install/ros2_slam_auto_navigation/share/ament_index/resource_index/parent_prefix_path/ros2_slam_auto_navigation
[3.850s] -- Installing: /home/intern1/ros2_ws/install/ros2_slam_auto_navigation/share/ros2_slam_auto_navigation/environment/ament_prefix_path.sh
[3.850s] -- Installing: /home/intern1/ros2_ws/install/ros2_slam_auto_navigation/share/ros2_slam_auto_navigation/environment/ament_prefix_path.dsv
[3.851s] -- Installing: /home/intern1/ros2_ws/install/ros2_slam_auto_navigation/share/ros2_slam_auto_navigation/environment/path.sh
[3.853s] -- Installing: /home/intern1/ros2_ws/install/ros2_slam_auto_navigation/share/ros2_slam_auto_navigation/environment/path.dsv
[3.854s] -- Installing: /home/intern1/ros2_ws/install/ros2_slam_auto_navigation/share/ros2_slam_auto_navigation/local_setup.bash
[3.855s] -- Installing: /home/intern1/ros2_ws/install/ros2_slam_auto_navigation/share/ros2_slam_auto_navigation/local_setup.sh
[3.855s] -- Installing: /home/intern1/ros2_ws/install/ros2_slam_auto_navigation/share/ros2_slam_auto_navigation/local_setup.zsh
[3.855s] -- Installing: /home/intern1/ros2_ws/install/ros2_slam_auto_navigation/share/ros2_slam_auto_navigation/local_setup.dsv
[3.855s] -- Installing: /home/intern1/ros2_ws/install/ros2_slam_auto_navigation/share/ros2_slam_auto_navigation/package.dsv
[3.855s] -- Installing: /home/intern1/ros2_ws/install/ros2_slam_auto_navigation/share/ament_index/resource_index/packages/ros2_slam_auto_navigation
[3.855s] -- Installing: /home/intern1/ros2_ws/install/ros2_slam_auto_navigation/share/ros2_slam_auto_navigation/cmake/ros2_slam_auto_navigationConfig.cmake
[3.855s] -- Installing: /home/intern1/ros2_ws/install/ros2_slam_auto_navigation/share/ros2_slam_auto_navigation/cmake/ros2_slam_auto_navigationConfig-version.cmake
[3.856s] -- Installing: /home/intern1/ros2_ws/install/ros2_slam_auto_navigation/share/ros2_slam_auto_navigation/package.xml
[3.884s] Invoked command in '/home/intern1/ros2_ws/build/ros2_slam_auto_navigation' returned '0': CMAKE_PREFIX_PATH=${CMAKE_PREFIX_PATH}:/opt/ros/jazzy DEBUGINFOD_URLS=https://debuginfod.ubuntu.com /usr/bin/cmake --install /home/intern1/ros2_ws/build/ros2_slam_auto_navigation
