[2.575s] Invoking command in '/home/intern1/ros2_ws/build/sam_bot_description': CMAKE_PREFIX_PATH=${CMAKE_PREFIX_PATH}:/home/intern1/ros2_ws/install/launch_testing_examples:/home/intern1/ros2_ws/install/examples_rclpy_pointcloud_publisher:/home/intern1/ros2_ws/install/examples_rclpy_minimal_subscriber:/home/intern1/ros2_ws/install/examples_rclpy_minimal_service:/home/intern1/ros2_ws/install/examples_rclpy_minimal_publisher:/home/intern1/ros2_ws/install/examples_rclpy_minimal_client:/home/intern1/ros2_ws/install/examples_rclpy_minimal_action_server:/home/intern1/ros2_ws/install/examples_rclpy_minimal_action_client:/home/intern1/ros2_ws/install/examples_rclpy_guard_conditions:/home/intern1/ros2_ws/install/examples_rclpy_executors:/home/intern1/ros2_ws/install/amr_ws:/opt/ros/jazzy DEBUGINFOD_URLS=https://debuginfod.ubuntu.com /usr/bin/cmake --build /home/intern1/ros2_ws/build/sam_bot_description -- -j14 -l14
[2.669s] Invoked command in '/home/intern1/ros2_ws/build/sam_bot_description' returned '0': CMAKE_PREFIX_PATH=${CMAKE_PREFIX_PATH}:/home/intern1/ros2_ws/install/launch_testing_examples:/home/intern1/ros2_ws/install/examples_rclpy_pointcloud_publisher:/home/intern1/ros2_ws/install/examples_rclpy_minimal_subscriber:/home/intern1/ros2_ws/install/examples_rclpy_minimal_service:/home/intern1/ros2_ws/install/examples_rclpy_minimal_publisher:/home/intern1/ros2_ws/install/examples_rclpy_minimal_client:/home/intern1/ros2_ws/install/examples_rclpy_minimal_action_server:/home/intern1/ros2_ws/install/examples_rclpy_minimal_action_client:/home/intern1/ros2_ws/install/examples_rclpy_guard_conditions:/home/intern1/ros2_ws/install/examples_rclpy_executors:/home/intern1/ros2_ws/install/amr_ws:/opt/ros/jazzy DEBUGINFOD_URLS=https://debuginfod.ubuntu.com /usr/bin/cmake --build /home/intern1/ros2_ws/build/sam_bot_description -- -j14 -l14
[2.671s] Invoking command in '/home/intern1/ros2_ws/build/sam_bot_description': CMAKE_PREFIX_PATH=${CMAKE_PREFIX_PATH}:/home/intern1/ros2_ws/install/launch_testing_examples:/home/intern1/ros2_ws/install/examples_rclpy_pointcloud_publisher:/home/intern1/ros2_ws/install/examples_rclpy_minimal_subscriber:/home/intern1/ros2_ws/install/examples_rclpy_minimal_service:/home/intern1/ros2_ws/install/examples_rclpy_minimal_publisher:/home/intern1/ros2_ws/install/examples_rclpy_minimal_client:/home/intern1/ros2_ws/install/examples_rclpy_minimal_action_server:/home/intern1/ros2_ws/install/examples_rclpy_minimal_action_client:/home/intern1/ros2_ws/install/examples_rclpy_guard_conditions:/home/intern1/ros2_ws/install/examples_rclpy_executors:/home/intern1/ros2_ws/install/amr_ws:/opt/ros/jazzy DEBUGINFOD_URLS=https://debuginfod.ubuntu.com /usr/bin/cmake --install /home/intern1/ros2_ws/build/sam_bot_description
[2.688s] -- Install configuration: ""
[2.689s] -- Up-to-date: /home/intern1/ros2_ws/install/sam_bot_description/share/sam_bot_description/src/description
[2.690s] -- Up-to-date: /home/intern1/ros2_ws/install/sam_bot_description/share/sam_bot_description/src/description/sam_bot_description.urdf.xacro
[2.690s] -- Up-to-date: /home/intern1/ros2_ws/install/sam_bot_description/share/sam_bot_description/src
[2.691s] -- Up-to-date: /home/intern1/ros2_ws/install/sam_bot_description/share/sam_bot_description/src/description
[2.691s] -- Up-to-date: /home/intern1/ros2_ws/install/sam_bot_description/share/sam_bot_description/src/description/sam_bot_description.urdf.xacro
[2.691s] -- Up-to-date: /home/intern1/ros2_ws/install/sam_bot_description/share/sam_bot_description/launch
[2.692s] -- Up-to-date: /home/intern1/ros2_ws/install/sam_bot_description/share/sam_bot_description/launch/display.launch.py
[2.692s] -- Up-to-date: /home/intern1/ros2_ws/install/sam_bot_description/share/sam_bot_description/rviz
[2.693s] -- Up-to-date: /home/intern1/ros2_ws/install/sam_bot_description/share/sam_bot_description/rviz/log
[2.694s] -- Up-to-date: /home/intern1/ros2_ws/install/sam_bot_description/share/sam_bot_description/rviz/log/latest_build
[2.694s] -- Up-to-date: /home/intern1/ros2_ws/install/sam_bot_description/share/sam_bot_description/rviz/log/latest
[2.708s] -- Up-to-date: /home/intern1/ros2_ws/install/sam_bot_description/share/sam_bot_description/rviz/log/build_2026-01-20_17-05-03
[2.709s] -- Up-to-date: /home/intern1/ros2_ws/install/sam_bot_description/share/sam_bot_description/rviz/log/build_2026-01-20_17-05-03/events.log
[2.709s] -- Up-to-date: /home/intern1/ros2_ws/install/sam_bot_description/share/sam_bot_description/rviz/log/build_2026-01-20_17-05-03/logger_all.log
[2.709s] -- Up-to-date: /home/intern1/ros2_ws/install/sam_bot_description/share/sam_bot_description/rviz/log/COLCON_IGNORE
[2.709s] -- Up-to-date: /home/intern1/ros2_ws/install/sam_bot_description/share/sam_bot_description/rviz/build
[2.709s] -- Up-to-date: /home/intern1/ros2_ws/install/sam_bot_description/share/sam_bot_description/rviz/build/.built_by
[2.709s] -- Up-to-date: /home/intern1/ros2_ws/install/sam_bot_description/share/sam_bot_description/rviz/build/COLCON_IGNORE
[2.709s] -- Up-to-date: /home/intern1/ros2_ws/install/sam_bot_description/share/sam_bot_description/rviz/install
[2.709s] -- Up-to-date: /home/intern1/ros2_ws/install/sam_bot_description/share/sam_bot_description/rviz/install/local_setup.bash
[2.710s] -- Up-to-date: /home/intern1/ros2_ws/install/sam_bot_description/share/sam_bot_description/rviz/install/local_setup.sh
[2.710s] -- Up-to-date: /home/intern1/ros2_ws/install/sam_bot_description/share/sam_bot_description/rviz/install/_local_setup_util_sh.py
[2.710s] -- Up-to-date: /home/intern1/ros2_ws/install/sam_bot_description/share/sam_bot_description/rviz/install/.colcon_install_layout
[2.710s] -- Up-to-date: /home/intern1/ros2_ws/install/sam_bot_description/share/sam_bot_description/rviz/install/local_setup.zsh
[2.710s] -- Up-to-date: /home/intern1/ros2_ws/install/sam_bot_description/share/sam_bot_description/rviz/install/setup.ps1
[2.710s] -- Up-to-date: /home/intern1/ros2_ws/install/sam_bot_description/share/sam_bot_description/rviz/install/setup.zsh
[2.710s] -- Up-to-date: /home/intern1/ros2_ws/install/sam_bot_description/share/sam_bot_description/rviz/install/_local_setup_util_ps1.py
[2.710s] -- Up-to-date: /home/intern1/ros2_ws/install/sam_bot_description/share/sam_bot_description/rviz/install/local_setup.ps1
[2.711s] -- Up-to-date: /home/intern1/ros2_ws/install/sam_bot_description/share/sam_bot_description/rviz/install/setup.sh
[2.711s] -- Up-to-date: /home/intern1/ros2_ws/install/sam_bot_description/share/sam_bot_description/rviz/install/setup.bash
[2.711s] -- Up-to-date: /home/intern1/ros2_ws/install/sam_bot_description/share/sam_bot_description/rviz/install/COLCON_IGNORE
[2.712s] -- Up-to-date: /home/intern1/ros2_ws/install/sam_bot_description/share/sam_bot_description/rviz/config.rviz
[2.712s] -- Up-to-date: /home/intern1/ros2_ws/install/sam_bot_description/share/ament_index/resource_index/package_run_dependencies/sam_bot_description
[2.712s] -- Up-to-date: /home/intern1/ros2_ws/install/sam_bot_description/share/ament_index/resource_index/parent_prefix_path/sam_bot_description
[2.712s] -- Up-to-date: /home/intern1/ros2_ws/install/sam_bot_description/share/sam_bot_description/environment/ament_prefix_path.sh
[2.712s] -- Up-to-date: /home/intern1/ros2_ws/install/sam_bot_description/share/sam_bot_description/environment/ament_prefix_path.dsv
[2.712s] -- Up-to-date: /home/intern1/ros2_ws/install/sam_bot_description/share/sam_bot_description/environment/path.sh
[2.712s] -- Up-to-date: /home/intern1/ros2_ws/install/sam_bot_description/share/sam_bot_description/environment/path.dsv
[2.713s] -- Up-to-date: /home/intern1/ros2_ws/install/sam_bot_description/share/sam_bot_description/local_setup.bash
[2.713s] -- Up-to-date: /home/intern1/ros2_ws/install/sam_bot_description/share/sam_bot_description/local_setup.sh
[2.713s] -- Up-to-date: /home/intern1/ros2_ws/install/sam_bot_description/share/sam_bot_description/local_setup.zsh
[2.713s] -- Up-to-date: /home/intern1/ros2_ws/install/sam_bot_description/share/sam_bot_description/local_setup.dsv
[2.713s] -- Installing: /home/intern1/ros2_ws/install/sam_bot_description/share/sam_bot_description/package.dsv
[2.714s] -- Up-to-date: /home/intern1/ros2_ws/install/sam_bot_description/share/ament_index/resource_index/packages/sam_bot_description
[2.714s] -- Up-to-date: /home/intern1/ros2_ws/install/sam_bot_description/share/sam_bot_description/cmake/sam_bot_descriptionConfig.cmake
[2.718s] -- Up-to-date: /home/intern1/ros2_ws/install/sam_bot_description/share/sam_bot_description/cmake/sam_bot_descriptionConfig-version.cmake
[2.718s] -- Up-to-date: /home/intern1/ros2_ws/install/sam_bot_description/share/sam_bot_description/package.xml
[2.754s] Invoked command in '/home/intern1/ros2_ws/build/sam_bot_description' returned '0': CMAKE_PREFIX_PATH=${CMAKE_PREFIX_PATH}:/home/intern1/ros2_ws/install/launch_testing_examples:/home/intern1/ros2_ws/install/examples_rclpy_pointcloud_publisher:/home/intern1/ros2_ws/install/examples_rclpy_minimal_subscriber:/home/intern1/ros2_ws/install/examples_rclpy_minimal_service:/home/intern1/ros2_ws/install/examples_rclpy_minimal_publisher:/home/intern1/ros2_ws/install/examples_rclpy_minimal_client:/home/intern1/ros2_ws/install/examples_rclpy_minimal_action_server:/home/intern1/ros2_ws/install/examples_rclpy_minimal_action_client:/home/intern1/ros2_ws/install/examples_rclpy_guard_conditions:/home/intern1/ros2_ws/install/examples_rclpy_executors:/home/intern1/ros2_ws/install/amr_ws:/opt/ros/jazzy DEBUGINFOD_URLS=https://debuginfod.ubuntu.com /usr/bin/cmake --install /home/intern1/ros2_ws/build/sam_bot_description
