[8.198s] Invoking command in '/home/intern1/ros2_ws/src/examples/rclpy/services/minimal_client': DEBUGINFOD_URLS=https://debuginfod.ubuntu.com PYTHONPATH=/home/intern1/ros2_ws/build/examples_rclpy_minimal_client/prefix_override:/usr/lib/python3/dist-packages/colcon_core/task/python/colcon_distutils_commands:/home/intern1/ros2_ws/install/examples_rclpy_minimal_client/lib/python3.12/site-packages:${PYTHONPATH} /usr/bin/python3 -W ignore:setup.py install is deprecated -W ignore:easy_install command is deprecated setup.py egg_info --egg-base ../../../../../build/examples_rclpy_minimal_client build --build-base /home/intern1/ros2_ws/build/examples_rclpy_minimal_client/build install --record /home/intern1/ros2_ws/build/examples_rclpy_minimal_client/install.log --single-version-externally-managed install_data
[8.780s] running egg_info
[8.781s] creating ../../../../../build/examples_rclpy_minimal_client/examples_rclpy_minimal_client.egg-info
[8.817s] writing ../../../../../build/examples_rclpy_minimal_client/examples_rclpy_minimal_client.egg-info/PKG-INFO
[8.817s] writing dependency_links to ../../../../../build/examples_rclpy_minimal_client/examples_rclpy_minimal_client.egg-info/dependency_links.txt
[8.817s] writing entry points to ../../../../../build/examples_rclpy_minimal_client/examples_rclpy_minimal_client.egg-info/entry_points.txt
[8.818s] writing requirements to ../../../../../build/examples_rclpy_minimal_client/examples_rclpy_minimal_client.egg-info/requires.txt
[8.818s] writing top-level names to ../../../../../build/examples_rclpy_minimal_client/examples_rclpy_minimal_client.egg-info/top_level.txt
[8.818s] writing manifest file '../../../../../build/examples_rclpy_minimal_client/examples_rclpy_minimal_client.egg-info/SOURCES.txt'
[8.892s] reading manifest file '../../../../../build/examples_rclpy_minimal_client/examples_rclpy_minimal_client.egg-info/SOURCES.txt'
[8.893s] writing manifest file '../../../../../build/examples_rclpy_minimal_client/examples_rclpy_minimal_client.egg-info/SOURCES.txt'
[8.893s] running build
[8.893s] running build_py
[8.893s] creating /home/intern1/ros2_ws/build/examples_rclpy_minimal_client/build
[8.894s] creating /home/intern1/ros2_ws/build/examples_rclpy_minimal_client/build/lib
[8.894s] creating /home/intern1/ros2_ws/build/examples_rclpy_minimal_client/build/lib/examples_rclpy_minimal_client
[8.894s] copying examples_rclpy_minimal_client/client_async.py -> /home/intern1/ros2_ws/build/examples_rclpy_minimal_client/build/lib/examples_rclpy_minimal_client
[8.897s] copying examples_rclpy_minimal_client/client.py -> /home/intern1/ros2_ws/build/examples_rclpy_minimal_client/build/lib/examples_rclpy_minimal_client
[8.897s] copying examples_rclpy_minimal_client/client_async_member_function.py -> /home/intern1/ros2_ws/build/examples_rclpy_minimal_client/build/lib/examples_rclpy_minimal_client
[8.898s] copying examples_rclpy_minimal_client/client_async_callback.py -> /home/intern1/ros2_ws/build/examples_rclpy_minimal_client/build/lib/examples_rclpy_minimal_client
[8.899s] copying examples_rclpy_minimal_client/__init__.py -> /home/intern1/ros2_ws/build/examples_rclpy_minimal_client/build/lib/examples_rclpy_minimal_client
[8.900s] running install
[8.922s] running install_lib
[9.014s] creating /home/intern1/ros2_ws/install/examples_rclpy_minimal_client/lib/python3.12/site-packages/examples_rclpy_minimal_client
[9.014s] copying /home/intern1/ros2_ws/build/examples_rclpy_minimal_client/build/lib/examples_rclpy_minimal_client/client_async.py -> /home/intern1/ros2_ws/install/examples_rclpy_minimal_client/lib/python3.12/site-packages/examples_rclpy_minimal_client
[9.014s] copying /home/intern1/ros2_ws/build/examples_rclpy_minimal_client/build/lib/examples_rclpy_minimal_client/client.py -> /home/intern1/ros2_ws/install/examples_rclpy_minimal_client/lib/python3.12/site-packages/examples_rclpy_minimal_client
[9.015s] copying /home/intern1/ros2_ws/build/examples_rclpy_minimal_client/build/lib/examples_rclpy_minimal_client/client_async_member_function.py -> /home/intern1/ros2_ws/install/examples_rclpy_minimal_client/lib/python3.12/site-packages/examples_rclpy_minimal_client
[9.015s] copying /home/intern1/ros2_ws/build/examples_rclpy_minimal_client/build/lib/examples_rclpy_minimal_client/client_async_callback.py -> /home/intern1/ros2_ws/install/examples_rclpy_minimal_client/lib/python3.12/site-packages/examples_rclpy_minimal_client
[9.017s] copying /home/intern1/ros2_ws/build/examples_rclpy_minimal_client/build/lib/examples_rclpy_minimal_client/__init__.py -> /home/intern1/ros2_ws/install/examples_rclpy_minimal_client/lib/python3.12/site-packages/examples_rclpy_minimal_client
[9.018s] byte-compiling /home/intern1/ros2_ws/install/examples_rclpy_minimal_client/lib/python3.12/site-packages/examples_rclpy_minimal_client/client_async.py to client_async.cpython-312.pyc
[9.019s] byte-compiling /home/intern1/ros2_ws/install/examples_rclpy_minimal_client/lib/python3.12/site-packages/examples_rclpy_minimal_client/client.py to client.cpython-312.pyc
[9.021s] byte-compiling /home/intern1/ros2_ws/install/examples_rclpy_minimal_client/lib/python3.12/site-packages/examples_rclpy_minimal_client/client_async_member_function.py to client_async_member_function.cpython-312.pyc
[9.023s] byte-compiling /home/intern1/ros2_ws/install/examples_rclpy_minimal_client/lib/python3.12/site-packages/examples_rclpy_minimal_client/client_async_callback.py to client_async_callback.cpython-312.pyc
[9.025s] byte-compiling /home/intern1/ros2_ws/install/examples_rclpy_minimal_client/lib/python3.12/site-packages/examples_rclpy_minimal_client/__init__.py to __init__.cpython-312.pyc
[9.026s] running install_data
[9.027s] creating /home/intern1/ros2_ws/install/examples_rclpy_minimal_client/share/ament_index
[9.029s] creating /home/intern1/ros2_ws/install/examples_rclpy_minimal_client/share/ament_index/resource_index
[9.031s] creating /home/intern1/ros2_ws/install/examples_rclpy_minimal_client/share/ament_index/resource_index/packages
[9.033s] copying resource/examples_rclpy_minimal_client -> /home/intern1/ros2_ws/install/examples_rclpy_minimal_client/share/ament_index/resource_index/packages
[9.034s] copying package.xml -> /home/intern1/ros2_ws/install/examples_rclpy_minimal_client/share/examples_rclpy_minimal_client
[9.035s] running install_egg_info
[9.149s] Copying ../../../../../build/examples_rclpy_minimal_client/examples_rclpy_minimal_client.egg-info to /home/intern1/ros2_ws/install/examples_rclpy_minimal_client/lib/python3.12/site-packages/examples_rclpy_minimal_client-0.19.7-py3.12.egg-info
[9.149s] running install_scripts
[9.863s] Installing client script to /home/intern1/ros2_ws/install/examples_rclpy_minimal_client/lib/examples_rclpy_minimal_client
[9.863s] Installing client_async script to /home/intern1/ros2_ws/install/examples_rclpy_minimal_client/lib/examples_rclpy_minimal_client
[9.864s] Installing client_async_callback script to /home/intern1/ros2_ws/install/examples_rclpy_minimal_client/lib/examples_rclpy_minimal_client
[9.864s] Installing client_async_member_function script to /home/intern1/ros2_ws/install/examples_rclpy_minimal_client/lib/examples_rclpy_minimal_client
[9.867s] writing list of installed files to '/home/intern1/ros2_ws/build/examples_rclpy_minimal_client/install.log'
[9.997s] Invoked command in '/home/intern1/ros2_ws/src/examples/rclpy/services/minimal_client' returned '0': DEBUGINFOD_URLS=https://debuginfod.ubuntu.com PYTHONPATH=/home/intern1/ros2_ws/build/examples_rclpy_minimal_client/prefix_override:/usr/lib/python3/dist-packages/colcon_core/task/python/colcon_distutils_commands:/home/intern1/ros2_ws/install/examples_rclpy_minimal_client/lib/python3.12/site-packages:${PYTHONPATH} /usr/bin/python3 -W ignore:setup.py install is deprecated -W ignore:easy_install command is deprecated setup.py egg_info --egg-base ../../../../../build/examples_rclpy_minimal_client build --build-base /home/intern1/ros2_ws/build/examples_rclpy_minimal_client/build install --record /home/intern1/ros2_ws/build/examples_rclpy_minimal_client/install.log --single-version-externally-managed install_data
