/home/intern1/ros2_ws/src/install/examples_rclpy_executors/lib/python3.12/site-packages/examples_rclpy_executors/talker.py
/home/intern1/ros2_ws/src/install/examples_rclpy_executors/lib/python3.12/site-packages/examples_rclpy_executors/composed.py
/home/intern1/ros2_ws/src/install/examples_rclpy_executors/lib/python3.12/site-packages/examples_rclpy_executors/callback_group.py
/home/intern1/ros2_ws/src/install/examples_rclpy_executors/lib/python3.12/site-packages/examples_rclpy_executors/custom_callback_group.py
/home/intern1/ros2_ws/src/install/examples_rclpy_executors/lib/python3.12/site-packages/examples_rclpy_executors/custom_executor.py
/home/intern1/ros2_ws/src/install/examples_rclpy_executors/lib/python3.12/site-packages/examples_rclpy_executors/__init__.py
/home/intern1/ros2_ws/src/install/examples_rclpy_executors/lib/python3.12/site-packages/examples_rclpy_executors/listener.py
/home/intern1/ros2_ws/src/install/examples_rclpy_executors/lib/python3.12/site-packages/examples_rclpy_executors/__pycache__/talker.cpython-312.pyc
/home/intern1/ros2_ws/src/install/examples_rclpy_executors/lib/python3.12/site-packages/examples_rclpy_executors/__pycache__/composed.cpython-312.pyc
/home/intern1/ros2_ws/src/install/examples_rclpy_executors/lib/python3.12/site-packages/examples_rclpy_executors/__pycache__/callback_group.cpython-312.pyc
/home/intern1/ros2_ws/src/install/examples_rclpy_executors/lib/python3.12/site-packages/examples_rclpy_executors/__pycache__/custom_callback_group.cpython-312.pyc
/home/intern1/ros2_ws/src/install/examples_rclpy_executors/lib/python3.12/site-packages/examples_rclpy_executors/__pycache__/custom_executor.cpython-312.pyc
/home/intern1/ros2_ws/src/install/examples_rclpy_executors/lib/python3.12/site-packages/examples_rclpy_executors/__pycache__/__init__.cpython-312.pyc
/home/intern1/ros2_ws/src/install/examples_rclpy_executors/lib/python3.12/site-packages/examples_rclpy_executors/__pycache__/listener.cpython-312.pyc
/home/intern1/ros2_ws/src/install/examples_rclpy_executors/share/ament_index/resource_index/packages/examples_rclpy_executors
/home/intern1/ros2_ws/src/install/examples_rclpy_executors/share/examples_rclpy_executors/package.xml
/home/intern1/ros2_ws/src/install/examples_rclpy_executors/lib/python3.12/site-packages/examples_rclpy_executors-0.19.7-py3.12.egg-info/top_level.txt
/home/intern1/ros2_ws/src/install/examples_rclpy_executors/lib/python3.12/site-packages/examples_rclpy_executors-0.19.7-py3.12.egg-info/zip-safe
/home/intern1/ros2_ws/src/install/examples_rclpy_executors/lib/python3.12/site-packages/examples_rclpy_executors-0.19.7-py3.12.egg-info/entry_points.txt
/home/intern1/ros2_ws/src/install/examples_rclpy_executors/lib/python3.12/site-packages/examples_rclpy_executors-0.19.7-py3.12.egg-info/requires.txt
/home/intern1/ros2_ws/src/install/examples_rclpy_executors/lib/python3.12/site-packages/examples_rclpy_executors-0.19.7-py3.12.egg-info/PKG-INFO
/home/intern1/ros2_ws/src/install/examples_rclpy_executors/lib/python3.12/site-packages/examples_rclpy_executors-0.19.7-py3.12.egg-info/SOURCES.txt
/home/intern1/ros2_ws/src/install/examples_rclpy_executors/lib/python3.12/site-packages/examples_rclpy_executors-0.19.7-py3.12.egg-info/dependency_links.txt
/home/intern1/ros2_ws/src/install/examples_rclpy_executors/lib/examples_rclpy_executors/callback_group
/home/intern1/ros2_ws/src/install/examples_rclpy_executors/lib/examples_rclpy_executors/composed
/home/intern1/ros2_ws/src/install/examples_rclpy_executors/lib/examples_rclpy_executors/custom_callback_group
/home/intern1/ros2_ws/src/install/examples_rclpy_executors/lib/examples_rclpy_executors/custom_executor
/home/intern1/ros2_ws/src/install/examples_rclpy_executors/lib/examples_rclpy_executors/listener
/home/intern1/ros2_ws/src/install/examples_rclpy_executors/lib/examples_rclpy_executors/talker
