[4.380s] Invoking command in '/home/intern1/ros2_ws/src/examples/rclpy/topics/pointcloud_publisher': DEBUGINFOD_URLS=https://debuginfod.ubuntu.com PYTHONPATH=/home/intern1/ros2_ws/build/examples_rclpy_pointcloud_publisher/prefix_override:/usr/lib/python3/dist-packages/colcon_core/task/python/colcon_distutils_commands:/home/intern1/ros2_ws/install/examples_rclpy_pointcloud_publisher/lib/python3.12/site-packages:${PYTHONPATH} /usr/bin/python3 -W ignore:setup.py install is deprecated -W ignore:easy_install command is deprecated setup.py egg_info --egg-base ../../../../../build/examples_rclpy_pointcloud_publisher build --build-base /home/intern1/ros2_ws/build/examples_rclpy_pointcloud_publisher/build install --record /home/intern1/ros2_ws/build/examples_rclpy_pointcloud_publisher/install.log --single-version-externally-managed install_data
[4.964s] running egg_info
[5.003s] writing ../../../../../build/examples_rclpy_pointcloud_publisher/examples_rclpy_pointcloud_publisher.egg-info/PKG-INFO
[5.008s] writing dependency_links to ../../../../../build/examples_rclpy_pointcloud_publisher/examples_rclpy_pointcloud_publisher.egg-info/dependency_links.txt
[5.008s] writing entry points to ../../../../../build/examples_rclpy_pointcloud_publisher/examples_rclpy_pointcloud_publisher.egg-info/entry_points.txt
[5.009s] writing requirements to ../../../../../build/examples_rclpy_pointcloud_publisher/examples_rclpy_pointcloud_publisher.egg-info/requires.txt
[5.009s] writing top-level names to ../../../../../build/examples_rclpy_pointcloud_publisher/examples_rclpy_pointcloud_publisher.egg-info/top_level.txt
[5.092s] reading manifest file '../../../../../build/examples_rclpy_pointcloud_publisher/examples_rclpy_pointcloud_publisher.egg-info/SOURCES.txt'
[5.094s] writing manifest file '../../../../../build/examples_rclpy_pointcloud_publisher/examples_rclpy_pointcloud_publisher.egg-info/SOURCES.txt'
[5.095s] running build
[5.095s] running build_py
[5.096s] running install
[5.108s] running install_lib
[5.142s] running install_data
[5.143s] running install_egg_info
[5.178s] removing '/home/intern1/ros2_ws/install/examples_rclpy_pointcloud_publisher/lib/python3.12/site-packages/examples_rclpy_pointcloud_publisher-0.19.7-py3.12.egg-info' (and everything under it)
[5.178s] Copying ../../../../../build/examples_rclpy_pointcloud_publisher/examples_rclpy_pointcloud_publisher.egg-info to /home/intern1/ros2_ws/install/examples_rclpy_pointcloud_publisher/lib/python3.12/site-packages/examples_rclpy_pointcloud_publisher-0.19.7-py3.12.egg-info
[5.180s] running install_scripts
[5.496s] Installing pointcloud_publisher script to /home/intern1/ros2_ws/install/examples_rclpy_pointcloud_publisher/lib/examples_rclpy_pointcloud_publisher
[5.496s] writing list of installed files to '/home/intern1/ros2_ws/build/examples_rclpy_pointcloud_publisher/install.log'
[6.113s] Invoked command in '/home/intern1/ros2_ws/src/examples/rclpy/topics/pointcloud_publisher' returned '0': DEBUGINFOD_URLS=https://debuginfod.ubuntu.com PYTHONPATH=/home/intern1/ros2_ws/build/examples_rclpy_pointcloud_publisher/prefix_override:/usr/lib/python3/dist-packages/colcon_core/task/python/colcon_distutils_commands:/home/intern1/ros2_ws/install/examples_rclpy_pointcloud_publisher/lib/python3.12/site-packages:${PYTHONPATH} /usr/bin/python3 -W ignore:setup.py install is deprecated -W ignore:easy_install command is deprecated setup.py egg_info --egg-base ../../../../../build/examples_rclpy_pointcloud_publisher build --build-base /home/intern1/ros2_ws/build/examples_rclpy_pointcloud_publisher/build install --record /home/intern1/ros2_ws/build/examples_rclpy_pointcloud_publisher/install.log --single-version-externally-managed install_data
