[4.336s] Invoking command in '/home/intern1/ros2_ws/src/examples/rclpy/services/minimal_client': DEBUGINFOD_URLS=https://debuginfod.ubuntu.com PYTHONPATH=/home/intern1/ros2_ws/build/examples_rclpy_minimal_client/prefix_override:/usr/lib/python3/dist-packages/colcon_core/task/python/colcon_distutils_commands:/home/intern1/ros2_ws/install/examples_rclpy_minimal_client/lib/python3.12/site-packages:${PYTHONPATH} /usr/bin/python3 -W ignore:setup.py install is deprecated -W ignore:easy_install command is deprecated setup.py egg_info --egg-base ../../../../../build/examples_rclpy_minimal_client build --build-base /home/intern1/ros2_ws/build/examples_rclpy_minimal_client/build install --record /home/intern1/ros2_ws/build/examples_rclpy_minimal_client/install.log --single-version-externally-managed install_data
[4.832s] running egg_info
[4.864s] writing ../../../../../build/examples_rclpy_minimal_client/examples_rclpy_minimal_client.egg-info/PKG-INFO
[4.865s] writing dependency_links to ../../../../../build/examples_rclpy_minimal_client/examples_rclpy_minimal_client.egg-info/dependency_links.txt
[4.866s] writing entry points to ../../../../../build/examples_rclpy_minimal_client/examples_rclpy_minimal_client.egg-info/entry_points.txt
[4.866s] writing requirements to ../../../../../build/examples_rclpy_minimal_client/examples_rclpy_minimal_client.egg-info/requires.txt
[4.866s] writing top-level names to ../../../../../build/examples_rclpy_minimal_client/examples_rclpy_minimal_client.egg-info/top_level.txt
[4.929s] reading manifest file '../../../../../build/examples_rclpy_minimal_client/examples_rclpy_minimal_client.egg-info/SOURCES.txt'
[4.929s] writing manifest file '../../../../../build/examples_rclpy_minimal_client/examples_rclpy_minimal_client.egg-info/SOURCES.txt'
[4.929s] running build
[4.930s] running build_py
[4.930s] running install
[4.938s] running install_lib
[4.970s] running install_data
[4.970s] running install_egg_info
[5.003s] removing '/home/intern1/ros2_ws/install/examples_rclpy_minimal_client/lib/python3.12/site-packages/examples_rclpy_minimal_client-0.19.7-py3.12.egg-info' (and everything under it)
[5.004s] Copying ../../../../../build/examples_rclpy_minimal_client/examples_rclpy_minimal_client.egg-info to /home/intern1/ros2_ws/install/examples_rclpy_minimal_client/lib/python3.12/site-packages/examples_rclpy_minimal_client-0.19.7-py3.12.egg-info
[5.005s] running install_scripts
[5.203s] Installing client script to /home/intern1/ros2_ws/install/examples_rclpy_minimal_client/lib/examples_rclpy_minimal_client
[5.203s] Installing client_async script to /home/intern1/ros2_ws/install/examples_rclpy_minimal_client/lib/examples_rclpy_minimal_client
[5.204s] Installing client_async_callback script to /home/intern1/ros2_ws/install/examples_rclpy_minimal_client/lib/examples_rclpy_minimal_client
[5.204s] Installing client_async_member_function script to /home/intern1/ros2_ws/install/examples_rclpy_minimal_client/lib/examples_rclpy_minimal_client
[5.204s] writing list of installed files to '/home/intern1/ros2_ws/build/examples_rclpy_minimal_client/install.log'
[5.259s] Invoked command in '/home/intern1/ros2_ws/src/examples/rclpy/services/minimal_client' returned '0': DEBUGINFOD_URLS=https://debuginfod.ubuntu.com PYTHONPATH=/home/intern1/ros2_ws/build/examples_rclpy_minimal_client/prefix_override:/usr/lib/python3/dist-packages/colcon_core/task/python/colcon_distutils_commands:/home/intern1/ros2_ws/install/examples_rclpy_minimal_client/lib/python3.12/site-packages:${PYTHONPATH} /usr/bin/python3 -W ignore:setup.py install is deprecated -W ignore:easy_install command is deprecated setup.py egg_info --egg-base ../../../../../build/examples_rclpy_minimal_client build --build-base /home/intern1/ros2_ws/build/examples_rclpy_minimal_client/build install --record /home/intern1/ros2_ws/build/examples_rclpy_minimal_client/install.log --single-version-externally-managed install_data
