[3.774s] Invoking command in '/home/intern1/ros2_ws/src/education_material': DEBUGINFOD_URLS=https://debuginfod.ubuntu.com PYTHONPATH=/home/intern1/ros2_ws/build/education_material/prefix_override:/usr/lib/python3/dist-packages/colcon_core/task/python/colcon_distutils_commands:/home/intern1/ros2_ws/install/education_material/lib/python3.12/site-packages:${PYTHONPATH} /usr/bin/python3 -W ignore:setup.py install is deprecated -W ignore:easy_install command is deprecated setup.py egg_info --egg-base ../../build/education_material build --build-base /home/intern1/ros2_ws/build/education_material/build install --record /home/intern1/ros2_ws/build/education_material/install.log --single-version-externally-managed install_data
[4.711s] running egg_info
[4.712s] writing ../../build/education_material/education_material.egg-info/PKG-INFO
[4.712s] writing dependency_links to ../../build/education_material/education_material.egg-info/dependency_links.txt
[4.712s] writing entry points to ../../build/education_material/education_material.egg-info/entry_points.txt
[4.712s] writing requirements to ../../build/education_material/education_material.egg-info/requires.txt
[4.713s] writing top-level names to ../../build/education_material/education_material.egg-info/top_level.txt
[4.713s] reading manifest file '../../build/education_material/education_material.egg-info/SOURCES.txt'
[4.714s] adding license file 'LICENSE'
[4.715s] writing manifest file '../../build/education_material/education_material.egg-info/SOURCES.txt'
[4.715s] running build
[4.717s] running build_py
[4.719s] running install
[4.719s] running install_lib
[4.720s] running install_data
[4.720s] running install_egg_info
[4.720s] removing '/home/intern1/ros2_ws/install/education_material/lib/python3.12/site-packages/education_material-0.0.0-py3.12.egg-info' (and everything under it)
[4.721s] Copying ../../build/education_material/education_material.egg-info to /home/intern1/ros2_ws/install/education_material/lib/python3.12/site-packages/education_material-0.0.0-py3.12.egg-info
[4.721s] running install_scripts
[4.722s] Installing evenodd_checker script to /home/intern1/ros2_ws/install/education_material/lib/education_material
[4.722s] Installing int_pub script to /home/intern1/ros2_ws/install/education_material/lib/education_material
[4.722s] Installing int_sub script to /home/intern1/ros2_ws/install/education_material/lib/education_material
[4.723s] Installing keypressed_calculator script to /home/intern1/ros2_ws/install/education_material/lib/education_material
[4.723s] Installing keypressed_talker script to /home/intern1/ros2_ws/install/education_material/lib/education_material
[4.723s] Installing keypressed_to_cmdvel script to /home/intern1/ros2_ws/install/education_material/lib/education_material
[4.723s] Installing string_pub script to /home/intern1/ros2_ws/install/education_material/lib/education_material
[4.724s] Installing string_sub script to /home/intern1/ros2_ws/install/education_material/lib/education_material
[4.724s] writing list of installed files to '/home/intern1/ros2_ws/build/education_material/install.log'
[4.833s] Invoked command in '/home/intern1/ros2_ws/src/education_material' returned '0': DEBUGINFOD_URLS=https://debuginfod.ubuntu.com PYTHONPATH=/home/intern1/ros2_ws/build/education_material/prefix_override:/usr/lib/python3/dist-packages/colcon_core/task/python/colcon_distutils_commands:/home/intern1/ros2_ws/install/education_material/lib/python3.12/site-packages:${PYTHONPATH} /usr/bin/python3 -W ignore:setup.py install is deprecated -W ignore:easy_install command is deprecated setup.py egg_info --egg-base ../../build/education_material build --build-base /home/intern1/ros2_ws/build/education_material/build install --record /home/intern1/ros2_ws/build/education_material/install.log --single-version-externally-managed install_data
