[0.125s] Invoking command in '/home/intern1/ros2_ws/build/om_msgs': CMAKE_PREFIX_PATH=${CMAKE_PREFIX_PATH}:/home/intern1/ros2_ws/install/tb3_multi_robot:/home/intern1/ros2_ws/install/om_mvc01:/home/intern1/ros2_ws/install/launch_testing_examples:/home/intern1/ros2_ws/install/examples_rclpy_pointcloud_publisher:/home/intern1/ros2_ws/install/examples_rclpy_minimal_subscriber:/home/intern1/ros2_ws/install/examples_rclpy_minimal_service:/home/intern1/ros2_ws/install/examples_rclpy_minimal_publisher:/home/intern1/ros2_ws/install/examples_rclpy_minimal_client:/home/intern1/ros2_ws/install/examples_rclpy_minimal_action_server:/home/intern1/ros2_ws/install/examples_rclpy_minimal_action_client:/home/intern1/ros2_ws/install/examples_rclpy_guard_conditions:/home/intern1/ros2_ws/install/examples_rclpy_executors:/home/intern1/ros2_ws/install/education_material:/home/intern1/ros2_ws/install/camera_follow:/home/intern1/ros2_ws/install/amr_ws:/opt/ros/jazzy DEBUGINFOD_URLS=https://debuginfod.ubuntu.com /usr/bin/cmake --build /home/intern1/ros2_ws/build/om_msgs -- -j14 -l14
[0.669s] [  1%] Built target om_msgs__rosidl_generator_type_description
[0.669s] [  1%] Built target ament_cmake_python_copy_om_msgs
[0.669s] [  3%] Built target om_msgs__cpp
[0.669s] [ 24%] Built target om_msgs__rosidl_generator_c
[0.669s] [ 75%] Built target om_msgs__rosidl_typesupport_introspection_cpp
[0.669s] [ 75%] Built target om_msgs__rosidl_typesupport_introspection_c
[0.669s] [ 75%] Built target om_msgs__rosidl_typesupport_fastrtps_c
[0.669s] [ 79%] Built target om_msgs__rosidl_typesupport_cpp
[0.670s] [ 79%] Built target om_msgs__rosidl_typesupport_fastrtps_cpp
[0.670s] [ 79%] Built target om_msgs__rosidl_typesupport_c
[0.670s] [ 79%] Built target om_msgs
[0.670s] [ 81%] Built target om_msgs__py
[0.670s] [ 88%] Built target om_msgs__rosidl_generator_py
[0.670s] [ 92%] Built target om_msgs_s__rosidl_typesupport_fastrtps_c
[0.670s] [ 96%] Built target om_msgs_s__rosidl_typesupport_introspection_c
[0.670s] [100%] Built target om_msgs_s__rosidl_typesupport_c
[0.670s] running egg_info
[0.670s] writing om_msgs.egg-info/PKG-INFO
[0.670s] writing dependency_links to om_msgs.egg-info/dependency_links.txt
[0.670s] writing top-level names to om_msgs.egg-info/top_level.txt
[0.670s] reading manifest file 'om_msgs.egg-info/SOURCES.txt'
[0.670s] writing manifest file 'om_msgs.egg-info/SOURCES.txt'
[0.670s] [100%] Built target ament_cmake_python_build_om_msgs_egg
[0.673s] Invoked command in '/home/intern1/ros2_ws/build/om_msgs' returned '0': CMAKE_PREFIX_PATH=${CMAKE_PREFIX_PATH}:/home/intern1/ros2_ws/install/tb3_multi_robot:/home/intern1/ros2_ws/install/om_mvc01:/home/intern1/ros2_ws/install/launch_testing_examples:/home/intern1/ros2_ws/install/examples_rclpy_pointcloud_publisher:/home/intern1/ros2_ws/install/examples_rclpy_minimal_subscriber:/home/intern1/ros2_ws/install/examples_rclpy_minimal_service:/home/intern1/ros2_ws/install/examples_rclpy_minimal_publisher:/home/intern1/ros2_ws/install/examples_rclpy_minimal_client:/home/intern1/ros2_ws/install/examples_rclpy_minimal_action_server:/home/intern1/ros2_ws/install/examples_rclpy_minimal_action_client:/home/intern1/ros2_ws/install/examples_rclpy_guard_conditions:/home/intern1/ros2_ws/install/examples_rclpy_executors:/home/intern1/ros2_ws/install/education_material:/home/intern1/ros2_ws/install/camera_follow:/home/intern1/ros2_ws/install/amr_ws:/opt/ros/jazzy DEBUGINFOD_URLS=https://debuginfod.ubuntu.com /usr/bin/cmake --build /home/intern1/ros2_ws/build/om_msgs -- -j14 -l14
[0.686s] Invoking command in '/home/intern1/ros2_ws/build/om_msgs': CMAKE_PREFIX_PATH=${CMAKE_PREFIX_PATH}:/home/intern1/ros2_ws/install/tb3_multi_robot:/home/intern1/ros2_ws/install/om_mvc01:/home/intern1/ros2_ws/install/launch_testing_examples:/home/intern1/ros2_ws/install/examples_rclpy_pointcloud_publisher:/home/intern1/ros2_ws/install/examples_rclpy_minimal_subscriber:/home/intern1/ros2_ws/install/examples_rclpy_minimal_service:/home/intern1/ros2_ws/install/examples_rclpy_minimal_publisher:/home/intern1/ros2_ws/install/examples_rclpy_minimal_client:/home/intern1/ros2_ws/install/examples_rclpy_minimal_action_server:/home/intern1/ros2_ws/install/examples_rclpy_minimal_action_client:/home/intern1/ros2_ws/install/examples_rclpy_guard_conditions:/home/intern1/ros2_ws/install/examples_rclpy_executors:/home/intern1/ros2_ws/install/education_material:/home/intern1/ros2_ws/install/camera_follow:/home/intern1/ros2_ws/install/amr_ws:/opt/ros/jazzy DEBUGINFOD_URLS=https://debuginfod.ubuntu.com /usr/bin/cmake --install /home/intern1/ros2_ws/build/om_msgs
[0.796s] -- Install configuration: ""
[0.796s] -- Up-to-date: /home/intern1/ros2_ws/install/om_msgs/share/ament_index/resource_index/rosidl_interfaces/om_msgs
[0.796s] -- Up-to-date: /home/intern1/ros2_ws/install/om_msgs/share/om_msgs/msg/Query.json
[0.796s] -- Up-to-date: /home/intern1/ros2_ws/install/om_msgs/share/om_msgs/msg/Response.json
[0.797s] -- Up-to-date: /home/intern1/ros2_ws/install/om_msgs/share/om_msgs/msg/State.json
[0.797s] -- Up-to-date: /home/intern1/ros2_ws/install/om_msgs/include/om_msgs/om_msgs
[0.797s] -- Up-to-date: /home/intern1/ros2_ws/install/om_msgs/include/om_msgs/om_msgs/msg
[0.797s] -- Up-to-date: /home/intern1/ros2_ws/install/om_msgs/include/om_msgs/om_msgs/msg/query.h
[0.797s] -- Up-to-date: /home/intern1/ros2_ws/install/om_msgs/include/om_msgs/om_msgs/msg/detail
[0.797s] -- Up-to-date: /home/intern1/ros2_ws/install/om_msgs/include/om_msgs/om_msgs/msg/detail/query__functions.h
[0.797s] -- Up-to-date: /home/intern1/ros2_ws/install/om_msgs/include/om_msgs/om_msgs/msg/detail/response__functions.h
[0.797s] -- Up-to-date: /home/intern1/ros2_ws/install/om_msgs/include/om_msgs/om_msgs/msg/detail/query__functions.c
[0.797s] -- Up-to-date: /home/intern1/ros2_ws/install/om_msgs/include/om_msgs/om_msgs/msg/detail/query__struct.h
[0.797s] -- Up-to-date: /home/intern1/ros2_ws/install/om_msgs/include/om_msgs/om_msgs/msg/detail/response__type_support.c
[0.797s] -- Up-to-date: /home/intern1/ros2_ws/install/om_msgs/include/om_msgs/om_msgs/msg/detail/state__type_support.h
[0.797s] -- Up-to-date: /home/intern1/ros2_ws/install/om_msgs/include/om_msgs/om_msgs/msg/detail/state__struct.h
[0.797s] -- Up-to-date: /home/intern1/ros2_ws/install/om_msgs/include/om_msgs/om_msgs/msg/detail/query__type_support.c
[0.798s] -- Up-to-date: /home/intern1/ros2_ws/install/om_msgs/include/om_msgs/om_msgs/msg/detail/state__functions.c
[0.798s] -- Up-to-date: /home/intern1/ros2_ws/install/om_msgs/include/om_msgs/om_msgs/msg/detail/response__type_support.h
[0.798s] -- Up-to-date: /home/intern1/ros2_ws/install/om_msgs/include/om_msgs/om_msgs/msg/detail/query__description.c
[0.800s] -- Up-to-date: /home/intern1/ros2_ws/install/om_msgs/include/om_msgs/om_msgs/msg/detail/state__type_support.c
[0.800s] -- Up-to-date: /home/intern1/ros2_ws/install/om_msgs/include/om_msgs/om_msgs/msg/detail/response__description.c
[0.800s] -- Up-to-date: /home/intern1/ros2_ws/install/om_msgs/include/om_msgs/om_msgs/msg/detail/query__type_support.h
[0.800s] -- Up-to-date: /home/intern1/ros2_ws/install/om_msgs/include/om_msgs/om_msgs/msg/detail/response__struct.h
[0.800s] -- Up-to-date: /home/intern1/ros2_ws/install/om_msgs/include/om_msgs/om_msgs/msg/detail/response__functions.c
[0.800s] -- Up-to-date: /home/intern1/ros2_ws/install/om_msgs/include/om_msgs/om_msgs/msg/detail/state__functions.h
[0.801s] -- Up-to-date: /home/intern1/ros2_ws/install/om_msgs/include/om_msgs/om_msgs/msg/detail/state__description.c
[0.801s] -- Up-to-date: /home/intern1/ros2_ws/install/om_msgs/include/om_msgs/om_msgs/msg/response.h
[0.801s] -- Up-to-date: /home/intern1/ros2_ws/install/om_msgs/include/om_msgs/om_msgs/msg/state.h
[0.801s] -- Up-to-date: /home/intern1/ros2_ws/install/om_msgs/include/om_msgs/om_msgs/msg/rosidl_generator_c__visibility_control.h
[0.801s] -- Up-to-date: /home/intern1/ros2_ws/install/om_msgs/share/om_msgs/environment/library_path.sh
[0.805s] -- Up-to-date: /home/intern1/ros2_ws/install/om_msgs/share/om_msgs/environment/library_path.dsv
[0.805s] -- Up-to-date: /home/intern1/ros2_ws/install/om_msgs/lib/libom_msgs__rosidl_generator_c.so
[0.805s] -- Up-to-date: /home/intern1/ros2_ws/install/om_msgs/include/om_msgs/om_msgs
[0.805s] -- Up-to-date: /home/intern1/ros2_ws/install/om_msgs/include/om_msgs/om_msgs/msg
[0.806s] -- Up-to-date: /home/intern1/ros2_ws/install/om_msgs/include/om_msgs/om_msgs/msg/detail
[0.806s] -- Up-to-date: /home/intern1/ros2_ws/install/om_msgs/include/om_msgs/om_msgs/msg/detail/state__rosidl_typesupport_fastrtps_c.h
[0.806s] -- Up-to-date: /home/intern1/ros2_ws/install/om_msgs/include/om_msgs/om_msgs/msg/detail/response__rosidl_typesupport_fastrtps_c.h
[0.806s] -- Up-to-date: /home/intern1/ros2_ws/install/om_msgs/include/om_msgs/om_msgs/msg/detail/query__rosidl_typesupport_fastrtps_c.h
[0.807s] -- Up-to-date: /home/intern1/ros2_ws/install/om_msgs/include/om_msgs/om_msgs/msg/rosidl_typesupport_fastrtps_c__visibility_control.h
[0.807s] -- Up-to-date: /home/intern1/ros2_ws/install/om_msgs/lib/libom_msgs__rosidl_typesupport_fastrtps_c.so
[0.807s] -- Up-to-date: /home/intern1/ros2_ws/install/om_msgs/include/om_msgs/om_msgs
[0.808s] -- Up-to-date: /home/intern1/ros2_ws/install/om_msgs/include/om_msgs/om_msgs/msg
[0.808s] -- Up-to-date: /home/intern1/ros2_ws/install/om_msgs/include/om_msgs/om_msgs/msg/rosidl_typesupport_introspection_c__visibility_control.h
[0.808s] -- Up-to-date: /home/intern1/ros2_ws/install/om_msgs/include/om_msgs/om_msgs/msg/detail
[0.808s] -- Up-to-date: /home/intern1/ros2_ws/install/om_msgs/include/om_msgs/om_msgs/msg/detail/response__type_support.c
[0.808s] -- Up-to-date: /home/intern1/ros2_ws/install/om_msgs/include/om_msgs/om_msgs/msg/detail/query__type_support.c
[0.812s] -- Up-to-date: /home/intern1/ros2_ws/install/om_msgs/include/om_msgs/om_msgs/msg/detail/query__rosidl_typesupport_introspection_c.h
[0.813s] -- Up-to-date: /home/intern1/ros2_ws/install/om_msgs/include/om_msgs/om_msgs/msg/detail/state__type_support.c
[0.816s] -- Up-to-date: /home/intern1/ros2_ws/install/om_msgs/include/om_msgs/om_msgs/msg/detail/response__rosidl_typesupport_introspection_c.h
[0.816s] -- Up-to-date: /home/intern1/ros2_ws/install/om_msgs/include/om_msgs/om_msgs/msg/detail/state__rosidl_typesupport_introspection_c.h
[0.816s] -- Up-to-date: /home/intern1/ros2_ws/install/om_msgs/lib/libom_msgs__rosidl_typesupport_introspection_c.so
[0.816s] -- Up-to-date: /home/intern1/ros2_ws/install/om_msgs/lib/libom_msgs__rosidl_typesupport_c.so
[0.816s] -- Up-to-date: /home/intern1/ros2_ws/install/om_msgs/include/om_msgs/om_msgs
[0.817s] -- Up-to-date: /home/intern1/ros2_ws/install/om_msgs/include/om_msgs/om_msgs/msg
[0.817s] -- Up-to-date: /home/intern1/ros2_ws/install/om_msgs/include/om_msgs/om_msgs/msg/state.hpp
[0.817s] -- Up-to-date: /home/intern1/ros2_ws/install/om_msgs/include/om_msgs/om_msgs/msg/response.hpp
[0.817s] -- Up-to-date: /home/intern1/ros2_ws/install/om_msgs/include/om_msgs/om_msgs/msg/query.hpp
[0.817s] -- Up-to-date: /home/intern1/ros2_ws/install/om_msgs/include/om_msgs/om_msgs/msg/detail
[0.817s] -- Up-to-date: /home/intern1/ros2_ws/install/om_msgs/include/om_msgs/om_msgs/msg/detail/state__traits.hpp
[0.817s] -- Up-to-date: /home/intern1/ros2_ws/install/om_msgs/include/om_msgs/om_msgs/msg/detail/state__type_support.hpp
[0.817s] -- Up-to-date: /home/intern1/ros2_ws/install/om_msgs/include/om_msgs/om_msgs/msg/detail/query__builder.hpp
[0.817s] -- Up-to-date: /home/intern1/ros2_ws/install/om_msgs/include/om_msgs/om_msgs/msg/detail/query__type_support.hpp
[0.817s] -- Up-to-date: /home/intern1/ros2_ws/install/om_msgs/include/om_msgs/om_msgs/msg/detail/response__traits.hpp
[0.817s] -- Up-to-date: /home/intern1/ros2_ws/install/om_msgs/include/om_msgs/om_msgs/msg/detail/query__struct.hpp
[0.817s] -- Up-to-date: /home/intern1/ros2_ws/install/om_msgs/include/om_msgs/om_msgs/msg/detail/state__struct.hpp
[0.817s] -- Up-to-date: /home/intern1/ros2_ws/install/om_msgs/include/om_msgs/om_msgs/msg/detail/response__struct.hpp
[0.817s] -- Up-to-date: /home/intern1/ros2_ws/install/om_msgs/include/om_msgs/om_msgs/msg/detail/query__traits.hpp
[0.817s] -- Up-to-date: /home/intern1/ros2_ws/install/om_msgs/include/om_msgs/om_msgs/msg/detail/state__builder.hpp
[0.817s] -- Up-to-date: /home/intern1/ros2_ws/install/om_msgs/include/om_msgs/om_msgs/msg/detail/response__type_support.hpp
[0.817s] -- Up-to-date: /home/intern1/ros2_ws/install/om_msgs/include/om_msgs/om_msgs/msg/detail/response__builder.hpp
[0.817s] -- Up-to-date: /home/intern1/ros2_ws/install/om_msgs/include/om_msgs/om_msgs/msg/rosidl_generator_cpp__visibility_control.hpp
[0.817s] -- Up-to-date: /home/intern1/ros2_ws/install/om_msgs/include/om_msgs/om_msgs
[0.817s] -- Up-to-date: /home/intern1/ros2_ws/install/om_msgs/include/om_msgs/om_msgs/msg
[0.817s] -- Up-to-date: /home/intern1/ros2_ws/install/om_msgs/include/om_msgs/om_msgs/msg/rosidl_typesupport_fastrtps_cpp__visibility_control.h
[0.817s] -- Up-to-date: /home/intern1/ros2_ws/install/om_msgs/include/om_msgs/om_msgs/msg/detail
[0.817s] -- Up-to-date: /home/intern1/ros2_ws/install/om_msgs/include/om_msgs/om_msgs/msg/detail/dds_fastrtps
[0.817s] -- Up-to-date: /home/intern1/ros2_ws/install/om_msgs/include/om_msgs/om_msgs/msg/detail/response__rosidl_typesupport_fastrtps_cpp.hpp
[0.817s] -- Up-to-date: /home/intern1/ros2_ws/install/om_msgs/include/om_msgs/om_msgs/msg/detail/state__rosidl_typesupport_fastrtps_cpp.hpp
[0.817s] -- Up-to-date: /home/intern1/ros2_ws/install/om_msgs/include/om_msgs/om_msgs/msg/detail/query__rosidl_typesupport_fastrtps_cpp.hpp
[0.817s] -- Up-to-date: /home/intern1/ros2_ws/install/om_msgs/lib/libom_msgs__rosidl_typesupport_fastrtps_cpp.so
[0.818s] -- Up-to-date: /home/intern1/ros2_ws/install/om_msgs/include/om_msgs/om_msgs
[0.818s] -- Up-to-date: /home/intern1/ros2_ws/install/om_msgs/include/om_msgs/om_msgs/msg
[0.818s] -- Up-to-date: /home/intern1/ros2_ws/install/om_msgs/include/om_msgs/om_msgs/msg/detail
[0.818s] -- Up-to-date: /home/intern1/ros2_ws/install/om_msgs/include/om_msgs/om_msgs/msg/detail/response__rosidl_typesupport_introspection_cpp.hpp
[0.818s] -- Up-to-date: /home/intern1/ros2_ws/install/om_msgs/include/om_msgs/om_msgs/msg/detail/response__type_support.cpp
[0.818s] -- Up-to-date: /home/intern1/ros2_ws/install/om_msgs/include/om_msgs/om_msgs/msg/detail/state__rosidl_typesupport_introspection_cpp.hpp
[0.818s] -- Up-to-date: /home/intern1/ros2_ws/install/om_msgs/include/om_msgs/om_msgs/msg/detail/query__type_support.cpp
[0.818s] -- Up-to-date: /home/intern1/ros2_ws/install/om_msgs/include/om_msgs/om_msgs/msg/detail/state__type_support.cpp
[0.818s] -- Up-to-date: /home/intern1/ros2_ws/install/om_msgs/include/om_msgs/om_msgs/msg/detail/query__rosidl_typesupport_introspection_cpp.hpp
[0.818s] -- Up-to-date: /home/intern1/ros2_ws/install/om_msgs/lib/libom_msgs__rosidl_typesupport_introspection_cpp.so
[0.818s] -- Up-to-date: /home/intern1/ros2_ws/install/om_msgs/lib/libom_msgs__rosidl_typesupport_cpp.so
[0.818s] -- Up-to-date: /home/intern1/ros2_ws/install/om_msgs/share/om_msgs/environment/pythonpath.sh
[0.818s] -- Up-to-date: /home/intern1/ros2_ws/install/om_msgs/share/om_msgs/environment/pythonpath.dsv
[0.818s] -- Up-to-date: /home/intern1/ros2_ws/install/om_msgs/lib/python3.12/site-packages/om_msgs-2.0.1-py3.12.egg-info
[0.818s] -- Installing: /home/intern1/ros2_ws/install/om_msgs/lib/python3.12/site-packages/om_msgs-2.0.1-py3.12.egg-info/top_level.txt
[0.818s] -- Installing: /home/intern1/ros2_ws/install/om_msgs/lib/python3.12/site-packages/om_msgs-2.0.1-py3.12.egg-info/PKG-INFO
[0.818s] -- Installing: /home/intern1/ros2_ws/install/om_msgs/lib/python3.12/site-packages/om_msgs-2.0.1-py3.12.egg-info/SOURCES.txt
[0.818s] -- Installing: /home/intern1/ros2_ws/install/om_msgs/lib/python3.12/site-packages/om_msgs-2.0.1-py3.12.egg-info/dependency_links.txt
[0.818s] -- Up-to-date: /home/intern1/ros2_ws/install/om_msgs/lib/python3.12/site-packages/om_msgs
[0.818s] -- Up-to-date: /home/intern1/ros2_ws/install/om_msgs/lib/python3.12/site-packages/om_msgs/_om_msgs_s.ep.rosidl_typesupport_c.c
[0.818s] -- Up-to-date: /home/intern1/ros2_ws/install/om_msgs/lib/python3.12/site-packages/om_msgs/msg
[0.818s] -- Up-to-date: /home/intern1/ros2_ws/install/om_msgs/lib/python3.12/site-packages/om_msgs/msg/_state.py
[0.818s] -- Up-to-date: /home/intern1/ros2_ws/install/om_msgs/lib/python3.12/site-packages/om_msgs/msg/_query_s.c
[0.819s] -- Up-to-date: /home/intern1/ros2_ws/install/om_msgs/lib/python3.12/site-packages/om_msgs/msg/_query.py
[0.819s] -- Up-to-date: /home/intern1/ros2_ws/install/om_msgs/lib/python3.12/site-packages/om_msgs/msg/_response.py
[0.819s] -- Up-to-date: /home/intern1/ros2_ws/install/om_msgs/lib/python3.12/site-packages/om_msgs/msg/__init__.py
[0.819s] -- Up-to-date: /home/intern1/ros2_ws/install/om_msgs/lib/python3.12/site-packages/om_msgs/msg/_state_s.c
[0.819s] -- Up-to-date: /home/intern1/ros2_ws/install/om_msgs/lib/python3.12/site-packages/om_msgs/msg/_response_s.c
[0.819s] -- Up-to-date: /home/intern1/ros2_ws/install/om_msgs/lib/python3.12/site-packages/om_msgs/_om_msgs_s.ep.rosidl_typesupport_fastrtps_c.c
[0.819s] -- Up-to-date: /home/intern1/ros2_ws/install/om_msgs/lib/python3.12/site-packages/om_msgs/_om_msgs_s.ep.rosidl_typesupport_introspection_c.c
[0.819s] -- Up-to-date: /home/intern1/ros2_ws/install/om_msgs/lib/python3.12/site-packages/om_msgs/om_msgs_s__rosidl_typesupport_fastrtps_c.so
[0.819s] -- Up-to-date: /home/intern1/ros2_ws/install/om_msgs/lib/python3.12/site-packages/om_msgs/om_msgs_s__rosidl_typesupport_introspection_c.so
[0.819s] -- Up-to-date: /home/intern1/ros2_ws/install/om_msgs/lib/python3.12/site-packages/om_msgs/__init__.py
[0.820s] -- Up-to-date: /home/intern1/ros2_ws/install/om_msgs/lib/python3.12/site-packages/om_msgs/om_msgs_s__rosidl_typesupport_c.so
[0.820s] Listing '/home/intern1/ros2_ws/install/om_msgs/lib/python3.12/site-packages/om_msgs'...
[0.820s] Listing '/home/intern1/ros2_ws/install/om_msgs/lib/python3.12/site-packages/om_msgs/msg'...
[0.820s] -- Up-to-date: /home/intern1/ros2_ws/install/om_msgs/lib/python3.12/site-packages/om_msgs/om_msgs_s__rosidl_typesupport_fastrtps_c.so
[0.820s] -- Up-to-date: /home/intern1/ros2_ws/install/om_msgs/lib/python3.12/site-packages/om_msgs/om_msgs_s__rosidl_typesupport_introspection_c.so
[0.820s] -- Up-to-date: /home/intern1/ros2_ws/install/om_msgs/lib/python3.12/site-packages/om_msgs/om_msgs_s__rosidl_typesupport_c.so
[0.820s] -- Up-to-date: /home/intern1/ros2_ws/install/om_msgs/lib/libom_msgs__rosidl_generator_py.so
[0.820s] -- Up-to-date: /home/intern1/ros2_ws/install/om_msgs/share/om_msgs/msg/Query.idl
[0.820s] -- Up-to-date: /home/intern1/ros2_ws/install/om_msgs/share/om_msgs/msg/Response.idl
[0.820s] -- Up-to-date: /home/intern1/ros2_ws/install/om_msgs/share/om_msgs/msg/State.idl
[0.820s] -- Up-to-date: /home/intern1/ros2_ws/install/om_msgs/share/om_msgs/msg/Query.msg
[0.820s] -- Up-to-date: /home/intern1/ros2_ws/install/om_msgs/share/om_msgs/msg/Response.msg
[0.820s] -- Up-to-date: /home/intern1/ros2_ws/install/om_msgs/share/om_msgs/msg/State.msg
[0.820s] -- Up-to-date: /home/intern1/ros2_ws/install/om_msgs/share/ament_index/resource_index/package_run_dependencies/om_msgs
[0.820s] -- Up-to-date: /home/intern1/ros2_ws/install/om_msgs/share/ament_index/resource_index/parent_prefix_path/om_msgs
[0.820s] -- Up-to-date: /home/intern1/ros2_ws/install/om_msgs/share/om_msgs/environment/ament_prefix_path.sh
[0.821s] -- Up-to-date: /home/intern1/ros2_ws/install/om_msgs/share/om_msgs/environment/ament_prefix_path.dsv
[0.821s] -- Up-to-date: /home/intern1/ros2_ws/install/om_msgs/share/om_msgs/environment/path.sh
[0.821s] -- Up-to-date: /home/intern1/ros2_ws/install/om_msgs/share/om_msgs/environment/path.dsv
[0.821s] -- Up-to-date: /home/intern1/ros2_ws/install/om_msgs/share/om_msgs/local_setup.bash
[0.821s] -- Up-to-date: /home/intern1/ros2_ws/install/om_msgs/share/om_msgs/local_setup.sh
[0.822s] -- Up-to-date: /home/intern1/ros2_ws/install/om_msgs/share/om_msgs/local_setup.zsh
[0.823s] -- Up-to-date: /home/intern1/ros2_ws/install/om_msgs/share/om_msgs/local_setup.dsv
[0.823s] -- Installing: /home/intern1/ros2_ws/install/om_msgs/share/om_msgs/package.dsv
[0.823s] -- Up-to-date: /home/intern1/ros2_ws/install/om_msgs/share/ament_index/resource_index/packages/om_msgs
[0.823s] -- Up-to-date: /home/intern1/ros2_ws/install/om_msgs/share/om_msgs/cmake/export_om_msgs__rosidl_generator_cExport.cmake
[0.823s] -- Up-to-date: /home/intern1/ros2_ws/install/om_msgs/share/om_msgs/cmake/export_om_msgs__rosidl_generator_cExport-noconfig.cmake
[0.823s] -- Up-to-date: /home/intern1/ros2_ws/install/om_msgs/share/om_msgs/cmake/export_om_msgs__rosidl_typesupport_fastrtps_cExport.cmake
[0.823s] -- Up-to-date: /home/intern1/ros2_ws/install/om_msgs/share/om_msgs/cmake/export_om_msgs__rosidl_typesupport_fastrtps_cExport-noconfig.cmake
[0.823s] -- Up-to-date: /home/intern1/ros2_ws/install/om_msgs/share/om_msgs/cmake/om_msgs__rosidl_typesupport_introspection_cExport.cmake
[0.823s] -- Up-to-date: /home/intern1/ros2_ws/install/om_msgs/share/om_msgs/cmake/om_msgs__rosidl_typesupport_introspection_cExport-noconfig.cmake
[0.823s] -- Up-to-date: /home/intern1/ros2_ws/install/om_msgs/share/om_msgs/cmake/om_msgs__rosidl_typesupport_cExport.cmake
[0.823s] -- Up-to-date: /home/intern1/ros2_ws/install/om_msgs/share/om_msgs/cmake/om_msgs__rosidl_typesupport_cExport-noconfig.cmake
[0.824s] -- Up-to-date: /home/intern1/ros2_ws/install/om_msgs/share/om_msgs/cmake/export_om_msgs__rosidl_generator_cppExport.cmake
[0.824s] -- Up-to-date: /home/intern1/ros2_ws/install/om_msgs/share/om_msgs/cmake/export_om_msgs__rosidl_typesupport_fastrtps_cppExport.cmake
[0.824s] -- Up-to-date: /home/intern1/ros2_ws/install/om_msgs/share/om_msgs/cmake/export_om_msgs__rosidl_typesupport_fastrtps_cppExport-noconfig.cmake
[0.824s] -- Up-to-date: /home/intern1/ros2_ws/install/om_msgs/share/om_msgs/cmake/om_msgs__rosidl_typesupport_introspection_cppExport.cmake
[0.824s] -- Up-to-date: /home/intern1/ros2_ws/install/om_msgs/share/om_msgs/cmake/om_msgs__rosidl_typesupport_introspection_cppExport-noconfig.cmake
[0.825s] -- Up-to-date: /home/intern1/ros2_ws/install/om_msgs/share/om_msgs/cmake/om_msgs__rosidl_typesupport_cppExport.cmake
[0.825s] -- Up-to-date: /home/intern1/ros2_ws/install/om_msgs/share/om_msgs/cmake/om_msgs__rosidl_typesupport_cppExport-noconfig.cmake
[0.825s] -- Up-to-date: /home/intern1/ros2_ws/install/om_msgs/share/om_msgs/cmake/export_om_msgs__rosidl_generator_pyExport.cmake
[0.825s] -- Up-to-date: /home/intern1/ros2_ws/install/om_msgs/share/om_msgs/cmake/export_om_msgs__rosidl_generator_pyExport-noconfig.cmake
[0.825s] -- Up-to-date: /home/intern1/ros2_ws/install/om_msgs/share/om_msgs/cmake/rosidl_cmake-extras.cmake
[0.825s] -- Up-to-date: /home/intern1/ros2_ws/install/om_msgs/share/om_msgs/cmake/ament_cmake_export_include_directories-extras.cmake
[0.825s] -- Up-to-date: /home/intern1/ros2_ws/install/om_msgs/share/om_msgs/cmake/ament_cmake_export_libraries-extras.cmake
[0.825s] -- Up-to-date: /home/intern1/ros2_ws/install/om_msgs/share/om_msgs/cmake/ament_cmake_export_targets-extras.cmake
[0.825s] -- Up-to-date: /home/intern1/ros2_ws/install/om_msgs/share/om_msgs/cmake/rosidl_cmake_export_typesupport_targets-extras.cmake
[0.825s] -- Up-to-date: /home/intern1/ros2_ws/install/om_msgs/share/om_msgs/cmake/ament_cmake_export_dependencies-extras.cmake
[0.825s] -- Up-to-date: /home/intern1/ros2_ws/install/om_msgs/share/om_msgs/cmake/rosidl_cmake_export_typesupport_libraries-extras.cmake
[0.825s] -- Up-to-date: /home/intern1/ros2_ws/install/om_msgs/share/om_msgs/cmake/om_msgsConfig.cmake
[0.825s] -- Up-to-date: /home/intern1/ros2_ws/install/om_msgs/share/om_msgs/cmake/om_msgsConfig-version.cmake
[0.826s] -- Up-to-date: /home/intern1/ros2_ws/install/om_msgs/share/om_msgs/package.xml
[0.828s] Invoked command in '/home/intern1/ros2_ws/build/om_msgs' returned '0': CMAKE_PREFIX_PATH=${CMAKE_PREFIX_PATH}:/home/intern1/ros2_ws/install/tb3_multi_robot:/home/intern1/ros2_ws/install/om_mvc01:/home/intern1/ros2_ws/install/launch_testing_examples:/home/intern1/ros2_ws/install/examples_rclpy_pointcloud_publisher:/home/intern1/ros2_ws/install/examples_rclpy_minimal_subscriber:/home/intern1/ros2_ws/install/examples_rclpy_minimal_service:/home/intern1/ros2_ws/install/examples_rclpy_minimal_publisher:/home/intern1/ros2_ws/install/examples_rclpy_minimal_client:/home/intern1/ros2_ws/install/examples_rclpy_minimal_action_server:/home/intern1/ros2_ws/install/examples_rclpy_minimal_action_client:/home/intern1/ros2_ws/install/examples_rclpy_guard_conditions:/home/intern1/ros2_ws/install/examples_rclpy_executors:/home/intern1/ros2_ws/install/education_material:/home/intern1/ros2_ws/install/camera_follow:/home/intern1/ros2_ws/install/amr_ws:/opt/ros/jazzy DEBUGINFOD_URLS=https://debuginfod.ubuntu.com /usr/bin/cmake --install /home/intern1/ros2_ws/build/om_msgs
