[2.549s] Invoking command in '/home/intern1/ros2_ws/src/education_material': DEBUGINFOD_URLS=https://debuginfod.ubuntu.com PYTHONPATH=/home/intern1/ros2_ws/build/education_material/prefix_override:/usr/lib/python3/dist-packages/colcon_core/task/python/colcon_distutils_commands:/home/intern1/ros2_ws/install/education_material/lib/python3.12/site-packages:${PYTHONPATH} /usr/bin/python3 -W ignore:setup.py install is deprecated -W ignore:easy_install command is deprecated setup.py egg_info --egg-base ../../build/education_material build --build-base /home/intern1/ros2_ws/build/education_material/build install --record /home/intern1/ros2_ws/build/education_material/install.log --single-version-externally-managed install_data
[2.862s] running egg_info
[2.884s] writing ../../build/education_material/education_material.egg-info/PKG-INFO
[2.892s] writing dependency_links to ../../build/education_material/education_material.egg-info/dependency_links.txt
[2.893s] writing entry points to ../../build/education_material/education_material.egg-info/entry_points.txt
[2.893s] writing requirements to ../../build/education_material/education_material.egg-info/requires.txt
[2.894s] writing top-level names to ../../build/education_material/education_material.egg-info/top_level.txt
[2.930s] reading manifest file '../../build/education_material/education_material.egg-info/SOURCES.txt'
[2.930s] adding license file 'LICENSE'
[2.931s] writing manifest file '../../build/education_material/education_material.egg-info/SOURCES.txt'
[2.931s] running build
[2.931s] running build_py
[2.932s] running install
[2.939s] running install_lib
[2.956s] running install_data
[2.957s] running install_egg_info
[2.975s] removing '/home/intern1/ros2_ws/install/education_material/lib/python3.12/site-packages/education_material-0.0.0-py3.12.egg-info' (and everything under it)
[2.975s] Copying ../../build/education_material/education_material.egg-info to /home/intern1/ros2_ws/install/education_material/lib/python3.12/site-packages/education_material-0.0.0-py3.12.egg-info
[2.976s] running install_scripts
[3.082s] Installing evenodd_checker script to /home/intern1/ros2_ws/install/education_material/lib/education_material
[3.083s] Installing int_pub script to /home/intern1/ros2_ws/install/education_material/lib/education_material
[3.083s] Installing int_sub script to /home/intern1/ros2_ws/install/education_material/lib/education_material
[3.083s] Installing keypressed_calculator script to /home/intern1/ros2_ws/install/education_material/lib/education_material
[3.083s] Installing keypressed_talker script to /home/intern1/ros2_ws/install/education_material/lib/education_material
[3.083s] Installing keypressed_to_cmdvel script to /home/intern1/ros2_ws/install/education_material/lib/education_material
[3.083s] Installing string_pub script to /home/intern1/ros2_ws/install/education_material/lib/education_material
[3.083s] Installing string_sub script to /home/intern1/ros2_ws/install/education_material/lib/education_material
[3.084s] writing list of installed files to '/home/intern1/ros2_ws/build/education_material/install.log'
[3.225s] Invoked command in '/home/intern1/ros2_ws/src/education_material' returned '0': DEBUGINFOD_URLS=https://debuginfod.ubuntu.com PYTHONPATH=/home/intern1/ros2_ws/build/education_material/prefix_override:/usr/lib/python3/dist-packages/colcon_core/task/python/colcon_distutils_commands:/home/intern1/ros2_ws/install/education_material/lib/python3.12/site-packages:${PYTHONPATH} /usr/bin/python3 -W ignore:setup.py install is deprecated -W ignore:easy_install command is deprecated setup.py egg_info --egg-base ../../build/education_material build --build-base /home/intern1/ros2_ws/build/education_material/build install --record /home/intern1/ros2_ws/build/education_material/install.log --single-version-externally-managed install_data
