[9.878s] Invoking command in '/home/intern1/ros2_ws/src/amr_ws': DEBUGINFOD_URLS=https://debuginfod.ubuntu.com PYTHONPATH=/home/intern1/ros2_ws/build/amr_ws/prefix_override:/usr/lib/python3/dist-packages/colcon_core/task/python/colcon_distutils_commands:/home/intern1/ros2_ws/install/amr_ws/lib/python3.12/site-packages:${PYTHONPATH} /usr/bin/python3 -W ignore:setup.py install is deprecated -W ignore:easy_install command is deprecated setup.py egg_info --egg-base ../../build/amr_ws build --build-base /home/intern1/ros2_ws/build/amr_ws/build install --record /home/intern1/ros2_ws/build/amr_ws/install.log --single-version-externally-managed install_data
[23.158s] running egg_info
[23.163s] writing ../../build/amr_ws/amr_ws.egg-info/PKG-INFO
[23.163s] writing dependency_links to ../../build/amr_ws/amr_ws.egg-info/dependency_links.txt
[23.163s] writing entry points to ../../build/amr_ws/amr_ws.egg-info/entry_points.txt
[23.164s] writing requirements to ../../build/amr_ws/amr_ws.egg-info/requires.txt
[23.164s] writing top-level names to ../../build/amr_ws/amr_ws.egg-info/top_level.txt
[23.165s] reading manifest file '../../build/amr_ws/amr_ws.egg-info/SOURCES.txt'
[23.165s] adding license file 'LICENSE'
[23.165s] writing manifest file '../../build/amr_ws/amr_ws.egg-info/SOURCES.txt'
[23.165s] running build
[23.165s] running build_py
[23.165s] running install
[23.166s] running install_lib
[23.167s] running install_data
[23.167s] running install_egg_info
[23.167s] removing '/home/intern1/ros2_ws/install/amr_ws/lib/python3.12/site-packages/amr_ws-0.0.0-py3.12.egg-info' (and everything under it)
[23.168s] Copying ../../build/amr_ws/amr_ws.egg-info to /home/intern1/ros2_ws/install/amr_ws/lib/python3.12/site-packages/amr_ws-0.0.0-py3.12.egg-info
[23.168s] running install_scripts
[23.168s] Installing Automation_and_Lidar script to /home/intern1/ros2_ws/install/amr_ws/lib/amr_ws
[23.168s] Installing Automation_and_Lidar2 script to /home/intern1/ros2_ws/install/amr_ws/lib/amr_ws
[23.168s] Installing Demo_Automation script to /home/intern1/ros2_ws/install/amr_ws/lib/amr_ws
[23.168s] Installing agv_audio_node script to /home/intern1/ros2_ws/install/amr_ws/lib/amr_ws
[23.168s] Installing agv_shutdown_node script to /home/intern1/ros2_ws/install/amr_ws/lib/amr_ws
[23.168s] Installing baselink_laser_tf script to /home/intern1/ros2_ws/install/amr_ws/lib/amr_ws
[23.168s] Installing camera_follow script to /home/intern1/ros2_ws/install/amr_ws/lib/amr_ws
[23.169s] Installing cmdvelsmoothed_to_cmdvel script to /home/intern1/ros2_ws/install/amr_ws/lib/amr_ws
[23.169s] Installing compass script to /home/intern1/ros2_ws/install/amr_ws/lib/amr_ws
[23.169s] Installing hsv_probe_node script to /home/intern1/ros2_ws/install/amr_ws/lib/amr_ws
[23.169s] Installing joystick_to_motor script to /home/intern1/ros2_ws/install/amr_ws/lib/amr_ws
[23.169s] Installing keyboard_listener script to /home/intern1/ros2_ws/install/amr_ws/lib/amr_ws
[23.169s] Installing localization_node script to /home/intern1/ros2_ws/install/amr_ws/lib/amr_ws
[23.169s] Installing orchestrator_node script to /home/intern1/ros2_ws/install/amr_ws/lib/amr_ws
[23.169s] Installing path_logger script to /home/intern1/ros2_ws/install/amr_ws/lib/amr_ws
[23.172s] Installing path_publisher script to /home/intern1/ros2_ws/install/amr_ws/lib/amr_ws
[23.172s] Installing pose_persistence_node script to /home/intern1/ros2_ws/install/amr_ws/lib/amr_ws
[23.173s] Installing rack_websocket_server script to /home/intern1/ros2_ws/install/amr_ws/lib/amr_ws
[23.173s] Installing return_home_node script to /home/intern1/ros2_ws/install/amr_ws/lib/amr_ws
[23.173s] Installing webcam_line_follow script to /home/intern1/ros2_ws/install/amr_ws/lib/amr_ws
[23.173s] writing list of installed files to '/home/intern1/ros2_ws/build/amr_ws/install.log'
