[3.965s] Invoking command in '/home/intern1/ros2_ws/src/amr_ws': DEBUGINFOD_URLS=https://debuginfod.ubuntu.com PYTHONPATH=/home/intern1/ros2_ws/build/amr_ws/prefix_override:/usr/lib/python3/dist-packages/colcon_core/task/python/colcon_distutils_commands:/home/intern1/ros2_ws/install/amr_ws/lib/python3.12/site-packages:${PYTHONPATH} /usr/bin/python3 -W ignore:setup.py install is deprecated -W ignore:easy_install command is deprecated setup.py egg_info --egg-base ../../build/amr_ws build --build-base /home/intern1/ros2_ws/build/amr_ws/build install --record /home/intern1/ros2_ws/build/amr_ws/install.log --single-version-externally-managed install_data
[4.675s] running egg_info
[4.675s] writing ../../build/amr_ws/amr_ws.egg-info/PKG-INFO
[4.675s] writing dependency_links to ../../build/amr_ws/amr_ws.egg-info/dependency_links.txt
[4.675s] writing entry points to ../../build/amr_ws/amr_ws.egg-info/entry_points.txt
[4.675s] writing requirements to ../../build/amr_ws/amr_ws.egg-info/requires.txt
[4.675s] writing top-level names to ../../build/amr_ws/amr_ws.egg-info/top_level.txt
[4.675s] reading manifest file '../../build/amr_ws/amr_ws.egg-info/SOURCES.txt'
[4.675s] adding license file 'LICENSE'
[4.675s] writing manifest file '../../build/amr_ws/amr_ws.egg-info/SOURCES.txt'
[4.675s] running build
[4.675s] running build_py
[4.675s] copying amr_ws/webcam_line_follow.py -> /home/intern1/ros2_ws/build/amr_ws/build/lib/amr_ws
[4.675s] running install
[4.676s] running install_lib
[4.676s] copying /home/intern1/ros2_ws/build/amr_ws/build/lib/amr_ws/webcam_line_follow.py -> /home/intern1/ros2_ws/install/amr_ws/lib/python3.12/site-packages/amr_ws
[4.676s] byte-compiling /home/intern1/ros2_ws/install/amr_ws/lib/python3.12/site-packages/amr_ws/webcam_line_follow.py to webcam_line_follow.cpython-312.pyc
[4.676s] running install_data
[4.676s] running install_egg_info
[4.693s] removing '/home/intern1/ros2_ws/install/amr_ws/lib/python3.12/site-packages/amr_ws-0.0.0-py3.12.egg-info' (and everything under it)
[4.693s] Copying ../../build/amr_ws/amr_ws.egg-info to /home/intern1/ros2_ws/install/amr_ws/lib/python3.12/site-packages/amr_ws-0.0.0-py3.12.egg-info
[4.694s] running install_scripts
[4.920s] Installing Automation_and_Lidar script to /home/intern1/ros2_ws/install/amr_ws/lib/amr_ws
[4.921s] Installing Automation_and_Lidar2 script to /home/intern1/ros2_ws/install/amr_ws/lib/amr_ws
[4.922s] Installing Demo_Automation script to /home/intern1/ros2_ws/install/amr_ws/lib/amr_ws
[4.922s] Installing agv_audio_node script to /home/intern1/ros2_ws/install/amr_ws/lib/amr_ws
[4.923s] Installing baselink_laser_tf script to /home/intern1/ros2_ws/install/amr_ws/lib/amr_ws
[4.924s] Installing camera_follow script to /home/intern1/ros2_ws/install/amr_ws/lib/amr_ws
[4.924s] Installing cmdvelsmoothed_to_cmdvel script to /home/intern1/ros2_ws/install/amr_ws/lib/amr_ws
[4.924s] Installing compass script to /home/intern1/ros2_ws/install/amr_ws/lib/amr_ws
[4.924s] Installing hsv_probe_node script to /home/intern1/ros2_ws/install/amr_ws/lib/amr_ws
[4.924s] Installing joystick_to_motor script to /home/intern1/ros2_ws/install/amr_ws/lib/amr_ws
[4.925s] Installing keyboard_listener script to /home/intern1/ros2_ws/install/amr_ws/lib/amr_ws
[4.925s] Installing localization_node script to /home/intern1/ros2_ws/install/amr_ws/lib/amr_ws
[4.925s] Installing orchestrator_node script to /home/intern1/ros2_ws/install/amr_ws/lib/amr_ws
[4.925s] Installing path_logger script to /home/intern1/ros2_ws/install/amr_ws/lib/amr_ws
[4.926s] Installing path_publisher script to /home/intern1/ros2_ws/install/amr_ws/lib/amr_ws
[4.927s] Installing pose_persistence_node script to /home/intern1/ros2_ws/install/amr_ws/lib/amr_ws
[4.928s] Installing rack_websocket_server script to /home/intern1/ros2_ws/install/amr_ws/lib/amr_ws
[4.928s] Installing return_home_node script to /home/intern1/ros2_ws/install/amr_ws/lib/amr_ws
[4.928s] Installing webcam_line_follow script to /home/intern1/ros2_ws/install/amr_ws/lib/amr_ws
[4.928s] writing list of installed files to '/home/intern1/ros2_ws/build/amr_ws/install.log'
[5.508s] Invoked command in '/home/intern1/ros2_ws/src/amr_ws' returned '0': DEBUGINFOD_URLS=https://debuginfod.ubuntu.com PYTHONPATH=/home/intern1/ros2_ws/build/amr_ws/prefix_override:/usr/lib/python3/dist-packages/colcon_core/task/python/colcon_distutils_commands:/home/intern1/ros2_ws/install/amr_ws/lib/python3.12/site-packages:${PYTHONPATH} /usr/bin/python3 -W ignore:setup.py install is deprecated -W ignore:easy_install command is deprecated setup.py egg_info --egg-base ../../build/amr_ws build --build-base /home/intern1/ros2_ws/build/amr_ws/build install --record /home/intern1/ros2_ws/build/amr_ws/install.log --single-version-externally-managed install_data
