[6.608s] Invoking command in '/home/intern1/ros2_ws/src/amr_ws': DEBUGINFOD_URLS=https://debuginfod.ubuntu.com PYTHONPATH=/home/intern1/ros2_ws/build/amr_ws/prefix_override:/usr/lib/python3/dist-packages/colcon_core/task/python/colcon_distutils_commands:/home/intern1/ros2_ws/install/amr_ws/lib/python3.12/site-packages:${PYTHONPATH} /usr/bin/python3 -W ignore:setup.py install is deprecated -W ignore:easy_install command is deprecated setup.py egg_info --egg-base ../../build/amr_ws build --build-base /home/intern1/ros2_ws/build/amr_ws/build install --record /home/intern1/ros2_ws/build/amr_ws/install.log --single-version-externally-managed install_data
[7.404s] running egg_info
[7.450s] writing ../../build/amr_ws/amr_ws.egg-info/PKG-INFO
[7.450s] writing dependency_links to ../../build/amr_ws/amr_ws.egg-info/dependency_links.txt
[7.450s] writing entry points to ../../build/amr_ws/amr_ws.egg-info/entry_points.txt
[7.451s] writing requirements to ../../build/amr_ws/amr_ws.egg-info/requires.txt
[7.451s] writing top-level names to ../../build/amr_ws/amr_ws.egg-info/top_level.txt
[7.558s] reading manifest file '../../build/amr_ws/amr_ws.egg-info/SOURCES.txt'
[7.558s] adding license file 'LICENSE'
[7.561s] writing manifest file '../../build/amr_ws/amr_ws.egg-info/SOURCES.txt'
[7.565s] running build
[7.565s] running build_py
[7.572s] copying amr_ws/orchestrator_node.py -> /home/intern1/ros2_ws/build/amr_ws/build/lib/amr_ws
[7.572s] running install
[7.581s] running install_lib
[7.623s] copying /home/intern1/ros2_ws/build/amr_ws/build/lib/amr_ws/orchestrator_node.py -> /home/intern1/ros2_ws/install/amr_ws/lib/python3.12/site-packages/amr_ws
[7.624s] byte-compiling /home/intern1/ros2_ws/install/amr_ws/lib/python3.12/site-packages/amr_ws/orchestrator_node.py to orchestrator_node.cpython-312.pyc
[7.638s] running install_data
[7.638s] running install_egg_info
[7.706s] removing '/home/intern1/ros2_ws/install/amr_ws/lib/python3.12/site-packages/amr_ws-0.0.0-py3.12.egg-info' (and everything under it)
[7.706s] Copying ../../build/amr_ws/amr_ws.egg-info to /home/intern1/ros2_ws/install/amr_ws/lib/python3.12/site-packages/amr_ws-0.0.0-py3.12.egg-info
[7.706s] running install_scripts
[8.018s] Installing Automation_and_Lidar script to /home/intern1/ros2_ws/install/amr_ws/lib/amr_ws
[8.019s] Installing Automation_and_Lidar2 script to /home/intern1/ros2_ws/install/amr_ws/lib/amr_ws
[8.019s] Installing Demo_Automation script to /home/intern1/ros2_ws/install/amr_ws/lib/amr_ws
[8.019s] Installing baselink_laser_tf script to /home/intern1/ros2_ws/install/amr_ws/lib/amr_ws
[8.019s] Installing camera_follow script to /home/intern1/ros2_ws/install/amr_ws/lib/amr_ws
[8.020s] Installing cmdvelsmoothed_to_cmdvel script to /home/intern1/ros2_ws/install/amr_ws/lib/amr_ws
[8.020s] Installing compass script to /home/intern1/ros2_ws/install/amr_ws/lib/amr_ws
[8.020s] Installing joystick_to_motor script to /home/intern1/ros2_ws/install/amr_ws/lib/amr_ws
[8.021s] Installing keyboard_listener script to /home/intern1/ros2_ws/install/amr_ws/lib/amr_ws
[8.021s] Installing localization_node script to /home/intern1/ros2_ws/install/amr_ws/lib/amr_ws
[8.021s] Installing orchestrator_node script to /home/intern1/ros2_ws/install/amr_ws/lib/amr_ws
[8.022s] Installing path_logger script to /home/intern1/ros2_ws/install/amr_ws/lib/amr_ws
[8.022s] Installing path_publisher script to /home/intern1/ros2_ws/install/amr_ws/lib/amr_ws
[8.023s] Installing return_home_node script to /home/intern1/ros2_ws/install/amr_ws/lib/amr_ws
[8.023s] Installing webcam_line_follow script to /home/intern1/ros2_ws/install/amr_ws/lib/amr_ws
[8.024s] writing list of installed files to '/home/intern1/ros2_ws/build/amr_ws/install.log'
[8.528s] Invoked command in '/home/intern1/ros2_ws/src/amr_ws' returned '0': DEBUGINFOD_URLS=https://debuginfod.ubuntu.com PYTHONPATH=/home/intern1/ros2_ws/build/amr_ws/prefix_override:/usr/lib/python3/dist-packages/colcon_core/task/python/colcon_distutils_commands:/home/intern1/ros2_ws/install/amr_ws/lib/python3.12/site-packages:${PYTHONPATH} /usr/bin/python3 -W ignore:setup.py install is deprecated -W ignore:easy_install command is deprecated setup.py egg_info --egg-base ../../build/amr_ws build --build-base /home/intern1/ros2_ws/build/amr_ws/build install --record /home/intern1/ros2_ws/build/amr_ws/install.log --single-version-externally-managed install_data
