[0.932s] Invoking command in '/home/intern1/ros2_ws/src/amr_ws': DEBUGINFOD_URLS=https://debuginfod.ubuntu.com PYTHONPATH=/home/intern1/ros2_ws/build/amr_ws/prefix_override:/usr/lib/python3/dist-packages/colcon_core/task/python/colcon_distutils_commands:/home/intern1/ros2_ws/install/amr_ws/lib/python3.12/site-packages:${PYTHONPATH} /usr/bin/python3 -W ignore:setup.py install is deprecated -W ignore:easy_install command is deprecated setup.py egg_info --egg-base ../../build/amr_ws build --build-base /home/intern1/ros2_ws/build/amr_ws/build install --record /home/intern1/ros2_ws/build/amr_ws/install.log --single-version-externally-managed install_data
[1.257s] running egg_info
[1.276s] writing ../../build/amr_ws/amr_ws.egg-info/PKG-INFO
[1.277s] writing dependency_links to ../../build/amr_ws/amr_ws.egg-info/dependency_links.txt
[1.277s] writing entry points to ../../build/amr_ws/amr_ws.egg-info/entry_points.txt
[1.277s] writing requirements to ../../build/amr_ws/amr_ws.egg-info/requires.txt
[1.277s] writing top-level names to ../../build/amr_ws/amr_ws.egg-info/top_level.txt
[1.316s] reading manifest file '../../build/amr_ws/amr_ws.egg-info/SOURCES.txt'
[1.316s] adding license file 'LICENSE'
[1.317s] writing manifest file '../../build/amr_ws/amr_ws.egg-info/SOURCES.txt'
[1.317s] running build
[1.317s] running build_py
[1.317s] copying amr_ws/Automation_and_Lidar2.py -> /home/intern1/ros2_ws/build/amr_ws/build/lib/amr_ws
[1.318s] copying amr_ws/Automation_and_Lidar.py -> /home/intern1/ros2_ws/build/amr_ws/build/lib/amr_ws
[1.318s] running install
[1.324s] running install_lib
[1.344s] copying /home/intern1/ros2_ws/build/amr_ws/build/lib/amr_ws/Automation_and_Lidar2.py -> /home/intern1/ros2_ws/install/amr_ws/lib/python3.12/site-packages/amr_ws
[1.344s] copying /home/intern1/ros2_ws/build/amr_ws/build/lib/amr_ws/Automation_and_Lidar.py -> /home/intern1/ros2_ws/install/amr_ws/lib/python3.12/site-packages/amr_ws
[1.345s] byte-compiling /home/intern1/ros2_ws/install/amr_ws/lib/python3.12/site-packages/amr_ws/Automation_and_Lidar2.py to Automation_and_Lidar2.cpython-312.pyc
[1.347s] byte-compiling /home/intern1/ros2_ws/install/amr_ws/lib/python3.12/site-packages/amr_ws/Automation_and_Lidar.py to Automation_and_Lidar.cpython-312.pyc
[1.348s] running install_data
[1.348s] running install_egg_info
[1.369s] removing '/home/intern1/ros2_ws/install/amr_ws/lib/python3.12/site-packages/amr_ws-0.0.0-py3.12.egg-info' (and everything under it)
[1.369s] Copying ../../build/amr_ws/amr_ws.egg-info to /home/intern1/ros2_ws/install/amr_ws/lib/python3.12/site-packages/amr_ws-0.0.0-py3.12.egg-info
[1.370s] running install_scripts
[1.502s] Installing Automation_and_Lidar script to /home/intern1/ros2_ws/install/amr_ws/lib/amr_ws
[1.502s] Installing Automation_and_Lidar2 script to /home/intern1/ros2_ws/install/amr_ws/lib/amr_ws
[1.503s] Installing Demo_Automation script to /home/intern1/ros2_ws/install/amr_ws/lib/amr_ws
[1.503s] Installing baselink_laser_tf script to /home/intern1/ros2_ws/install/amr_ws/lib/amr_ws
[1.503s] Installing camera_follow script to /home/intern1/ros2_ws/install/amr_ws/lib/amr_ws
[1.503s] Installing compass script to /home/intern1/ros2_ws/install/amr_ws/lib/amr_ws
[1.503s] Installing joystick_to_motor script to /home/intern1/ros2_ws/install/amr_ws/lib/amr_ws
[1.503s] Installing keyboard_listener script to /home/intern1/ros2_ws/install/amr_ws/lib/amr_ws
[1.503s] Installing webcam_line_follow script to /home/intern1/ros2_ws/install/amr_ws/lib/amr_ws
[1.506s] writing list of installed files to '/home/intern1/ros2_ws/build/amr_ws/install.log'
[1.544s] Invoked command in '/home/intern1/ros2_ws/src/amr_ws' returned '0': DEBUGINFOD_URLS=https://debuginfod.ubuntu.com PYTHONPATH=/home/intern1/ros2_ws/build/amr_ws/prefix_override:/usr/lib/python3/dist-packages/colcon_core/task/python/colcon_distutils_commands:/home/intern1/ros2_ws/install/amr_ws/lib/python3.12/site-packages:${PYTHONPATH} /usr/bin/python3 -W ignore:setup.py install is deprecated -W ignore:easy_install command is deprecated setup.py egg_info --egg-base ../../build/amr_ws build --build-base /home/intern1/ros2_ws/build/amr_ws/build install --record /home/intern1/ros2_ws/build/amr_ws/install.log --single-version-externally-managed install_data
