[4.462s] Invoking command in '/home/intern1/ros2_ws/src/examples/rclpy/executors': DEBUGINFOD_URLS=https://debuginfod.ubuntu.com PYTHONPATH=/home/intern1/ros2_ws/build/examples_rclpy_executors/prefix_override:/usr/lib/python3/dist-packages/colcon_core/task/python/colcon_distutils_commands:/home/intern1/ros2_ws/install/examples_rclpy_executors/lib/python3.12/site-packages:${PYTHONPATH} /usr/bin/python3 -W ignore:setup.py install is deprecated -W ignore:easy_install command is deprecated setup.py egg_info --egg-base ../../../../build/examples_rclpy_executors build --build-base /home/intern1/ros2_ws/build/examples_rclpy_executors/build install --record /home/intern1/ros2_ws/build/examples_rclpy_executors/install.log --single-version-externally-managed install_data
[5.091s] running egg_info
[5.131s] writing ../../../../build/examples_rclpy_executors/examples_rclpy_executors.egg-info/PKG-INFO
[5.132s] writing dependency_links to ../../../../build/examples_rclpy_executors/examples_rclpy_executors.egg-info/dependency_links.txt
[5.135s] writing entry points to ../../../../build/examples_rclpy_executors/examples_rclpy_executors.egg-info/entry_points.txt
[5.137s] writing requirements to ../../../../build/examples_rclpy_executors/examples_rclpy_executors.egg-info/requires.txt
[5.137s] writing top-level names to ../../../../build/examples_rclpy_executors/examples_rclpy_executors.egg-info/top_level.txt
[5.219s] reading manifest file '../../../../build/examples_rclpy_executors/examples_rclpy_executors.egg-info/SOURCES.txt'
[5.221s] writing manifest file '../../../../build/examples_rclpy_executors/examples_rclpy_executors.egg-info/SOURCES.txt'
[5.221s] running build
[5.221s] running build_py
[5.222s] running install
[5.234s] running install_lib
[5.278s] running install_data
[5.279s] running install_egg_info
[5.324s] removing '/home/intern1/ros2_ws/install/examples_rclpy_executors/lib/python3.12/site-packages/examples_rclpy_executors-0.19.7-py3.12.egg-info' (and everything under it)
[5.326s] Copying ../../../../build/examples_rclpy_executors/examples_rclpy_executors.egg-info to /home/intern1/ros2_ws/install/examples_rclpy_executors/lib/python3.12/site-packages/examples_rclpy_executors-0.19.7-py3.12.egg-info
[5.331s] running install_scripts
[5.657s] Installing callback_group script to /home/intern1/ros2_ws/install/examples_rclpy_executors/lib/examples_rclpy_executors
[5.661s] Installing composed script to /home/intern1/ros2_ws/install/examples_rclpy_executors/lib/examples_rclpy_executors
[5.662s] Installing custom_callback_group script to /home/intern1/ros2_ws/install/examples_rclpy_executors/lib/examples_rclpy_executors
[5.663s] Installing custom_executor script to /home/intern1/ros2_ws/install/examples_rclpy_executors/lib/examples_rclpy_executors
[5.663s] Installing listener script to /home/intern1/ros2_ws/install/examples_rclpy_executors/lib/examples_rclpy_executors
[5.665s] Installing talker script to /home/intern1/ros2_ws/install/examples_rclpy_executors/lib/examples_rclpy_executors
[5.666s] writing list of installed files to '/home/intern1/ros2_ws/build/examples_rclpy_executors/install.log'
[6.330s] Invoked command in '/home/intern1/ros2_ws/src/examples/rclpy/executors' returned '0': DEBUGINFOD_URLS=https://debuginfod.ubuntu.com PYTHONPATH=/home/intern1/ros2_ws/build/examples_rclpy_executors/prefix_override:/usr/lib/python3/dist-packages/colcon_core/task/python/colcon_distutils_commands:/home/intern1/ros2_ws/install/examples_rclpy_executors/lib/python3.12/site-packages:${PYTHONPATH} /usr/bin/python3 -W ignore:setup.py install is deprecated -W ignore:easy_install command is deprecated setup.py egg_info --egg-base ../../../../build/examples_rclpy_executors build --build-base /home/intern1/ros2_ws/build/examples_rclpy_executors/build install --record /home/intern1/ros2_ws/build/examples_rclpy_executors/install.log --single-version-externally-managed install_data
