[2.636s] Invoking command in '/home/intern1/ros2_ws/src/amr_ws': DEBUGINFOD_URLS=https://debuginfod.ubuntu.com PYTHONPATH=/home/intern1/ros2_ws/build/amr_ws/prefix_override:/usr/lib/python3/dist-packages/colcon_core/task/python/colcon_distutils_commands:/home/intern1/ros2_ws/install/amr_ws/lib/python3.12/site-packages:${PYTHONPATH} /usr/bin/python3 -W ignore:setup.py install is deprecated -W ignore:easy_install command is deprecated setup.py egg_info --egg-base ../../build/amr_ws build --build-base /home/intern1/ros2_ws/build/amr_ws/build install --record /home/intern1/ros2_ws/build/amr_ws/install.log --single-version-externally-managed install_data
[2.893s] running egg_info
[2.896s] writing ../../build/amr_ws/amr_ws.egg-info/PKG-INFO
[2.896s] writing dependency_links to ../../build/amr_ws/amr_ws.egg-info/dependency_links.txt
[2.896s] writing entry points to ../../build/amr_ws/amr_ws.egg-info/entry_points.txt
[2.896s] writing requirements to ../../build/amr_ws/amr_ws.egg-info/requires.txt
[2.896s] writing top-level names to ../../build/amr_ws/amr_ws.egg-info/top_level.txt
[2.934s] reading manifest file '../../build/amr_ws/amr_ws.egg-info/SOURCES.txt'
[2.934s] adding license file 'LICENSE'
[2.934s] writing manifest file '../../build/amr_ws/amr_ws.egg-info/SOURCES.txt'
[2.934s] running build
[2.934s] running build_py
[2.934s] copying amr_ws/agv_audio_node.py -> /home/intern1/ros2_ws/build/amr_ws/build/lib/amr_ws
[2.934s] running install
[2.944s] running install_lib
[2.955s] copying /home/intern1/ros2_ws/build/amr_ws/build/lib/amr_ws/agv_audio_node.py -> /home/intern1/ros2_ws/install/amr_ws/lib/python3.12/site-packages/amr_ws
[2.958s] byte-compiling /home/intern1/ros2_ws/install/amr_ws/lib/python3.12/site-packages/amr_ws/agv_audio_node.py to agv_audio_node.cpython-312.pyc
[2.962s] running install_data
[2.962s] running install_egg_info
[2.979s] removing '/home/intern1/ros2_ws/install/amr_ws/lib/python3.12/site-packages/amr_ws-0.0.0-py3.12.egg-info' (and everything under it)
[2.980s] Copying ../../build/amr_ws/amr_ws.egg-info to /home/intern1/ros2_ws/install/amr_ws/lib/python3.12/site-packages/amr_ws-0.0.0-py3.12.egg-info
[2.986s] running install_scripts
[3.194s] Installing Automation_and_Lidar script to /home/intern1/ros2_ws/install/amr_ws/lib/amr_ws
[3.194s] Installing Automation_and_Lidar2 script to /home/intern1/ros2_ws/install/amr_ws/lib/amr_ws
[3.194s] Installing Demo_Automation script to /home/intern1/ros2_ws/install/amr_ws/lib/amr_ws
[3.194s] Installing agv_audio_node script to /home/intern1/ros2_ws/install/amr_ws/lib/amr_ws
[3.194s] Installing agv_shutdown_node script to /home/intern1/ros2_ws/install/amr_ws/lib/amr_ws
[3.194s] Installing baselink_laser_tf script to /home/intern1/ros2_ws/install/amr_ws/lib/amr_ws
[3.194s] Installing camera_follow script to /home/intern1/ros2_ws/install/amr_ws/lib/amr_ws
[3.194s] Installing cmdvelsmoothed_to_cmdvel script to /home/intern1/ros2_ws/install/amr_ws/lib/amr_ws
[3.194s] Installing compass script to /home/intern1/ros2_ws/install/amr_ws/lib/amr_ws
[3.194s] Installing hsv_probe_node script to /home/intern1/ros2_ws/install/amr_ws/lib/amr_ws
[3.194s] Installing joystick_to_motor script to /home/intern1/ros2_ws/install/amr_ws/lib/amr_ws
[3.195s] Installing keyboard_listener script to /home/intern1/ros2_ws/install/amr_ws/lib/amr_ws
[3.195s] Installing localization_node script to /home/intern1/ros2_ws/install/amr_ws/lib/amr_ws
[3.195s] Installing orchestrator_node script to /home/intern1/ros2_ws/install/amr_ws/lib/amr_ws
[3.195s] Installing path_logger script to /home/intern1/ros2_ws/install/amr_ws/lib/amr_ws
[3.195s] Installing path_publisher script to /home/intern1/ros2_ws/install/amr_ws/lib/amr_ws
[3.195s] Installing pose_persistence_node script to /home/intern1/ros2_ws/install/amr_ws/lib/amr_ws
[3.195s] Installing rack_websocket_server script to /home/intern1/ros2_ws/install/amr_ws/lib/amr_ws
[3.195s] Installing return_home_node script to /home/intern1/ros2_ws/install/amr_ws/lib/amr_ws
[3.195s] Installing webcam_line_follow script to /home/intern1/ros2_ws/install/amr_ws/lib/amr_ws
[3.196s] writing list of installed files to '/home/intern1/ros2_ws/build/amr_ws/install.log'
[3.257s] Invoked command in '/home/intern1/ros2_ws/src/amr_ws' returned '0': DEBUGINFOD_URLS=https://debuginfod.ubuntu.com PYTHONPATH=/home/intern1/ros2_ws/build/amr_ws/prefix_override:/usr/lib/python3/dist-packages/colcon_core/task/python/colcon_distutils_commands:/home/intern1/ros2_ws/install/amr_ws/lib/python3.12/site-packages:${PYTHONPATH} /usr/bin/python3 -W ignore:setup.py install is deprecated -W ignore:easy_install command is deprecated setup.py egg_info --egg-base ../../build/amr_ws build --build-base /home/intern1/ros2_ws/build/amr_ws/build install --record /home/intern1/ros2_ws/build/amr_ws/install.log --single-version-externally-managed install_data
