[1.618s] Invoking command in '/home/intern1/ros2_ws/om_mvc01': DEBUGINFOD_URLS=https://debuginfod.ubuntu.com PYTHONPATH=/home/intern1/ros2_ws/build/om_mvc01/prefix_override:/usr/lib/python3/dist-packages/colcon_core/task/python/colcon_distutils_commands:/home/intern1/ros2_ws/install/om_mvc01/lib/python3.12/site-packages:${PYTHONPATH} /usr/bin/python3 -W ignore:setup.py install is deprecated -W ignore:easy_install command is deprecated setup.py egg_info --egg-base ../build/om_mvc01 build --build-base /home/intern1/ros2_ws/build/om_mvc01/build install --record /home/intern1/ros2_ws/build/om_mvc01/install.log --single-version-externally-managed install_data
[2.141s] running egg_info
[2.141s] creating ../build/om_mvc01/om_mvc01.egg-info
[2.162s] writing ../build/om_mvc01/om_mvc01.egg-info/PKG-INFO
[2.163s] writing dependency_links to ../build/om_mvc01/om_mvc01.egg-info/dependency_links.txt
[2.163s] writing entry points to ../build/om_mvc01/om_mvc01.egg-info/entry_points.txt
[2.163s] writing requirements to ../build/om_mvc01/om_mvc01.egg-info/requires.txt
[2.163s] writing top-level names to ../build/om_mvc01/om_mvc01.egg-info/top_level.txt
[2.163s] writing manifest file '../build/om_mvc01/om_mvc01.egg-info/SOURCES.txt'
[2.205s] reading manifest file '../build/om_mvc01/om_mvc01.egg-info/SOURCES.txt'
[2.206s] writing manifest file '../build/om_mvc01/om_mvc01.egg-info/SOURCES.txt'
[2.206s] running build
[2.206s] running build_py
[2.207s] creating /home/intern1/ros2_ws/build/om_mvc01/build
[2.207s] creating /home/intern1/ros2_ws/build/om_mvc01/build/lib
[2.207s] creating /home/intern1/ros2_ws/build/om_mvc01/build/lib/utils
[2.207s] copying utils/const.py -> /home/intern1/ros2_ws/build/om_mvc01/build/lib/utils
[2.207s] copying utils/clientasync.py -> /home/intern1/ros2_ws/build/om_mvc01/build/lib/utils
[2.207s] copying utils/__init__.py -> /home/intern1/ros2_ws/build/om_mvc01/build/lib/utils
[2.208s] creating /home/intern1/ros2_ws/build/om_mvc01/build/lib/om_mvc01
[2.208s] copying om_mvc01/om_mvc01_node3.py -> /home/intern1/ros2_ws/build/om_mvc01/build/lib/om_mvc01
[2.209s] copying om_mvc01/__init__.py -> /home/intern1/ros2_ws/build/om_mvc01/build/lib/om_mvc01
[2.209s] copying om_mvc01/om_mvc01_node.py -> /home/intern1/ros2_ws/build/om_mvc01/build/lib/om_mvc01
[2.209s] copying om_mvc01/om_mvc01_node2.py -> /home/intern1/ros2_ws/build/om_mvc01/build/lib/om_mvc01
[2.209s] running install
[2.216s] running install_lib
[2.241s] creating /home/intern1/ros2_ws/install/om_mvc01/lib/python3.12/site-packages/utils
[2.241s] copying /home/intern1/ros2_ws/build/om_mvc01/build/lib/utils/const.py -> /home/intern1/ros2_ws/install/om_mvc01/lib/python3.12/site-packages/utils
[2.241s] copying /home/intern1/ros2_ws/build/om_mvc01/build/lib/utils/clientasync.py -> /home/intern1/ros2_ws/install/om_mvc01/lib/python3.12/site-packages/utils
[2.242s] copying /home/intern1/ros2_ws/build/om_mvc01/build/lib/utils/__init__.py -> /home/intern1/ros2_ws/install/om_mvc01/lib/python3.12/site-packages/utils
[2.242s] creating /home/intern1/ros2_ws/install/om_mvc01/lib/python3.12/site-packages/om_mvc01
[2.242s] copying /home/intern1/ros2_ws/build/om_mvc01/build/lib/om_mvc01/om_mvc01_node3.py -> /home/intern1/ros2_ws/install/om_mvc01/lib/python3.12/site-packages/om_mvc01
[2.242s] copying /home/intern1/ros2_ws/build/om_mvc01/build/lib/om_mvc01/__init__.py -> /home/intern1/ros2_ws/install/om_mvc01/lib/python3.12/site-packages/om_mvc01
[2.242s] copying /home/intern1/ros2_ws/build/om_mvc01/build/lib/om_mvc01/om_mvc01_node.py -> /home/intern1/ros2_ws/install/om_mvc01/lib/python3.12/site-packages/om_mvc01
[2.242s] copying /home/intern1/ros2_ws/build/om_mvc01/build/lib/om_mvc01/om_mvc01_node2.py -> /home/intern1/ros2_ws/install/om_mvc01/lib/python3.12/site-packages/om_mvc01
[2.242s] byte-compiling /home/intern1/ros2_ws/install/om_mvc01/lib/python3.12/site-packages/utils/const.py to const.cpython-312.pyc
[2.242s] byte-compiling /home/intern1/ros2_ws/install/om_mvc01/lib/python3.12/site-packages/utils/clientasync.py to clientasync.cpython-312.pyc
[2.244s] byte-compiling /home/intern1/ros2_ws/install/om_mvc01/lib/python3.12/site-packages/utils/__init__.py to __init__.cpython-312.pyc
[2.244s] byte-compiling /home/intern1/ros2_ws/install/om_mvc01/lib/python3.12/site-packages/om_mvc01/om_mvc01_node3.py to om_mvc01_node3.cpython-312.pyc
[2.245s] byte-compiling /home/intern1/ros2_ws/install/om_mvc01/lib/python3.12/site-packages/om_mvc01/__init__.py to __init__.cpython-312.pyc
[2.245s] byte-compiling /home/intern1/ros2_ws/install/om_mvc01/lib/python3.12/site-packages/om_mvc01/om_mvc01_node.py to om_mvc01_node.cpython-312.pyc
[2.250s] byte-compiling /home/intern1/ros2_ws/install/om_mvc01/lib/python3.12/site-packages/om_mvc01/om_mvc01_node2.py to om_mvc01_node2.cpython-312.pyc
[2.250s] running install_data
[2.250s] creating /home/intern1/ros2_ws/install/om_mvc01/share/ament_index
[2.250s] creating /home/intern1/ros2_ws/install/om_mvc01/share/ament_index/resource_index
[2.251s] creating /home/intern1/ros2_ws/install/om_mvc01/share/ament_index/resource_index/packages
[2.251s] copying resource/om_mvc01 -> /home/intern1/ros2_ws/install/om_mvc01/share/ament_index/resource_index/packages
[2.251s] copying package.xml -> /home/intern1/ros2_ws/install/om_mvc01/share/om_mvc01
[2.251s] creating /home/intern1/ros2_ws/install/om_mvc01/share/om_mvc01/config
[2.251s] creating /home/intern1/ros2_ws/install/om_mvc01/share/om_mvc01/launch
[2.251s] copying launch/om_MVC01_launch.py -> /home/intern1/ros2_ws/install/om_mvc01/share/om_mvc01/launch
[2.251s] copying launch/om_MVC01_bringup_launch.py -> /home/intern1/ros2_ws/install/om_mvc01/share/om_mvc01/launch
[2.251s] copying launch/om_MVC01_follow_launch.py -> /home/intern1/ros2_ws/install/om_mvc01/share/om_mvc01/launch
[2.252s] running install_egg_info
[2.287s] Copying ../build/om_mvc01/om_mvc01.egg-info to /home/intern1/ros2_ws/install/om_mvc01/lib/python3.12/site-packages/om_mvc01-0.0.0-py3.12.egg-info
[2.288s] running install_scripts
[2.479s] Installing om_mvc01_node script to /home/intern1/ros2_ws/install/om_mvc01/lib/om_mvc01
[2.479s] Installing om_mvc01_node2 script to /home/intern1/ros2_ws/install/om_mvc01/lib/om_mvc01
[2.479s] Installing om_mvc01_node3 script to /home/intern1/ros2_ws/install/om_mvc01/lib/om_mvc01
[2.479s] writing list of installed files to '/home/intern1/ros2_ws/build/om_mvc01/install.log'
[2.542s] Invoked command in '/home/intern1/ros2_ws/om_mvc01' returned '0': DEBUGINFOD_URLS=https://debuginfod.ubuntu.com PYTHONPATH=/home/intern1/ros2_ws/build/om_mvc01/prefix_override:/usr/lib/python3/dist-packages/colcon_core/task/python/colcon_distutils_commands:/home/intern1/ros2_ws/install/om_mvc01/lib/python3.12/site-packages:${PYTHONPATH} /usr/bin/python3 -W ignore:setup.py install is deprecated -W ignore:easy_install command is deprecated setup.py egg_info --egg-base ../build/om_mvc01 build --build-base /home/intern1/ros2_ws/build/om_mvc01/build install --record /home/intern1/ros2_ws/build/om_mvc01/install.log --single-version-externally-managed install_data
