[4.509s] Invoking command in '/home/intern1/ros2_ws/src/examples/rclpy/topics/minimal_subscriber': DEBUGINFOD_URLS=https://debuginfod.ubuntu.com PYTHONPATH=/home/intern1/ros2_ws/build/examples_rclpy_minimal_subscriber/prefix_override:/usr/lib/python3/dist-packages/colcon_core/task/python/colcon_distutils_commands:/home/intern1/ros2_ws/install/examples_rclpy_minimal_subscriber/lib/python3.12/site-packages:${PYTHONPATH} /usr/bin/python3 -W ignore:setup.py install is deprecated -W ignore:easy_install command is deprecated setup.py egg_info --egg-base ../../../../../build/examples_rclpy_minimal_subscriber build --build-base /home/intern1/ros2_ws/build/examples_rclpy_minimal_subscriber/build install --record /home/intern1/ros2_ws/build/examples_rclpy_minimal_subscriber/install.log --single-version-externally-managed install_data
[5.091s] running egg_info
[5.147s] writing ../../../../../build/examples_rclpy_minimal_subscriber/examples_rclpy_minimal_subscriber.egg-info/PKG-INFO
[5.147s] writing dependency_links to ../../../../../build/examples_rclpy_minimal_subscriber/examples_rclpy_minimal_subscriber.egg-info/dependency_links.txt
[5.148s] writing entry points to ../../../../../build/examples_rclpy_minimal_subscriber/examples_rclpy_minimal_subscriber.egg-info/entry_points.txt
[5.148s] writing requirements to ../../../../../build/examples_rclpy_minimal_subscriber/examples_rclpy_minimal_subscriber.egg-info/requires.txt
[5.149s] writing top-level names to ../../../../../build/examples_rclpy_minimal_subscriber/examples_rclpy_minimal_subscriber.egg-info/top_level.txt
[5.241s] reading manifest file '../../../../../build/examples_rclpy_minimal_subscriber/examples_rclpy_minimal_subscriber.egg-info/SOURCES.txt'
[5.242s] writing manifest file '../../../../../build/examples_rclpy_minimal_subscriber/examples_rclpy_minimal_subscriber.egg-info/SOURCES.txt'
[5.242s] running build
[5.242s] running build_py
[5.243s] running install
[5.253s] running install_lib
[5.297s] running install_data
[5.297s] running install_egg_info
[5.330s] removing '/home/intern1/ros2_ws/install/examples_rclpy_minimal_subscriber/lib/python3.12/site-packages/examples_rclpy_minimal_subscriber-0.19.7-py3.12.egg-info' (and everything under it)
[5.330s] Copying ../../../../../build/examples_rclpy_minimal_subscriber/examples_rclpy_minimal_subscriber.egg-info to /home/intern1/ros2_ws/install/examples_rclpy_minimal_subscriber/lib/python3.12/site-packages/examples_rclpy_minimal_subscriber-0.19.7-py3.12.egg-info
[5.331s] running install_scripts
[5.490s] Installing subscriber_lambda script to /home/intern1/ros2_ws/install/examples_rclpy_minimal_subscriber/lib/examples_rclpy_minimal_subscriber
[5.490s] Installing subscriber_member_function script to /home/intern1/ros2_ws/install/examples_rclpy_minimal_subscriber/lib/examples_rclpy_minimal_subscriber
[5.491s] Installing subscriber_old_school script to /home/intern1/ros2_ws/install/examples_rclpy_minimal_subscriber/lib/examples_rclpy_minimal_subscriber
[5.491s] writing list of installed files to '/home/intern1/ros2_ws/build/examples_rclpy_minimal_subscriber/install.log'
[5.533s] Invoked command in '/home/intern1/ros2_ws/src/examples/rclpy/topics/minimal_subscriber' returned '0': DEBUGINFOD_URLS=https://debuginfod.ubuntu.com PYTHONPATH=/home/intern1/ros2_ws/build/examples_rclpy_minimal_subscriber/prefix_override:/usr/lib/python3/dist-packages/colcon_core/task/python/colcon_distutils_commands:/home/intern1/ros2_ws/install/examples_rclpy_minimal_subscriber/lib/python3.12/site-packages:${PYTHONPATH} /usr/bin/python3 -W ignore:setup.py install is deprecated -W ignore:easy_install command is deprecated setup.py egg_info --egg-base ../../../../../build/examples_rclpy_minimal_subscriber build --build-base /home/intern1/ros2_ws/build/examples_rclpy_minimal_subscriber/build install --record /home/intern1/ros2_ws/build/examples_rclpy_minimal_subscriber/install.log --single-version-externally-managed install_data
