[3.559s] Invoking command in '/home/intern1/ros2_ws/src/examples/rclpy/topics/minimal_subscriber': DEBUGINFOD_URLS=https://debuginfod.ubuntu.com PYTHONPATH=/home/intern1/ros2_ws/build/examples_rclpy_minimal_subscriber/prefix_override:/usr/lib/python3/dist-packages/colcon_core/task/python/colcon_distutils_commands:/home/intern1/ros2_ws/install/examples_rclpy_minimal_subscriber/lib/python3.12/site-packages:${PYTHONPATH} /usr/bin/python3 -W ignore:setup.py install is deprecated -W ignore:easy_install command is deprecated setup.py egg_info --egg-base ../../../../../build/examples_rclpy_minimal_subscriber build --build-base /home/intern1/ros2_ws/build/examples_rclpy_minimal_subscriber/build install --record /home/intern1/ros2_ws/build/examples_rclpy_minimal_subscriber/install.log --single-version-externally-managed install_data
[5.375s] running egg_info
[5.375s] creating ../../../../../build/examples_rclpy_minimal_subscriber/examples_rclpy_minimal_subscriber.egg-info
[5.375s] writing ../../../../../build/examples_rclpy_minimal_subscriber/examples_rclpy_minimal_subscriber.egg-info/PKG-INFO
[5.375s] writing dependency_links to ../../../../../build/examples_rclpy_minimal_subscriber/examples_rclpy_minimal_subscriber.egg-info/dependency_links.txt
[5.376s] writing entry points to ../../../../../build/examples_rclpy_minimal_subscriber/examples_rclpy_minimal_subscriber.egg-info/entry_points.txt
[5.376s] writing requirements to ../../../../../build/examples_rclpy_minimal_subscriber/examples_rclpy_minimal_subscriber.egg-info/requires.txt
[5.377s] writing top-level names to ../../../../../build/examples_rclpy_minimal_subscriber/examples_rclpy_minimal_subscriber.egg-info/top_level.txt
[5.379s] writing manifest file '../../../../../build/examples_rclpy_minimal_subscriber/examples_rclpy_minimal_subscriber.egg-info/SOURCES.txt'
[5.380s] reading manifest file '../../../../../build/examples_rclpy_minimal_subscriber/examples_rclpy_minimal_subscriber.egg-info/SOURCES.txt'
[5.380s] writing manifest file '../../../../../build/examples_rclpy_minimal_subscriber/examples_rclpy_minimal_subscriber.egg-info/SOURCES.txt'
[5.380s] running build
[5.380s] running build_py
[5.381s] creating /home/intern1/ros2_ws/build/examples_rclpy_minimal_subscriber/build
[5.381s] creating /home/intern1/ros2_ws/build/examples_rclpy_minimal_subscriber/build/lib
[5.381s] creating /home/intern1/ros2_ws/build/examples_rclpy_minimal_subscriber/build/lib/examples_rclpy_minimal_subscriber
[5.381s] copying examples_rclpy_minimal_subscriber/subscriber_old_school.py -> /home/intern1/ros2_ws/build/examples_rclpy_minimal_subscriber/build/lib/examples_rclpy_minimal_subscriber
[5.381s] copying examples_rclpy_minimal_subscriber/subscriber_member_function.py -> /home/intern1/ros2_ws/build/examples_rclpy_minimal_subscriber/build/lib/examples_rclpy_minimal_subscriber
[5.381s] copying examples_rclpy_minimal_subscriber/__init__.py -> /home/intern1/ros2_ws/build/examples_rclpy_minimal_subscriber/build/lib/examples_rclpy_minimal_subscriber
[5.381s] copying examples_rclpy_minimal_subscriber/subscriber_lambda.py -> /home/intern1/ros2_ws/build/examples_rclpy_minimal_subscriber/build/lib/examples_rclpy_minimal_subscriber
[5.381s] running install
[5.382s] running install_lib
[5.382s] creating /home/intern1/ros2_ws/install/examples_rclpy_minimal_subscriber/lib/python3.12/site-packages/examples_rclpy_minimal_subscriber
[5.382s] copying /home/intern1/ros2_ws/build/examples_rclpy_minimal_subscriber/build/lib/examples_rclpy_minimal_subscriber/subscriber_old_school.py -> /home/intern1/ros2_ws/install/examples_rclpy_minimal_subscriber/lib/python3.12/site-packages/examples_rclpy_minimal_subscriber
[5.382s] copying /home/intern1/ros2_ws/build/examples_rclpy_minimal_subscriber/build/lib/examples_rclpy_minimal_subscriber/subscriber_member_function.py -> /home/intern1/ros2_ws/install/examples_rclpy_minimal_subscriber/lib/python3.12/site-packages/examples_rclpy_minimal_subscriber
[5.382s] copying /home/intern1/ros2_ws/build/examples_rclpy_minimal_subscriber/build/lib/examples_rclpy_minimal_subscriber/__init__.py -> /home/intern1/ros2_ws/install/examples_rclpy_minimal_subscriber/lib/python3.12/site-packages/examples_rclpy_minimal_subscriber
[5.383s] copying /home/intern1/ros2_ws/build/examples_rclpy_minimal_subscriber/build/lib/examples_rclpy_minimal_subscriber/subscriber_lambda.py -> /home/intern1/ros2_ws/install/examples_rclpy_minimal_subscriber/lib/python3.12/site-packages/examples_rclpy_minimal_subscriber
[5.383s] byte-compiling /home/intern1/ros2_ws/install/examples_rclpy_minimal_subscriber/lib/python3.12/site-packages/examples_rclpy_minimal_subscriber/subscriber_old_school.py to subscriber_old_school.cpython-312.pyc
[5.383s] byte-compiling /home/intern1/ros2_ws/install/examples_rclpy_minimal_subscriber/lib/python3.12/site-packages/examples_rclpy_minimal_subscriber/subscriber_member_function.py to subscriber_member_function.cpython-312.pyc
[5.383s] byte-compiling /home/intern1/ros2_ws/install/examples_rclpy_minimal_subscriber/lib/python3.12/site-packages/examples_rclpy_minimal_subscriber/__init__.py to __init__.cpython-312.pyc
[5.384s] byte-compiling /home/intern1/ros2_ws/install/examples_rclpy_minimal_subscriber/lib/python3.12/site-packages/examples_rclpy_minimal_subscriber/subscriber_lambda.py to subscriber_lambda.cpython-312.pyc
[5.384s] running install_data
[5.384s] creating /home/intern1/ros2_ws/install/examples_rclpy_minimal_subscriber/share/ament_index
[5.384s] creating /home/intern1/ros2_ws/install/examples_rclpy_minimal_subscriber/share/ament_index/resource_index
[5.384s] creating /home/intern1/ros2_ws/install/examples_rclpy_minimal_subscriber/share/ament_index/resource_index/packages
[5.384s] copying resource/examples_rclpy_minimal_subscriber -> /home/intern1/ros2_ws/install/examples_rclpy_minimal_subscriber/share/ament_index/resource_index/packages
[5.384s] copying package.xml -> /home/intern1/ros2_ws/install/examples_rclpy_minimal_subscriber/share/examples_rclpy_minimal_subscriber
[5.384s] running install_egg_info
[5.384s] Copying ../../../../../build/examples_rclpy_minimal_subscriber/examples_rclpy_minimal_subscriber.egg-info to /home/intern1/ros2_ws/install/examples_rclpy_minimal_subscriber/lib/python3.12/site-packages/examples_rclpy_minimal_subscriber-0.19.7-py3.12.egg-info
[5.384s] running install_scripts
[5.385s] Installing subscriber_lambda script to /home/intern1/ros2_ws/install/examples_rclpy_minimal_subscriber/lib/examples_rclpy_minimal_subscriber
[5.385s] Installing subscriber_member_function script to /home/intern1/ros2_ws/install/examples_rclpy_minimal_subscriber/lib/examples_rclpy_minimal_subscriber
[5.385s] Installing subscriber_old_school script to /home/intern1/ros2_ws/install/examples_rclpy_minimal_subscriber/lib/examples_rclpy_minimal_subscriber
[5.385s] writing list of installed files to '/home/intern1/ros2_ws/build/examples_rclpy_minimal_subscriber/install.log'
[5.396s] Invoked command in '/home/intern1/ros2_ws/src/examples/rclpy/topics/minimal_subscriber' returned '0': DEBUGINFOD_URLS=https://debuginfod.ubuntu.com PYTHONPATH=/home/intern1/ros2_ws/build/examples_rclpy_minimal_subscriber/prefix_override:/usr/lib/python3/dist-packages/colcon_core/task/python/colcon_distutils_commands:/home/intern1/ros2_ws/install/examples_rclpy_minimal_subscriber/lib/python3.12/site-packages:${PYTHONPATH} /usr/bin/python3 -W ignore:setup.py install is deprecated -W ignore:easy_install command is deprecated setup.py egg_info --egg-base ../../../../../build/examples_rclpy_minimal_subscriber build --build-base /home/intern1/ros2_ws/build/examples_rclpy_minimal_subscriber/build install --record /home/intern1/ros2_ws/build/examples_rclpy_minimal_subscriber/install.log --single-version-externally-managed install_data
