[0.250s] Invoking command in '/home/ms05/ros2_om_ws/src/om_modbus_master_V201/om_modbus_master/build/om_modbus_master': CMAKE_PREFIX_PATH=/opt/ros/humble /usr/bin/cmake /home/ms05/ros2_om_ws/src/om_modbus_master_V201/om_modbus_master -DCMAKE_INSTALL_PREFIX=/home/ms05/ros2_om_ws/src/om_modbus_master_V201/om_modbus_master/install/om_modbus_master
[0.297s] -- Found ament_cmake: 1.3.8 (/opt/ros/humble/share/ament_cmake/cmake)
[0.890s] -- Found rclcpp: 16.0.8 (/opt/ros/humble/share/rclcpp/cmake)
[1.065s] -- Found rosidl_generator_c: 3.1.5 (/opt/ros/humble/share/rosidl_generator_c/cmake)
[1.076s] -- Found rosidl_adapter: 3.1.5 (/opt/ros/humble/share/rosidl_adapter/cmake)
[1.099s] -- Found rosidl_generator_cpp: 3.1.5 (/opt/ros/humble/share/rosidl_generator_cpp/cmake)
[1.147s] -- Using all available rosidl_typesupport_c: rosidl_typesupport_fastrtps_c;rosidl_typesupport_introspection_c
[1.209s] -- Using all available rosidl_typesupport_cpp: rosidl_typesupport_fastrtps_cpp;rosidl_typesupport_introspection_cpp
[1.436s] -- Found rmw_implementation_cmake: 6.1.1 (/opt/ros/humble/share/rmw_implementation_cmake/cmake)
[1.445s] -- Found rmw_fastrtps_cpp: 6.2.6 (/opt/ros/humble/share/rmw_fastrtps_cpp/cmake)
[2.423s] -- Using RMW implementation 'rmw_fastrtps_cpp' as default
[3.184s] [31mCMake Error at CMakeLists.txt:21 (find_package):
[3.185s]   By not providing "Findom_msgs.cmake" in CMAKE_MODULE_PATH this project has
[3.185s]   asked CMake to find a package configuration file provided by "om_msgs", but
[3.185s]   CMake did not find one.
[3.186s] 
[3.186s]   Could not find a package configuration file provided by "om_msgs" with any
[3.186s]   of the following names:
[3.187s] 
[3.187s]     om_msgsConfig.cmake
[3.188s]     om_msgs-config.cmake
[3.188s] 
[3.188s]   Add the installation prefix of "om_msgs" to CMAKE_PREFIX_PATH or set
[3.189s]   "om_msgs_DIR" to a directory containing one of the above files.  If
[3.189s]   "om_msgs" provides a separate development package or SDK, be sure it has
[3.189s]   been installed.
[3.190s] 
[3.190s] [0m
[3.191s] -- Configuring incomplete, errors occurred!
[3.192s] See also "/home/ms05/ros2_om_ws/src/om_modbus_master_V201/om_modbus_master/build/om_modbus_master/CMakeFiles/CMakeOutput.log".
[3.213s] Invoked command in '/home/ms05/ros2_om_ws/src/om_modbus_master_V201/om_modbus_master/build/om_modbus_master' returned '1': CMAKE_PREFIX_PATH=/opt/ros/humble /usr/bin/cmake /home/ms05/ros2_om_ws/src/om_modbus_master_V201/om_modbus_master -DCMAKE_INSTALL_PREFIX=/home/ms05/ros2_om_ws/src/om_modbus_master_V201/om_modbus_master/install/om_modbus_master
