-- The C compiler identification is GNU 13.3.0
-- The CXX compiler identification is GNU 13.3.0
-- Detecting C compiler ABI info
-- Detecting C compiler ABI info - done
-- Check for working C compiler: /usr/bin/cc - skipped
-- Detecting C compile features
-- Detecting C compile features - done
-- Detecting CXX compiler ABI info
-- Detecting CXX compiler ABI info - done
-- Check for working CXX compiler: /usr/bin/c++ - skipped
-- Detecting CXX compile features
-- Detecting CXX compile features - done
-- Found ament_cmake: 2.5.5 (/opt/ros/jazzy/share/ament_cmake/cmake)
-- Found Python3: /usr/bin/python3 (found version "3.12.3") found components: Interpreter 
-- Found rclcpp: 28.1.16 (/opt/ros/jazzy/share/rclcpp/cmake)
-- Found rosidl_generator_c: 4.6.7 (/opt/ros/jazzy/share/rosidl_generator_c/cmake)
-- Found rosidl_generator_cpp: 4.6.7 (/opt/ros/jazzy/share/rosidl_generator_cpp/cmake)
-- Using all available rosidl_typesupport_c: rosidl_typesupport_fastrtps_c;rosidl_typesupport_introspection_c
-- Using all available rosidl_typesupport_cpp: rosidl_typesupport_fastrtps_cpp;rosidl_typesupport_introspection_cpp
-- Found rmw_implementation_cmake: 7.3.3 (/opt/ros/jazzy/share/rmw_implementation_cmake/cmake)
-- Found rmw_fastrtps_cpp: 8.4.3 (/opt/ros/jazzy/share/rmw_fastrtps_cpp/cmake)
-- Found OpenSSL: /usr/lib/x86_64-linux-gnu/libcrypto.so (found version "3.0.13")  
-- Found FastRTPS: /opt/ros/jazzy/include (Required is at least version "2.13") 
-- Using RMW implementation 'rmw_fastrtps_cpp' as default
-- Found std_msgs: 5.3.6 (/opt/ros/jazzy/share/std_msgs/cmake)
-- Found om_msgs: 2.0.1 (/home/intern1/ros2_ws/install/om_msgs/share/om_msgs/cmake)
-- Found ament_lint_auto: 0.17.4 (/opt/ros/jazzy/share/ament_lint_auto/cmake)
-- Added test 'cppcheck' to perform static code analysis on C / C++ code
-- Configured cppcheck include dirs: /home/intern1/ros2_ws/om_modbus_master/om_modbus_master/include
-- Configured cppcheck exclude dirs and/or files: 
-- Added test 'flake8' to check Python code syntax and style conventions
-- Configured 'flake8' exclude dirs and/or files: 
-- Added test 'lint_cmake' to check CMake code style
-- Added test 'pep257' to check Python code against some of the docstring style conventions in PEP 257
-- Added test 'uncrustify' to check C / C++ code style
-- Configured uncrustify additional arguments: 
-- Added test 'xmllint' to check XML markup files
-- Configuring done (3.1s)
-- Generating done (0.0s)
-- Build files have been written to: /home/intern1/ros2_ws/build/om_modbus_master
[ 12%] [32mBuilding CXX object CMakeFiles/om_modbusRTU_node.dir/src/om_node.cpp.o[0m
[ 25%] [32mBuilding CXX object CMakeFiles/om_modbusRTU_node.dir/src/om_idshare_mode.cpp.o[0m
[ 37%] [32mBuilding CXX object CMakeFiles/om_modbusRTU_node.dir/src/om_broadcast.cpp.o[0m
[ 50%] [32mBuilding CXX object CMakeFiles/om_modbusRTU_node.dir/src/om_second_gen.cpp.o[0m
[ 75%] [32mBuilding CXX object CMakeFiles/om_modbusRTU_node.dir/src/om_first_gen.cpp.o[0m
[ 75%] [32mBuilding CXX object CMakeFiles/om_modbusRTU_node.dir/src/om_base.cpp.o[0m
[ 87%] [32mBuilding CXX object CMakeFiles/om_modbusRTU_node.dir/src/om_ros_message.cpp.o[0m
[100%] [32m[1mLinking CXX executable om_modbusRTU_node[0m
[100%] Built target om_modbusRTU_node
-- Install configuration: ""
-- Installing: /home/intern1/ros2_ws/install/om_modbus_master/share/om_modbus_master/launch
-- Installing: /home/intern1/ros2_ws/install/om_modbus_master/share/om_modbus_master/launch/readMe.txt
-- Installing: /home/intern1/ros2_ws/install/om_modbus_master/share/om_modbus_master/launch/__pycache__
-- Installing: /home/intern1/ros2_ws/install/om_modbus_master/share/om_modbus_master/launch/__pycache__/om_modbus_master_launch.cpython-310.pyc
-- Installing: /home/intern1/ros2_ws/install/om_modbus_master/share/om_modbus_master/launch/om_modbus_master_launch.py
-- Installing: /home/intern1/ros2_ws/install/om_modbus_master/lib/om_modbus_master/om_modbusRTU_node
-- Set non-toolchain portion of runtime path of "/home/intern1/ros2_ws/install/om_modbus_master/lib/om_modbus_master/om_modbusRTU_node" to ""
-- Installing: /home/intern1/ros2_ws/install/om_modbus_master/include/om_modbus_master
-- Installing: /home/intern1/ros2_ws/install/om_modbus_master/include/om_modbus_master/om_second_gen.hpp
-- Installing: /home/intern1/ros2_ws/install/om_modbus_master/include/om_modbus_master/ISetResponse.hpp
-- Installing: /home/intern1/ros2_ws/install/om_modbus_master/include/om_modbus_master/IConvertQueryAndResponse.hpp
-- Installing: /home/intern1/ros2_ws/install/om_modbus_master/include/om_modbus_master/om_util.hpp
-- Installing: /home/intern1/ros2_ws/install/om_modbus_master/include/om_modbus_master/om_first_gen.hpp
-- Installing: /home/intern1/ros2_ws/install/om_modbus_master/include/om_modbus_master/IModeExtension.hpp
-- Installing: /home/intern1/ros2_ws/install/om_modbus_master/include/om_modbus_master/ICheckIdShareMode.hpp
-- Installing: /home/intern1/ros2_ws/install/om_modbus_master/include/om_modbus_master/om_node.hpp
-- Installing: /home/intern1/ros2_ws/install/om_modbus_master/include/om_modbus_master/om_broadcast.hpp
-- Installing: /home/intern1/ros2_ws/install/om_modbus_master/include/om_modbus_master/om_idshare_mode.hpp
-- Installing: /home/intern1/ros2_ws/install/om_modbus_master/include/om_modbus_master/ICheckData.hpp
-- Installing: /home/intern1/ros2_ws/install/om_modbus_master/include/om_modbus_master/ISetMessage.hpp
-- Installing: /home/intern1/ros2_ws/install/om_modbus_master/include/om_modbus_master/IServerParamCommunicator.hpp
-- Installing: /home/intern1/ros2_ws/install/om_modbus_master/include/om_modbus_master/om_base.hpp
-- Installing: /home/intern1/ros2_ws/install/om_modbus_master/include/om_modbus_master/om_ros_message.hpp
-- Installing: /home/intern1/ros2_ws/install/om_modbus_master/share/ament_index/resource_index/package_run_dependencies/om_modbus_master
-- Installing: /home/intern1/ros2_ws/install/om_modbus_master/share/ament_index/resource_index/parent_prefix_path/om_modbus_master
-- Installing: /home/intern1/ros2_ws/install/om_modbus_master/share/om_modbus_master/environment/ament_prefix_path.sh
-- Installing: /home/intern1/ros2_ws/install/om_modbus_master/share/om_modbus_master/environment/ament_prefix_path.dsv
-- Installing: /home/intern1/ros2_ws/install/om_modbus_master/share/om_modbus_master/environment/path.sh
-- Installing: /home/intern1/ros2_ws/install/om_modbus_master/share/om_modbus_master/environment/path.dsv
-- Installing: /home/intern1/ros2_ws/install/om_modbus_master/share/om_modbus_master/local_setup.bash
-- Installing: /home/intern1/ros2_ws/install/om_modbus_master/share/om_modbus_master/local_setup.sh
-- Installing: /home/intern1/ros2_ws/install/om_modbus_master/share/om_modbus_master/local_setup.zsh
-- Installing: /home/intern1/ros2_ws/install/om_modbus_master/share/om_modbus_master/local_setup.dsv
-- Installing: /home/intern1/ros2_ws/install/om_modbus_master/share/om_modbus_master/package.dsv
-- Installing: /home/intern1/ros2_ws/install/om_modbus_master/share/ament_index/resource_index/packages/om_modbus_master
-- Installing: /home/intern1/ros2_ws/install/om_modbus_master/share/om_modbus_master/cmake/om_modbus_masterConfig.cmake
-- Installing: /home/intern1/ros2_ws/install/om_modbus_master/share/om_modbus_master/cmake/om_modbus_masterConfig-version.cmake
-- Installing: /home/intern1/ros2_ws/install/om_modbus_master/share/om_modbus_master/package.xml
