[5.050s] Invoking command in '/home/intern1/ros2_ws/src/amr_ws': DEBUGINFOD_URLS=https://debuginfod.ubuntu.com PYTHONPATH=/home/intern1/ros2_ws/build/amr_ws/prefix_override:/usr/lib/python3/dist-packages/colcon_core/task/python/colcon_distutils_commands:/home/intern1/ros2_ws/install/amr_ws/lib/python3.12/site-packages:${PYTHONPATH} /usr/bin/python3 -W ignore:setup.py install is deprecated -W ignore:easy_install command is deprecated setup.py egg_info --egg-base ../../build/amr_ws build --build-base /home/intern1/ros2_ws/build/amr_ws/build install --record /home/intern1/ros2_ws/build/amr_ws/install.log --single-version-externally-managed install_data
[5.710s] running egg_info
[5.744s] writing ../../build/amr_ws/amr_ws.egg-info/PKG-INFO
[5.744s] writing dependency_links to ../../build/amr_ws/amr_ws.egg-info/dependency_links.txt
[5.745s] writing entry points to ../../build/amr_ws/amr_ws.egg-info/entry_points.txt
[5.745s] writing requirements to ../../build/amr_ws/amr_ws.egg-info/requires.txt
[5.746s] writing top-level names to ../../build/amr_ws/amr_ws.egg-info/top_level.txt
[5.820s] reading manifest file '../../build/amr_ws/amr_ws.egg-info/SOURCES.txt'
[5.820s] adding license file 'LICENSE'
[5.821s] writing manifest file '../../build/amr_ws/amr_ws.egg-info/SOURCES.txt'
[5.822s] running build
[5.822s] running build_py
[5.824s] copying amr_ws/webcam_line_follow.py -> /home/intern1/ros2_ws/build/amr_ws/build/lib/amr_ws
[5.825s] running install
[5.839s] running install_lib
[5.884s] copying /home/intern1/ros2_ws/build/amr_ws/build/lib/amr_ws/webcam_line_follow.py -> /home/intern1/ros2_ws/install/amr_ws/lib/python3.12/site-packages/amr_ws
[5.886s] byte-compiling /home/intern1/ros2_ws/install/amr_ws/lib/python3.12/site-packages/amr_ws/webcam_line_follow.py to webcam_line_follow.cpython-312.pyc
[5.890s] running install_data
[5.891s] running install_egg_info
[5.939s] removing '/home/intern1/ros2_ws/install/amr_ws/lib/python3.12/site-packages/amr_ws-0.0.0-py3.12.egg-info' (and everything under it)
[5.940s] Copying ../../build/amr_ws/amr_ws.egg-info to /home/intern1/ros2_ws/install/amr_ws/lib/python3.12/site-packages/amr_ws-0.0.0-py3.12.egg-info
[5.941s] running install_scripts
[6.227s] Installing Automation_and_Lidar script to /home/intern1/ros2_ws/install/amr_ws/lib/amr_ws
[6.228s] Installing Automation_and_Lidar2 script to /home/intern1/ros2_ws/install/amr_ws/lib/amr_ws
[6.228s] Installing Demo_Automation script to /home/intern1/ros2_ws/install/amr_ws/lib/amr_ws
[6.229s] Installing agv_audio_node script to /home/intern1/ros2_ws/install/amr_ws/lib/amr_ws
[6.229s] Installing baselink_laser_tf script to /home/intern1/ros2_ws/install/amr_ws/lib/amr_ws
[6.229s] Installing camera_follow script to /home/intern1/ros2_ws/install/amr_ws/lib/amr_ws
[6.230s] Installing cmdvelsmoothed_to_cmdvel script to /home/intern1/ros2_ws/install/amr_ws/lib/amr_ws
[6.231s] Installing compass script to /home/intern1/ros2_ws/install/amr_ws/lib/amr_ws
[6.231s] Installing joystick_to_motor script to /home/intern1/ros2_ws/install/amr_ws/lib/amr_ws
[6.232s] Installing keyboard_listener script to /home/intern1/ros2_ws/install/amr_ws/lib/amr_ws
[6.232s] Installing localization_node script to /home/intern1/ros2_ws/install/amr_ws/lib/amr_ws
[6.233s] Installing orchestrator_node script to /home/intern1/ros2_ws/install/amr_ws/lib/amr_ws
[6.233s] Installing path_logger script to /home/intern1/ros2_ws/install/amr_ws/lib/amr_ws
[6.233s] Installing path_publisher script to /home/intern1/ros2_ws/install/amr_ws/lib/amr_ws
[6.234s] Installing pose_persistence_node script to /home/intern1/ros2_ws/install/amr_ws/lib/amr_ws
[6.234s] Installing return_home_node script to /home/intern1/ros2_ws/install/amr_ws/lib/amr_ws
[6.235s] Installing webcam_line_follow script to /home/intern1/ros2_ws/install/amr_ws/lib/amr_ws
[6.236s] writing list of installed files to '/home/intern1/ros2_ws/build/amr_ws/install.log'
[6.392s] Invoked command in '/home/intern1/ros2_ws/src/amr_ws' returned '0': DEBUGINFOD_URLS=https://debuginfod.ubuntu.com PYTHONPATH=/home/intern1/ros2_ws/build/amr_ws/prefix_override:/usr/lib/python3/dist-packages/colcon_core/task/python/colcon_distutils_commands:/home/intern1/ros2_ws/install/amr_ws/lib/python3.12/site-packages:${PYTHONPATH} /usr/bin/python3 -W ignore:setup.py install is deprecated -W ignore:easy_install command is deprecated setup.py egg_info --egg-base ../../build/amr_ws build --build-base /home/intern1/ros2_ws/build/amr_ws/build install --record /home/intern1/ros2_ws/build/amr_ws/install.log --single-version-externally-managed install_data
