[1.680s] Invoking command in '/home/intern1/ros2_ws/build/examples_rclcpp_minimal_action_client': CMAKE_PREFIX_PATH=${CMAKE_PREFIX_PATH}:/home/intern1/ros2_ws/install/tb3_multi_robot:/home/intern1/ros2_ws/install/launch_testing_examples:/home/intern1/ros2_ws/install/examples_rclpy_pointcloud_publisher:/home/intern1/ros2_ws/install/examples_rclpy_minimal_subscriber:/home/intern1/ros2_ws/install/examples_rclpy_minimal_service:/home/intern1/ros2_ws/install/examples_rclpy_minimal_publisher:/home/intern1/ros2_ws/install/examples_rclpy_minimal_client:/home/intern1/ros2_ws/install/examples_rclpy_minimal_action_server:/home/intern1/ros2_ws/install/examples_rclpy_minimal_action_client:/home/intern1/ros2_ws/install/examples_rclpy_guard_conditions:/home/intern1/ros2_ws/install/examples_rclpy_executors:/home/intern1/ros2_ws/install/education_material:/home/intern1/ros2_ws/install/camera_follow:/home/intern1/ros2_ws/install/amr_ws:/opt/ros/jazzy DEBUGINFOD_URLS=https://debuginfod.ubuntu.com /usr/bin/cmake --build /home/intern1/ros2_ws/build/examples_rclcpp_minimal_action_client -- -j14 -l14
[1.845s] [ 25%] Built target action_client_member_functions
[1.856s] [ 50%] Built target action_client_not_composable
[1.901s] [ 75%] Built target action_client_not_composable_with_cancel
[1.905s] [100%] Built target action_client_not_composable_with_feedback
[1.966s] Invoked command in '/home/intern1/ros2_ws/build/examples_rclcpp_minimal_action_client' returned '0': CMAKE_PREFIX_PATH=${CMAKE_PREFIX_PATH}:/home/intern1/ros2_ws/install/tb3_multi_robot:/home/intern1/ros2_ws/install/launch_testing_examples:/home/intern1/ros2_ws/install/examples_rclpy_pointcloud_publisher:/home/intern1/ros2_ws/install/examples_rclpy_minimal_subscriber:/home/intern1/ros2_ws/install/examples_rclpy_minimal_service:/home/intern1/ros2_ws/install/examples_rclpy_minimal_publisher:/home/intern1/ros2_ws/install/examples_rclpy_minimal_client:/home/intern1/ros2_ws/install/examples_rclpy_minimal_action_server:/home/intern1/ros2_ws/install/examples_rclpy_minimal_action_client:/home/intern1/ros2_ws/install/examples_rclpy_guard_conditions:/home/intern1/ros2_ws/install/examples_rclpy_executors:/home/intern1/ros2_ws/install/education_material:/home/intern1/ros2_ws/install/camera_follow:/home/intern1/ros2_ws/install/amr_ws:/opt/ros/jazzy DEBUGINFOD_URLS=https://debuginfod.ubuntu.com /usr/bin/cmake --build /home/intern1/ros2_ws/build/examples_rclcpp_minimal_action_client -- -j14 -l14
[1.971s] Invoking command in '/home/intern1/ros2_ws/build/examples_rclcpp_minimal_action_client': CMAKE_PREFIX_PATH=${CMAKE_PREFIX_PATH}:/home/intern1/ros2_ws/install/tb3_multi_robot:/home/intern1/ros2_ws/install/launch_testing_examples:/home/intern1/ros2_ws/install/examples_rclpy_pointcloud_publisher:/home/intern1/ros2_ws/install/examples_rclpy_minimal_subscriber:/home/intern1/ros2_ws/install/examples_rclpy_minimal_service:/home/intern1/ros2_ws/install/examples_rclpy_minimal_publisher:/home/intern1/ros2_ws/install/examples_rclpy_minimal_client:/home/intern1/ros2_ws/install/examples_rclpy_minimal_action_server:/home/intern1/ros2_ws/install/examples_rclpy_minimal_action_client:/home/intern1/ros2_ws/install/examples_rclpy_guard_conditions:/home/intern1/ros2_ws/install/examples_rclpy_executors:/home/intern1/ros2_ws/install/education_material:/home/intern1/ros2_ws/install/camera_follow:/home/intern1/ros2_ws/install/amr_ws:/opt/ros/jazzy DEBUGINFOD_URLS=https://debuginfod.ubuntu.com /usr/bin/cmake --install /home/intern1/ros2_ws/build/examples_rclcpp_minimal_action_client
[2.022s] -- Install configuration: ""
[2.022s] -- Up-to-date: /home/intern1/ros2_ws/install/examples_rclcpp_minimal_action_client/lib/examples_rclcpp_minimal_action_client/action_client_member_functions
[2.022s] -- Up-to-date: /home/intern1/ros2_ws/install/examples_rclcpp_minimal_action_client/lib/examples_rclcpp_minimal_action_client/action_client_not_composable
[2.022s] -- Up-to-date: /home/intern1/ros2_ws/install/examples_rclcpp_minimal_action_client/lib/examples_rclcpp_minimal_action_client/action_client_not_composable_with_cancel
[2.023s] -- Up-to-date: /home/intern1/ros2_ws/install/examples_rclcpp_minimal_action_client/lib/examples_rclcpp_minimal_action_client/action_client_not_composable_with_feedback
[2.023s] -- Up-to-date: /home/intern1/ros2_ws/install/examples_rclcpp_minimal_action_client/share/ament_index/resource_index/package_run_dependencies/examples_rclcpp_minimal_action_client
[2.023s] -- Up-to-date: /home/intern1/ros2_ws/install/examples_rclcpp_minimal_action_client/share/ament_index/resource_index/parent_prefix_path/examples_rclcpp_minimal_action_client
[2.024s] -- Up-to-date: /home/intern1/ros2_ws/install/examples_rclcpp_minimal_action_client/share/examples_rclcpp_minimal_action_client/environment/ament_prefix_path.sh
[2.024s] -- Up-to-date: /home/intern1/ros2_ws/install/examples_rclcpp_minimal_action_client/share/examples_rclcpp_minimal_action_client/environment/ament_prefix_path.dsv
[2.024s] -- Up-to-date: /home/intern1/ros2_ws/install/examples_rclcpp_minimal_action_client/share/examples_rclcpp_minimal_action_client/environment/path.sh
[2.024s] -- Up-to-date: /home/intern1/ros2_ws/install/examples_rclcpp_minimal_action_client/share/examples_rclcpp_minimal_action_client/environment/path.dsv
[2.024s] -- Up-to-date: /home/intern1/ros2_ws/install/examples_rclcpp_minimal_action_client/share/examples_rclcpp_minimal_action_client/local_setup.bash
[2.025s] -- Up-to-date: /home/intern1/ros2_ws/install/examples_rclcpp_minimal_action_client/share/examples_rclcpp_minimal_action_client/local_setup.sh
[2.025s] -- Up-to-date: /home/intern1/ros2_ws/install/examples_rclcpp_minimal_action_client/share/examples_rclcpp_minimal_action_client/local_setup.zsh
[2.025s] -- Up-to-date: /home/intern1/ros2_ws/install/examples_rclcpp_minimal_action_client/share/examples_rclcpp_minimal_action_client/local_setup.dsv
[2.027s] -- Installing: /home/intern1/ros2_ws/install/examples_rclcpp_minimal_action_client/share/examples_rclcpp_minimal_action_client/package.dsv
[2.027s] -- Up-to-date: /home/intern1/ros2_ws/install/examples_rclcpp_minimal_action_client/share/ament_index/resource_index/packages/examples_rclcpp_minimal_action_client
[2.028s] -- Up-to-date: /home/intern1/ros2_ws/install/examples_rclcpp_minimal_action_client/share/examples_rclcpp_minimal_action_client/cmake/examples_rclcpp_minimal_action_clientConfig.cmake
[2.028s] -- Up-to-date: /home/intern1/ros2_ws/install/examples_rclcpp_minimal_action_client/share/examples_rclcpp_minimal_action_client/cmake/examples_rclcpp_minimal_action_clientConfig-version.cmake
[2.028s] -- Up-to-date: /home/intern1/ros2_ws/install/examples_rclcpp_minimal_action_client/share/examples_rclcpp_minimal_action_client/package.xml
[2.101s] Invoked command in '/home/intern1/ros2_ws/build/examples_rclcpp_minimal_action_client' returned '0': CMAKE_PREFIX_PATH=${CMAKE_PREFIX_PATH}:/home/intern1/ros2_ws/install/tb3_multi_robot:/home/intern1/ros2_ws/install/launch_testing_examples:/home/intern1/ros2_ws/install/examples_rclpy_pointcloud_publisher:/home/intern1/ros2_ws/install/examples_rclpy_minimal_subscriber:/home/intern1/ros2_ws/install/examples_rclpy_minimal_service:/home/intern1/ros2_ws/install/examples_rclpy_minimal_publisher:/home/intern1/ros2_ws/install/examples_rclpy_minimal_client:/home/intern1/ros2_ws/install/examples_rclpy_minimal_action_server:/home/intern1/ros2_ws/install/examples_rclpy_minimal_action_client:/home/intern1/ros2_ws/install/examples_rclpy_guard_conditions:/home/intern1/ros2_ws/install/examples_rclpy_executors:/home/intern1/ros2_ws/install/education_material:/home/intern1/ros2_ws/install/camera_follow:/home/intern1/ros2_ws/install/amr_ws:/opt/ros/jazzy DEBUGINFOD_URLS=https://debuginfod.ubuntu.com /usr/bin/cmake --install /home/intern1/ros2_ws/build/examples_rclcpp_minimal_action_client
