[0.076s] Invoking command in '/home/intern1/ros2_ws/build/rplidar_ros': CMAKE_PREFIX_PATH=${CMAKE_PREFIX_PATH}:/home/intern1/ros2_ws/install/tb3_multi_robot:/home/intern1/ros2_ws/install/launch_testing_examples:/home/intern1/ros2_ws/install/examples_rclpy_pointcloud_publisher:/home/intern1/ros2_ws/install/examples_rclpy_minimal_subscriber:/home/intern1/ros2_ws/install/examples_rclpy_minimal_service:/home/intern1/ros2_ws/install/examples_rclpy_minimal_publisher:/home/intern1/ros2_ws/install/examples_rclpy_minimal_client:/home/intern1/ros2_ws/install/examples_rclpy_minimal_action_server:/home/intern1/ros2_ws/install/examples_rclpy_minimal_action_client:/home/intern1/ros2_ws/install/examples_rclpy_guard_conditions:/home/intern1/ros2_ws/install/examples_rclpy_executors:/home/intern1/ros2_ws/install/education_material:/home/intern1/ros2_ws/install/camera_follow:/home/intern1/ros2_ws/install/amr_ws:/opt/ros/jazzy DEBUGINFOD_URLS=https://debuginfod.ubuntu.com /usr/bin/cmake --build /home/intern1/ros2_ws/build/rplidar_ros -- -j14 -l14
[0.272s] [ 47%] Built target rplidar_node
[0.278s] [ 84%] Built target rplidar_client
[0.279s] [100%] Built target rplidar_composition
[0.732s] Invoked command in '/home/intern1/ros2_ws/build/rplidar_ros' returned '0': CMAKE_PREFIX_PATH=${CMAKE_PREFIX_PATH}:/home/intern1/ros2_ws/install/tb3_multi_robot:/home/intern1/ros2_ws/install/launch_testing_examples:/home/intern1/ros2_ws/install/examples_rclpy_pointcloud_publisher:/home/intern1/ros2_ws/install/examples_rclpy_minimal_subscriber:/home/intern1/ros2_ws/install/examples_rclpy_minimal_service:/home/intern1/ros2_ws/install/examples_rclpy_minimal_publisher:/home/intern1/ros2_ws/install/examples_rclpy_minimal_client:/home/intern1/ros2_ws/install/examples_rclpy_minimal_action_server:/home/intern1/ros2_ws/install/examples_rclpy_minimal_action_client:/home/intern1/ros2_ws/install/examples_rclpy_guard_conditions:/home/intern1/ros2_ws/install/examples_rclpy_executors:/home/intern1/ros2_ws/install/education_material:/home/intern1/ros2_ws/install/camera_follow:/home/intern1/ros2_ws/install/amr_ws:/opt/ros/jazzy DEBUGINFOD_URLS=https://debuginfod.ubuntu.com /usr/bin/cmake --build /home/intern1/ros2_ws/build/rplidar_ros -- -j14 -l14
[0.734s] Invoking command in '/home/intern1/ros2_ws/build/rplidar_ros': CMAKE_PREFIX_PATH=${CMAKE_PREFIX_PATH}:/home/intern1/ros2_ws/install/tb3_multi_robot:/home/intern1/ros2_ws/install/launch_testing_examples:/home/intern1/ros2_ws/install/examples_rclpy_pointcloud_publisher:/home/intern1/ros2_ws/install/examples_rclpy_minimal_subscriber:/home/intern1/ros2_ws/install/examples_rclpy_minimal_service:/home/intern1/ros2_ws/install/examples_rclpy_minimal_publisher:/home/intern1/ros2_ws/install/examples_rclpy_minimal_client:/home/intern1/ros2_ws/install/examples_rclpy_minimal_action_server:/home/intern1/ros2_ws/install/examples_rclpy_minimal_action_client:/home/intern1/ros2_ws/install/examples_rclpy_guard_conditions:/home/intern1/ros2_ws/install/examples_rclpy_executors:/home/intern1/ros2_ws/install/education_material:/home/intern1/ros2_ws/install/camera_follow:/home/intern1/ros2_ws/install/amr_ws:/opt/ros/jazzy DEBUGINFOD_URLS=https://debuginfod.ubuntu.com /usr/bin/cmake --install /home/intern1/ros2_ws/build/rplidar_ros
[0.759s] -- Install configuration: ""
[0.759s] -- Up-to-date: /home/intern1/ros2_ws/install/rplidar_ros/share/rplidar_ros/launch
[0.760s] -- Up-to-date: /home/intern1/ros2_ws/install/rplidar_ros/share/rplidar_ros/launch/rplidar_a3_launch.py
[0.761s] -- Up-to-date: /home/intern1/ros2_ws/install/rplidar_ros/share/rplidar_ros/launch/view_rplidar_a3_launch.py
[0.761s] -- Up-to-date: /home/intern1/ros2_ws/install/rplidar_ros/share/rplidar_ros/launch/view_rplidar_s1_tcp_launch.py
[0.761s] -- Up-to-date: /home/intern1/ros2_ws/install/rplidar_ros/share/rplidar_ros/launch/view_rplidar_s2_launch.py
[0.761s] -- Up-to-date: /home/intern1/ros2_ws/install/rplidar_ros/share/rplidar_ros/launch/rplidar_s1_tcp_launch.py
[0.761s] -- Up-to-date: /home/intern1/ros2_ws/install/rplidar_ros/share/rplidar_ros/launch/rplidar_s3_launch.py
[0.761s] -- Up-to-date: /home/intern1/ros2_ws/install/rplidar_ros/share/rplidar_ros/launch/view_rplidar_c1_launch.py
[0.761s] -- Up-to-date: /home/intern1/ros2_ws/install/rplidar_ros/share/rplidar_ros/launch/rplidar_a2m7_launch.py
[0.761s] -- Up-to-date: /home/intern1/ros2_ws/install/rplidar_ros/share/rplidar_ros/launch/rplidar_t1_launch.py
[0.761s] -- Up-to-date: /home/intern1/ros2_ws/install/rplidar_ros/share/rplidar_ros/launch/view_rplidar_a1_launch.py
[0.762s] -- Up-to-date: /home/intern1/ros2_ws/install/rplidar_ros/share/rplidar_ros/launch/rplidar_c1_launch.py
[0.762s] -- Up-to-date: /home/intern1/ros2_ws/install/rplidar_ros/share/rplidar_ros/launch/view_rplidar_a2m7_launch.py
[0.762s] -- Up-to-date: /home/intern1/ros2_ws/install/rplidar_ros/share/rplidar_ros/launch/rplidar_s2e_launch.py
[0.762s] -- Up-to-date: /home/intern1/ros2_ws/install/rplidar_ros/share/rplidar_ros/launch/rplidar_s2_launch.py
[0.762s] -- Up-to-date: /home/intern1/ros2_ws/install/rplidar_ros/share/rplidar_ros/launch/view_rplidar_s3_launch.py
[0.762s] -- Up-to-date: /home/intern1/ros2_ws/install/rplidar_ros/share/rplidar_ros/launch/view_rplidar_s2e_launch.py
[0.762s] -- Up-to-date: /home/intern1/ros2_ws/install/rplidar_ros/share/rplidar_ros/launch/view_rplidar_a2m12_launch.py
[0.762s] -- Up-to-date: /home/intern1/ros2_ws/install/rplidar_ros/share/rplidar_ros/launch/view_rplidar_t1_launch.py
[0.763s] -- Up-to-date: /home/intern1/ros2_ws/install/rplidar_ros/share/rplidar_ros/launch/rplidar_a2m12_launch.py
[0.763s] -- Up-to-date: /home/intern1/ros2_ws/install/rplidar_ros/share/rplidar_ros/launch/view_rplidar_s1_launch.py
[0.763s] -- Up-to-date: /home/intern1/ros2_ws/install/rplidar_ros/share/rplidar_ros/launch/rplidar_s1_launch.py
[0.763s] -- Up-to-date: /home/intern1/ros2_ws/install/rplidar_ros/share/rplidar_ros/launch/rplidar_a2m8_launch.py
[0.764s] -- Up-to-date: /home/intern1/ros2_ws/install/rplidar_ros/share/rplidar_ros/launch/rplidar_a1_launch.py
[0.764s] -- Up-to-date: /home/intern1/ros2_ws/install/rplidar_ros/share/rplidar_ros/launch/view_rplidar_a2m8_launch.py
[0.764s] -- Up-to-date: /home/intern1/ros2_ws/install/rplidar_ros/share/rplidar_ros/rviz
[0.764s] -- Up-to-date: /home/intern1/ros2_ws/install/rplidar_ros/share/rplidar_ros/rviz/rplidar_ros.rviz
[0.764s] -- Up-to-date: /home/intern1/ros2_ws/install/rplidar_ros/lib/rplidar_ros/rplidar_node
[0.765s] -- Up-to-date: /home/intern1/ros2_ws/install/rplidar_ros/lib/rplidar_ros/rplidar_composition
[0.765s] -- Up-to-date: /home/intern1/ros2_ws/install/rplidar_ros/lib/rplidar_ros/rplidar_client
[0.765s] -- Up-to-date: /home/intern1/ros2_ws/install/rplidar_ros/share/ament_index/resource_index/package_run_dependencies/rplidar_ros
[0.765s] -- Up-to-date: /home/intern1/ros2_ws/install/rplidar_ros/share/ament_index/resource_index/parent_prefix_path/rplidar_ros
[0.765s] -- Up-to-date: /home/intern1/ros2_ws/install/rplidar_ros/share/rplidar_ros/environment/ament_prefix_path.sh
[0.765s] -- Up-to-date: /home/intern1/ros2_ws/install/rplidar_ros/share/rplidar_ros/environment/ament_prefix_path.dsv
[0.765s] -- Up-to-date: /home/intern1/ros2_ws/install/rplidar_ros/share/rplidar_ros/environment/path.sh
[0.765s] -- Up-to-date: /home/intern1/ros2_ws/install/rplidar_ros/share/rplidar_ros/environment/path.dsv
[0.765s] -- Up-to-date: /home/intern1/ros2_ws/install/rplidar_ros/share/rplidar_ros/local_setup.bash
[0.765s] -- Up-to-date: /home/intern1/ros2_ws/install/rplidar_ros/share/rplidar_ros/local_setup.sh
[0.766s] -- Up-to-date: /home/intern1/ros2_ws/install/rplidar_ros/share/rplidar_ros/local_setup.zsh
[0.766s] -- Up-to-date: /home/intern1/ros2_ws/install/rplidar_ros/share/rplidar_ros/local_setup.dsv
[0.766s] -- Installing: /home/intern1/ros2_ws/install/rplidar_ros/share/rplidar_ros/package.dsv
[0.766s] -- Up-to-date: /home/intern1/ros2_ws/install/rplidar_ros/share/ament_index/resource_index/packages/rplidar_ros
[0.766s] -- Up-to-date: /home/intern1/ros2_ws/install/rplidar_ros/share/rplidar_ros/cmake/ament_cmake_export_dependencies-extras.cmake
[0.766s] -- Up-to-date: /home/intern1/ros2_ws/install/rplidar_ros/share/rplidar_ros/cmake/ament_cmake_export_include_directories-extras.cmake
[0.766s] -- Up-to-date: /home/intern1/ros2_ws/install/rplidar_ros/share/rplidar_ros/cmake/rplidar_rosConfig.cmake
[0.766s] -- Up-to-date: /home/intern1/ros2_ws/install/rplidar_ros/share/rplidar_ros/cmake/rplidar_rosConfig-version.cmake
[0.766s] -- Up-to-date: /home/intern1/ros2_ws/install/rplidar_ros/share/rplidar_ros/package.xml
[0.817s] Invoked command in '/home/intern1/ros2_ws/build/rplidar_ros' returned '0': CMAKE_PREFIX_PATH=${CMAKE_PREFIX_PATH}:/home/intern1/ros2_ws/install/tb3_multi_robot:/home/intern1/ros2_ws/install/launch_testing_examples:/home/intern1/ros2_ws/install/examples_rclpy_pointcloud_publisher:/home/intern1/ros2_ws/install/examples_rclpy_minimal_subscriber:/home/intern1/ros2_ws/install/examples_rclpy_minimal_service:/home/intern1/ros2_ws/install/examples_rclpy_minimal_publisher:/home/intern1/ros2_ws/install/examples_rclpy_minimal_client:/home/intern1/ros2_ws/install/examples_rclpy_minimal_action_server:/home/intern1/ros2_ws/install/examples_rclpy_minimal_action_client:/home/intern1/ros2_ws/install/examples_rclpy_guard_conditions:/home/intern1/ros2_ws/install/examples_rclpy_executors:/home/intern1/ros2_ws/install/education_material:/home/intern1/ros2_ws/install/camera_follow:/home/intern1/ros2_ws/install/amr_ws:/opt/ros/jazzy DEBUGINFOD_URLS=https://debuginfod.ubuntu.com /usr/bin/cmake --install /home/intern1/ros2_ws/build/rplidar_ros
