[4.534s] Invoking command in '/home/intern1/ros2_ws/src/examples/rclpy/topics/pointcloud_publisher': DEBUGINFOD_URLS=https://debuginfod.ubuntu.com PYTHONPATH=/home/intern1/ros2_ws/build/examples_rclpy_pointcloud_publisher/prefix_override:/usr/lib/python3/dist-packages/colcon_core/task/python/colcon_distutils_commands:/home/intern1/ros2_ws/install/examples_rclpy_pointcloud_publisher/lib/python3.12/site-packages:${PYTHONPATH} /usr/bin/python3 -W ignore:setup.py install is deprecated -W ignore:easy_install command is deprecated setup.py egg_info --egg-base ../../../../../build/examples_rclpy_pointcloud_publisher build --build-base /home/intern1/ros2_ws/build/examples_rclpy_pointcloud_publisher/build install --record /home/intern1/ros2_ws/build/examples_rclpy_pointcloud_publisher/install.log --single-version-externally-managed install_data
[5.243s] running egg_info
[5.276s] writing ../../../../../build/examples_rclpy_pointcloud_publisher/examples_rclpy_pointcloud_publisher.egg-info/PKG-INFO
[5.277s] writing dependency_links to ../../../../../build/examples_rclpy_pointcloud_publisher/examples_rclpy_pointcloud_publisher.egg-info/dependency_links.txt
[5.277s] writing entry points to ../../../../../build/examples_rclpy_pointcloud_publisher/examples_rclpy_pointcloud_publisher.egg-info/entry_points.txt
[5.277s] writing requirements to ../../../../../build/examples_rclpy_pointcloud_publisher/examples_rclpy_pointcloud_publisher.egg-info/requires.txt
[5.277s] writing top-level names to ../../../../../build/examples_rclpy_pointcloud_publisher/examples_rclpy_pointcloud_publisher.egg-info/top_level.txt
[5.343s] reading manifest file '../../../../../build/examples_rclpy_pointcloud_publisher/examples_rclpy_pointcloud_publisher.egg-info/SOURCES.txt'
[5.345s] writing manifest file '../../../../../build/examples_rclpy_pointcloud_publisher/examples_rclpy_pointcloud_publisher.egg-info/SOURCES.txt'
[5.346s] running build
[5.346s] running build_py
[5.346s] running install
[5.353s] running install_lib
[5.392s] running install_data
[5.392s] running install_egg_info
[5.424s] removing '/home/intern1/ros2_ws/install/examples_rclpy_pointcloud_publisher/lib/python3.12/site-packages/examples_rclpy_pointcloud_publisher-0.19.7-py3.12.egg-info' (and everything under it)
[5.425s] Copying ../../../../../build/examples_rclpy_pointcloud_publisher/examples_rclpy_pointcloud_publisher.egg-info to /home/intern1/ros2_ws/install/examples_rclpy_pointcloud_publisher/lib/python3.12/site-packages/examples_rclpy_pointcloud_publisher-0.19.7-py3.12.egg-info
[5.426s] running install_scripts
[5.695s] Installing pointcloud_publisher script to /home/intern1/ros2_ws/install/examples_rclpy_pointcloud_publisher/lib/examples_rclpy_pointcloud_publisher
[5.695s] writing list of installed files to '/home/intern1/ros2_ws/build/examples_rclpy_pointcloud_publisher/install.log'
[6.284s] Invoked command in '/home/intern1/ros2_ws/src/examples/rclpy/topics/pointcloud_publisher' returned '0': DEBUGINFOD_URLS=https://debuginfod.ubuntu.com PYTHONPATH=/home/intern1/ros2_ws/build/examples_rclpy_pointcloud_publisher/prefix_override:/usr/lib/python3/dist-packages/colcon_core/task/python/colcon_distutils_commands:/home/intern1/ros2_ws/install/examples_rclpy_pointcloud_publisher/lib/python3.12/site-packages:${PYTHONPATH} /usr/bin/python3 -W ignore:setup.py install is deprecated -W ignore:easy_install command is deprecated setup.py egg_info --egg-base ../../../../../build/examples_rclpy_pointcloud_publisher build --build-base /home/intern1/ros2_ws/build/examples_rclpy_pointcloud_publisher/build install --record /home/intern1/ros2_ws/build/examples_rclpy_pointcloud_publisher/install.log --single-version-externally-managed install_data
