[0.158s] Invoking command in '/home/intern1/ros2_ws/build/om_msgs': CMAKE_PREFIX_PATH=${CMAKE_PREFIX_PATH}:/home/intern1/ros2_ws/install/tb3_multi_robot:/home/intern1/ros2_ws/install/om_mvc01:/home/intern1/ros2_ws/install/om_modbus_master:/home/intern1/ros2_ws/install/launch_testing_examples:/home/intern1/ros2_ws/install/examples_rclpy_pointcloud_publisher:/home/intern1/ros2_ws/install/examples_rclpy_minimal_subscriber:/home/intern1/ros2_ws/install/examples_rclpy_minimal_service:/home/intern1/ros2_ws/install/examples_rclpy_minimal_publisher:/home/intern1/ros2_ws/install/examples_rclpy_minimal_client:/home/intern1/ros2_ws/install/examples_rclpy_minimal_action_server:/home/intern1/ros2_ws/install/examples_rclpy_minimal_action_client:/home/intern1/ros2_ws/install/examples_rclpy_guard_conditions:/home/intern1/ros2_ws/install/examples_rclpy_executors:/home/intern1/ros2_ws/install/education_material:/home/intern1/ros2_ws/install/camera_follow:/home/intern1/ros2_ws/install/amr_ws:/opt/ros/jazzy DEBUGINFOD_URLS=https://debuginfod.ubuntu.com /usr/bin/cmake --build /home/intern1/ros2_ws/build/om_msgs -- -j14 -l14
[1.312s] [  1%] Built target om_msgs__rosidl_generator_type_description
[1.315s] [  1%] Built target ament_cmake_python_symlink_om_msgs
[1.317s] [ 22%] Built target om_msgs__rosidl_generator_c
[1.318s] [ 24%] Built target om_msgs__cpp
[1.319s] [ 33%] Built target om_msgs__rosidl_typesupport_fastrtps_c
[1.320s] [ 42%] Built target om_msgs__rosidl_typesupport_cpp
[1.321s] [ 55%] Built target om_msgs__rosidl_typesupport_introspection_cpp
[1.322s] [ 61%] Built target om_msgs__rosidl_typesupport_introspection_c
[1.324s] [ 70%] Built target om_msgs__rosidl_typesupport_c
[1.324s] [ 79%] Built target om_msgs__rosidl_typesupport_fastrtps_cpp
[1.324s] [ 79%] Built target om_msgs
[1.324s] [ 81%] Built target om_msgs__py
[1.324s] [ 88%] Built target om_msgs__rosidl_generator_py
[1.325s] [ 92%] Built target om_msgs_s__rosidl_typesupport_c
[1.325s] [100%] Built target om_msgs_s__rosidl_typesupport_introspection_c
[1.325s] [100%] Built target om_msgs_s__rosidl_typesupport_fastrtps_c
[1.325s] running egg_info
[1.326s] writing om_msgs.egg-info/PKG-INFO
[1.327s] writing dependency_links to om_msgs.egg-info/dependency_links.txt
[1.327s] writing top-level names to om_msgs.egg-info/top_level.txt
[1.327s] reading manifest file 'om_msgs.egg-info/SOURCES.txt'
[1.327s] writing manifest file 'om_msgs.egg-info/SOURCES.txt'
[1.327s] [100%] Built target ament_cmake_python_build_om_msgs_egg
[1.327s] Invoked command in '/home/intern1/ros2_ws/build/om_msgs' returned '0': CMAKE_PREFIX_PATH=${CMAKE_PREFIX_PATH}:/home/intern1/ros2_ws/install/tb3_multi_robot:/home/intern1/ros2_ws/install/om_mvc01:/home/intern1/ros2_ws/install/om_modbus_master:/home/intern1/ros2_ws/install/launch_testing_examples:/home/intern1/ros2_ws/install/examples_rclpy_pointcloud_publisher:/home/intern1/ros2_ws/install/examples_rclpy_minimal_subscriber:/home/intern1/ros2_ws/install/examples_rclpy_minimal_service:/home/intern1/ros2_ws/install/examples_rclpy_minimal_publisher:/home/intern1/ros2_ws/install/examples_rclpy_minimal_client:/home/intern1/ros2_ws/install/examples_rclpy_minimal_action_server:/home/intern1/ros2_ws/install/examples_rclpy_minimal_action_client:/home/intern1/ros2_ws/install/examples_rclpy_guard_conditions:/home/intern1/ros2_ws/install/examples_rclpy_executors:/home/intern1/ros2_ws/install/education_material:/home/intern1/ros2_ws/install/camera_follow:/home/intern1/ros2_ws/install/amr_ws:/opt/ros/jazzy DEBUGINFOD_URLS=https://debuginfod.ubuntu.com /usr/bin/cmake --build /home/intern1/ros2_ws/build/om_msgs -- -j14 -l14
[1.350s] Invoking command in '/home/intern1/ros2_ws/build/om_msgs': CMAKE_PREFIX_PATH=${CMAKE_PREFIX_PATH}:/home/intern1/ros2_ws/install/tb3_multi_robot:/home/intern1/ros2_ws/install/om_mvc01:/home/intern1/ros2_ws/install/om_modbus_master:/home/intern1/ros2_ws/install/launch_testing_examples:/home/intern1/ros2_ws/install/examples_rclpy_pointcloud_publisher:/home/intern1/ros2_ws/install/examples_rclpy_minimal_subscriber:/home/intern1/ros2_ws/install/examples_rclpy_minimal_service:/home/intern1/ros2_ws/install/examples_rclpy_minimal_publisher:/home/intern1/ros2_ws/install/examples_rclpy_minimal_client:/home/intern1/ros2_ws/install/examples_rclpy_minimal_action_server:/home/intern1/ros2_ws/install/examples_rclpy_minimal_action_client:/home/intern1/ros2_ws/install/examples_rclpy_guard_conditions:/home/intern1/ros2_ws/install/examples_rclpy_executors:/home/intern1/ros2_ws/install/education_material:/home/intern1/ros2_ws/install/camera_follow:/home/intern1/ros2_ws/install/amr_ws:/opt/ros/jazzy DEBUGINFOD_URLS=https://debuginfod.ubuntu.com /usr/bin/cmake --install /home/intern1/ros2_ws/build/om_msgs
[1.407s] -- Install configuration: ""
[1.407s] -- Execute custom install script
[1.407s] -- Up-to-date symlink: /home/intern1/ros2_ws/install/om_msgs/share/ament_index/resource_index/rosidl_interfaces/om_msgs
[1.407s] -- Up-to-date symlink: /home/intern1/ros2_ws/install/om_msgs/share/om_msgs/msg/Query.json
[1.414s] -- Up-to-date symlink: /home/intern1/ros2_ws/install/om_msgs/share/om_msgs/msg/Response.json
[1.414s] -- Up-to-date symlink: /home/intern1/ros2_ws/install/om_msgs/share/om_msgs/msg/State.json
[1.414s] -- Up-to-date symlink: /home/intern1/ros2_ws/install/om_msgs/include/om_msgs/om_msgs/msg/detail/query__functions.h
[1.415s] -- Up-to-date symlink: /home/intern1/ros2_ws/install/om_msgs/include/om_msgs/om_msgs/msg/detail/query__struct.h
[1.415s] -- Up-to-date symlink: /home/intern1/ros2_ws/install/om_msgs/include/om_msgs/om_msgs/msg/detail/query__type_support.h
[1.415s] -- Up-to-date symlink: /home/intern1/ros2_ws/install/om_msgs/include/om_msgs/om_msgs/msg/detail/response__functions.h
[1.415s] -- Up-to-date symlink: /home/intern1/ros2_ws/install/om_msgs/include/om_msgs/om_msgs/msg/detail/response__struct.h
[1.418s] -- Up-to-date symlink: /home/intern1/ros2_ws/install/om_msgs/include/om_msgs/om_msgs/msg/detail/response__type_support.h
[1.419s] -- Up-to-date symlink: /home/intern1/ros2_ws/install/om_msgs/include/om_msgs/om_msgs/msg/detail/state__functions.h
[1.419s] -- Up-to-date symlink: /home/intern1/ros2_ws/install/om_msgs/include/om_msgs/om_msgs/msg/detail/state__struct.h
[1.419s] -- Up-to-date symlink: /home/intern1/ros2_ws/install/om_msgs/include/om_msgs/om_msgs/msg/detail/state__type_support.h
[1.419s] -- Up-to-date symlink: /home/intern1/ros2_ws/install/om_msgs/include/om_msgs/om_msgs/msg/query.h
[1.420s] -- Up-to-date symlink: /home/intern1/ros2_ws/install/om_msgs/include/om_msgs/om_msgs/msg/response.h
[1.420s] -- Up-to-date symlink: /home/intern1/ros2_ws/install/om_msgs/include/om_msgs/om_msgs/msg/rosidl_generator_c__visibility_control.h
[1.421s] -- Up-to-date symlink: /home/intern1/ros2_ws/install/om_msgs/include/om_msgs/om_msgs/msg/state.h
[1.421s] -- Up-to-date symlink: /home/intern1/ros2_ws/install/om_msgs/share/om_msgs/environment/library_path.sh
[1.421s] -- Up-to-date symlink: /home/intern1/ros2_ws/install/om_msgs/share/om_msgs/environment/library_path.dsv
[1.421s] -- Up-to-date symlink: /home/intern1/ros2_ws/install/om_msgs/include/om_msgs/om_msgs/msg/detail/query__rosidl_typesupport_fastrtps_c.h
[1.421s] -- Up-to-date symlink: /home/intern1/ros2_ws/install/om_msgs/include/om_msgs/om_msgs/msg/detail/response__rosidl_typesupport_fastrtps_c.h
[1.422s] -- Up-to-date symlink: /home/intern1/ros2_ws/install/om_msgs/include/om_msgs/om_msgs/msg/detail/state__rosidl_typesupport_fastrtps_c.h
[1.422s] -- Up-to-date symlink: /home/intern1/ros2_ws/install/om_msgs/include/om_msgs/om_msgs/msg/rosidl_typesupport_fastrtps_c__visibility_control.h
[1.431s] -- Up-to-date symlink: /home/intern1/ros2_ws/install/om_msgs/include/om_msgs/om_msgs/msg/detail/query__rosidl_typesupport_introspection_c.h
[1.432s] -- Up-to-date symlink: /home/intern1/ros2_ws/install/om_msgs/include/om_msgs/om_msgs/msg/detail/response__rosidl_typesupport_introspection_c.h
[1.432s] -- Up-to-date symlink: /home/intern1/ros2_ws/install/om_msgs/include/om_msgs/om_msgs/msg/detail/state__rosidl_typesupport_introspection_c.h
[1.432s] -- Up-to-date symlink: /home/intern1/ros2_ws/install/om_msgs/include/om_msgs/om_msgs/msg/rosidl_typesupport_introspection_c__visibility_control.h
[1.432s] -- Up-to-date symlink: /home/intern1/ros2_ws/install/om_msgs/include/om_msgs/om_msgs/msg/detail/query__builder.hpp
[1.436s] -- Up-to-date symlink: /home/intern1/ros2_ws/install/om_msgs/include/om_msgs/om_msgs/msg/detail/query__struct.hpp
[1.436s] -- Up-to-date symlink: /home/intern1/ros2_ws/install/om_msgs/include/om_msgs/om_msgs/msg/detail/query__traits.hpp
[1.436s] -- Up-to-date symlink: /home/intern1/ros2_ws/install/om_msgs/include/om_msgs/om_msgs/msg/detail/query__type_support.hpp
[1.436s] -- Up-to-date symlink: /home/intern1/ros2_ws/install/om_msgs/include/om_msgs/om_msgs/msg/detail/response__builder.hpp
[1.436s] -- Up-to-date symlink: /home/intern1/ros2_ws/install/om_msgs/include/om_msgs/om_msgs/msg/detail/response__struct.hpp
[1.436s] -- Up-to-date symlink: /home/intern1/ros2_ws/install/om_msgs/include/om_msgs/om_msgs/msg/detail/response__traits.hpp
[1.436s] -- Up-to-date symlink: /home/intern1/ros2_ws/install/om_msgs/include/om_msgs/om_msgs/msg/detail/response__type_support.hpp
[1.437s] -- Up-to-date symlink: /home/intern1/ros2_ws/install/om_msgs/include/om_msgs/om_msgs/msg/detail/state__builder.hpp
[1.437s] -- Up-to-date symlink: /home/intern1/ros2_ws/install/om_msgs/include/om_msgs/om_msgs/msg/detail/state__struct.hpp
[1.437s] -- Up-to-date symlink: /home/intern1/ros2_ws/install/om_msgs/include/om_msgs/om_msgs/msg/detail/state__traits.hpp
[1.437s] -- Up-to-date symlink: /home/intern1/ros2_ws/install/om_msgs/include/om_msgs/om_msgs/msg/detail/state__type_support.hpp
[1.437s] -- Up-to-date symlink: /home/intern1/ros2_ws/install/om_msgs/include/om_msgs/om_msgs/msg/query.hpp
[1.437s] -- Up-to-date symlink: /home/intern1/ros2_ws/install/om_msgs/include/om_msgs/om_msgs/msg/response.hpp
[1.440s] -- Up-to-date symlink: /home/intern1/ros2_ws/install/om_msgs/include/om_msgs/om_msgs/msg/rosidl_generator_cpp__visibility_control.hpp
[1.440s] -- Up-to-date symlink: /home/intern1/ros2_ws/install/om_msgs/include/om_msgs/om_msgs/msg/state.hpp
[1.440s] -- Up-to-date symlink: /home/intern1/ros2_ws/install/om_msgs/include/om_msgs/om_msgs/msg/detail/query__rosidl_typesupport_fastrtps_cpp.hpp
[1.441s] -- Up-to-date symlink: /home/intern1/ros2_ws/install/om_msgs/include/om_msgs/om_msgs/msg/detail/response__rosidl_typesupport_fastrtps_cpp.hpp
[1.441s] -- Up-to-date symlink: /home/intern1/ros2_ws/install/om_msgs/include/om_msgs/om_msgs/msg/detail/state__rosidl_typesupport_fastrtps_cpp.hpp
[1.441s] -- Up-to-date symlink: /home/intern1/ros2_ws/install/om_msgs/include/om_msgs/om_msgs/msg/rosidl_typesupport_fastrtps_cpp__visibility_control.h
[1.441s] -- Up-to-date symlink: /home/intern1/ros2_ws/install/om_msgs/include/om_msgs/om_msgs/msg/detail/query__rosidl_typesupport_introspection_cpp.hpp
[1.441s] -- Up-to-date symlink: /home/intern1/ros2_ws/install/om_msgs/include/om_msgs/om_msgs/msg/detail/response__rosidl_typesupport_introspection_cpp.hpp
[1.441s] -- Up-to-date symlink: /home/intern1/ros2_ws/install/om_msgs/include/om_msgs/om_msgs/msg/detail/state__rosidl_typesupport_introspection_cpp.hpp
[1.441s] -- Up-to-date symlink: /home/intern1/ros2_ws/install/om_msgs/share/om_msgs/environment/pythonpath.sh
[1.442s] -- Up-to-date symlink: /home/intern1/ros2_ws/install/om_msgs/share/om_msgs/environment/pythonpath.dsv
[1.442s] -- Up-to-date symlink: /home/intern1/ros2_ws/install/om_msgs/lib/python3.12/site-packages/om_msgs-2.0.1-py3.12.egg-info/PKG-INFO
[1.442s] -- Up-to-date symlink: /home/intern1/ros2_ws/install/om_msgs/lib/python3.12/site-packages/om_msgs-2.0.1-py3.12.egg-info/SOURCES.txt
[1.442s] -- Up-to-date symlink: /home/intern1/ros2_ws/install/om_msgs/lib/python3.12/site-packages/om_msgs-2.0.1-py3.12.egg-info/dependency_links.txt
[1.442s] -- Up-to-date symlink: /home/intern1/ros2_ws/install/om_msgs/lib/python3.12/site-packages/om_msgs-2.0.1-py3.12.egg-info/top_level.txt
[1.442s] -- Up-to-date symlink: /home/intern1/ros2_ws/install/om_msgs/lib/python3.12/site-packages/om_msgs/__init__.py
[1.442s] -- Up-to-date symlink: /home/intern1/ros2_ws/install/om_msgs/lib/python3.12/site-packages/om_msgs/_om_msgs_s.ep.rosidl_typesupport_c.c
[1.443s] -- Up-to-date symlink: /home/intern1/ros2_ws/install/om_msgs/lib/python3.12/site-packages/om_msgs/_om_msgs_s.ep.rosidl_typesupport_fastrtps_c.c
[1.443s] -- Up-to-date symlink: /home/intern1/ros2_ws/install/om_msgs/lib/python3.12/site-packages/om_msgs/_om_msgs_s.ep.rosidl_typesupport_introspection_c.c
[1.443s] -- Up-to-date symlink: /home/intern1/ros2_ws/install/om_msgs/lib/python3.12/site-packages/om_msgs/msg/__init__.py
[1.443s] -- Up-to-date symlink: /home/intern1/ros2_ws/install/om_msgs/lib/python3.12/site-packages/om_msgs/msg/_query.py
[1.443s] -- Up-to-date symlink: /home/intern1/ros2_ws/install/om_msgs/lib/python3.12/site-packages/om_msgs/msg/_query_s.c
[1.443s] -- Up-to-date symlink: /home/intern1/ros2_ws/install/om_msgs/lib/python3.12/site-packages/om_msgs/msg/_response.py
[1.448s] -- Up-to-date symlink: /home/intern1/ros2_ws/install/om_msgs/lib/python3.12/site-packages/om_msgs/msg/_response_s.c
[1.449s] -- Up-to-date symlink: /home/intern1/ros2_ws/install/om_msgs/lib/python3.12/site-packages/om_msgs/msg/_state.py
[1.449s] -- Up-to-date symlink: /home/intern1/ros2_ws/install/om_msgs/lib/python3.12/site-packages/om_msgs/msg/_state_s.c
[1.451s] -- Up-to-date symlink: /home/intern1/ros2_ws/install/om_msgs/lib/python3.12/site-packages/om_msgs/om_msgs_s__rosidl_typesupport_c.so
[1.452s] -- Up-to-date symlink: /home/intern1/ros2_ws/install/om_msgs/lib/python3.12/site-packages/om_msgs/om_msgs_s__rosidl_typesupport_fastrtps_c.so
[1.454s] -- Up-to-date symlink: /home/intern1/ros2_ws/install/om_msgs/lib/python3.12/site-packages/om_msgs/om_msgs_s__rosidl_typesupport_introspection_c.so
[1.455s] -- Up-to-date symlink: /home/intern1/ros2_ws/install/om_msgs/lib/python3.12/site-packages/om_msgs/om_msgs_s__rosidl_typesupport_fastrtps_c.so
[1.455s] -- Up-to-date symlink: /home/intern1/ros2_ws/install/om_msgs/lib/python3.12/site-packages/om_msgs/om_msgs_s__rosidl_typesupport_introspection_c.so
[1.455s] -- Up-to-date symlink: /home/intern1/ros2_ws/install/om_msgs/lib/python3.12/site-packages/om_msgs/om_msgs_s__rosidl_typesupport_c.so
[1.455s] -- Up-to-date symlink: /home/intern1/ros2_ws/install/om_msgs/share/om_msgs/msg/Query.idl
[1.455s] -- Up-to-date symlink: /home/intern1/ros2_ws/install/om_msgs/share/om_msgs/msg/Response.idl
[1.456s] -- Up-to-date symlink: /home/intern1/ros2_ws/install/om_msgs/share/om_msgs/msg/State.idl
[1.456s] -- Up-to-date symlink: /home/intern1/ros2_ws/install/om_msgs/share/om_msgs/msg/Query.msg
[1.456s] -- Up-to-date symlink: /home/intern1/ros2_ws/install/om_msgs/share/om_msgs/msg/Response.msg
[1.459s] -- Up-to-date symlink: /home/intern1/ros2_ws/install/om_msgs/share/om_msgs/msg/State.msg
[1.459s] -- Up-to-date symlink: /home/intern1/ros2_ws/install/om_msgs/share/ament_index/resource_index/package_run_dependencies/om_msgs
[1.459s] -- Up-to-date symlink: /home/intern1/ros2_ws/install/om_msgs/share/ament_index/resource_index/parent_prefix_path/om_msgs
[1.460s] -- Up-to-date symlink: /home/intern1/ros2_ws/install/om_msgs/share/om_msgs/environment/ament_prefix_path.sh
[1.460s] -- Up-to-date symlink: /home/intern1/ros2_ws/install/om_msgs/share/om_msgs/environment/ament_prefix_path.dsv
[1.460s] -- Up-to-date symlink: /home/intern1/ros2_ws/install/om_msgs/share/om_msgs/environment/path.sh
[1.465s] -- Up-to-date symlink: /home/intern1/ros2_ws/install/om_msgs/share/om_msgs/environment/path.dsv
[1.465s] -- Up-to-date symlink: /home/intern1/ros2_ws/install/om_msgs/share/om_msgs/local_setup.bash
[1.465s] -- Up-to-date symlink: /home/intern1/ros2_ws/install/om_msgs/share/om_msgs/local_setup.sh
[1.466s] -- Up-to-date symlink: /home/intern1/ros2_ws/install/om_msgs/share/om_msgs/local_setup.zsh
[1.466s] -- Up-to-date symlink: /home/intern1/ros2_ws/install/om_msgs/share/om_msgs/local_setup.dsv
[1.466s] -- Symlinking: /home/intern1/ros2_ws/install/om_msgs/share/om_msgs/package.dsv
[1.491s] -- Up-to-date symlink: /home/intern1/ros2_ws/install/om_msgs/share/ament_index/resource_index/packages/om_msgs
[1.491s] -- Up-to-date symlink: /home/intern1/ros2_ws/install/om_msgs/share/om_msgs/cmake/rosidl_cmake-extras.cmake
[1.496s] -- Up-to-date symlink: /home/intern1/ros2_ws/install/om_msgs/share/om_msgs/cmake/ament_cmake_export_include_directories-extras.cmake
[1.500s] -- Up-to-date symlink: /home/intern1/ros2_ws/install/om_msgs/share/om_msgs/cmake/ament_cmake_export_libraries-extras.cmake
[1.502s] -- Up-to-date symlink: /home/intern1/ros2_ws/install/om_msgs/share/om_msgs/cmake/ament_cmake_export_targets-extras.cmake
[1.502s] -- Up-to-date symlink: /home/intern1/ros2_ws/install/om_msgs/share/om_msgs/cmake/rosidl_cmake_export_typesupport_targets-extras.cmake
[1.511s] -- Up-to-date symlink: /home/intern1/ros2_ws/install/om_msgs/share/om_msgs/cmake/ament_cmake_export_dependencies-extras.cmake
[1.511s] -- Up-to-date symlink: /home/intern1/ros2_ws/install/om_msgs/share/om_msgs/cmake/rosidl_cmake_export_typesupport_libraries-extras.cmake
[1.511s] -- Up-to-date symlink: /home/intern1/ros2_ws/install/om_msgs/share/om_msgs/cmake/om_msgsConfig.cmake
[1.511s] -- Up-to-date symlink: /home/intern1/ros2_ws/install/om_msgs/share/om_msgs/cmake/om_msgsConfig-version.cmake
[1.515s] -- Up-to-date symlink: /home/intern1/ros2_ws/install/om_msgs/share/om_msgs/package.xml
[1.515s] -- Up-to-date: /home/intern1/ros2_ws/install/om_msgs/lib/libom_msgs__rosidl_generator_c.so
[1.524s] -- Up-to-date: /home/intern1/ros2_ws/install/om_msgs/lib/libom_msgs__rosidl_typesupport_fastrtps_c.so
[1.530s] -- Up-to-date: /home/intern1/ros2_ws/install/om_msgs/lib/libom_msgs__rosidl_typesupport_introspection_c.so
[1.530s] -- Up-to-date: /home/intern1/ros2_ws/install/om_msgs/lib/libom_msgs__rosidl_typesupport_c.so
[1.530s] -- Up-to-date: /home/intern1/ros2_ws/install/om_msgs/lib/libom_msgs__rosidl_typesupport_fastrtps_cpp.so
[1.530s] -- Up-to-date: /home/intern1/ros2_ws/install/om_msgs/lib/libom_msgs__rosidl_typesupport_introspection_cpp.so
[1.531s] -- Up-to-date: /home/intern1/ros2_ws/install/om_msgs/lib/libom_msgs__rosidl_typesupport_cpp.so
[1.661s] Listing '/home/intern1/ros2_ws/install/om_msgs/lib/python3.12/site-packages/om_msgs'...
[1.661s] Listing '/home/intern1/ros2_ws/install/om_msgs/lib/python3.12/site-packages/om_msgs/msg'...
[1.679s] -- Up-to-date: /home/intern1/ros2_ws/install/om_msgs/lib/libom_msgs__rosidl_generator_py.so
[1.679s] -- Up-to-date: /home/intern1/ros2_ws/install/om_msgs/share/om_msgs/cmake/export_om_msgs__rosidl_generator_cExport.cmake
[1.679s] -- Up-to-date: /home/intern1/ros2_ws/install/om_msgs/share/om_msgs/cmake/export_om_msgs__rosidl_generator_cExport-noconfig.cmake
[1.680s] -- Up-to-date: /home/intern1/ros2_ws/install/om_msgs/share/om_msgs/cmake/export_om_msgs__rosidl_typesupport_fastrtps_cExport.cmake
[1.680s] -- Up-to-date: /home/intern1/ros2_ws/install/om_msgs/share/om_msgs/cmake/export_om_msgs__rosidl_typesupport_fastrtps_cExport-noconfig.cmake
[1.682s] -- Up-to-date: /home/intern1/ros2_ws/install/om_msgs/share/om_msgs/cmake/om_msgs__rosidl_typesupport_introspection_cExport.cmake
[1.682s] -- Up-to-date: /home/intern1/ros2_ws/install/om_msgs/share/om_msgs/cmake/om_msgs__rosidl_typesupport_introspection_cExport-noconfig.cmake
[1.683s] -- Up-to-date: /home/intern1/ros2_ws/install/om_msgs/share/om_msgs/cmake/om_msgs__rosidl_typesupport_cExport.cmake
[1.683s] -- Up-to-date: /home/intern1/ros2_ws/install/om_msgs/share/om_msgs/cmake/om_msgs__rosidl_typesupport_cExport-noconfig.cmake
[1.683s] -- Up-to-date: /home/intern1/ros2_ws/install/om_msgs/share/om_msgs/cmake/export_om_msgs__rosidl_generator_cppExport.cmake
[1.684s] -- Up-to-date: /home/intern1/ros2_ws/install/om_msgs/share/om_msgs/cmake/export_om_msgs__rosidl_typesupport_fastrtps_cppExport.cmake
[1.685s] -- Up-to-date: /home/intern1/ros2_ws/install/om_msgs/share/om_msgs/cmake/export_om_msgs__rosidl_typesupport_fastrtps_cppExport-noconfig.cmake
[1.685s] -- Up-to-date: /home/intern1/ros2_ws/install/om_msgs/share/om_msgs/cmake/om_msgs__rosidl_typesupport_introspection_cppExport.cmake
[1.686s] -- Up-to-date: /home/intern1/ros2_ws/install/om_msgs/share/om_msgs/cmake/om_msgs__rosidl_typesupport_introspection_cppExport-noconfig.cmake
[1.686s] -- Up-to-date: /home/intern1/ros2_ws/install/om_msgs/share/om_msgs/cmake/om_msgs__rosidl_typesupport_cppExport.cmake
[1.687s] -- Up-to-date: /home/intern1/ros2_ws/install/om_msgs/share/om_msgs/cmake/om_msgs__rosidl_typesupport_cppExport-noconfig.cmake
[1.687s] -- Up-to-date: /home/intern1/ros2_ws/install/om_msgs/share/om_msgs/cmake/export_om_msgs__rosidl_generator_pyExport.cmake
[1.687s] -- Up-to-date: /home/intern1/ros2_ws/install/om_msgs/share/om_msgs/cmake/export_om_msgs__rosidl_generator_pyExport-noconfig.cmake
[2.002s] Invoked command in '/home/intern1/ros2_ws/build/om_msgs' returned '0': CMAKE_PREFIX_PATH=${CMAKE_PREFIX_PATH}:/home/intern1/ros2_ws/install/tb3_multi_robot:/home/intern1/ros2_ws/install/om_mvc01:/home/intern1/ros2_ws/install/om_modbus_master:/home/intern1/ros2_ws/install/launch_testing_examples:/home/intern1/ros2_ws/install/examples_rclpy_pointcloud_publisher:/home/intern1/ros2_ws/install/examples_rclpy_minimal_subscriber:/home/intern1/ros2_ws/install/examples_rclpy_minimal_service:/home/intern1/ros2_ws/install/examples_rclpy_minimal_publisher:/home/intern1/ros2_ws/install/examples_rclpy_minimal_client:/home/intern1/ros2_ws/install/examples_rclpy_minimal_action_server:/home/intern1/ros2_ws/install/examples_rclpy_minimal_action_client:/home/intern1/ros2_ws/install/examples_rclpy_guard_conditions:/home/intern1/ros2_ws/install/examples_rclpy_executors:/home/intern1/ros2_ws/install/education_material:/home/intern1/ros2_ws/install/camera_follow:/home/intern1/ros2_ws/install/amr_ws:/opt/ros/jazzy DEBUGINFOD_URLS=https://debuginfod.ubuntu.com /usr/bin/cmake --install /home/intern1/ros2_ws/build/om_msgs
