[5.737s] Invoking command in '/home/intern1/ros2_ws/src/amr_ws': DEBUGINFOD_URLS=https://debuginfod.ubuntu.com PYTHONPATH=/home/intern1/ros2_ws/build/amr_ws/prefix_override:/usr/lib/python3/dist-packages/colcon_core/task/python/colcon_distutils_commands:/home/intern1/ros2_ws/install/amr_ws/lib/python3.12/site-packages:${PYTHONPATH} /usr/bin/python3 -W ignore:setup.py install is deprecated -W ignore:easy_install command is deprecated setup.py egg_info --egg-base ../../build/amr_ws build --build-base /home/intern1/ros2_ws/build/amr_ws/build install --record /home/intern1/ros2_ws/build/amr_ws/install.log --single-version-externally-managed install_data
[6.670s] running egg_info
[6.743s] writing ../../build/amr_ws/amr_ws.egg-info/PKG-INFO
[6.750s] writing dependency_links to ../../build/amr_ws/amr_ws.egg-info/dependency_links.txt
[6.754s] writing entry points to ../../build/amr_ws/amr_ws.egg-info/entry_points.txt
[6.754s] writing requirements to ../../build/amr_ws/amr_ws.egg-info/requires.txt
[6.754s] writing top-level names to ../../build/amr_ws/amr_ws.egg-info/top_level.txt
[6.874s] reading manifest file '../../build/amr_ws/amr_ws.egg-info/SOURCES.txt'
[6.874s] adding license file 'LICENSE'
[6.877s] writing manifest file '../../build/amr_ws/amr_ws.egg-info/SOURCES.txt'
[6.877s] running build
[6.878s] running build_py
[6.880s] running install
[6.898s] running install_lib
[6.978s] running install_data
[6.981s] copying waypoints/waypoints.yaml -> /home/intern1/ros2_ws/install/amr_ws/share/amr_ws/waypoints
[6.982s] running install_egg_info
[7.075s] removing '/home/intern1/ros2_ws/install/amr_ws/lib/python3.12/site-packages/amr_ws-0.0.0-py3.12.egg-info' (and everything under it)
[7.076s] Copying ../../build/amr_ws/amr_ws.egg-info to /home/intern1/ros2_ws/install/amr_ws/lib/python3.12/site-packages/amr_ws-0.0.0-py3.12.egg-info
[7.079s] running install_scripts
[7.633s] Installing Automation_and_Lidar script to /home/intern1/ros2_ws/install/amr_ws/lib/amr_ws
[7.633s] Installing Automation_and_Lidar2 script to /home/intern1/ros2_ws/install/amr_ws/lib/amr_ws
[7.634s] Installing Demo_Automation script to /home/intern1/ros2_ws/install/amr_ws/lib/amr_ws
[7.635s] Installing baselink_laser_tf script to /home/intern1/ros2_ws/install/amr_ws/lib/amr_ws
[7.636s] Installing camera_follow script to /home/intern1/ros2_ws/install/amr_ws/lib/amr_ws
[7.637s] Installing cmdvelsmoothed_to_cmdvel script to /home/intern1/ros2_ws/install/amr_ws/lib/amr_ws
[7.637s] Installing compass script to /home/intern1/ros2_ws/install/amr_ws/lib/amr_ws
[7.638s] Installing joystick_to_motor script to /home/intern1/ros2_ws/install/amr_ws/lib/amr_ws
[7.639s] Installing keyboard_listener script to /home/intern1/ros2_ws/install/amr_ws/lib/amr_ws
[7.639s] Installing localization_node script to /home/intern1/ros2_ws/install/amr_ws/lib/amr_ws
[7.640s] Installing orchestrator_node script to /home/intern1/ros2_ws/install/amr_ws/lib/amr_ws
[7.641s] Installing path_logger script to /home/intern1/ros2_ws/install/amr_ws/lib/amr_ws
[7.642s] Installing path_publisher script to /home/intern1/ros2_ws/install/amr_ws/lib/amr_ws
[7.642s] Installing pose_persistence_node script to /home/intern1/ros2_ws/install/amr_ws/lib/amr_ws
[7.643s] Installing return_home_node script to /home/intern1/ros2_ws/install/amr_ws/lib/amr_ws
[7.644s] Installing webcam_line_follow script to /home/intern1/ros2_ws/install/amr_ws/lib/amr_ws
[7.652s] writing list of installed files to '/home/intern1/ros2_ws/build/amr_ws/install.log'
[7.829s] Invoked command in '/home/intern1/ros2_ws/src/amr_ws' returned '0': DEBUGINFOD_URLS=https://debuginfod.ubuntu.com PYTHONPATH=/home/intern1/ros2_ws/build/amr_ws/prefix_override:/usr/lib/python3/dist-packages/colcon_core/task/python/colcon_distutils_commands:/home/intern1/ros2_ws/install/amr_ws/lib/python3.12/site-packages:${PYTHONPATH} /usr/bin/python3 -W ignore:setup.py install is deprecated -W ignore:easy_install command is deprecated setup.py egg_info --egg-base ../../build/amr_ws build --build-base /home/intern1/ros2_ws/build/amr_ws/build install --record /home/intern1/ros2_ws/build/amr_ws/install.log --single-version-externally-managed install_data
