[1.360s] Invoking command in '/home/intern1/ros2_ws/om_mvc01': DEBUGINFOD_URLS=https://debuginfod.ubuntu.com PYTHONPATH=/home/intern1/ros2_ws/build/om_mvc01/prefix_override:/usr/lib/python3/dist-packages/colcon_core/task/python/colcon_distutils_commands:/home/intern1/ros2_ws/install/om_mvc01/lib/python3.12/site-packages:${PYTHONPATH} /usr/bin/python3 -W ignore:setup.py install is deprecated -W ignore:easy_install command is deprecated setup.py egg_info --egg-base ../build/om_mvc01 build --build-base /home/intern1/ros2_ws/build/om_mvc01/build install --record /home/intern1/ros2_ws/build/om_mvc01/install.log --single-version-externally-managed install_data
[1.677s] running egg_info
[1.698s] writing ../build/om_mvc01/om_mvc01.egg-info/PKG-INFO
[1.698s] writing dependency_links to ../build/om_mvc01/om_mvc01.egg-info/dependency_links.txt
[1.698s] writing entry points to ../build/om_mvc01/om_mvc01.egg-info/entry_points.txt
[1.699s] writing requirements to ../build/om_mvc01/om_mvc01.egg-info/requires.txt
[1.700s] writing top-level names to ../build/om_mvc01/om_mvc01.egg-info/top_level.txt
[1.741s] reading manifest file '../build/om_mvc01/om_mvc01.egg-info/SOURCES.txt'
[1.742s] writing manifest file '../build/om_mvc01/om_mvc01.egg-info/SOURCES.txt'
[1.742s] running build
[1.742s] running build_py
[1.744s] running install
[1.748s] running install_lib
[1.771s] running install_data
[1.771s] running install_egg_info
[1.795s] removing '/home/intern1/ros2_ws/install/om_mvc01/lib/python3.12/site-packages/om_mvc01-0.0.0-py3.12.egg-info' (and everything under it)
[1.795s] Copying ../build/om_mvc01/om_mvc01.egg-info to /home/intern1/ros2_ws/install/om_mvc01/lib/python3.12/site-packages/om_mvc01-0.0.0-py3.12.egg-info
[1.796s] running install_scripts
[1.943s] Installing om_mvc01_node script to /home/intern1/ros2_ws/install/om_mvc01/lib/om_mvc01
[1.943s] Installing om_mvc01_node2 script to /home/intern1/ros2_ws/install/om_mvc01/lib/om_mvc01
[1.944s] Installing om_mvc01_node3 script to /home/intern1/ros2_ws/install/om_mvc01/lib/om_mvc01
[1.944s] writing list of installed files to '/home/intern1/ros2_ws/build/om_mvc01/install.log'
[1.980s] Invoked command in '/home/intern1/ros2_ws/om_mvc01' returned '0': DEBUGINFOD_URLS=https://debuginfod.ubuntu.com PYTHONPATH=/home/intern1/ros2_ws/build/om_mvc01/prefix_override:/usr/lib/python3/dist-packages/colcon_core/task/python/colcon_distutils_commands:/home/intern1/ros2_ws/install/om_mvc01/lib/python3.12/site-packages:${PYTHONPATH} /usr/bin/python3 -W ignore:setup.py install is deprecated -W ignore:easy_install command is deprecated setup.py egg_info --egg-base ../build/om_mvc01 build --build-base /home/intern1/ros2_ws/build/om_mvc01/build install --record /home/intern1/ros2_ws/build/om_mvc01/install.log --single-version-externally-managed install_data
