[2.441s] Invoking command in '/home/intern1/ros2_ws/src/education_material': DEBUGINFOD_URLS=https://debuginfod.ubuntu.com PYTHONPATH=/home/intern1/ros2_ws/build/education_material/prefix_override:/usr/lib/python3/dist-packages/colcon_core/task/python/colcon_distutils_commands:/home/intern1/ros2_ws/install/education_material/lib/python3.12/site-packages:${PYTHONPATH} /usr/bin/python3 -W ignore:setup.py install is deprecated -W ignore:easy_install command is deprecated setup.py egg_info --egg-base ../../build/education_material build --build-base /home/intern1/ros2_ws/build/education_material/build install --record /home/intern1/ros2_ws/build/education_material/install.log --single-version-externally-managed install_data
[2.748s] running egg_info
[2.772s] writing ../../build/education_material/education_material.egg-info/PKG-INFO
[2.773s] writing dependency_links to ../../build/education_material/education_material.egg-info/dependency_links.txt
[2.773s] writing entry points to ../../build/education_material/education_material.egg-info/entry_points.txt
[2.774s] writing requirements to ../../build/education_material/education_material.egg-info/requires.txt
[2.774s] writing top-level names to ../../build/education_material/education_material.egg-info/top_level.txt
[2.830s] reading manifest file '../../build/education_material/education_material.egg-info/SOURCES.txt'
[2.834s] adding license file 'LICENSE'
[2.834s] writing manifest file '../../build/education_material/education_material.egg-info/SOURCES.txt'
[2.835s] running build
[2.835s] running build_py
[2.836s] running install
[2.846s] running install_lib
[2.870s] running install_data
[2.874s] running install_egg_info
[2.915s] removing '/home/intern1/ros2_ws/install/education_material/lib/python3.12/site-packages/education_material-0.0.0-py3.12.egg-info' (and everything under it)
[2.916s] Copying ../../build/education_material/education_material.egg-info to /home/intern1/ros2_ws/install/education_material/lib/python3.12/site-packages/education_material-0.0.0-py3.12.egg-info
[2.917s] running install_scripts
[3.139s] Installing evenodd_checker script to /home/intern1/ros2_ws/install/education_material/lib/education_material
[3.139s] Installing int_pub script to /home/intern1/ros2_ws/install/education_material/lib/education_material
[3.140s] Installing int_sub script to /home/intern1/ros2_ws/install/education_material/lib/education_material
[3.140s] Installing keypressed_calculator script to /home/intern1/ros2_ws/install/education_material/lib/education_material
[3.140s] Installing keypressed_talker script to /home/intern1/ros2_ws/install/education_material/lib/education_material
[3.140s] Installing keypressed_to_cmdvel script to /home/intern1/ros2_ws/install/education_material/lib/education_material
[3.140s] Installing string_pub script to /home/intern1/ros2_ws/install/education_material/lib/education_material
[3.140s] Installing string_sub script to /home/intern1/ros2_ws/install/education_material/lib/education_material
[3.142s] writing list of installed files to '/home/intern1/ros2_ws/build/education_material/install.log'
[3.187s] Invoked command in '/home/intern1/ros2_ws/src/education_material' returned '0': DEBUGINFOD_URLS=https://debuginfod.ubuntu.com PYTHONPATH=/home/intern1/ros2_ws/build/education_material/prefix_override:/usr/lib/python3/dist-packages/colcon_core/task/python/colcon_distutils_commands:/home/intern1/ros2_ws/install/education_material/lib/python3.12/site-packages:${PYTHONPATH} /usr/bin/python3 -W ignore:setup.py install is deprecated -W ignore:easy_install command is deprecated setup.py egg_info --egg-base ../../build/education_material build --build-base /home/intern1/ros2_ws/build/education_material/build install --record /home/intern1/ros2_ws/build/education_material/install.log --single-version-externally-managed install_data
