[5.117s] Invoking command in '/home/intern1/ros2_ws/src/examples/rclpy/services/minimal_service': DEBUGINFOD_URLS=https://debuginfod.ubuntu.com PYTHONPATH=/home/intern1/ros2_ws/build/examples_rclpy_minimal_service/prefix_override:/usr/lib/python3/dist-packages/colcon_core/task/python/colcon_distutils_commands:/home/intern1/ros2_ws/install/examples_rclpy_minimal_service/lib/python3.12/site-packages:${PYTHONPATH} /usr/bin/python3 -W ignore:setup.py install is deprecated -W ignore:easy_install command is deprecated setup.py egg_info --egg-base ../../../../../build/examples_rclpy_minimal_service build --build-base /home/intern1/ros2_ws/build/examples_rclpy_minimal_service/build install --record /home/intern1/ros2_ws/build/examples_rclpy_minimal_service/install.log --single-version-externally-managed install_data
[5.948s] running egg_info
[5.953s] writing ../../../../../build/examples_rclpy_minimal_service/examples_rclpy_minimal_service.egg-info/PKG-INFO
[5.953s] writing dependency_links to ../../../../../build/examples_rclpy_minimal_service/examples_rclpy_minimal_service.egg-info/dependency_links.txt
[5.953s] writing entry points to ../../../../../build/examples_rclpy_minimal_service/examples_rclpy_minimal_service.egg-info/entry_points.txt
[5.953s] writing requirements to ../../../../../build/examples_rclpy_minimal_service/examples_rclpy_minimal_service.egg-info/requires.txt
[5.953s] writing top-level names to ../../../../../build/examples_rclpy_minimal_service/examples_rclpy_minimal_service.egg-info/top_level.txt
[5.953s] reading manifest file '../../../../../build/examples_rclpy_minimal_service/examples_rclpy_minimal_service.egg-info/SOURCES.txt'
[5.955s] writing manifest file '../../../../../build/examples_rclpy_minimal_service/examples_rclpy_minimal_service.egg-info/SOURCES.txt'
[5.955s] running build
[5.955s] running build_py
[5.955s] running install
[5.957s] running install_lib
[6.001s] running install_data
[6.002s] running install_egg_info
[6.085s] removing '/home/intern1/ros2_ws/install/examples_rclpy_minimal_service/lib/python3.12/site-packages/examples_rclpy_minimal_service-0.19.7-py3.12.egg-info' (and everything under it)
[6.085s] Copying ../../../../../build/examples_rclpy_minimal_service/examples_rclpy_minimal_service.egg-info to /home/intern1/ros2_ws/install/examples_rclpy_minimal_service/lib/python3.12/site-packages/examples_rclpy_minimal_service-0.19.7-py3.12.egg-info
[6.090s] running install_scripts
[6.412s] Installing service script to /home/intern1/ros2_ws/install/examples_rclpy_minimal_service/lib/examples_rclpy_minimal_service
[6.413s] Installing service_member_function script to /home/intern1/ros2_ws/install/examples_rclpy_minimal_service/lib/examples_rclpy_minimal_service
[6.413s] writing list of installed files to '/home/intern1/ros2_ws/build/examples_rclpy_minimal_service/install.log'
[6.486s] Invoked command in '/home/intern1/ros2_ws/src/examples/rclpy/services/minimal_service' returned '0': DEBUGINFOD_URLS=https://debuginfod.ubuntu.com PYTHONPATH=/home/intern1/ros2_ws/build/examples_rclpy_minimal_service/prefix_override:/usr/lib/python3/dist-packages/colcon_core/task/python/colcon_distutils_commands:/home/intern1/ros2_ws/install/examples_rclpy_minimal_service/lib/python3.12/site-packages:${PYTHONPATH} /usr/bin/python3 -W ignore:setup.py install is deprecated -W ignore:easy_install command is deprecated setup.py egg_info --egg-base ../../../../../build/examples_rclpy_minimal_service build --build-base /home/intern1/ros2_ws/build/examples_rclpy_minimal_service/build install --record /home/intern1/ros2_ws/build/examples_rclpy_minimal_service/install.log --single-version-externally-managed install_data
