[2.323s] Invoking command in '/home/intern1/ros2_ws/src/amr_ws': DEBUGINFOD_URLS=https://debuginfod.ubuntu.com PYTHONPATH=/home/intern1/ros2_ws/build/amr_ws/prefix_override:/usr/lib/python3/dist-packages/colcon_core/task/python/colcon_distutils_commands:/home/intern1/ros2_ws/install/amr_ws/lib/python3.12/site-packages:${PYTHONPATH} /usr/bin/python3 -W ignore:setup.py install is deprecated -W ignore:easy_install command is deprecated setup.py egg_info --egg-base ../../build/amr_ws build --build-base /home/intern1/ros2_ws/build/amr_ws/build install --record /home/intern1/ros2_ws/build/amr_ws/install.log --single-version-externally-managed install_data
[2.807s] running egg_info
[2.807s] writing ../../build/amr_ws/amr_ws.egg-info/PKG-INFO
[2.808s] writing dependency_links to ../../build/amr_ws/amr_ws.egg-info/dependency_links.txt
[2.808s] writing entry points to ../../build/amr_ws/amr_ws.egg-info/entry_points.txt
[2.808s] writing requirements to ../../build/amr_ws/amr_ws.egg-info/requires.txt
[2.809s] writing top-level names to ../../build/amr_ws/amr_ws.egg-info/top_level.txt
[2.810s] reading manifest file '../../build/amr_ws/amr_ws.egg-info/SOURCES.txt'
[2.810s] adding license file 'LICENSE'
[2.810s] writing manifest file '../../build/amr_ws/amr_ws.egg-info/SOURCES.txt'
[2.810s] running build
[2.811s] running build_py
[2.811s] running install
[2.812s] running install_lib
[2.813s] running install_data
[2.813s] running install_egg_info
[2.814s] removing '/home/intern1/ros2_ws/install/amr_ws/lib/python3.12/site-packages/amr_ws-0.0.0-py3.12.egg-info' (and everything under it)
[2.814s] Copying ../../build/amr_ws/amr_ws.egg-info to /home/intern1/ros2_ws/install/amr_ws/lib/python3.12/site-packages/amr_ws-0.0.0-py3.12.egg-info
[2.814s] running install_scripts
[2.898s] Installing Automation_and_Lidar script to /home/intern1/ros2_ws/install/amr_ws/lib/amr_ws
[2.898s] Installing Automation_and_Lidar2 script to /home/intern1/ros2_ws/install/amr_ws/lib/amr_ws
[2.899s] Installing Demo_Automation script to /home/intern1/ros2_ws/install/amr_ws/lib/amr_ws
[2.899s] Installing baselink_laser_tf script to /home/intern1/ros2_ws/install/amr_ws/lib/amr_ws
[2.899s] Installing camera_follow script to /home/intern1/ros2_ws/install/amr_ws/lib/amr_ws
[2.899s] Installing compass script to /home/intern1/ros2_ws/install/amr_ws/lib/amr_ws
[2.899s] Installing joystick_to_motor script to /home/intern1/ros2_ws/install/amr_ws/lib/amr_ws
[2.899s] Installing keyboard_listener script to /home/intern1/ros2_ws/install/amr_ws/lib/amr_ws
[2.900s] Installing webcam_line_follow script to /home/intern1/ros2_ws/install/amr_ws/lib/amr_ws
[2.900s] writing list of installed files to '/home/intern1/ros2_ws/build/amr_ws/install.log'
[4.628s] Invoked command in '/home/intern1/ros2_ws/src/amr_ws' returned '0': DEBUGINFOD_URLS=https://debuginfod.ubuntu.com PYTHONPATH=/home/intern1/ros2_ws/build/amr_ws/prefix_override:/usr/lib/python3/dist-packages/colcon_core/task/python/colcon_distutils_commands:/home/intern1/ros2_ws/install/amr_ws/lib/python3.12/site-packages:${PYTHONPATH} /usr/bin/python3 -W ignore:setup.py install is deprecated -W ignore:easy_install command is deprecated setup.py egg_info --egg-base ../../build/amr_ws build --build-base /home/intern1/ros2_ws/build/amr_ws/build install --record /home/intern1/ros2_ws/build/amr_ws/install.log --single-version-externally-managed install_data
