[0.432s] Invoking command in '/home/intern1/ros2_ws/build/sam_bot_description': CMAKE_PREFIX_PATH=${CMAKE_PREFIX_PATH}:/home/intern1/ros2_ws/install/tb3_multi_robot:/home/intern1/ros2_ws/install/om_mvc01:/home/intern1/ros2_ws/install/om_modbus_master:/home/intern1/ros2_ws/install/launch_testing_examples:/home/intern1/ros2_ws/install/examples_rclpy_pointcloud_publisher:/home/intern1/ros2_ws/install/examples_rclpy_minimal_subscriber:/home/intern1/ros2_ws/install/examples_rclpy_minimal_service:/home/intern1/ros2_ws/install/examples_rclpy_minimal_publisher:/home/intern1/ros2_ws/install/examples_rclpy_minimal_client:/home/intern1/ros2_ws/install/examples_rclpy_minimal_action_server:/home/intern1/ros2_ws/install/examples_rclpy_minimal_action_client:/home/intern1/ros2_ws/install/examples_rclpy_guard_conditions:/home/intern1/ros2_ws/install/examples_rclpy_executors:/home/intern1/ros2_ws/install/education_material:/home/intern1/ros2_ws/install/camera_follow:/home/intern1/ros2_ws/install/amr_ws:/opt/ros/jazzy DEBUGINFOD_URLS=https://debuginfod.ubuntu.com /usr/bin/cmake --build /home/intern1/ros2_ws/build/sam_bot_description -- -j14 -l14
[0.562s] Invoked command in '/home/intern1/ros2_ws/build/sam_bot_description' returned '0': CMAKE_PREFIX_PATH=${CMAKE_PREFIX_PATH}:/home/intern1/ros2_ws/install/tb3_multi_robot:/home/intern1/ros2_ws/install/om_mvc01:/home/intern1/ros2_ws/install/om_modbus_master:/home/intern1/ros2_ws/install/launch_testing_examples:/home/intern1/ros2_ws/install/examples_rclpy_pointcloud_publisher:/home/intern1/ros2_ws/install/examples_rclpy_minimal_subscriber:/home/intern1/ros2_ws/install/examples_rclpy_minimal_service:/home/intern1/ros2_ws/install/examples_rclpy_minimal_publisher:/home/intern1/ros2_ws/install/examples_rclpy_minimal_client:/home/intern1/ros2_ws/install/examples_rclpy_minimal_action_server:/home/intern1/ros2_ws/install/examples_rclpy_minimal_action_client:/home/intern1/ros2_ws/install/examples_rclpy_guard_conditions:/home/intern1/ros2_ws/install/examples_rclpy_executors:/home/intern1/ros2_ws/install/education_material:/home/intern1/ros2_ws/install/camera_follow:/home/intern1/ros2_ws/install/amr_ws:/opt/ros/jazzy DEBUGINFOD_URLS=https://debuginfod.ubuntu.com /usr/bin/cmake --build /home/intern1/ros2_ws/build/sam_bot_description -- -j14 -l14
[0.563s] Invoking command in '/home/intern1/ros2_ws/build/sam_bot_description': CMAKE_PREFIX_PATH=${CMAKE_PREFIX_PATH}:/home/intern1/ros2_ws/install/tb3_multi_robot:/home/intern1/ros2_ws/install/om_mvc01:/home/intern1/ros2_ws/install/om_modbus_master:/home/intern1/ros2_ws/install/launch_testing_examples:/home/intern1/ros2_ws/install/examples_rclpy_pointcloud_publisher:/home/intern1/ros2_ws/install/examples_rclpy_minimal_subscriber:/home/intern1/ros2_ws/install/examples_rclpy_minimal_service:/home/intern1/ros2_ws/install/examples_rclpy_minimal_publisher:/home/intern1/ros2_ws/install/examples_rclpy_minimal_client:/home/intern1/ros2_ws/install/examples_rclpy_minimal_action_server:/home/intern1/ros2_ws/install/examples_rclpy_minimal_action_client:/home/intern1/ros2_ws/install/examples_rclpy_guard_conditions:/home/intern1/ros2_ws/install/examples_rclpy_executors:/home/intern1/ros2_ws/install/education_material:/home/intern1/ros2_ws/install/camera_follow:/home/intern1/ros2_ws/install/amr_ws:/opt/ros/jazzy DEBUGINFOD_URLS=https://debuginfod.ubuntu.com /usr/bin/cmake --install /home/intern1/ros2_ws/build/sam_bot_description
[0.597s] -- Install configuration: ""
[0.597s] -- Execute custom install script
[0.600s] -- Up-to-date symlink: /home/intern1/ros2_ws/install/sam_bot_description/share/sam_bot_description/src/description/sam_bot_description.urdf.xacro
[0.605s] -- Up-to-date symlink: /home/intern1/ros2_ws/install/sam_bot_description/share/sam_bot_description/src/description/sam_bot_description.urdf.xacro
[0.606s] -- Up-to-date symlink: /home/intern1/ros2_ws/install/sam_bot_description/share/sam_bot_description/launch/display.launch.py
[0.610s] -- Up-to-date symlink: /home/intern1/ros2_ws/install/sam_bot_description/share/sam_bot_description/rviz/build/.built_by
[0.611s] -- Up-to-date symlink: /home/intern1/ros2_ws/install/sam_bot_description/share/sam_bot_description/rviz/build/COLCON_IGNORE
[0.611s] -- Up-to-date symlink: /home/intern1/ros2_ws/install/sam_bot_description/share/sam_bot_description/rviz/config.rviz
[0.612s] -- Up-to-date symlink: /home/intern1/ros2_ws/install/sam_bot_description/share/sam_bot_description/rviz/install/.colcon_install_layout
[0.612s] -- Up-to-date symlink: /home/intern1/ros2_ws/install/sam_bot_description/share/sam_bot_description/rviz/install/COLCON_IGNORE
[0.612s] -- Up-to-date symlink: /home/intern1/ros2_ws/install/sam_bot_description/share/sam_bot_description/rviz/install/_local_setup_util_ps1.py
[0.612s] -- Up-to-date symlink: /home/intern1/ros2_ws/install/sam_bot_description/share/sam_bot_description/rviz/install/_local_setup_util_sh.py
[0.613s] [33mCMake Warning (dev) at ament_cmake_symlink_install/ament_cmake_symlink_install.cmake:67 (file):
[0.613s]   Policy CMP0009 is not set: FILE GLOB_RECURSE calls should not follow
[0.613s]   symlinks by default.  Run "cmake --help-policy CMP0009" for policy details.
[0.613s]   Use the cmake_policy command to set the policy and suppress this warning.
[0.613s] Call Stack (most recent call first):
[0.613s]   ament_cmake_symlink_install/ament_cmake_symlink_install.cmake:322 (ament_cmake_symlink_install_directory)
[0.614s]   cmake_install.cmake:46 (include)
[0.614s] This warning is for project developers.  Use -Wno-dev to suppress it.
[0.614s] [0m
[0.623s] -- Up-to-date symlink: /home/intern1/ros2_ws/install/sam_bot_description/share/sam_bot_description/rviz/install/local_setup.bash
[0.623s] -- Up-to-date symlink: /home/intern1/ros2_ws/install/sam_bot_description/share/sam_bot_description/rviz/install/local_setup.ps1
[0.623s] -- Up-to-date symlink: /home/intern1/ros2_ws/install/sam_bot_description/share/sam_bot_description/rviz/install/local_setup.sh
[0.623s] -- Up-to-date symlink: /home/intern1/ros2_ws/install/sam_bot_description/share/sam_bot_description/rviz/install/local_setup.zsh
[0.624s] -- Up-to-date symlink: /home/intern1/ros2_ws/install/sam_bot_description/share/sam_bot_description/rviz/install/setup.bash
[0.624s] -- Up-to-date symlink: /home/intern1/ros2_ws/install/sam_bot_description/share/sam_bot_description/rviz/install/setup.ps1
[0.624s] -- Up-to-date symlink: /home/intern1/ros2_ws/install/sam_bot_description/share/sam_bot_description/rviz/install/setup.sh
[0.625s] -- Up-to-date symlink: /home/intern1/ros2_ws/install/sam_bot_description/share/sam_bot_description/rviz/install/setup.zsh
[0.625s] -- Up-to-date symlink: /home/intern1/ros2_ws/install/sam_bot_description/share/sam_bot_description/rviz/log/COLCON_IGNORE
[0.625s] -- Up-to-date symlink: /home/intern1/ros2_ws/install/sam_bot_description/share/sam_bot_description/rviz/log/build_2026-01-20_17-05-03/events.log
[0.625s] -- Up-to-date symlink: /home/intern1/ros2_ws/install/sam_bot_description/share/sam_bot_description/rviz/log/build_2026-01-20_17-05-03/logger_all.log
[0.625s] -- Up-to-date symlink: /home/intern1/ros2_ws/install/sam_bot_description/share/sam_bot_description/rviz/log/latest/events.log
[0.626s] -- Up-to-date symlink: /home/intern1/ros2_ws/install/sam_bot_description/share/sam_bot_description/rviz/log/latest/logger_all.log
[0.626s] -- Up-to-date symlink: /home/intern1/ros2_ws/install/sam_bot_description/share/sam_bot_description/rviz/log/latest_build/events.log
[0.626s] -- Up-to-date symlink: /home/intern1/ros2_ws/install/sam_bot_description/share/sam_bot_description/rviz/log/latest_build/logger_all.log
[0.626s] -- Up-to-date symlink: /home/intern1/ros2_ws/install/sam_bot_description/share/ament_index/resource_index/package_run_dependencies/sam_bot_description
[0.626s] -- Up-to-date symlink: /home/intern1/ros2_ws/install/sam_bot_description/share/ament_index/resource_index/parent_prefix_path/sam_bot_description
[0.626s] -- Up-to-date symlink: /home/intern1/ros2_ws/install/sam_bot_description/share/sam_bot_description/environment/ament_prefix_path.sh
[0.626s] -- Up-to-date symlink: /home/intern1/ros2_ws/install/sam_bot_description/share/sam_bot_description/environment/ament_prefix_path.dsv
[0.627s] -- Up-to-date symlink: /home/intern1/ros2_ws/install/sam_bot_description/share/sam_bot_description/environment/path.sh
[0.627s] -- Up-to-date symlink: /home/intern1/ros2_ws/install/sam_bot_description/share/sam_bot_description/environment/path.dsv
[0.627s] -- Up-to-date symlink: /home/intern1/ros2_ws/install/sam_bot_description/share/sam_bot_description/local_setup.bash
[0.627s] -- Up-to-date symlink: /home/intern1/ros2_ws/install/sam_bot_description/share/sam_bot_description/local_setup.sh
[0.627s] -- Up-to-date symlink: /home/intern1/ros2_ws/install/sam_bot_description/share/sam_bot_description/local_setup.zsh
[0.628s] -- Up-to-date symlink: /home/intern1/ros2_ws/install/sam_bot_description/share/sam_bot_description/local_setup.dsv
[0.628s] -- Symlinking: /home/intern1/ros2_ws/install/sam_bot_description/share/sam_bot_description/package.dsv
[0.632s] -- Up-to-date symlink: /home/intern1/ros2_ws/install/sam_bot_description/share/ament_index/resource_index/packages/sam_bot_description
[0.633s] -- Up-to-date symlink: /home/intern1/ros2_ws/install/sam_bot_description/share/sam_bot_description/cmake/sam_bot_descriptionConfig.cmake
[0.633s] -- Up-to-date symlink: /home/intern1/ros2_ws/install/sam_bot_description/share/sam_bot_description/cmake/sam_bot_descriptionConfig-version.cmake
[0.633s] -- Up-to-date symlink: /home/intern1/ros2_ws/install/sam_bot_description/share/sam_bot_description/package.xml
[0.701s] Invoked command in '/home/intern1/ros2_ws/build/sam_bot_description' returned '0': CMAKE_PREFIX_PATH=${CMAKE_PREFIX_PATH}:/home/intern1/ros2_ws/install/tb3_multi_robot:/home/intern1/ros2_ws/install/om_mvc01:/home/intern1/ros2_ws/install/om_modbus_master:/home/intern1/ros2_ws/install/launch_testing_examples:/home/intern1/ros2_ws/install/examples_rclpy_pointcloud_publisher:/home/intern1/ros2_ws/install/examples_rclpy_minimal_subscriber:/home/intern1/ros2_ws/install/examples_rclpy_minimal_service:/home/intern1/ros2_ws/install/examples_rclpy_minimal_publisher:/home/intern1/ros2_ws/install/examples_rclpy_minimal_client:/home/intern1/ros2_ws/install/examples_rclpy_minimal_action_server:/home/intern1/ros2_ws/install/examples_rclpy_minimal_action_client:/home/intern1/ros2_ws/install/examples_rclpy_guard_conditions:/home/intern1/ros2_ws/install/examples_rclpy_executors:/home/intern1/ros2_ws/install/education_material:/home/intern1/ros2_ws/install/camera_follow:/home/intern1/ros2_ws/install/amr_ws:/opt/ros/jazzy DEBUGINFOD_URLS=https://debuginfod.ubuntu.com /usr/bin/cmake --install /home/intern1/ros2_ws/build/sam_bot_description
