[0.154s] Invoking command in '/home/intern1/ros2_ws/build/om_msgs': CMAKE_PREFIX_PATH=${CMAKE_PREFIX_PATH}:/home/intern1/ros2_ws/install/tb3_multi_robot:/home/intern1/ros2_ws/install/om_mvc01:/home/intern1/ros2_ws/install/om_modbus_master:/home/intern1/ros2_ws/install/launch_testing_examples:/home/intern1/ros2_ws/install/examples_rclpy_pointcloud_publisher:/home/intern1/ros2_ws/install/examples_rclpy_minimal_subscriber:/home/intern1/ros2_ws/install/examples_rclpy_minimal_service:/home/intern1/ros2_ws/install/examples_rclpy_minimal_publisher:/home/intern1/ros2_ws/install/examples_rclpy_minimal_client:/home/intern1/ros2_ws/install/examples_rclpy_minimal_action_server:/home/intern1/ros2_ws/install/examples_rclpy_minimal_action_client:/home/intern1/ros2_ws/install/examples_rclpy_guard_conditions:/home/intern1/ros2_ws/install/examples_rclpy_executors:/home/intern1/ros2_ws/install/education_material:/home/intern1/ros2_ws/install/camera_follow:/home/intern1/ros2_ws/install/amr_ws:/opt/ros/jazzy DEBUGINFOD_URLS=https://debuginfod.ubuntu.com /usr/bin/cmake --build /home/intern1/ros2_ws/build/om_msgs -- -j14 -l14
[1.317s] [  1%] Built target om_msgs__rosidl_generator_type_description
[1.318s] [  1%] Built target ament_cmake_python_symlink_om_msgs
[1.319s] [  3%] Built target om_msgs__cpp
[1.320s] [ 24%] Built target om_msgs__rosidl_generator_c
[1.321s] [ 33%] Built target om_msgs__rosidl_typesupport_fastrtps_cpp
[1.321s] [ 42%] Built target om_msgs__rosidl_typesupport_fastrtps_c
[1.326s] [ 51%] Built target om_msgs__rosidl_typesupport_c
[1.327s] [ 70%] Built target om_msgs__rosidl_typesupport_introspection_cpp
[1.327s] [ 70%] Built target om_msgs__rosidl_typesupport_cpp
[1.327s] [ 79%] Built target om_msgs__rosidl_typesupport_introspection_c
[1.328s] [ 79%] Built target om_msgs
[1.328s] [ 81%] Built target om_msgs__py
[1.328s] [ 88%] Built target om_msgs__rosidl_generator_py
[1.328s] [ 96%] Built target om_msgs_s__rosidl_typesupport_c
[1.329s] [ 96%] Built target om_msgs_s__rosidl_typesupport_introspection_c
[1.329s] [100%] Built target om_msgs_s__rosidl_typesupport_fastrtps_c
[1.329s] running egg_info
[1.330s] writing om_msgs.egg-info/PKG-INFO
[1.330s] writing dependency_links to om_msgs.egg-info/dependency_links.txt
[1.330s] writing top-level names to om_msgs.egg-info/top_level.txt
[1.330s] reading manifest file 'om_msgs.egg-info/SOURCES.txt'
[1.330s] writing manifest file 'om_msgs.egg-info/SOURCES.txt'
[1.331s] [100%] Built target ament_cmake_python_build_om_msgs_egg
[1.331s] Invoked command in '/home/intern1/ros2_ws/build/om_msgs' returned '0': CMAKE_PREFIX_PATH=${CMAKE_PREFIX_PATH}:/home/intern1/ros2_ws/install/tb3_multi_robot:/home/intern1/ros2_ws/install/om_mvc01:/home/intern1/ros2_ws/install/om_modbus_master:/home/intern1/ros2_ws/install/launch_testing_examples:/home/intern1/ros2_ws/install/examples_rclpy_pointcloud_publisher:/home/intern1/ros2_ws/install/examples_rclpy_minimal_subscriber:/home/intern1/ros2_ws/install/examples_rclpy_minimal_service:/home/intern1/ros2_ws/install/examples_rclpy_minimal_publisher:/home/intern1/ros2_ws/install/examples_rclpy_minimal_client:/home/intern1/ros2_ws/install/examples_rclpy_minimal_action_server:/home/intern1/ros2_ws/install/examples_rclpy_minimal_action_client:/home/intern1/ros2_ws/install/examples_rclpy_guard_conditions:/home/intern1/ros2_ws/install/examples_rclpy_executors:/home/intern1/ros2_ws/install/education_material:/home/intern1/ros2_ws/install/camera_follow:/home/intern1/ros2_ws/install/amr_ws:/opt/ros/jazzy DEBUGINFOD_URLS=https://debuginfod.ubuntu.com /usr/bin/cmake --build /home/intern1/ros2_ws/build/om_msgs -- -j14 -l14
[1.348s] Invoking command in '/home/intern1/ros2_ws/build/om_msgs': CMAKE_PREFIX_PATH=${CMAKE_PREFIX_PATH}:/home/intern1/ros2_ws/install/tb3_multi_robot:/home/intern1/ros2_ws/install/om_mvc01:/home/intern1/ros2_ws/install/om_modbus_master:/home/intern1/ros2_ws/install/launch_testing_examples:/home/intern1/ros2_ws/install/examples_rclpy_pointcloud_publisher:/home/intern1/ros2_ws/install/examples_rclpy_minimal_subscriber:/home/intern1/ros2_ws/install/examples_rclpy_minimal_service:/home/intern1/ros2_ws/install/examples_rclpy_minimal_publisher:/home/intern1/ros2_ws/install/examples_rclpy_minimal_client:/home/intern1/ros2_ws/install/examples_rclpy_minimal_action_server:/home/intern1/ros2_ws/install/examples_rclpy_minimal_action_client:/home/intern1/ros2_ws/install/examples_rclpy_guard_conditions:/home/intern1/ros2_ws/install/examples_rclpy_executors:/home/intern1/ros2_ws/install/education_material:/home/intern1/ros2_ws/install/camera_follow:/home/intern1/ros2_ws/install/amr_ws:/opt/ros/jazzy DEBUGINFOD_URLS=https://debuginfod.ubuntu.com /usr/bin/cmake --install /home/intern1/ros2_ws/build/om_msgs
[1.456s] -- Install configuration: ""
[1.456s] -- Execute custom install script
[1.456s] -- Up-to-date symlink: /home/intern1/ros2_ws/install/om_msgs/share/ament_index/resource_index/rosidl_interfaces/om_msgs
[1.457s] -- Up-to-date symlink: /home/intern1/ros2_ws/install/om_msgs/share/om_msgs/msg/Query.json
[1.457s] -- Up-to-date symlink: /home/intern1/ros2_ws/install/om_msgs/share/om_msgs/msg/Response.json
[1.457s] -- Up-to-date symlink: /home/intern1/ros2_ws/install/om_msgs/share/om_msgs/msg/State.json
[1.457s] -- Up-to-date symlink: /home/intern1/ros2_ws/install/om_msgs/include/om_msgs/om_msgs/msg/detail/query__functions.h
[1.457s] -- Up-to-date symlink: /home/intern1/ros2_ws/install/om_msgs/include/om_msgs/om_msgs/msg/detail/query__struct.h
[1.460s] -- Up-to-date symlink: /home/intern1/ros2_ws/install/om_msgs/include/om_msgs/om_msgs/msg/detail/query__type_support.h
[1.461s] -- Up-to-date symlink: /home/intern1/ros2_ws/install/om_msgs/include/om_msgs/om_msgs/msg/detail/response__functions.h
[1.464s] -- Up-to-date symlink: /home/intern1/ros2_ws/install/om_msgs/include/om_msgs/om_msgs/msg/detail/response__struct.h
[1.465s] -- Up-to-date symlink: /home/intern1/ros2_ws/install/om_msgs/include/om_msgs/om_msgs/msg/detail/response__type_support.h
[1.465s] -- Up-to-date symlink: /home/intern1/ros2_ws/install/om_msgs/include/om_msgs/om_msgs/msg/detail/state__functions.h
[1.465s] -- Up-to-date symlink: /home/intern1/ros2_ws/install/om_msgs/include/om_msgs/om_msgs/msg/detail/state__struct.h
[1.465s] -- Up-to-date symlink: /home/intern1/ros2_ws/install/om_msgs/include/om_msgs/om_msgs/msg/detail/state__type_support.h
[1.467s] -- Up-to-date symlink: /home/intern1/ros2_ws/install/om_msgs/include/om_msgs/om_msgs/msg/query.h
[1.467s] -- Up-to-date symlink: /home/intern1/ros2_ws/install/om_msgs/include/om_msgs/om_msgs/msg/response.h
[1.467s] -- Up-to-date symlink: /home/intern1/ros2_ws/install/om_msgs/include/om_msgs/om_msgs/msg/rosidl_generator_c__visibility_control.h
[1.467s] -- Up-to-date symlink: /home/intern1/ros2_ws/install/om_msgs/include/om_msgs/om_msgs/msg/state.h
[1.467s] -- Up-to-date symlink: /home/intern1/ros2_ws/install/om_msgs/share/om_msgs/environment/library_path.sh
[1.467s] -- Up-to-date symlink: /home/intern1/ros2_ws/install/om_msgs/share/om_msgs/environment/library_path.dsv
[1.468s] -- Up-to-date symlink: /home/intern1/ros2_ws/install/om_msgs/include/om_msgs/om_msgs/msg/detail/query__rosidl_typesupport_fastrtps_c.h
[1.468s] -- Up-to-date symlink: /home/intern1/ros2_ws/install/om_msgs/include/om_msgs/om_msgs/msg/detail/response__rosidl_typesupport_fastrtps_c.h
[1.468s] -- Up-to-date symlink: /home/intern1/ros2_ws/install/om_msgs/include/om_msgs/om_msgs/msg/detail/state__rosidl_typesupport_fastrtps_c.h
[1.468s] -- Up-to-date symlink: /home/intern1/ros2_ws/install/om_msgs/include/om_msgs/om_msgs/msg/rosidl_typesupport_fastrtps_c__visibility_control.h
[1.468s] -- Up-to-date symlink: /home/intern1/ros2_ws/install/om_msgs/include/om_msgs/om_msgs/msg/detail/query__rosidl_typesupport_introspection_c.h
[1.468s] -- Up-to-date symlink: /home/intern1/ros2_ws/install/om_msgs/include/om_msgs/om_msgs/msg/detail/response__rosidl_typesupport_introspection_c.h
[1.469s] -- Up-to-date symlink: /home/intern1/ros2_ws/install/om_msgs/include/om_msgs/om_msgs/msg/detail/state__rosidl_typesupport_introspection_c.h
[1.471s] -- Up-to-date symlink: /home/intern1/ros2_ws/install/om_msgs/include/om_msgs/om_msgs/msg/rosidl_typesupport_introspection_c__visibility_control.h
[1.471s] -- Up-to-date symlink: /home/intern1/ros2_ws/install/om_msgs/include/om_msgs/om_msgs/msg/detail/query__builder.hpp
[1.472s] -- Up-to-date symlink: /home/intern1/ros2_ws/install/om_msgs/include/om_msgs/om_msgs/msg/detail/query__struct.hpp
[1.472s] -- Up-to-date symlink: /home/intern1/ros2_ws/install/om_msgs/include/om_msgs/om_msgs/msg/detail/query__traits.hpp
[1.473s] -- Up-to-date symlink: /home/intern1/ros2_ws/install/om_msgs/include/om_msgs/om_msgs/msg/detail/query__type_support.hpp
[1.473s] -- Up-to-date symlink: /home/intern1/ros2_ws/install/om_msgs/include/om_msgs/om_msgs/msg/detail/response__builder.hpp
[1.473s] -- Up-to-date symlink: /home/intern1/ros2_ws/install/om_msgs/include/om_msgs/om_msgs/msg/detail/response__struct.hpp
[1.474s] -- Up-to-date symlink: /home/intern1/ros2_ws/install/om_msgs/include/om_msgs/om_msgs/msg/detail/response__traits.hpp
[1.474s] -- Up-to-date symlink: /home/intern1/ros2_ws/install/om_msgs/include/om_msgs/om_msgs/msg/detail/response__type_support.hpp
[1.475s] -- Up-to-date symlink: /home/intern1/ros2_ws/install/om_msgs/include/om_msgs/om_msgs/msg/detail/state__builder.hpp
[1.475s] -- Up-to-date symlink: /home/intern1/ros2_ws/install/om_msgs/include/om_msgs/om_msgs/msg/detail/state__struct.hpp
[1.475s] -- Up-to-date symlink: /home/intern1/ros2_ws/install/om_msgs/include/om_msgs/om_msgs/msg/detail/state__traits.hpp
[1.475s] -- Up-to-date symlink: /home/intern1/ros2_ws/install/om_msgs/include/om_msgs/om_msgs/msg/detail/state__type_support.hpp
[1.475s] -- Up-to-date symlink: /home/intern1/ros2_ws/install/om_msgs/include/om_msgs/om_msgs/msg/query.hpp
[1.475s] -- Up-to-date symlink: /home/intern1/ros2_ws/install/om_msgs/include/om_msgs/om_msgs/msg/response.hpp
[1.476s] -- Up-to-date symlink: /home/intern1/ros2_ws/install/om_msgs/include/om_msgs/om_msgs/msg/rosidl_generator_cpp__visibility_control.hpp
[1.476s] -- Up-to-date symlink: /home/intern1/ros2_ws/install/om_msgs/include/om_msgs/om_msgs/msg/state.hpp
[1.476s] -- Up-to-date symlink: /home/intern1/ros2_ws/install/om_msgs/include/om_msgs/om_msgs/msg/detail/query__rosidl_typesupport_fastrtps_cpp.hpp
[1.476s] -- Up-to-date symlink: /home/intern1/ros2_ws/install/om_msgs/include/om_msgs/om_msgs/msg/detail/response__rosidl_typesupport_fastrtps_cpp.hpp
[1.476s] -- Up-to-date symlink: /home/intern1/ros2_ws/install/om_msgs/include/om_msgs/om_msgs/msg/detail/state__rosidl_typesupport_fastrtps_cpp.hpp
[1.477s] -- Up-to-date symlink: /home/intern1/ros2_ws/install/om_msgs/include/om_msgs/om_msgs/msg/rosidl_typesupport_fastrtps_cpp__visibility_control.h
[1.477s] -- Up-to-date symlink: /home/intern1/ros2_ws/install/om_msgs/include/om_msgs/om_msgs/msg/detail/query__rosidl_typesupport_introspection_cpp.hpp
[1.477s] -- Up-to-date symlink: /home/intern1/ros2_ws/install/om_msgs/include/om_msgs/om_msgs/msg/detail/response__rosidl_typesupport_introspection_cpp.hpp
[1.477s] -- Up-to-date symlink: /home/intern1/ros2_ws/install/om_msgs/include/om_msgs/om_msgs/msg/detail/state__rosidl_typesupport_introspection_cpp.hpp
[1.477s] -- Up-to-date symlink: /home/intern1/ros2_ws/install/om_msgs/share/om_msgs/environment/pythonpath.sh
[1.477s] -- Up-to-date symlink: /home/intern1/ros2_ws/install/om_msgs/share/om_msgs/environment/pythonpath.dsv
[1.478s] -- Up-to-date symlink: /home/intern1/ros2_ws/install/om_msgs/lib/python3.12/site-packages/om_msgs-2.0.1-py3.12.egg-info/PKG-INFO
[1.478s] -- Up-to-date symlink: /home/intern1/ros2_ws/install/om_msgs/lib/python3.12/site-packages/om_msgs-2.0.1-py3.12.egg-info/SOURCES.txt
[1.478s] -- Up-to-date symlink: /home/intern1/ros2_ws/install/om_msgs/lib/python3.12/site-packages/om_msgs-2.0.1-py3.12.egg-info/dependency_links.txt
[1.478s] -- Up-to-date symlink: /home/intern1/ros2_ws/install/om_msgs/lib/python3.12/site-packages/om_msgs-2.0.1-py3.12.egg-info/top_level.txt
[1.479s] -- Up-to-date symlink: /home/intern1/ros2_ws/install/om_msgs/lib/python3.12/site-packages/om_msgs/__init__.py
[1.479s] -- Up-to-date symlink: /home/intern1/ros2_ws/install/om_msgs/lib/python3.12/site-packages/om_msgs/_om_msgs_s.ep.rosidl_typesupport_c.c
[1.479s] -- Up-to-date symlink: /home/intern1/ros2_ws/install/om_msgs/lib/python3.12/site-packages/om_msgs/_om_msgs_s.ep.rosidl_typesupport_fastrtps_c.c
[1.479s] -- Up-to-date symlink: /home/intern1/ros2_ws/install/om_msgs/lib/python3.12/site-packages/om_msgs/_om_msgs_s.ep.rosidl_typesupport_introspection_c.c
[1.479s] -- Up-to-date symlink: /home/intern1/ros2_ws/install/om_msgs/lib/python3.12/site-packages/om_msgs/msg/__init__.py
[1.480s] -- Up-to-date symlink: /home/intern1/ros2_ws/install/om_msgs/lib/python3.12/site-packages/om_msgs/msg/_query.py
[1.480s] -- Up-to-date symlink: /home/intern1/ros2_ws/install/om_msgs/lib/python3.12/site-packages/om_msgs/msg/_query_s.c
[1.480s] -- Up-to-date symlink: /home/intern1/ros2_ws/install/om_msgs/lib/python3.12/site-packages/om_msgs/msg/_response.py
[1.480s] -- Up-to-date symlink: /home/intern1/ros2_ws/install/om_msgs/lib/python3.12/site-packages/om_msgs/msg/_response_s.c
[1.480s] -- Up-to-date symlink: /home/intern1/ros2_ws/install/om_msgs/lib/python3.12/site-packages/om_msgs/msg/_state.py
[1.480s] -- Up-to-date symlink: /home/intern1/ros2_ws/install/om_msgs/lib/python3.12/site-packages/om_msgs/msg/_state_s.c
[1.480s] -- Up-to-date symlink: /home/intern1/ros2_ws/install/om_msgs/lib/python3.12/site-packages/om_msgs/om_msgs_s__rosidl_typesupport_c.so
[1.481s] -- Up-to-date symlink: /home/intern1/ros2_ws/install/om_msgs/lib/python3.12/site-packages/om_msgs/om_msgs_s__rosidl_typesupport_fastrtps_c.so
[1.481s] -- Up-to-date symlink: /home/intern1/ros2_ws/install/om_msgs/lib/python3.12/site-packages/om_msgs/om_msgs_s__rosidl_typesupport_introspection_c.so
[1.481s] -- Up-to-date symlink: /home/intern1/ros2_ws/install/om_msgs/lib/python3.12/site-packages/om_msgs/om_msgs_s__rosidl_typesupport_fastrtps_c.so
[1.481s] -- Up-to-date symlink: /home/intern1/ros2_ws/install/om_msgs/lib/python3.12/site-packages/om_msgs/om_msgs_s__rosidl_typesupport_introspection_c.so
[1.481s] -- Up-to-date symlink: /home/intern1/ros2_ws/install/om_msgs/lib/python3.12/site-packages/om_msgs/om_msgs_s__rosidl_typesupport_c.so
[1.481s] -- Up-to-date symlink: /home/intern1/ros2_ws/install/om_msgs/share/om_msgs/msg/Query.idl
[1.484s] -- Up-to-date symlink: /home/intern1/ros2_ws/install/om_msgs/share/om_msgs/msg/Response.idl
[1.485s] -- Up-to-date symlink: /home/intern1/ros2_ws/install/om_msgs/share/om_msgs/msg/State.idl
[1.485s] -- Up-to-date symlink: /home/intern1/ros2_ws/install/om_msgs/share/om_msgs/msg/Query.msg
[1.485s] -- Up-to-date symlink: /home/intern1/ros2_ws/install/om_msgs/share/om_msgs/msg/Response.msg
[1.485s] -- Up-to-date symlink: /home/intern1/ros2_ws/install/om_msgs/share/om_msgs/msg/State.msg
[1.485s] -- Up-to-date symlink: /home/intern1/ros2_ws/install/om_msgs/share/ament_index/resource_index/package_run_dependencies/om_msgs
[1.486s] -- Up-to-date symlink: /home/intern1/ros2_ws/install/om_msgs/share/ament_index/resource_index/parent_prefix_path/om_msgs
[1.486s] -- Up-to-date symlink: /home/intern1/ros2_ws/install/om_msgs/share/om_msgs/environment/ament_prefix_path.sh
[1.486s] -- Up-to-date symlink: /home/intern1/ros2_ws/install/om_msgs/share/om_msgs/environment/ament_prefix_path.dsv
[1.486s] -- Up-to-date symlink: /home/intern1/ros2_ws/install/om_msgs/share/om_msgs/environment/path.sh
[1.486s] -- Up-to-date symlink: /home/intern1/ros2_ws/install/om_msgs/share/om_msgs/environment/path.dsv
[1.486s] -- Up-to-date symlink: /home/intern1/ros2_ws/install/om_msgs/share/om_msgs/local_setup.bash
[1.486s] -- Up-to-date symlink: /home/intern1/ros2_ws/install/om_msgs/share/om_msgs/local_setup.sh
[1.487s] -- Up-to-date symlink: /home/intern1/ros2_ws/install/om_msgs/share/om_msgs/local_setup.zsh
[1.487s] -- Up-to-date symlink: /home/intern1/ros2_ws/install/om_msgs/share/om_msgs/local_setup.dsv
[1.487s] -- Symlinking: /home/intern1/ros2_ws/install/om_msgs/share/om_msgs/package.dsv
[1.504s] -- Up-to-date symlink: /home/intern1/ros2_ws/install/om_msgs/share/ament_index/resource_index/packages/om_msgs
[1.505s] -- Up-to-date symlink: /home/intern1/ros2_ws/install/om_msgs/share/om_msgs/cmake/rosidl_cmake-extras.cmake
[1.505s] -- Up-to-date symlink: /home/intern1/ros2_ws/install/om_msgs/share/om_msgs/cmake/ament_cmake_export_include_directories-extras.cmake
[1.505s] -- Up-to-date symlink: /home/intern1/ros2_ws/install/om_msgs/share/om_msgs/cmake/ament_cmake_export_libraries-extras.cmake
[1.505s] -- Up-to-date symlink: /home/intern1/ros2_ws/install/om_msgs/share/om_msgs/cmake/ament_cmake_export_targets-extras.cmake
[1.511s] -- Up-to-date symlink: /home/intern1/ros2_ws/install/om_msgs/share/om_msgs/cmake/rosidl_cmake_export_typesupport_targets-extras.cmake
[1.514s] -- Up-to-date symlink: /home/intern1/ros2_ws/install/om_msgs/share/om_msgs/cmake/ament_cmake_export_dependencies-extras.cmake
[1.514s] -- Up-to-date symlink: /home/intern1/ros2_ws/install/om_msgs/share/om_msgs/cmake/rosidl_cmake_export_typesupport_libraries-extras.cmake
[1.514s] -- Up-to-date symlink: /home/intern1/ros2_ws/install/om_msgs/share/om_msgs/cmake/om_msgsConfig.cmake
[1.515s] -- Up-to-date symlink: /home/intern1/ros2_ws/install/om_msgs/share/om_msgs/cmake/om_msgsConfig-version.cmake
[1.529s] -- Up-to-date symlink: /home/intern1/ros2_ws/install/om_msgs/share/om_msgs/package.xml
[1.529s] -- Up-to-date: /home/intern1/ros2_ws/install/om_msgs/lib/libom_msgs__rosidl_generator_c.so
[1.530s] -- Up-to-date: /home/intern1/ros2_ws/install/om_msgs/lib/libom_msgs__rosidl_typesupport_fastrtps_c.so
[1.530s] -- Up-to-date: /home/intern1/ros2_ws/install/om_msgs/lib/libom_msgs__rosidl_typesupport_introspection_c.so
[1.530s] -- Up-to-date: /home/intern1/ros2_ws/install/om_msgs/lib/libom_msgs__rosidl_typesupport_c.so
[1.530s] -- Up-to-date: /home/intern1/ros2_ws/install/om_msgs/lib/libom_msgs__rosidl_typesupport_fastrtps_cpp.so
[1.530s] -- Up-to-date: /home/intern1/ros2_ws/install/om_msgs/lib/libom_msgs__rosidl_typesupport_introspection_cpp.so
[1.530s] -- Up-to-date: /home/intern1/ros2_ws/install/om_msgs/lib/libom_msgs__rosidl_typesupport_cpp.so
[1.611s] Listing '/home/intern1/ros2_ws/install/om_msgs/lib/python3.12/site-packages/om_msgs'...
[1.611s] Listing '/home/intern1/ros2_ws/install/om_msgs/lib/python3.12/site-packages/om_msgs/msg'...
[1.628s] -- Up-to-date: /home/intern1/ros2_ws/install/om_msgs/lib/libom_msgs__rosidl_generator_py.so
[1.630s] -- Up-to-date: /home/intern1/ros2_ws/install/om_msgs/share/om_msgs/cmake/export_om_msgs__rosidl_generator_cExport.cmake
[1.630s] -- Up-to-date: /home/intern1/ros2_ws/install/om_msgs/share/om_msgs/cmake/export_om_msgs__rosidl_generator_cExport-noconfig.cmake
[1.632s] -- Up-to-date: /home/intern1/ros2_ws/install/om_msgs/share/om_msgs/cmake/export_om_msgs__rosidl_typesupport_fastrtps_cExport.cmake
[1.633s] -- Up-to-date: /home/intern1/ros2_ws/install/om_msgs/share/om_msgs/cmake/export_om_msgs__rosidl_typesupport_fastrtps_cExport-noconfig.cmake
[1.634s] -- Up-to-date: /home/intern1/ros2_ws/install/om_msgs/share/om_msgs/cmake/om_msgs__rosidl_typesupport_introspection_cExport.cmake
[1.635s] -- Up-to-date: /home/intern1/ros2_ws/install/om_msgs/share/om_msgs/cmake/om_msgs__rosidl_typesupport_introspection_cExport-noconfig.cmake
[1.635s] -- Up-to-date: /home/intern1/ros2_ws/install/om_msgs/share/om_msgs/cmake/om_msgs__rosidl_typesupport_cExport.cmake
[1.636s] -- Up-to-date: /home/intern1/ros2_ws/install/om_msgs/share/om_msgs/cmake/om_msgs__rosidl_typesupport_cExport-noconfig.cmake
[1.637s] -- Up-to-date: /home/intern1/ros2_ws/install/om_msgs/share/om_msgs/cmake/export_om_msgs__rosidl_generator_cppExport.cmake
[1.641s] -- Up-to-date: /home/intern1/ros2_ws/install/om_msgs/share/om_msgs/cmake/export_om_msgs__rosidl_typesupport_fastrtps_cppExport.cmake
[1.641s] -- Up-to-date: /home/intern1/ros2_ws/install/om_msgs/share/om_msgs/cmake/export_om_msgs__rosidl_typesupport_fastrtps_cppExport-noconfig.cmake
[1.642s] -- Up-to-date: /home/intern1/ros2_ws/install/om_msgs/share/om_msgs/cmake/om_msgs__rosidl_typesupport_introspection_cppExport.cmake
[1.642s] -- Up-to-date: /home/intern1/ros2_ws/install/om_msgs/share/om_msgs/cmake/om_msgs__rosidl_typesupport_introspection_cppExport-noconfig.cmake
[1.642s] -- Up-to-date: /home/intern1/ros2_ws/install/om_msgs/share/om_msgs/cmake/om_msgs__rosidl_typesupport_cppExport.cmake
[1.642s] -- Up-to-date: /home/intern1/ros2_ws/install/om_msgs/share/om_msgs/cmake/om_msgs__rosidl_typesupport_cppExport-noconfig.cmake
[1.642s] -- Up-to-date: /home/intern1/ros2_ws/install/om_msgs/share/om_msgs/cmake/export_om_msgs__rosidl_generator_pyExport.cmake
[1.642s] -- Up-to-date: /home/intern1/ros2_ws/install/om_msgs/share/om_msgs/cmake/export_om_msgs__rosidl_generator_pyExport-noconfig.cmake
[1.731s] Invoked command in '/home/intern1/ros2_ws/build/om_msgs' returned '0': CMAKE_PREFIX_PATH=${CMAKE_PREFIX_PATH}:/home/intern1/ros2_ws/install/tb3_multi_robot:/home/intern1/ros2_ws/install/om_mvc01:/home/intern1/ros2_ws/install/om_modbus_master:/home/intern1/ros2_ws/install/launch_testing_examples:/home/intern1/ros2_ws/install/examples_rclpy_pointcloud_publisher:/home/intern1/ros2_ws/install/examples_rclpy_minimal_subscriber:/home/intern1/ros2_ws/install/examples_rclpy_minimal_service:/home/intern1/ros2_ws/install/examples_rclpy_minimal_publisher:/home/intern1/ros2_ws/install/examples_rclpy_minimal_client:/home/intern1/ros2_ws/install/examples_rclpy_minimal_action_server:/home/intern1/ros2_ws/install/examples_rclpy_minimal_action_client:/home/intern1/ros2_ws/install/examples_rclpy_guard_conditions:/home/intern1/ros2_ws/install/examples_rclpy_executors:/home/intern1/ros2_ws/install/education_material:/home/intern1/ros2_ws/install/camera_follow:/home/intern1/ros2_ws/install/amr_ws:/opt/ros/jazzy DEBUGINFOD_URLS=https://debuginfod.ubuntu.com /usr/bin/cmake --install /home/intern1/ros2_ws/build/om_msgs
