[5.553s] Invoking command in '/home/intern1/ros2_ws/src/education_material': DEBUGINFOD_URLS=https://debuginfod.ubuntu.com PYTHONPATH=/home/intern1/ros2_ws/build/education_material/prefix_override:/usr/lib/python3/dist-packages/colcon_core/task/python/colcon_distutils_commands:/home/intern1/ros2_ws/install/education_material/lib/python3.12/site-packages:${PYTHONPATH} /usr/bin/python3 -W ignore:setup.py install is deprecated -W ignore:easy_install command is deprecated setup.py egg_info --egg-base ../../build/education_material build --build-base /home/intern1/ros2_ws/build/education_material/build install --record /home/intern1/ros2_ws/build/education_material/install.log --single-version-externally-managed install_data
[6.340s] running egg_info
[6.396s] writing ../../build/education_material/education_material.egg-info/PKG-INFO
[6.398s] writing dependency_links to ../../build/education_material/education_material.egg-info/dependency_links.txt
[6.399s] writing entry points to ../../build/education_material/education_material.egg-info/entry_points.txt
[6.399s] writing requirements to ../../build/education_material/education_material.egg-info/requires.txt
[6.400s] writing top-level names to ../../build/education_material/education_material.egg-info/top_level.txt
[6.516s] reading manifest file '../../build/education_material/education_material.egg-info/SOURCES.txt'
[6.517s] adding license file 'LICENSE'
[6.519s] writing manifest file '../../build/education_material/education_material.egg-info/SOURCES.txt'
[6.519s] running build
[6.520s] running build_py
[6.520s] running install
[6.536s] running install_lib
[6.597s] running install_data
[6.597s] running install_egg_info
[6.662s] removing '/home/intern1/ros2_ws/install/education_material/lib/python3.12/site-packages/education_material-0.0.0-py3.12.egg-info' (and everything under it)
[6.664s] Copying ../../build/education_material/education_material.egg-info to /home/intern1/ros2_ws/install/education_material/lib/python3.12/site-packages/education_material-0.0.0-py3.12.egg-info
[6.668s] running install_scripts
[6.941s] Installing evenodd_checker script to /home/intern1/ros2_ws/install/education_material/lib/education_material
[6.942s] Installing int_pub script to /home/intern1/ros2_ws/install/education_material/lib/education_material
[6.942s] Installing int_sub script to /home/intern1/ros2_ws/install/education_material/lib/education_material
[6.942s] Installing keypressed_calculator script to /home/intern1/ros2_ws/install/education_material/lib/education_material
[6.942s] Installing keypressed_talker script to /home/intern1/ros2_ws/install/education_material/lib/education_material
[6.943s] Installing keypressed_to_cmdvel script to /home/intern1/ros2_ws/install/education_material/lib/education_material
[6.943s] Installing string_pub script to /home/intern1/ros2_ws/install/education_material/lib/education_material
[6.943s] Installing string_sub script to /home/intern1/ros2_ws/install/education_material/lib/education_material
[6.943s] writing list of installed files to '/home/intern1/ros2_ws/build/education_material/install.log'
[7.020s] Invoked command in '/home/intern1/ros2_ws/src/education_material' returned '0': DEBUGINFOD_URLS=https://debuginfod.ubuntu.com PYTHONPATH=/home/intern1/ros2_ws/build/education_material/prefix_override:/usr/lib/python3/dist-packages/colcon_core/task/python/colcon_distutils_commands:/home/intern1/ros2_ws/install/education_material/lib/python3.12/site-packages:${PYTHONPATH} /usr/bin/python3 -W ignore:setup.py install is deprecated -W ignore:easy_install command is deprecated setup.py egg_info --egg-base ../../build/education_material build --build-base /home/intern1/ros2_ws/build/education_material/build install --record /home/intern1/ros2_ws/build/education_material/install.log --single-version-externally-managed install_data
