[0.042s] Invoking command in '/home/intern1/ros2_ws/build/system_webview': CMAKE_PREFIX_PATH=${CMAKE_PREFIX_PATH}:/home/intern1/ros2_ws/install/tb3_multi_robot:/home/intern1/ros2_ws/install/system_webview:/home/intern1/ros2_ws/install/om_mvc01:/home/intern1/ros2_ws/install/om_modbus_master:/home/intern1/ros2_ws/install/launch_testing_examples:/home/intern1/ros2_ws/install/examples_rclpy_pointcloud_publisher:/home/intern1/ros2_ws/install/examples_rclpy_minimal_subscriber:/home/intern1/ros2_ws/install/examples_rclpy_minimal_service:/home/intern1/ros2_ws/install/examples_rclpy_minimal_publisher:/home/intern1/ros2_ws/install/examples_rclpy_minimal_client:/home/intern1/ros2_ws/install/examples_rclpy_minimal_action_server:/home/intern1/ros2_ws/install/examples_rclpy_minimal_action_client:/home/intern1/ros2_ws/install/examples_rclpy_guard_conditions:/home/intern1/ros2_ws/install/examples_rclpy_executors:/home/intern1/ros2_ws/install/education_material:/home/intern1/ros2_ws/install/camera_follow:/home/intern1/ros2_ws/install/amr_ws:/opt/ros/jazzy DEBUGINFOD_URLS=https://debuginfod.ubuntu.com /usr/bin/cmake /home/intern1/ros2_ws/src/ros2_system_webview -DCMAKE_INSTALL_PREFIX=/home/intern1/ros2_ws/install/system_webview
[2.837s] -- The C compiler identification is GNU 13.3.0
[2.837s] -- The CXX compiler identification is GNU 13.3.0
[2.838s] -- Detecting C compiler ABI info
[2.838s] -- Detecting C compiler ABI info - done
[2.839s] -- Check for working C compiler: /usr/bin/cc - skipped
[2.839s] -- Detecting C compile features
[2.839s] -- Detecting C compile features - done
[2.839s] -- Detecting CXX compiler ABI info
[2.840s] -- Detecting CXX compiler ABI info - done
[2.854s] -- Check for working CXX compiler: /usr/bin/c++ - skipped
[2.856s] -- Detecting CXX compile features
[2.856s] -- Detecting CXX compile features - done
[2.857s] -- Found ament_cmake: 2.5.5 (/opt/ros/jazzy/share/ament_cmake/cmake)
[2.857s] -- Found Python3: /usr/bin/python3 (found version "3.12.3") found components: Interpreter 
[2.857s] -- Found rclcpp: 28.1.16 (/opt/ros/jazzy/share/rclcpp/cmake)
[2.858s] -- Found rosidl_generator_c: 4.6.7 (/opt/ros/jazzy/share/rosidl_generator_c/cmake)
[2.885s] -- Found rosidl_generator_cpp: 4.6.7 (/opt/ros/jazzy/share/rosidl_generator_cpp/cmake)
[2.889s] -- Using all available rosidl_typesupport_c: rosidl_typesupport_fastrtps_c;rosidl_typesupport_introspection_c
[2.984s] -- Using all available rosidl_typesupport_cpp: rosidl_typesupport_fastrtps_cpp;rosidl_typesupport_introspection_cpp
[3.243s] -- Found rmw_implementation_cmake: 7.3.3 (/opt/ros/jazzy/share/rmw_implementation_cmake/cmake)
[3.259s] -- Found rmw_fastrtps_cpp: 8.4.3 (/opt/ros/jazzy/share/rmw_fastrtps_cpp/cmake)
[3.528s] -- Found OpenSSL: /usr/lib/x86_64-linux-gnu/libcrypto.so (found version "3.0.13")  
[3.597s] -- Found FastRTPS: /opt/ros/jazzy/include (Required is at least version "2.13") 
[3.668s] -- Using RMW implementation 'rmw_fastrtps_cpp' as default
[3.872s] -- Found PkgConfig: /usr/bin/pkg-config (found version "1.8.1") 
[3.873s] -- Checking for module 'cpp-httplib'
[3.927s] --   Found cpp-httplib, version 0.14.3
[4.045s] -- Found ament_lint_auto: 0.17.4 (/opt/ros/jazzy/share/ament_lint_auto/cmake)
[4.458s] -- Added test 'cppcheck' to perform static code analysis on C / C++ code
[4.459s] -- Configured cppcheck include dirs: 
[4.459s] -- Configured cppcheck exclude dirs and/or files: 
[4.472s] -- Added test 'cpplint' to check C / C++ code against the Google style
[4.473s] -- Configured cpplint exclude dirs and/or files: 
[4.477s] -- Added test 'flake8' to check Python code syntax and style conventions
[4.477s] -- Configured 'flake8' exclude dirs and/or files: 
[4.483s] -- Added test 'lint_cmake' to check CMake code style
[4.487s] -- Added test 'pep257' to check Python code against some of the docstring style conventions in PEP 257
[4.499s] -- Added test 'uncrustify' to check C / C++ code style
[4.500s] -- Configured uncrustify additional arguments: 
[4.504s] -- Added test 'xmllint' to check XML markup files
[4.510s] -- Configuring done (4.4s)
[4.535s] -- Generating done (0.0s)
[4.546s] -- Build files have been written to: /home/intern1/ros2_ws/build/system_webview
[4.580s] Invoked command in '/home/intern1/ros2_ws/build/system_webview' returned '0': CMAKE_PREFIX_PATH=${CMAKE_PREFIX_PATH}:/home/intern1/ros2_ws/install/tb3_multi_robot:/home/intern1/ros2_ws/install/system_webview:/home/intern1/ros2_ws/install/om_mvc01:/home/intern1/ros2_ws/install/om_modbus_master:/home/intern1/ros2_ws/install/launch_testing_examples:/home/intern1/ros2_ws/install/examples_rclpy_pointcloud_publisher:/home/intern1/ros2_ws/install/examples_rclpy_minimal_subscriber:/home/intern1/ros2_ws/install/examples_rclpy_minimal_service:/home/intern1/ros2_ws/install/examples_rclpy_minimal_publisher:/home/intern1/ros2_ws/install/examples_rclpy_minimal_client:/home/intern1/ros2_ws/install/examples_rclpy_minimal_action_server:/home/intern1/ros2_ws/install/examples_rclpy_minimal_action_client:/home/intern1/ros2_ws/install/examples_rclpy_guard_conditions:/home/intern1/ros2_ws/install/examples_rclpy_executors:/home/intern1/ros2_ws/install/education_material:/home/intern1/ros2_ws/install/camera_follow:/home/intern1/ros2_ws/install/amr_ws:/opt/ros/jazzy DEBUGINFOD_URLS=https://debuginfod.ubuntu.com /usr/bin/cmake /home/intern1/ros2_ws/src/ros2_system_webview -DCMAKE_INSTALL_PREFIX=/home/intern1/ros2_ws/install/system_webview
[4.583s] Invoking command in '/home/intern1/ros2_ws/build/system_webview': CMAKE_PREFIX_PATH=${CMAKE_PREFIX_PATH}:/home/intern1/ros2_ws/install/tb3_multi_robot:/home/intern1/ros2_ws/install/system_webview:/home/intern1/ros2_ws/install/om_mvc01:/home/intern1/ros2_ws/install/om_modbus_master:/home/intern1/ros2_ws/install/launch_testing_examples:/home/intern1/ros2_ws/install/examples_rclpy_pointcloud_publisher:/home/intern1/ros2_ws/install/examples_rclpy_minimal_subscriber:/home/intern1/ros2_ws/install/examples_rclpy_minimal_service:/home/intern1/ros2_ws/install/examples_rclpy_minimal_publisher:/home/intern1/ros2_ws/install/examples_rclpy_minimal_client:/home/intern1/ros2_ws/install/examples_rclpy_minimal_action_server:/home/intern1/ros2_ws/install/examples_rclpy_minimal_action_client:/home/intern1/ros2_ws/install/examples_rclpy_guard_conditions:/home/intern1/ros2_ws/install/examples_rclpy_executors:/home/intern1/ros2_ws/install/education_material:/home/intern1/ros2_ws/install/camera_follow:/home/intern1/ros2_ws/install/amr_ws:/opt/ros/jazzy DEBUGINFOD_URLS=https://debuginfod.ubuntu.com /usr/bin/cmake --build /home/intern1/ros2_ws/build/system_webview -- -j14 -l14
[4.695s] [ 50%] [32mBuilding CXX object CMakeFiles/http_server.dir/src/http_server.cpp.o[0m
[12.501s] [100%] [32m[1mLinking CXX executable http_server[0m
[12.765s] [100%] Built target http_server
[12.785s] Invoked command in '/home/intern1/ros2_ws/build/system_webview' returned '0': CMAKE_PREFIX_PATH=${CMAKE_PREFIX_PATH}:/home/intern1/ros2_ws/install/tb3_multi_robot:/home/intern1/ros2_ws/install/system_webview:/home/intern1/ros2_ws/install/om_mvc01:/home/intern1/ros2_ws/install/om_modbus_master:/home/intern1/ros2_ws/install/launch_testing_examples:/home/intern1/ros2_ws/install/examples_rclpy_pointcloud_publisher:/home/intern1/ros2_ws/install/examples_rclpy_minimal_subscriber:/home/intern1/ros2_ws/install/examples_rclpy_minimal_service:/home/intern1/ros2_ws/install/examples_rclpy_minimal_publisher:/home/intern1/ros2_ws/install/examples_rclpy_minimal_client:/home/intern1/ros2_ws/install/examples_rclpy_minimal_action_server:/home/intern1/ros2_ws/install/examples_rclpy_minimal_action_client:/home/intern1/ros2_ws/install/examples_rclpy_guard_conditions:/home/intern1/ros2_ws/install/examples_rclpy_executors:/home/intern1/ros2_ws/install/education_material:/home/intern1/ros2_ws/install/camera_follow:/home/intern1/ros2_ws/install/amr_ws:/opt/ros/jazzy DEBUGINFOD_URLS=https://debuginfod.ubuntu.com /usr/bin/cmake --build /home/intern1/ros2_ws/build/system_webview -- -j14 -l14
[12.789s] Invoking command in '/home/intern1/ros2_ws/build/system_webview': CMAKE_PREFIX_PATH=${CMAKE_PREFIX_PATH}:/home/intern1/ros2_ws/install/tb3_multi_robot:/home/intern1/ros2_ws/install/system_webview:/home/intern1/ros2_ws/install/om_mvc01:/home/intern1/ros2_ws/install/om_modbus_master:/home/intern1/ros2_ws/install/launch_testing_examples:/home/intern1/ros2_ws/install/examples_rclpy_pointcloud_publisher:/home/intern1/ros2_ws/install/examples_rclpy_minimal_subscriber:/home/intern1/ros2_ws/install/examples_rclpy_minimal_service:/home/intern1/ros2_ws/install/examples_rclpy_minimal_publisher:/home/intern1/ros2_ws/install/examples_rclpy_minimal_client:/home/intern1/ros2_ws/install/examples_rclpy_minimal_action_server:/home/intern1/ros2_ws/install/examples_rclpy_minimal_action_client:/home/intern1/ros2_ws/install/examples_rclpy_guard_conditions:/home/intern1/ros2_ws/install/examples_rclpy_executors:/home/intern1/ros2_ws/install/education_material:/home/intern1/ros2_ws/install/camera_follow:/home/intern1/ros2_ws/install/amr_ws:/opt/ros/jazzy DEBUGINFOD_URLS=https://debuginfod.ubuntu.com /usr/bin/cmake --install /home/intern1/ros2_ws/build/system_webview
[12.809s] -- Install configuration: ""
[12.809s] -- Installing: /home/intern1/ros2_ws/install/system_webview/lib/system_webview/http_server
[12.810s] -- Set non-toolchain portion of runtime path of "/home/intern1/ros2_ws/install/system_webview/lib/system_webview/http_server" to ""
[12.810s] -- Installing: /home/intern1/ros2_ws/install/system_webview/share/system_webview/web
[12.810s] -- Installing: /home/intern1/ros2_ws/install/system_webview/share/system_webview/web/404.html
[12.811s] -- Installing: /home/intern1/ros2_ws/install/system_webview/share/system_webview/web/index.txt
[12.811s] -- Installing: /home/intern1/ros2_ws/install/system_webview/share/system_webview/web/AMENT_IGNORE
[12.811s] -- Installing: /home/intern1/ros2_ws/install/system_webview/share/system_webview/web/index.html
[12.811s] -- Installing: /home/intern1/ros2_ws/install/system_webview/share/system_webview/web/_next
[12.811s] -- Installing: /home/intern1/ros2_ws/install/system_webview/share/system_webview/web/_next/static
[12.812s] -- Installing: /home/intern1/ros2_ws/install/system_webview/share/system_webview/web/_next/static/9zTH6-5GlVAaGD7PplLUP
[12.812s] -- Installing: /home/intern1/ros2_ws/install/system_webview/share/system_webview/web/_next/static/9zTH6-5GlVAaGD7PplLUP/_buildManifest.js
[12.812s] -- Installing: /home/intern1/ros2_ws/install/system_webview/share/system_webview/web/_next/static/9zTH6-5GlVAaGD7PplLUP/_ssgManifest.js
[12.812s] -- Installing: /home/intern1/ros2_ws/install/system_webview/share/system_webview/web/_next/static/chunks
[12.812s] -- Installing: /home/intern1/ros2_ws/install/system_webview/share/system_webview/web/_next/static/chunks/webpack-3844d017889aa547.js
[12.812s] -- Installing: /home/intern1/ros2_ws/install/system_webview/share/system_webview/web/_next/static/chunks/polyfills-42372ed130431b0a.js
[12.813s] -- Installing: /home/intern1/ros2_ws/install/system_webview/share/system_webview/web/_next/static/chunks/app
[12.813s] -- Installing: /home/intern1/ros2_ws/install/system_webview/share/system_webview/web/_next/static/chunks/app/page-c2651edd354d731d.js
[12.813s] -- Installing: /home/intern1/ros2_ws/install/system_webview/share/system_webview/web/_next/static/chunks/app/layout-9aaeffa134ffefaa.js
[12.813s] -- Installing: /home/intern1/ros2_ws/install/system_webview/share/system_webview/web/_next/static/chunks/app/_not-found
[12.813s] -- Installing: /home/intern1/ros2_ws/install/system_webview/share/system_webview/web/_next/static/chunks/app/_not-found/page-17f9ab33df37f960.js
[12.813s] -- Installing: /home/intern1/ros2_ws/install/system_webview/share/system_webview/web/_next/static/chunks/main-49fd204fc9037ea3.js
[12.814s] -- Installing: /home/intern1/ros2_ws/install/system_webview/share/system_webview/web/_next/static/chunks/framework-de98b93a850cfc71.js
[12.816s] -- Installing: /home/intern1/ros2_ws/install/system_webview/share/system_webview/web/_next/static/chunks/255-54d3085ce94738a4.js
[12.817s] -- Installing: /home/intern1/ros2_ws/install/system_webview/share/system_webview/web/_next/static/chunks/main-app-07ff11c3c85151c8.js
[12.817s] -- Installing: /home/intern1/ros2_ws/install/system_webview/share/system_webview/web/_next/static/chunks/304-9855fa5866af6bdf.js
[12.817s] -- Installing: /home/intern1/ros2_ws/install/system_webview/share/system_webview/web/_next/static/chunks/4bd1b696-c023c6e3521b1417.js
[12.819s] -- Installing: /home/intern1/ros2_ws/install/system_webview/share/system_webview/web/_next/static/chunks/pages
[12.819s] -- Installing: /home/intern1/ros2_ws/install/system_webview/share/system_webview/web/_next/static/chunks/pages/_app-7d307437aca18ad4.js
[12.819s] -- Installing: /home/intern1/ros2_ws/install/system_webview/share/system_webview/web/_next/static/chunks/pages/_error-cb2a52f75f2162e2.js
[12.819s] -- Installing: /home/intern1/ros2_ws/install/system_webview/share/system_webview/web/_next/static/css
[12.819s] -- Installing: /home/intern1/ros2_ws/install/system_webview/share/system_webview/web/_next/static/css/dee0aca0b984644c.css
[12.820s] -- Installing: /home/intern1/ros2_ws/install/system_webview/share/system_webview/launch
[12.820s] -- Installing: /home/intern1/ros2_ws/install/system_webview/share/system_webview/launch/main.launch.py
[12.823s] -- Installing: /home/intern1/ros2_ws/install/system_webview/share/ament_index/resource_index/package_run_dependencies/system_webview
[12.824s] -- Installing: /home/intern1/ros2_ws/install/system_webview/share/ament_index/resource_index/parent_prefix_path/system_webview
[12.825s] -- Installing: /home/intern1/ros2_ws/install/system_webview/share/system_webview/environment/ament_prefix_path.sh
[12.825s] -- Installing: /home/intern1/ros2_ws/install/system_webview/share/system_webview/environment/ament_prefix_path.dsv
[12.825s] -- Installing: /home/intern1/ros2_ws/install/system_webview/share/system_webview/environment/path.sh
[12.825s] -- Installing: /home/intern1/ros2_ws/install/system_webview/share/system_webview/environment/path.dsv
[12.825s] -- Installing: /home/intern1/ros2_ws/install/system_webview/share/system_webview/local_setup.bash
[12.825s] -- Installing: /home/intern1/ros2_ws/install/system_webview/share/system_webview/local_setup.sh
[12.826s] -- Installing: /home/intern1/ros2_ws/install/system_webview/share/system_webview/local_setup.zsh
[12.826s] -- Installing: /home/intern1/ros2_ws/install/system_webview/share/system_webview/local_setup.dsv
[12.826s] -- Installing: /home/intern1/ros2_ws/install/system_webview/share/system_webview/package.dsv
[12.826s] -- Installing: /home/intern1/ros2_ws/install/system_webview/share/ament_index/resource_index/packages/system_webview
[12.826s] -- Installing: /home/intern1/ros2_ws/install/system_webview/share/system_webview/cmake/system_webviewConfig.cmake
[12.827s] -- Installing: /home/intern1/ros2_ws/install/system_webview/share/system_webview/cmake/system_webviewConfig-version.cmake
[12.827s] -- Installing: /home/intern1/ros2_ws/install/system_webview/share/system_webview/package.xml
[12.831s] Invoked command in '/home/intern1/ros2_ws/build/system_webview' returned '0': CMAKE_PREFIX_PATH=${CMAKE_PREFIX_PATH}:/home/intern1/ros2_ws/install/tb3_multi_robot:/home/intern1/ros2_ws/install/system_webview:/home/intern1/ros2_ws/install/om_mvc01:/home/intern1/ros2_ws/install/om_modbus_master:/home/intern1/ros2_ws/install/launch_testing_examples:/home/intern1/ros2_ws/install/examples_rclpy_pointcloud_publisher:/home/intern1/ros2_ws/install/examples_rclpy_minimal_subscriber:/home/intern1/ros2_ws/install/examples_rclpy_minimal_service:/home/intern1/ros2_ws/install/examples_rclpy_minimal_publisher:/home/intern1/ros2_ws/install/examples_rclpy_minimal_client:/home/intern1/ros2_ws/install/examples_rclpy_minimal_action_server:/home/intern1/ros2_ws/install/examples_rclpy_minimal_action_client:/home/intern1/ros2_ws/install/examples_rclpy_guard_conditions:/home/intern1/ros2_ws/install/examples_rclpy_executors:/home/intern1/ros2_ws/install/education_material:/home/intern1/ros2_ws/install/camera_follow:/home/intern1/ros2_ws/install/amr_ws:/opt/ros/jazzy DEBUGINFOD_URLS=https://debuginfod.ubuntu.com /usr/bin/cmake --install /home/intern1/ros2_ws/build/system_webview
