[5.424s] Invoking command in '/home/intern1/ros2_ws/src/examples/rclpy/executors': DEBUGINFOD_URLS=https://debuginfod.ubuntu.com PYTHONPATH=/home/intern1/ros2_ws/build/examples_rclpy_executors/prefix_override:/usr/lib/python3/dist-packages/colcon_core/task/python/colcon_distutils_commands:/home/intern1/ros2_ws/install/examples_rclpy_executors/lib/python3.12/site-packages:${PYTHONPATH} /usr/bin/python3 -W ignore:setup.py install is deprecated -W ignore:easy_install command is deprecated setup.py egg_info --egg-base ../../../../build/examples_rclpy_executors build --build-base /home/intern1/ros2_ws/build/examples_rclpy_executors/build install --record /home/intern1/ros2_ws/build/examples_rclpy_executors/install.log --single-version-externally-managed install_data
[6.201s] running egg_info
[6.261s] writing ../../../../build/examples_rclpy_executors/examples_rclpy_executors.egg-info/PKG-INFO
[6.261s] writing dependency_links to ../../../../build/examples_rclpy_executors/examples_rclpy_executors.egg-info/dependency_links.txt
[6.261s] writing entry points to ../../../../build/examples_rclpy_executors/examples_rclpy_executors.egg-info/entry_points.txt
[6.262s] writing requirements to ../../../../build/examples_rclpy_executors/examples_rclpy_executors.egg-info/requires.txt
[6.262s] writing top-level names to ../../../../build/examples_rclpy_executors/examples_rclpy_executors.egg-info/top_level.txt
[6.386s] reading manifest file '../../../../build/examples_rclpy_executors/examples_rclpy_executors.egg-info/SOURCES.txt'
[6.388s] writing manifest file '../../../../build/examples_rclpy_executors/examples_rclpy_executors.egg-info/SOURCES.txt'
[6.388s] running build
[6.389s] running build_py
[6.394s] running install
[6.411s] running install_lib
[6.467s] running install_data
[6.467s] running install_egg_info
[6.526s] removing '/home/intern1/ros2_ws/install/examples_rclpy_executors/lib/python3.12/site-packages/examples_rclpy_executors-0.19.7-py3.12.egg-info' (and everything under it)
[6.527s] Copying ../../../../build/examples_rclpy_executors/examples_rclpy_executors.egg-info to /home/intern1/ros2_ws/install/examples_rclpy_executors/lib/python3.12/site-packages/examples_rclpy_executors-0.19.7-py3.12.egg-info
[6.529s] running install_scripts
[6.906s] Installing callback_group script to /home/intern1/ros2_ws/install/examples_rclpy_executors/lib/examples_rclpy_executors
[6.907s] Installing composed script to /home/intern1/ros2_ws/install/examples_rclpy_executors/lib/examples_rclpy_executors
[6.909s] Installing custom_callback_group script to /home/intern1/ros2_ws/install/examples_rclpy_executors/lib/examples_rclpy_executors
[6.909s] Installing custom_executor script to /home/intern1/ros2_ws/install/examples_rclpy_executors/lib/examples_rclpy_executors
[6.909s] Installing listener script to /home/intern1/ros2_ws/install/examples_rclpy_executors/lib/examples_rclpy_executors
[6.910s] Installing talker script to /home/intern1/ros2_ws/install/examples_rclpy_executors/lib/examples_rclpy_executors
[6.910s] writing list of installed files to '/home/intern1/ros2_ws/build/examples_rclpy_executors/install.log'
[7.056s] Invoked command in '/home/intern1/ros2_ws/src/examples/rclpy/executors' returned '0': DEBUGINFOD_URLS=https://debuginfod.ubuntu.com PYTHONPATH=/home/intern1/ros2_ws/build/examples_rclpy_executors/prefix_override:/usr/lib/python3/dist-packages/colcon_core/task/python/colcon_distutils_commands:/home/intern1/ros2_ws/install/examples_rclpy_executors/lib/python3.12/site-packages:${PYTHONPATH} /usr/bin/python3 -W ignore:setup.py install is deprecated -W ignore:easy_install command is deprecated setup.py egg_info --egg-base ../../../../build/examples_rclpy_executors build --build-base /home/intern1/ros2_ws/build/examples_rclpy_executors/build install --record /home/intern1/ros2_ws/build/examples_rclpy_executors/install.log --single-version-externally-managed install_data
