[4.138s] Invoking command in '/home/intern1/ros2_ws/src/amr_ws': DEBUGINFOD_URLS=https://debuginfod.ubuntu.com PYTHONPATH=/home/intern1/ros2_ws/build/amr_ws/prefix_override:/usr/lib/python3/dist-packages/colcon_core/task/python/colcon_distutils_commands:/home/intern1/ros2_ws/install/amr_ws/lib/python3.12/site-packages:${PYTHONPATH} /usr/bin/python3 -W ignore:setup.py install is deprecated -W ignore:easy_install command is deprecated setup.py egg_info --egg-base ../../build/amr_ws build --build-base /home/intern1/ros2_ws/build/amr_ws/build install --record /home/intern1/ros2_ws/build/amr_ws/install.log --single-version-externally-managed install_data
[4.720s] running egg_info
[4.749s] writing ../../build/amr_ws/amr_ws.egg-info/PKG-INFO
[4.749s] writing dependency_links to ../../build/amr_ws/amr_ws.egg-info/dependency_links.txt
[4.751s] writing entry points to ../../build/amr_ws/amr_ws.egg-info/entry_points.txt
[4.751s] writing requirements to ../../build/amr_ws/amr_ws.egg-info/requires.txt
[4.751s] writing top-level names to ../../build/amr_ws/amr_ws.egg-info/top_level.txt
[4.815s] reading manifest file '../../build/amr_ws/amr_ws.egg-info/SOURCES.txt'
[4.816s] adding license file 'LICENSE'
[4.816s] writing manifest file '../../build/amr_ws/amr_ws.egg-info/SOURCES.txt'
[4.816s] running build
[4.817s] running build_py
[4.817s] copying amr_ws/webcam_line_follow.py -> /home/intern1/ros2_ws/build/amr_ws/build/lib/amr_ws
[4.818s] running install
[4.826s] running install_lib
[4.858s] copying /home/intern1/ros2_ws/build/amr_ws/build/lib/amr_ws/webcam_line_follow.py -> /home/intern1/ros2_ws/install/amr_ws/lib/python3.12/site-packages/amr_ws
[4.860s] byte-compiling /home/intern1/ros2_ws/install/amr_ws/lib/python3.12/site-packages/amr_ws/webcam_line_follow.py to webcam_line_follow.cpython-312.pyc
[4.862s] running install_data
[4.863s] running install_egg_info
[4.898s] removing '/home/intern1/ros2_ws/install/amr_ws/lib/python3.12/site-packages/amr_ws-0.0.0-py3.12.egg-info' (and everything under it)
[4.898s] Copying ../../build/amr_ws/amr_ws.egg-info to /home/intern1/ros2_ws/install/amr_ws/lib/python3.12/site-packages/amr_ws-0.0.0-py3.12.egg-info
[4.899s] running install_scripts
[5.115s] Installing Automation_and_Lidar script to /home/intern1/ros2_ws/install/amr_ws/lib/amr_ws
[5.116s] Installing Automation_and_Lidar2 script to /home/intern1/ros2_ws/install/amr_ws/lib/amr_ws
[5.116s] Installing Demo_Automation script to /home/intern1/ros2_ws/install/amr_ws/lib/amr_ws
[5.117s] Installing baselink_laser_tf script to /home/intern1/ros2_ws/install/amr_ws/lib/amr_ws
[5.118s] Installing camera_follow script to /home/intern1/ros2_ws/install/amr_ws/lib/amr_ws
[5.119s] Installing cmdvelsmoothed_to_cmdvel script to /home/intern1/ros2_ws/install/amr_ws/lib/amr_ws
[5.119s] Installing compass script to /home/intern1/ros2_ws/install/amr_ws/lib/amr_ws
[5.120s] Installing joystick_to_motor script to /home/intern1/ros2_ws/install/amr_ws/lib/amr_ws
[5.120s] Installing keyboard_listener script to /home/intern1/ros2_ws/install/amr_ws/lib/amr_ws
[5.121s] Installing localization_node script to /home/intern1/ros2_ws/install/amr_ws/lib/amr_ws
[5.121s] Installing orchestrator_node script to /home/intern1/ros2_ws/install/amr_ws/lib/amr_ws
[5.121s] Installing path_logger script to /home/intern1/ros2_ws/install/amr_ws/lib/amr_ws
[5.122s] Installing path_publisher script to /home/intern1/ros2_ws/install/amr_ws/lib/amr_ws
[5.123s] Installing pose_persistence_node script to /home/intern1/ros2_ws/install/amr_ws/lib/amr_ws
[5.123s] Installing return_home_node script to /home/intern1/ros2_ws/install/amr_ws/lib/amr_ws
[5.123s] Installing webcam_line_follow script to /home/intern1/ros2_ws/install/amr_ws/lib/amr_ws
[5.124s] writing list of installed files to '/home/intern1/ros2_ws/build/amr_ws/install.log'
[5.988s] Invoked command in '/home/intern1/ros2_ws/src/amr_ws' returned '0': DEBUGINFOD_URLS=https://debuginfod.ubuntu.com PYTHONPATH=/home/intern1/ros2_ws/build/amr_ws/prefix_override:/usr/lib/python3/dist-packages/colcon_core/task/python/colcon_distutils_commands:/home/intern1/ros2_ws/install/amr_ws/lib/python3.12/site-packages:${PYTHONPATH} /usr/bin/python3 -W ignore:setup.py install is deprecated -W ignore:easy_install command is deprecated setup.py egg_info --egg-base ../../build/amr_ws build --build-base /home/intern1/ros2_ws/build/amr_ws/build install --record /home/intern1/ros2_ws/build/amr_ws/install.log --single-version-externally-managed install_data
