[0.526s] Invoking command in '/home/intern1/ros2_ws/build/turtlesim': CMAKE_PREFIX_PATH=${CMAKE_PREFIX_PATH}:/home/intern1/ros2_ws/install/tb3_multi_robot:/home/intern1/ros2_ws/install/launch_testing_examples:/home/intern1/ros2_ws/install/examples_rclpy_pointcloud_publisher:/home/intern1/ros2_ws/install/examples_rclpy_minimal_subscriber:/home/intern1/ros2_ws/install/examples_rclpy_minimal_service:/home/intern1/ros2_ws/install/examples_rclpy_minimal_publisher:/home/intern1/ros2_ws/install/examples_rclpy_minimal_client:/home/intern1/ros2_ws/install/examples_rclpy_minimal_action_server:/home/intern1/ros2_ws/install/examples_rclpy_minimal_action_client:/home/intern1/ros2_ws/install/examples_rclpy_guard_conditions:/home/intern1/ros2_ws/install/examples_rclpy_executors:/home/intern1/ros2_ws/install/education_material:/home/intern1/ros2_ws/install/camera_follow:/home/intern1/ros2_ws/install/amr_ws:/opt/ros/jazzy DEBUGINFOD_URLS=https://debuginfod.ubuntu.com /usr/bin/cmake --build /home/intern1/ros2_ws/build/turtlesim -- -j14 -l14
[0.653s] [  1%] Built target turtlesim__rosidl_generator_type_description
[0.701s] [  2%] Built target turtlesim__rs
[0.703s] [  2%] Built target ament_cmake_python_copy_turtlesim
[0.725s] [ 25%] Built target turtlesim__rosidl_generator_c
[0.729s] [ 25%] Built target turtlesim__cpp
[0.819s] [ 34%] Built target turtlesim__rosidl_typesupport_c
[0.827s] [ 43%] Built target turtlesim__rosidl_typesupport_introspection_c
[0.841s] [ 59%] Built target turtlesim__rosidl_typesupport_fastrtps_cpp
[0.842s] [ 60%] Built target turtlesim__rosidl_typesupport_fastrtps_c
[0.846s] [ 68%] Built target turtlesim__rosidl_typesupport_cpp
[0.860s] [ 76%] Built target turtlesim__rosidl_typesupport_introspection_cpp
[0.910s] [ 76%] Built target turtlesim
[0.994s] [ 78%] Built target mimic
[1.001s] [ 81%] Built target draw_square
[1.004s] [ 81%] Built target turtle_teleop_key
[1.016s] [ 86%] Built target turtlesim_node
[1.023s] [ 87%] Built target turtlesim__py
[1.098s] [ 94%] Built target turtlesim__rosidl_generator_py
[1.179s] [ 96%] Built target turtlesim_s__rosidl_typesupport_fastrtps_c
[1.220s] [ 98%] Built target turtlesim_s__rosidl_typesupport_c
[1.223s] [100%] Built target turtlesim_s__rosidl_typesupport_introspection_c
[1.229s] running egg_info
[1.311s] writing turtlesim.egg-info/PKG-INFO
[1.313s] writing dependency_links to turtlesim.egg-info/dependency_links.txt
[1.314s] writing top-level names to turtlesim.egg-info/top_level.txt
[1.505s] reading manifest file 'turtlesim.egg-info/SOURCES.txt'
[1.506s] writing manifest file 'turtlesim.egg-info/SOURCES.txt'
[1.649s] [100%] Built target ament_cmake_python_build_turtlesim_egg
[1.670s] Invoked command in '/home/intern1/ros2_ws/build/turtlesim' returned '0': CMAKE_PREFIX_PATH=${CMAKE_PREFIX_PATH}:/home/intern1/ros2_ws/install/tb3_multi_robot:/home/intern1/ros2_ws/install/launch_testing_examples:/home/intern1/ros2_ws/install/examples_rclpy_pointcloud_publisher:/home/intern1/ros2_ws/install/examples_rclpy_minimal_subscriber:/home/intern1/ros2_ws/install/examples_rclpy_minimal_service:/home/intern1/ros2_ws/install/examples_rclpy_minimal_publisher:/home/intern1/ros2_ws/install/examples_rclpy_minimal_client:/home/intern1/ros2_ws/install/examples_rclpy_minimal_action_server:/home/intern1/ros2_ws/install/examples_rclpy_minimal_action_client:/home/intern1/ros2_ws/install/examples_rclpy_guard_conditions:/home/intern1/ros2_ws/install/examples_rclpy_executors:/home/intern1/ros2_ws/install/education_material:/home/intern1/ros2_ws/install/camera_follow:/home/intern1/ros2_ws/install/amr_ws:/opt/ros/jazzy DEBUGINFOD_URLS=https://debuginfod.ubuntu.com /usr/bin/cmake --build /home/intern1/ros2_ws/build/turtlesim -- -j14 -l14
[1.674s] Invoking command in '/home/intern1/ros2_ws/build/turtlesim': CMAKE_PREFIX_PATH=${CMAKE_PREFIX_PATH}:/home/intern1/ros2_ws/install/tb3_multi_robot:/home/intern1/ros2_ws/install/launch_testing_examples:/home/intern1/ros2_ws/install/examples_rclpy_pointcloud_publisher:/home/intern1/ros2_ws/install/examples_rclpy_minimal_subscriber:/home/intern1/ros2_ws/install/examples_rclpy_minimal_service:/home/intern1/ros2_ws/install/examples_rclpy_minimal_publisher:/home/intern1/ros2_ws/install/examples_rclpy_minimal_client:/home/intern1/ros2_ws/install/examples_rclpy_minimal_action_server:/home/intern1/ros2_ws/install/examples_rclpy_minimal_action_client:/home/intern1/ros2_ws/install/examples_rclpy_guard_conditions:/home/intern1/ros2_ws/install/examples_rclpy_executors:/home/intern1/ros2_ws/install/education_material:/home/intern1/ros2_ws/install/camera_follow:/home/intern1/ros2_ws/install/amr_ws:/opt/ros/jazzy DEBUGINFOD_URLS=https://debuginfod.ubuntu.com /usr/bin/cmake --install /home/intern1/ros2_ws/build/turtlesim
[1.752s] -- Install configuration: ""
[1.752s] -- Up-to-date: /home/intern1/ros2_ws/install/turtlesim/share/ament_index/resource_index/rosidl_interfaces/turtlesim
[1.752s] -- Up-to-date: /home/intern1/ros2_ws/install/turtlesim/share/turtlesim/action/RotateAbsolute.json
[1.752s] -- Up-to-date: /home/intern1/ros2_ws/install/turtlesim/share/turtlesim/msg/Color.json
[1.752s] -- Up-to-date: /home/intern1/ros2_ws/install/turtlesim/share/turtlesim/msg/Pose.json
[1.753s] -- Up-to-date: /home/intern1/ros2_ws/install/turtlesim/share/turtlesim/srv/Kill.json
[1.753s] -- Up-to-date: /home/intern1/ros2_ws/install/turtlesim/share/turtlesim/srv/SetPen.json
[1.754s] -- Up-to-date: /home/intern1/ros2_ws/install/turtlesim/share/turtlesim/srv/Spawn.json
[1.754s] -- Up-to-date: /home/intern1/ros2_ws/install/turtlesim/share/turtlesim/srv/TeleportAbsolute.json
[1.754s] -- Up-to-date: /home/intern1/ros2_ws/install/turtlesim/share/turtlesim/srv/TeleportRelative.json
[1.754s] -- Up-to-date: /home/intern1/ros2_ws/install/turtlesim/include/turtlesim/turtlesim
[1.755s] -- Up-to-date: /home/intern1/ros2_ws/install/turtlesim/include/turtlesim/turtlesim/srv
[1.755s] -- Up-to-date: /home/intern1/ros2_ws/install/turtlesim/include/turtlesim/turtlesim/srv/set_pen.h
[1.755s] -- Up-to-date: /home/intern1/ros2_ws/install/turtlesim/include/turtlesim/turtlesim/srv/kill.h
[1.755s] -- Up-to-date: /home/intern1/ros2_ws/install/turtlesim/include/turtlesim/turtlesim/srv/detail
[1.755s] -- Up-to-date: /home/intern1/ros2_ws/install/turtlesim/include/turtlesim/turtlesim/srv/detail/teleport_absolute__functions.c
[1.755s] -- Installing: /home/intern1/ros2_ws/install/turtlesim/include/turtlesim/turtlesim/srv/detail/teleport_absolute__type_support.c
[1.755s] -- Up-to-date: /home/intern1/ros2_ws/install/turtlesim/include/turtlesim/turtlesim/srv/detail/spawn__type_support.h
[1.756s] -- Up-to-date: /home/intern1/ros2_ws/install/turtlesim/include/turtlesim/turtlesim/srv/detail/teleport_relative__functions.h
[1.756s] -- Up-to-date: /home/intern1/ros2_ws/install/turtlesim/include/turtlesim/turtlesim/srv/detail/kill__type_support.h
[1.756s] -- Up-to-date: /home/intern1/ros2_ws/install/turtlesim/include/turtlesim/turtlesim/srv/detail/spawn__struct.h
[1.756s] -- Up-to-date: /home/intern1/ros2_ws/install/turtlesim/include/turtlesim/turtlesim/srv/detail/set_pen__functions.c
[1.756s] -- Up-to-date: /home/intern1/ros2_ws/install/turtlesim/include/turtlesim/turtlesim/srv/detail/spawn__functions.h
[1.756s] -- Installing: /home/intern1/ros2_ws/install/turtlesim/include/turtlesim/turtlesim/srv/detail/set_pen__type_support.c
[1.756s] -- Up-to-date: /home/intern1/ros2_ws/install/turtlesim/include/turtlesim/turtlesim/srv/detail/spawn__functions.c
[1.756s] -- Up-to-date: /home/intern1/ros2_ws/install/turtlesim/include/turtlesim/turtlesim/srv/detail/set_pen__type_support.h
[1.756s] -- Up-to-date: /home/intern1/ros2_ws/install/turtlesim/include/turtlesim/turtlesim/srv/detail/teleport_relative__functions.c
[1.757s] -- Installing: /home/intern1/ros2_ws/install/turtlesim/include/turtlesim/turtlesim/srv/detail/teleport_relative__type_support.c
[1.757s] -- Up-to-date: /home/intern1/ros2_ws/install/turtlesim/include/turtlesim/turtlesim/srv/detail/teleport_relative__struct.h
[1.757s] -- Up-to-date: /home/intern1/ros2_ws/install/turtlesim/include/turtlesim/turtlesim/srv/detail/kill__struct.h
[1.757s] -- Installing: /home/intern1/ros2_ws/install/turtlesim/include/turtlesim/turtlesim/srv/detail/kill__type_support.c
[1.757s] -- Up-to-date: /home/intern1/ros2_ws/install/turtlesim/include/turtlesim/turtlesim/srv/detail/kill__functions.h
[1.757s] -- Up-to-date: /home/intern1/ros2_ws/install/turtlesim/include/turtlesim/turtlesim/srv/detail/teleport_relative__description.c
[1.758s] -- Up-to-date: /home/intern1/ros2_ws/install/turtlesim/include/turtlesim/turtlesim/srv/detail/spawn__description.c
[1.758s] -- Up-to-date: /home/intern1/ros2_ws/install/turtlesim/include/turtlesim/turtlesim/srv/detail/teleport_absolute__struct.h
[1.758s] -- Up-to-date: /home/intern1/ros2_ws/install/turtlesim/include/turtlesim/turtlesim/srv/detail/set_pen__description.c
[1.758s] -- Up-to-date: /home/intern1/ros2_ws/install/turtlesim/include/turtlesim/turtlesim/srv/detail/kill__functions.c
[1.758s] -- Up-to-date: /home/intern1/ros2_ws/install/turtlesim/include/turtlesim/turtlesim/srv/detail/kill__description.c
[1.758s] -- Up-to-date: /home/intern1/ros2_ws/install/turtlesim/include/turtlesim/turtlesim/srv/detail/teleport_absolute__description.c
[1.758s] -- Up-to-date: /home/intern1/ros2_ws/install/turtlesim/include/turtlesim/turtlesim/srv/detail/teleport_absolute__type_support.h
[1.759s] -- Up-to-date: /home/intern1/ros2_ws/install/turtlesim/include/turtlesim/turtlesim/srv/detail/set_pen__functions.h
[1.759s] -- Installing: /home/intern1/ros2_ws/install/turtlesim/include/turtlesim/turtlesim/srv/detail/spawn__type_support.c
[1.759s] -- Up-to-date: /home/intern1/ros2_ws/install/turtlesim/include/turtlesim/turtlesim/srv/detail/teleport_absolute__functions.h
[1.759s] -- Up-to-date: /home/intern1/ros2_ws/install/turtlesim/include/turtlesim/turtlesim/srv/detail/teleport_relative__type_support.h
[1.759s] -- Up-to-date: /home/intern1/ros2_ws/install/turtlesim/include/turtlesim/turtlesim/srv/detail/set_pen__struct.h
[1.759s] -- Up-to-date: /home/intern1/ros2_ws/install/turtlesim/include/turtlesim/turtlesim/srv/teleport_absolute.h
[1.759s] -- Up-to-date: /home/intern1/ros2_ws/install/turtlesim/include/turtlesim/turtlesim/srv/teleport_relative.h
[1.759s] -- Up-to-date: /home/intern1/ros2_ws/install/turtlesim/include/turtlesim/turtlesim/srv/spawn.h
[1.760s] -- Up-to-date: /home/intern1/ros2_ws/install/turtlesim/include/turtlesim/turtlesim/msg
[1.760s] -- Up-to-date: /home/intern1/ros2_ws/install/turtlesim/include/turtlesim/turtlesim/msg/detail
[1.760s] -- Up-to-date: /home/intern1/ros2_ws/install/turtlesim/include/turtlesim/turtlesim/msg/detail/pose__functions.h
[1.760s] -- Up-to-date: /home/intern1/ros2_ws/install/turtlesim/include/turtlesim/turtlesim/msg/detail/color__type_support.h
[1.760s] -- Up-to-date: /home/intern1/ros2_ws/install/turtlesim/include/turtlesim/turtlesim/msg/detail/color__struct.h
[1.760s] -- Up-to-date: /home/intern1/ros2_ws/install/turtlesim/include/turtlesim/turtlesim/msg/detail/pose__functions.c
[1.760s] -- Up-to-date: /home/intern1/ros2_ws/install/turtlesim/include/turtlesim/turtlesim/msg/detail/pose__type_support.h
[1.760s] -- Up-to-date: /home/intern1/ros2_ws/install/turtlesim/include/turtlesim/turtlesim/msg/detail/color__functions.c
[1.760s] -- Installing: /home/intern1/ros2_ws/install/turtlesim/include/turtlesim/turtlesim/msg/detail/color__type_support.c
[1.761s] -- Installing: /home/intern1/ros2_ws/install/turtlesim/include/turtlesim/turtlesim/msg/detail/pose__type_support.c
[1.761s] -- Up-to-date: /home/intern1/ros2_ws/install/turtlesim/include/turtlesim/turtlesim/msg/detail/color__description.c
[1.761s] -- Up-to-date: /home/intern1/ros2_ws/install/turtlesim/include/turtlesim/turtlesim/msg/detail/color__functions.h
[1.761s] -- Up-to-date: /home/intern1/ros2_ws/install/turtlesim/include/turtlesim/turtlesim/msg/detail/pose__description.c
[1.761s] -- Up-to-date: /home/intern1/ros2_ws/install/turtlesim/include/turtlesim/turtlesim/msg/detail/pose__struct.h
[1.766s] -- Up-to-date: /home/intern1/ros2_ws/install/turtlesim/include/turtlesim/turtlesim/msg/color.h
[1.768s] -- Up-to-date: /home/intern1/ros2_ws/install/turtlesim/include/turtlesim/turtlesim/msg/pose.h
[1.768s] -- Up-to-date: /home/intern1/ros2_ws/install/turtlesim/include/turtlesim/turtlesim/msg/rosidl_generator_c__visibility_control.h
[1.768s] -- Up-to-date: /home/intern1/ros2_ws/install/turtlesim/include/turtlesim/turtlesim/action
[1.768s] -- Up-to-date: /home/intern1/ros2_ws/install/turtlesim/include/turtlesim/turtlesim/action/detail
[1.768s] -- Up-to-date: /home/intern1/ros2_ws/install/turtlesim/include/turtlesim/turtlesim/action/detail/rotate_absolute__struct.h
[1.769s] -- Up-to-date: /home/intern1/ros2_ws/install/turtlesim/include/turtlesim/turtlesim/action/detail/rotate_absolute__functions.h
[1.769s] -- Installing: /home/intern1/ros2_ws/install/turtlesim/include/turtlesim/turtlesim/action/detail/rotate_absolute__type_support.c
[1.769s] -- Up-to-date: /home/intern1/ros2_ws/install/turtlesim/include/turtlesim/turtlesim/action/detail/rotate_absolute__functions.c
[1.769s] -- Up-to-date: /home/intern1/ros2_ws/install/turtlesim/include/turtlesim/turtlesim/action/detail/rotate_absolute__type_support.h
[1.769s] -- Up-to-date: /home/intern1/ros2_ws/install/turtlesim/include/turtlesim/turtlesim/action/detail/rotate_absolute__description.c
[1.769s] -- Up-to-date: /home/intern1/ros2_ws/install/turtlesim/include/turtlesim/turtlesim/action/rotate_absolute.h
[1.769s] -- Up-to-date: /home/intern1/ros2_ws/install/turtlesim/share/turtlesim/environment/library_path.sh
[1.769s] -- Up-to-date: /home/intern1/ros2_ws/install/turtlesim/share/turtlesim/environment/library_path.dsv
[1.769s] -- Up-to-date: /home/intern1/ros2_ws/install/turtlesim/lib/libturtlesim__rosidl_generator_c.so
[1.769s] -- Up-to-date: /home/intern1/ros2_ws/install/turtlesim/include/turtlesim/turtlesim
[1.770s] -- Up-to-date: /home/intern1/ros2_ws/install/turtlesim/include/turtlesim/turtlesim/srv
[1.770s] -- Up-to-date: /home/intern1/ros2_ws/install/turtlesim/include/turtlesim/turtlesim/srv/detail
[1.770s] -- Up-to-date: /home/intern1/ros2_ws/install/turtlesim/include/turtlesim/turtlesim/srv/detail/kill__rosidl_typesupport_fastrtps_c.h
[1.770s] -- Up-to-date: /home/intern1/ros2_ws/install/turtlesim/include/turtlesim/turtlesim/srv/detail/spawn__rosidl_typesupport_fastrtps_c.h
[1.770s] -- Up-to-date: /home/intern1/ros2_ws/install/turtlesim/include/turtlesim/turtlesim/srv/detail/teleport_absolute__rosidl_typesupport_fastrtps_c.h
[1.770s] -- Up-to-date: /home/intern1/ros2_ws/install/turtlesim/include/turtlesim/turtlesim/srv/detail/set_pen__rosidl_typesupport_fastrtps_c.h
[1.770s] -- Up-to-date: /home/intern1/ros2_ws/install/turtlesim/include/turtlesim/turtlesim/srv/detail/teleport_relative__rosidl_typesupport_fastrtps_c.h
[1.770s] -- Up-to-date: /home/intern1/ros2_ws/install/turtlesim/include/turtlesim/turtlesim/msg
[1.770s] -- Up-to-date: /home/intern1/ros2_ws/install/turtlesim/include/turtlesim/turtlesim/msg/detail
[1.771s] -- Up-to-date: /home/intern1/ros2_ws/install/turtlesim/include/turtlesim/turtlesim/msg/detail/pose__rosidl_typesupport_fastrtps_c.h
[1.771s] -- Up-to-date: /home/intern1/ros2_ws/install/turtlesim/include/turtlesim/turtlesim/msg/detail/color__rosidl_typesupport_fastrtps_c.h
[1.771s] -- Up-to-date: /home/intern1/ros2_ws/install/turtlesim/include/turtlesim/turtlesim/msg/rosidl_typesupport_fastrtps_c__visibility_control.h
[1.771s] -- Up-to-date: /home/intern1/ros2_ws/install/turtlesim/include/turtlesim/turtlesim/action
[1.771s] -- Up-to-date: /home/intern1/ros2_ws/install/turtlesim/include/turtlesim/turtlesim/action/detail
[1.771s] -- Up-to-date: /home/intern1/ros2_ws/install/turtlesim/include/turtlesim/turtlesim/action/detail/rotate_absolute__rosidl_typesupport_fastrtps_c.h
[1.771s] -- Up-to-date: /home/intern1/ros2_ws/install/turtlesim/lib/libturtlesim__rosidl_typesupport_fastrtps_c.so
[1.771s] -- Up-to-date: /home/intern1/ros2_ws/install/turtlesim/include/turtlesim/turtlesim
[1.772s] -- Up-to-date: /home/intern1/ros2_ws/install/turtlesim/include/turtlesim/turtlesim/srv
[1.772s] -- Up-to-date: /home/intern1/ros2_ws/install/turtlesim/include/turtlesim/turtlesim/srv/teleport_relative.hpp
[1.772s] -- Up-to-date: /home/intern1/ros2_ws/install/turtlesim/include/turtlesim/turtlesim/srv/kill.hpp
[1.772s] -- Up-to-date: /home/intern1/ros2_ws/install/turtlesim/include/turtlesim/turtlesim/srv/teleport_absolute.hpp
[1.772s] -- Up-to-date: /home/intern1/ros2_ws/install/turtlesim/include/turtlesim/turtlesim/srv/detail
[1.772s] -- Up-to-date: /home/intern1/ros2_ws/install/turtlesim/include/turtlesim/turtlesim/srv/detail/kill__struct.hpp
[1.772s] -- Up-to-date: /home/intern1/ros2_ws/install/turtlesim/include/turtlesim/turtlesim/srv/detail/set_pen__builder.hpp
[1.772s] -- Up-to-date: /home/intern1/ros2_ws/install/turtlesim/include/turtlesim/turtlesim/srv/detail/teleport_relative__traits.hpp
[1.773s] -- Up-to-date: /home/intern1/ros2_ws/install/turtlesim/include/turtlesim/turtlesim/srv/detail/teleport_relative__struct.hpp
[1.773s] -- Up-to-date: /home/intern1/ros2_ws/install/turtlesim/include/turtlesim/turtlesim/srv/detail/set_pen__struct.hpp
[1.773s] -- Up-to-date: /home/intern1/ros2_ws/install/turtlesim/include/turtlesim/turtlesim/srv/detail/teleport_relative__type_support.hpp
[1.773s] -- Up-to-date: /home/intern1/ros2_ws/install/turtlesim/include/turtlesim/turtlesim/srv/detail/teleport_absolute__traits.hpp
[1.773s] -- Up-to-date: /home/intern1/ros2_ws/install/turtlesim/include/turtlesim/turtlesim/srv/detail/kill__traits.hpp
[1.773s] -- Up-to-date: /home/intern1/ros2_ws/install/turtlesim/include/turtlesim/turtlesim/srv/detail/kill__builder.hpp
[1.773s] -- Up-to-date: /home/intern1/ros2_ws/install/turtlesim/include/turtlesim/turtlesim/srv/detail/spawn__type_support.hpp
[1.773s] -- Up-to-date: /home/intern1/ros2_ws/install/turtlesim/include/turtlesim/turtlesim/srv/detail/spawn__struct.hpp
[1.773s] -- Up-to-date: /home/intern1/ros2_ws/install/turtlesim/include/turtlesim/turtlesim/srv/detail/set_pen__traits.hpp
[1.773s] -- Up-to-date: /home/intern1/ros2_ws/install/turtlesim/include/turtlesim/turtlesim/srv/detail/teleport_absolute__type_support.hpp
[1.774s] -- Up-to-date: /home/intern1/ros2_ws/install/turtlesim/include/turtlesim/turtlesim/srv/detail/spawn__builder.hpp
[1.774s] -- Up-to-date: /home/intern1/ros2_ws/install/turtlesim/include/turtlesim/turtlesim/srv/detail/set_pen__type_support.hpp
[1.774s] -- Up-to-date: /home/intern1/ros2_ws/install/turtlesim/include/turtlesim/turtlesim/srv/detail/teleport_absolute__builder.hpp
[1.774s] -- Up-to-date: /home/intern1/ros2_ws/install/turtlesim/include/turtlesim/turtlesim/srv/detail/kill__type_support.hpp
[1.774s] -- Up-to-date: /home/intern1/ros2_ws/install/turtlesim/include/turtlesim/turtlesim/srv/detail/teleport_relative__builder.hpp
[1.774s] -- Up-to-date: /home/intern1/ros2_ws/install/turtlesim/include/turtlesim/turtlesim/srv/detail/spawn__traits.hpp
[1.774s] -- Up-to-date: /home/intern1/ros2_ws/install/turtlesim/include/turtlesim/turtlesim/srv/detail/teleport_absolute__struct.hpp
[1.774s] -- Up-to-date: /home/intern1/ros2_ws/install/turtlesim/include/turtlesim/turtlesim/srv/set_pen.hpp
[1.774s] -- Up-to-date: /home/intern1/ros2_ws/install/turtlesim/include/turtlesim/turtlesim/srv/spawn.hpp
[1.774s] -- Up-to-date: /home/intern1/ros2_ws/install/turtlesim/include/turtlesim/turtlesim/msg
[1.774s] -- Up-to-date: /home/intern1/ros2_ws/install/turtlesim/include/turtlesim/turtlesim/msg/detail
[1.775s] -- Up-to-date: /home/intern1/ros2_ws/install/turtlesim/include/turtlesim/turtlesim/msg/detail/pose__struct.hpp
[1.775s] -- Up-to-date: /home/intern1/ros2_ws/install/turtlesim/include/turtlesim/turtlesim/msg/detail/pose__builder.hpp
[1.775s] -- Up-to-date: /home/intern1/ros2_ws/install/turtlesim/include/turtlesim/turtlesim/msg/detail/pose__traits.hpp
[1.775s] -- Up-to-date: /home/intern1/ros2_ws/install/turtlesim/include/turtlesim/turtlesim/msg/detail/color__builder.hpp
[1.775s] -- Up-to-date: /home/intern1/ros2_ws/install/turtlesim/include/turtlesim/turtlesim/msg/detail/color__type_support.hpp
[1.775s] -- Up-to-date: /home/intern1/ros2_ws/install/turtlesim/include/turtlesim/turtlesim/msg/detail/pose__type_support.hpp
[1.775s] -- Up-to-date: /home/intern1/ros2_ws/install/turtlesim/include/turtlesim/turtlesim/msg/detail/color__struct.hpp
[1.775s] -- Up-to-date: /home/intern1/ros2_ws/install/turtlesim/include/turtlesim/turtlesim/msg/detail/color__traits.hpp
[1.775s] -- Up-to-date: /home/intern1/ros2_ws/install/turtlesim/include/turtlesim/turtlesim/msg/color.hpp
[1.776s] -- Up-to-date: /home/intern1/ros2_ws/install/turtlesim/include/turtlesim/turtlesim/msg/rosidl_generator_cpp__visibility_control.hpp
[1.776s] -- Up-to-date: /home/intern1/ros2_ws/install/turtlesim/include/turtlesim/turtlesim/msg/pose.hpp
[1.776s] -- Up-to-date: /home/intern1/ros2_ws/install/turtlesim/include/turtlesim/turtlesim/action
[1.776s] -- Up-to-date: /home/intern1/ros2_ws/install/turtlesim/include/turtlesim/turtlesim/action/detail
[1.776s] -- Up-to-date: /home/intern1/ros2_ws/install/turtlesim/include/turtlesim/turtlesim/action/detail/rotate_absolute__traits.hpp
[1.776s] -- Up-to-date: /home/intern1/ros2_ws/install/turtlesim/include/turtlesim/turtlesim/action/detail/rotate_absolute__builder.hpp
[1.777s] -- Up-to-date: /home/intern1/ros2_ws/install/turtlesim/include/turtlesim/turtlesim/action/detail/rotate_absolute__struct.hpp
[1.777s] -- Up-to-date: /home/intern1/ros2_ws/install/turtlesim/include/turtlesim/turtlesim/action/detail/rotate_absolute__type_support.hpp
[1.777s] -- Up-to-date: /home/intern1/ros2_ws/install/turtlesim/include/turtlesim/turtlesim/action/rotate_absolute.hpp
[1.777s] -- Up-to-date: /home/intern1/ros2_ws/install/turtlesim/include/turtlesim/turtlesim
[1.777s] -- Up-to-date: /home/intern1/ros2_ws/install/turtlesim/include/turtlesim/turtlesim/srv
[1.777s] -- Up-to-date: /home/intern1/ros2_ws/install/turtlesim/include/turtlesim/turtlesim/srv/detail
[1.777s] -- Up-to-date: /home/intern1/ros2_ws/install/turtlesim/include/turtlesim/turtlesim/srv/detail/set_pen__rosidl_typesupport_fastrtps_cpp.hpp
[1.777s] -- Up-to-date: /home/intern1/ros2_ws/install/turtlesim/include/turtlesim/turtlesim/srv/detail/dds_fastrtps
[1.777s] -- Up-to-date: /home/intern1/ros2_ws/install/turtlesim/include/turtlesim/turtlesim/srv/detail/teleport_relative__rosidl_typesupport_fastrtps_cpp.hpp
[1.777s] -- Up-to-date: /home/intern1/ros2_ws/install/turtlesim/include/turtlesim/turtlesim/srv/detail/kill__rosidl_typesupport_fastrtps_cpp.hpp
[1.778s] -- Up-to-date: /home/intern1/ros2_ws/install/turtlesim/include/turtlesim/turtlesim/srv/detail/teleport_absolute__rosidl_typesupport_fastrtps_cpp.hpp
[1.778s] -- Up-to-date: /home/intern1/ros2_ws/install/turtlesim/include/turtlesim/turtlesim/srv/detail/spawn__rosidl_typesupport_fastrtps_cpp.hpp
[1.778s] -- Up-to-date: /home/intern1/ros2_ws/install/turtlesim/include/turtlesim/turtlesim/msg
[1.778s] -- Up-to-date: /home/intern1/ros2_ws/install/turtlesim/include/turtlesim/turtlesim/msg/rosidl_typesupport_fastrtps_cpp__visibility_control.h
[1.778s] -- Up-to-date: /home/intern1/ros2_ws/install/turtlesim/include/turtlesim/turtlesim/msg/detail
[1.778s] -- Up-to-date: /home/intern1/ros2_ws/install/turtlesim/include/turtlesim/turtlesim/msg/detail/dds_fastrtps
[1.778s] -- Up-to-date: /home/intern1/ros2_ws/install/turtlesim/include/turtlesim/turtlesim/msg/detail/pose__rosidl_typesupport_fastrtps_cpp.hpp
[1.778s] -- Up-to-date: /home/intern1/ros2_ws/install/turtlesim/include/turtlesim/turtlesim/msg/detail/color__rosidl_typesupport_fastrtps_cpp.hpp
[1.778s] -- Up-to-date: /home/intern1/ros2_ws/install/turtlesim/include/turtlesim/turtlesim/action
[1.778s] -- Up-to-date: /home/intern1/ros2_ws/install/turtlesim/include/turtlesim/turtlesim/action/detail
[1.779s] -- Up-to-date: /home/intern1/ros2_ws/install/turtlesim/include/turtlesim/turtlesim/action/detail/dds_fastrtps
[1.779s] -- Up-to-date: /home/intern1/ros2_ws/install/turtlesim/include/turtlesim/turtlesim/action/detail/rotate_absolute__rosidl_typesupport_fastrtps_cpp.hpp
[1.779s] -- Up-to-date: /home/intern1/ros2_ws/install/turtlesim/lib/libturtlesim__rosidl_typesupport_fastrtps_cpp.so
[1.779s] -- Up-to-date: /home/intern1/ros2_ws/install/turtlesim/include/turtlesim/turtlesim
[1.779s] -- Up-to-date: /home/intern1/ros2_ws/install/turtlesim/include/turtlesim/turtlesim/srv
[1.779s] -- Up-to-date: /home/intern1/ros2_ws/install/turtlesim/include/turtlesim/turtlesim/srv/detail
[1.779s] -- Up-to-date: /home/intern1/ros2_ws/install/turtlesim/include/turtlesim/turtlesim/srv/detail/teleport_absolute__rosidl_typesupport_introspection_c.h
[1.779s] -- Installing: /home/intern1/ros2_ws/install/turtlesim/include/turtlesim/turtlesim/srv/detail/teleport_absolute__type_support.c
[1.780s] -- Installing: /home/intern1/ros2_ws/install/turtlesim/include/turtlesim/turtlesim/srv/detail/set_pen__type_support.c
[1.780s] -- Up-to-date: /home/intern1/ros2_ws/install/turtlesim/include/turtlesim/turtlesim/srv/detail/spawn__rosidl_typesupport_introspection_c.h
[1.781s] -- Installing: /home/intern1/ros2_ws/install/turtlesim/include/turtlesim/turtlesim/srv/detail/teleport_relative__type_support.c
[1.781s] -- Up-to-date: /home/intern1/ros2_ws/install/turtlesim/include/turtlesim/turtlesim/srv/detail/set_pen__rosidl_typesupport_introspection_c.h
[1.781s] -- Installing: /home/intern1/ros2_ws/install/turtlesim/include/turtlesim/turtlesim/srv/detail/kill__type_support.c
[1.781s] -- Up-to-date: /home/intern1/ros2_ws/install/turtlesim/include/turtlesim/turtlesim/srv/detail/kill__rosidl_typesupport_introspection_c.h
[1.781s] -- Installing: /home/intern1/ros2_ws/install/turtlesim/include/turtlesim/turtlesim/srv/detail/spawn__type_support.c
[1.781s] -- Up-to-date: /home/intern1/ros2_ws/install/turtlesim/include/turtlesim/turtlesim/srv/detail/teleport_relative__rosidl_typesupport_introspection_c.h
[1.781s] -- Up-to-date: /home/intern1/ros2_ws/install/turtlesim/include/turtlesim/turtlesim/msg
[1.781s] -- Up-to-date: /home/intern1/ros2_ws/install/turtlesim/include/turtlesim/turtlesim/msg/rosidl_typesupport_introspection_c__visibility_control.h
[1.781s] -- Up-to-date: /home/intern1/ros2_ws/install/turtlesim/include/turtlesim/turtlesim/msg/detail
[1.781s] -- Up-to-date: /home/intern1/ros2_ws/install/turtlesim/include/turtlesim/turtlesim/msg/detail/pose__rosidl_typesupport_introspection_c.h
[1.781s] -- Installing: /home/intern1/ros2_ws/install/turtlesim/include/turtlesim/turtlesim/msg/detail/color__type_support.c
[1.781s] -- Installing: /home/intern1/ros2_ws/install/turtlesim/include/turtlesim/turtlesim/msg/detail/pose__type_support.c
[1.782s] -- Up-to-date: /home/intern1/ros2_ws/install/turtlesim/include/turtlesim/turtlesim/msg/detail/color__rosidl_typesupport_introspection_c.h
[1.782s] -- Up-to-date: /home/intern1/ros2_ws/install/turtlesim/include/turtlesim/turtlesim/action
[1.782s] -- Up-to-date: /home/intern1/ros2_ws/install/turtlesim/include/turtlesim/turtlesim/action/detail
[1.782s] -- Up-to-date: /home/intern1/ros2_ws/install/turtlesim/include/turtlesim/turtlesim/action/detail/rotate_absolute__rosidl_typesupport_introspection_c.h
[1.782s] -- Installing: /home/intern1/ros2_ws/install/turtlesim/include/turtlesim/turtlesim/action/detail/rotate_absolute__type_support.c
[1.782s] -- Up-to-date: /home/intern1/ros2_ws/install/turtlesim/lib/libturtlesim__rosidl_typesupport_introspection_c.so
[1.782s] -- Up-to-date: /home/intern1/ros2_ws/install/turtlesim/lib/libturtlesim__rosidl_typesupport_c.so
[1.782s] -- Up-to-date: /home/intern1/ros2_ws/install/turtlesim/include/turtlesim/turtlesim
[1.782s] -- Up-to-date: /home/intern1/ros2_ws/install/turtlesim/include/turtlesim/turtlesim/srv
[1.782s] -- Up-to-date: /home/intern1/ros2_ws/install/turtlesim/include/turtlesim/turtlesim/srv/detail
[1.783s] -- Up-to-date: /home/intern1/ros2_ws/install/turtlesim/include/turtlesim/turtlesim/srv/detail/teleport_absolute__rosidl_typesupport_introspection_cpp.hpp
[1.783s] -- Up-to-date: /home/intern1/ros2_ws/install/turtlesim/include/turtlesim/turtlesim/srv/detail/kill__rosidl_typesupport_introspection_cpp.hpp
[1.783s] -- Up-to-date: /home/intern1/ros2_ws/install/turtlesim/include/turtlesim/turtlesim/srv/detail/spawn__type_support.cpp
[1.783s] -- Up-to-date: /home/intern1/ros2_ws/install/turtlesim/include/turtlesim/turtlesim/srv/detail/set_pen__rosidl_typesupport_introspection_cpp.hpp
[1.783s] -- Up-to-date: /home/intern1/ros2_ws/install/turtlesim/include/turtlesim/turtlesim/srv/detail/teleport_relative__rosidl_typesupport_introspection_cpp.hpp
[1.783s] -- Up-to-date: /home/intern1/ros2_ws/install/turtlesim/include/turtlesim/turtlesim/srv/detail/spawn__rosidl_typesupport_introspection_cpp.hpp
[1.783s] -- Up-to-date: /home/intern1/ros2_ws/install/turtlesim/include/turtlesim/turtlesim/srv/detail/teleport_absolute__type_support.cpp
[1.783s] -- Up-to-date: /home/intern1/ros2_ws/install/turtlesim/include/turtlesim/turtlesim/srv/detail/set_pen__type_support.cpp
[1.784s] -- Up-to-date: /home/intern1/ros2_ws/install/turtlesim/include/turtlesim/turtlesim/srv/detail/kill__type_support.cpp
[1.784s] -- Up-to-date: /home/intern1/ros2_ws/install/turtlesim/include/turtlesim/turtlesim/srv/detail/teleport_relative__type_support.cpp
[1.784s] -- Up-to-date: /home/intern1/ros2_ws/install/turtlesim/include/turtlesim/turtlesim/msg
[1.784s] -- Up-to-date: /home/intern1/ros2_ws/install/turtlesim/include/turtlesim/turtlesim/msg/detail
[1.784s] -- Up-to-date: /home/intern1/ros2_ws/install/turtlesim/include/turtlesim/turtlesim/msg/detail/pose__type_support.cpp
[1.785s] -- Up-to-date: /home/intern1/ros2_ws/install/turtlesim/include/turtlesim/turtlesim/msg/detail/color__type_support.cpp
[1.785s] -- Up-to-date: /home/intern1/ros2_ws/install/turtlesim/include/turtlesim/turtlesim/msg/detail/color__rosidl_typesupport_introspection_cpp.hpp
[1.785s] -- Up-to-date: /home/intern1/ros2_ws/install/turtlesim/include/turtlesim/turtlesim/msg/detail/pose__rosidl_typesupport_introspection_cpp.hpp
[1.785s] -- Up-to-date: /home/intern1/ros2_ws/install/turtlesim/include/turtlesim/turtlesim/action
[1.785s] -- Up-to-date: /home/intern1/ros2_ws/install/turtlesim/include/turtlesim/turtlesim/action/detail
[1.785s] -- Up-to-date: /home/intern1/ros2_ws/install/turtlesim/include/turtlesim/turtlesim/action/detail/rotate_absolute__rosidl_typesupport_introspection_cpp.hpp
[1.785s] -- Up-to-date: /home/intern1/ros2_ws/install/turtlesim/include/turtlesim/turtlesim/action/detail/rotate_absolute__type_support.cpp
[1.785s] -- Up-to-date: /home/intern1/ros2_ws/install/turtlesim/lib/libturtlesim__rosidl_typesupport_introspection_cpp.so
[1.785s] -- Up-to-date: /home/intern1/ros2_ws/install/turtlesim/lib/libturtlesim__rosidl_typesupport_cpp.so
[1.785s] -- Up-to-date: /home/intern1/ros2_ws/install/turtlesim/share/turtlesim/environment/pythonpath.sh
[1.785s] -- Up-to-date: /home/intern1/ros2_ws/install/turtlesim/share/turtlesim/environment/pythonpath.dsv
[1.786s] -- Up-to-date: /home/intern1/ros2_ws/install/turtlesim/lib/python3.12/site-packages/turtlesim-1.8.3-py3.12.egg-info
[1.786s] -- Installing: /home/intern1/ros2_ws/install/turtlesim/lib/python3.12/site-packages/turtlesim-1.8.3-py3.12.egg-info/top_level.txt
[1.786s] -- Installing: /home/intern1/ros2_ws/install/turtlesim/lib/python3.12/site-packages/turtlesim-1.8.3-py3.12.egg-info/PKG-INFO
[1.786s] -- Installing: /home/intern1/ros2_ws/install/turtlesim/lib/python3.12/site-packages/turtlesim-1.8.3-py3.12.egg-info/SOURCES.txt
[1.786s] -- Installing: /home/intern1/ros2_ws/install/turtlesim/lib/python3.12/site-packages/turtlesim-1.8.3-py3.12.egg-info/dependency_links.txt
[1.786s] -- Up-to-date: /home/intern1/ros2_ws/install/turtlesim/lib/python3.12/site-packages/turtlesim
[1.786s] -- Up-to-date: /home/intern1/ros2_ws/install/turtlesim/lib/python3.12/site-packages/turtlesim/srv
[1.786s] -- Up-to-date: /home/intern1/ros2_ws/install/turtlesim/lib/python3.12/site-packages/turtlesim/srv/_set_pen.py
[1.786s] -- Up-to-date: /home/intern1/ros2_ws/install/turtlesim/lib/python3.12/site-packages/turtlesim/srv/_teleport_absolute_s.c
[1.786s] -- Up-to-date: /home/intern1/ros2_ws/install/turtlesim/lib/python3.12/site-packages/turtlesim/srv/_set_pen_s.c
[1.787s] -- Up-to-date: /home/intern1/ros2_ws/install/turtlesim/lib/python3.12/site-packages/turtlesim/srv/_teleport_absolute.py
[1.787s] -- Up-to-date: /home/intern1/ros2_ws/install/turtlesim/lib/python3.12/site-packages/turtlesim/srv/_teleport_relative.py
[1.787s] -- Up-to-date: /home/intern1/ros2_ws/install/turtlesim/lib/python3.12/site-packages/turtlesim/srv/__init__.py
[1.787s] -- Up-to-date: /home/intern1/ros2_ws/install/turtlesim/lib/python3.12/site-packages/turtlesim/srv/_kill.py
[1.787s] -- Up-to-date: /home/intern1/ros2_ws/install/turtlesim/lib/python3.12/site-packages/turtlesim/srv/_kill_s.c
[1.787s] -- Up-to-date: /home/intern1/ros2_ws/install/turtlesim/lib/python3.12/site-packages/turtlesim/srv/_spawn_s.c
[1.787s] -- Up-to-date: /home/intern1/ros2_ws/install/turtlesim/lib/python3.12/site-packages/turtlesim/srv/_spawn.py
[1.787s] -- Up-to-date: /home/intern1/ros2_ws/install/turtlesim/lib/python3.12/site-packages/turtlesim/srv/_teleport_relative_s.c
[1.787s] -- Up-to-date: /home/intern1/ros2_ws/install/turtlesim/lib/python3.12/site-packages/turtlesim/_turtlesim_s.ep.rosidl_typesupport_fastrtps_c.c
[1.787s] -- Up-to-date: /home/intern1/ros2_ws/install/turtlesim/lib/python3.12/site-packages/turtlesim/msg
[1.788s] -- Up-to-date: /home/intern1/ros2_ws/install/turtlesim/lib/python3.12/site-packages/turtlesim/msg/_color_s.c
[1.789s] -- Up-to-date: /home/intern1/ros2_ws/install/turtlesim/lib/python3.12/site-packages/turtlesim/msg/_pose.py
[1.789s] -- Up-to-date: /home/intern1/ros2_ws/install/turtlesim/lib/python3.12/site-packages/turtlesim/msg/_pose_s.c
[1.789s] -- Up-to-date: /home/intern1/ros2_ws/install/turtlesim/lib/python3.12/site-packages/turtlesim/msg/__init__.py
[1.789s] -- Up-to-date: /home/intern1/ros2_ws/install/turtlesim/lib/python3.12/site-packages/turtlesim/msg/_color.py
[1.789s] -- Up-to-date: /home/intern1/ros2_ws/install/turtlesim/lib/python3.12/site-packages/turtlesim/turtlesim_s__rosidl_typesupport_introspection_c.so
[1.790s] -- Up-to-date: /home/intern1/ros2_ws/install/turtlesim/lib/python3.12/site-packages/turtlesim/_turtlesim_s.ep.rosidl_typesupport_c.c
[1.790s] -- Up-to-date: /home/intern1/ros2_ws/install/turtlesim/lib/python3.12/site-packages/turtlesim/action
[1.790s] -- Up-to-date: /home/intern1/ros2_ws/install/turtlesim/lib/python3.12/site-packages/turtlesim/action/_rotate_absolute.py
[1.790s] -- Up-to-date: /home/intern1/ros2_ws/install/turtlesim/lib/python3.12/site-packages/turtlesim/action/__init__.py
[1.791s] -- Up-to-date: /home/intern1/ros2_ws/install/turtlesim/lib/python3.12/site-packages/turtlesim/action/_rotate_absolute_s.c
[1.791s] -- Up-to-date: /home/intern1/ros2_ws/install/turtlesim/lib/python3.12/site-packages/turtlesim/turtlesim_s__rosidl_typesupport_fastrtps_c.so
[1.792s] -- Up-to-date: /home/intern1/ros2_ws/install/turtlesim/lib/python3.12/site-packages/turtlesim/_turtlesim_s.ep.rosidl_typesupport_introspection_c.c
[1.792s] -- Up-to-date: /home/intern1/ros2_ws/install/turtlesim/lib/python3.12/site-packages/turtlesim/__init__.py
[1.792s] -- Up-to-date: /home/intern1/ros2_ws/install/turtlesim/lib/python3.12/site-packages/turtlesim/turtlesim_s__rosidl_typesupport_c.so
[1.827s] Listing '/home/intern1/ros2_ws/install/turtlesim/lib/python3.12/site-packages/turtlesim'...
[1.827s] Listing '/home/intern1/ros2_ws/install/turtlesim/lib/python3.12/site-packages/turtlesim/action'...
[1.827s] Listing '/home/intern1/ros2_ws/install/turtlesim/lib/python3.12/site-packages/turtlesim/msg'...
[1.827s] Listing '/home/intern1/ros2_ws/install/turtlesim/lib/python3.12/site-packages/turtlesim/srv'...
[1.835s] -- Up-to-date: /home/intern1/ros2_ws/install/turtlesim/lib/python3.12/site-packages/turtlesim/turtlesim_s__rosidl_typesupport_fastrtps_c.so
[1.835s] -- Up-to-date: /home/intern1/ros2_ws/install/turtlesim/lib/python3.12/site-packages/turtlesim/turtlesim_s__rosidl_typesupport_introspection_c.so
[1.835s] -- Up-to-date: /home/intern1/ros2_ws/install/turtlesim/lib/python3.12/site-packages/turtlesim/turtlesim_s__rosidl_typesupport_c.so
[1.835s] -- Up-to-date: /home/intern1/ros2_ws/install/turtlesim/lib/libturtlesim__rosidl_generator_py.so
[1.836s] -- Up-to-date: /home/intern1/ros2_ws/install/turtlesim/share/ament_index/resource_index/rust_packages/turtlesim
[1.836s] -- Up-to-date: /home/intern1/ros2_ws/install/turtlesim/share/turtlesim/rust
[1.836s] -- Up-to-date: /home/intern1/ros2_ws/install/turtlesim/share/turtlesim/rust/Cargo.toml
[1.836s] -- Up-to-date: /home/intern1/ros2_ws/install/turtlesim/share/turtlesim/rust/src
[1.836s] -- Up-to-date: /home/intern1/ros2_ws/install/turtlesim/share/turtlesim/rust/src/srv
[1.836s] -- Up-to-date: /home/intern1/ros2_ws/install/turtlesim/share/turtlesim/rust/src/srv/rmw.rs
[1.836s] -- Up-to-date: /home/intern1/ros2_ws/install/turtlesim/share/turtlesim/rust/src/srv.rs
[1.836s] -- Up-to-date: /home/intern1/ros2_ws/install/turtlesim/share/turtlesim/rust/src/lib.rs
[1.836s] -- Up-to-date: /home/intern1/ros2_ws/install/turtlesim/share/turtlesim/rust/src/msg
[1.836s] -- Up-to-date: /home/intern1/ros2_ws/install/turtlesim/share/turtlesim/rust/src/msg/rmw.rs
[1.837s] -- Up-to-date: /home/intern1/ros2_ws/install/turtlesim/share/turtlesim/rust/src/msg.rs
[1.837s] -- Up-to-date: /home/intern1/ros2_ws/install/turtlesim/share/turtlesim/rust/src/action
[1.837s] -- Up-to-date: /home/intern1/ros2_ws/install/turtlesim/share/turtlesim/rust/src/action/rmw.rs
[1.837s] -- Up-to-date: /home/intern1/ros2_ws/install/turtlesim/share/turtlesim/rust/src/action.rs
[1.837s] -- Up-to-date: /home/intern1/ros2_ws/install/turtlesim/share/turtlesim/rust/build.rs
[1.837s] -- Up-to-date: /home/intern1/ros2_ws/install/turtlesim/share/turtlesim/action/RotateAbsolute.idl
[1.837s] -- Up-to-date: /home/intern1/ros2_ws/install/turtlesim/share/turtlesim/msg/Color.idl
[1.837s] -- Up-to-date: /home/intern1/ros2_ws/install/turtlesim/share/turtlesim/msg/Pose.idl
[1.837s] -- Up-to-date: /home/intern1/ros2_ws/install/turtlesim/share/turtlesim/srv/Kill.idl
[1.837s] -- Up-to-date: /home/intern1/ros2_ws/install/turtlesim/share/turtlesim/srv/SetPen.idl
[1.837s] -- Up-to-date: /home/intern1/ros2_ws/install/turtlesim/share/turtlesim/srv/Spawn.idl
[1.837s] -- Up-to-date: /home/intern1/ros2_ws/install/turtlesim/share/turtlesim/srv/TeleportAbsolute.idl
[1.838s] -- Up-to-date: /home/intern1/ros2_ws/install/turtlesim/share/turtlesim/srv/TeleportRelative.idl
[1.838s] -- Up-to-date: /home/intern1/ros2_ws/install/turtlesim/share/turtlesim/action/RotateAbsolute.action
[1.838s] -- Up-to-date: /home/intern1/ros2_ws/install/turtlesim/share/turtlesim/msg/Color.msg
[1.838s] -- Up-to-date: /home/intern1/ros2_ws/install/turtlesim/share/turtlesim/msg/Pose.msg
[1.838s] -- Up-to-date: /home/intern1/ros2_ws/install/turtlesim/share/turtlesim/srv/Kill.srv
[1.838s] -- Up-to-date: /home/intern1/ros2_ws/install/turtlesim/share/turtlesim/srv/SetPen.srv
[1.838s] -- Up-to-date: /home/intern1/ros2_ws/install/turtlesim/share/turtlesim/srv/Spawn.srv
[1.838s] -- Up-to-date: /home/intern1/ros2_ws/install/turtlesim/share/turtlesim/srv/TeleportAbsolute.srv
[1.838s] -- Up-to-date: /home/intern1/ros2_ws/install/turtlesim/share/turtlesim/srv/TeleportRelative.srv
[1.838s] -- Up-to-date: /home/intern1/ros2_ws/install/turtlesim/lib/turtlesim/turtlesim_node
[1.838s] -- Up-to-date: /home/intern1/ros2_ws/install/turtlesim/lib/turtlesim/turtle_teleop_key
[1.838s] -- Up-to-date: /home/intern1/ros2_ws/install/turtlesim/lib/turtlesim/draw_square
[1.838s] -- Up-to-date: /home/intern1/ros2_ws/install/turtlesim/lib/turtlesim/mimic
[1.839s] -- Up-to-date: /home/intern1/ros2_ws/install/turtlesim/share/turtlesim/images
[1.839s] -- Up-to-date: /home/intern1/ros2_ws/install/turtlesim/share/turtlesim/images/iron.png
[1.839s] -- Up-to-date: /home/intern1/ros2_ws/install/turtlesim/share/turtlesim/images/jazzy.png
[1.839s] -- Up-to-date: /home/intern1/ros2_ws/install/turtlesim/share/turtlesim/images/dashing.png
[1.839s] -- Up-to-date: /home/intern1/ros2_ws/install/turtlesim/share/turtlesim/images/galactic.png
[1.839s] -- Up-to-date: /home/intern1/ros2_ws/install/turtlesim/share/turtlesim/images/ardent.png
[1.839s] -- Up-to-date: /home/intern1/ros2_ws/install/turtlesim/share/turtlesim/images/eloquent.png
[1.839s] -- Up-to-date: /home/intern1/ros2_ws/install/turtlesim/share/turtlesim/images/crystal.png
[1.839s] -- Up-to-date: /home/intern1/ros2_ws/install/turtlesim/share/turtlesim/images/foxy.png
[1.839s] -- Up-to-date: /home/intern1/ros2_ws/install/turtlesim/share/turtlesim/images/rolling.png
[1.839s] -- Up-to-date: /home/intern1/ros2_ws/install/turtlesim/share/turtlesim/images/bouncy.png
[1.840s] -- Up-to-date: /home/intern1/ros2_ws/install/turtlesim/share/turtlesim/images/humble.png
[1.840s] -- Up-to-date: /home/intern1/ros2_ws/install/turtlesim/share/turtlesim/launch
[1.840s] -- Up-to-date: /home/intern1/ros2_ws/install/turtlesim/share/turtlesim/launch/multisim.launch.py
[1.840s] -- Up-to-date: /home/intern1/ros2_ws/install/turtlesim/share/ament_index/resource_index/package_run_dependencies/turtlesim
[1.840s] -- Up-to-date: /home/intern1/ros2_ws/install/turtlesim/share/ament_index/resource_index/parent_prefix_path/turtlesim
[1.840s] -- Up-to-date: /home/intern1/ros2_ws/install/turtlesim/share/turtlesim/environment/ament_prefix_path.sh
[1.840s] -- Up-to-date: /home/intern1/ros2_ws/install/turtlesim/share/turtlesim/environment/ament_prefix_path.dsv
[1.840s] -- Up-to-date: /home/intern1/ros2_ws/install/turtlesim/share/turtlesim/environment/path.sh
[1.840s] -- Up-to-date: /home/intern1/ros2_ws/install/turtlesim/share/turtlesim/environment/path.dsv
[1.840s] -- Up-to-date: /home/intern1/ros2_ws/install/turtlesim/share/turtlesim/local_setup.bash
[1.840s] -- Up-to-date: /home/intern1/ros2_ws/install/turtlesim/share/turtlesim/local_setup.sh
[1.841s] -- Up-to-date: /home/intern1/ros2_ws/install/turtlesim/share/turtlesim/local_setup.zsh
[1.841s] -- Up-to-date: /home/intern1/ros2_ws/install/turtlesim/share/turtlesim/local_setup.dsv
[1.841s] -- Installing: /home/intern1/ros2_ws/install/turtlesim/share/turtlesim/package.dsv
[1.841s] -- Up-to-date: /home/intern1/ros2_ws/install/turtlesim/share/ament_index/resource_index/packages/turtlesim
[1.841s] -- Up-to-date: /home/intern1/ros2_ws/install/turtlesim/share/turtlesim/cmake/export_turtlesim__rosidl_generator_cExport.cmake
[1.841s] -- Up-to-date: /home/intern1/ros2_ws/install/turtlesim/share/turtlesim/cmake/export_turtlesim__rosidl_generator_cExport-noconfig.cmake
[1.841s] -- Up-to-date: /home/intern1/ros2_ws/install/turtlesim/share/turtlesim/cmake/export_turtlesim__rosidl_typesupport_fastrtps_cExport.cmake
[1.841s] -- Up-to-date: /home/intern1/ros2_ws/install/turtlesim/share/turtlesim/cmake/export_turtlesim__rosidl_typesupport_fastrtps_cExport-noconfig.cmake
[1.841s] -- Up-to-date: /home/intern1/ros2_ws/install/turtlesim/share/turtlesim/cmake/export_turtlesim__rosidl_generator_cppExport.cmake
[1.841s] -- Up-to-date: /home/intern1/ros2_ws/install/turtlesim/share/turtlesim/cmake/export_turtlesim__rosidl_typesupport_fastrtps_cppExport.cmake
[1.842s] -- Up-to-date: /home/intern1/ros2_ws/install/turtlesim/share/turtlesim/cmake/export_turtlesim__rosidl_typesupport_fastrtps_cppExport-noconfig.cmake
[1.842s] -- Up-to-date: /home/intern1/ros2_ws/install/turtlesim/share/turtlesim/cmake/turtlesim__rosidl_typesupport_introspection_cExport.cmake
[1.842s] -- Up-to-date: /home/intern1/ros2_ws/install/turtlesim/share/turtlesim/cmake/turtlesim__rosidl_typesupport_introspection_cExport-noconfig.cmake
[1.843s] -- Up-to-date: /home/intern1/ros2_ws/install/turtlesim/share/turtlesim/cmake/turtlesim__rosidl_typesupport_cExport.cmake
[1.843s] -- Up-to-date: /home/intern1/ros2_ws/install/turtlesim/share/turtlesim/cmake/turtlesim__rosidl_typesupport_cExport-noconfig.cmake
[1.843s] -- Up-to-date: /home/intern1/ros2_ws/install/turtlesim/share/turtlesim/cmake/turtlesim__rosidl_typesupport_introspection_cppExport.cmake
[1.843s] -- Up-to-date: /home/intern1/ros2_ws/install/turtlesim/share/turtlesim/cmake/turtlesim__rosidl_typesupport_introspection_cppExport-noconfig.cmake
[1.843s] -- Up-to-date: /home/intern1/ros2_ws/install/turtlesim/share/turtlesim/cmake/turtlesim__rosidl_typesupport_cppExport.cmake
[1.843s] -- Up-to-date: /home/intern1/ros2_ws/install/turtlesim/share/turtlesim/cmake/turtlesim__rosidl_typesupport_cppExport-noconfig.cmake
[1.844s] -- Up-to-date: /home/intern1/ros2_ws/install/turtlesim/share/turtlesim/cmake/export_turtlesim__rosidl_generator_pyExport.cmake
[1.844s] -- Up-to-date: /home/intern1/ros2_ws/install/turtlesim/share/turtlesim/cmake/export_turtlesim__rosidl_generator_pyExport-noconfig.cmake
[1.844s] -- Up-to-date: /home/intern1/ros2_ws/install/turtlesim/share/turtlesim/cmake/rosidl_cmake-extras.cmake
[1.844s] -- Up-to-date: /home/intern1/ros2_ws/install/turtlesim/share/turtlesim/cmake/ament_cmake_export_dependencies-extras.cmake
[1.844s] -- Up-to-date: /home/intern1/ros2_ws/install/turtlesim/share/turtlesim/cmake/ament_cmake_export_include_directories-extras.cmake
[1.844s] -- Up-to-date: /home/intern1/ros2_ws/install/turtlesim/share/turtlesim/cmake/ament_cmake_export_libraries-extras.cmake
[1.844s] -- Up-to-date: /home/intern1/ros2_ws/install/turtlesim/share/turtlesim/cmake/ament_cmake_export_targets-extras.cmake
[1.844s] -- Up-to-date: /home/intern1/ros2_ws/install/turtlesim/share/turtlesim/cmake/rosidl_cmake_export_typesupport_targets-extras.cmake
[1.845s] -- Up-to-date: /home/intern1/ros2_ws/install/turtlesim/share/turtlesim/cmake/rosidl_cmake_export_typesupport_libraries-extras.cmake
[1.845s] -- Up-to-date: /home/intern1/ros2_ws/install/turtlesim/share/turtlesim/cmake/turtlesimConfig.cmake
[1.845s] -- Up-to-date: /home/intern1/ros2_ws/install/turtlesim/share/turtlesim/cmake/turtlesimConfig-version.cmake
[1.845s] -- Up-to-date: /home/intern1/ros2_ws/install/turtlesim/share/turtlesim/package.xml
[1.854s] Invoked command in '/home/intern1/ros2_ws/build/turtlesim' returned '0': CMAKE_PREFIX_PATH=${CMAKE_PREFIX_PATH}:/home/intern1/ros2_ws/install/tb3_multi_robot:/home/intern1/ros2_ws/install/launch_testing_examples:/home/intern1/ros2_ws/install/examples_rclpy_pointcloud_publisher:/home/intern1/ros2_ws/install/examples_rclpy_minimal_subscriber:/home/intern1/ros2_ws/install/examples_rclpy_minimal_service:/home/intern1/ros2_ws/install/examples_rclpy_minimal_publisher:/home/intern1/ros2_ws/install/examples_rclpy_minimal_client:/home/intern1/ros2_ws/install/examples_rclpy_minimal_action_server:/home/intern1/ros2_ws/install/examples_rclpy_minimal_action_client:/home/intern1/ros2_ws/install/examples_rclpy_guard_conditions:/home/intern1/ros2_ws/install/examples_rclpy_executors:/home/intern1/ros2_ws/install/education_material:/home/intern1/ros2_ws/install/camera_follow:/home/intern1/ros2_ws/install/amr_ws:/opt/ros/jazzy DEBUGINFOD_URLS=https://debuginfod.ubuntu.com /usr/bin/cmake --install /home/intern1/ros2_ws/build/turtlesim
